#! /usr/bin/vvp
:ivl_version "12.0 (stable)" "(v12_0-dirty)";
:ivl_delay_selection "TYPICAL";
:vpi_time_precision - 12;
:vpi_module "/usr/lib/ivl/system.vpi";
:vpi_module "/usr/lib/ivl/vhdl_sys.vpi";
:vpi_module "/usr/lib/ivl/vhdl_textio.vpi";
:vpi_module "/usr/lib/ivl/v2005_math.vpi";
:vpi_module "/usr/lib/ivl/va_math.vpi";
S_0x5591a406c5a0 .scope module, "router_generic_psum" "router_generic_psum" 2 3;
 .timescale -9 -12;
    .port_info 0 /INPUT 1 "clk";
    .port_info 1 /INPUT 1 "reset";
    .port_info 2 /INPUT 4 "router_mode";
    .port_info 3 /INPUT 80 "north_data_i";
    .port_info 4 /INPUT 1 "north_enable_i";
    .port_info 5 /INPUT 80 "south_data_i";
    .port_info 6 /INPUT 1 "south_enable_i";
    .port_info 7 /INPUT 80 "west_data_i";
    .port_info 8 /INPUT 1 "west_enable_i";
    .port_info 9 /INPUT 80 "east_data_i";
    .port_info 10 /INPUT 1 "east_enable_i";
    .port_info 11 /OUTPUT 80 "north_data_o";
    .port_info 12 /OUTPUT 1 "north_enable_o";
    .port_info 13 /OUTPUT 80 "south_data_o";
    .port_info 14 /OUTPUT 1 "south_enable_o";
    .port_info 15 /OUTPUT 80 "east_data_o";
    .port_info 16 /OUTPUT 1 "east_enable_o";
    .port_info 17 /OUTPUT 80 "west_data_o_wide";
    .port_info 18 /OUTPUT 1 "west_enable_o_wide";
    .port_info 19 /OUTPUT 16 "psum_data_o";
    .port_info 20 /OUTPUT 1 "psum_enable_o";
    .port_info 21 /OUTPUT 10 "psum_write_addr";
P_0x5591a4094c30 .param/l "ADDR_BITWIDTH_GLB" 0 2 6, +C4<00000000000000000000000000001010>;
P_0x5591a4094c70 .param/l "ADDR_BITWIDTH_SPAD" 0 2 7, +C4<00000000000000000000000000001001>;
P_0x5591a4094cb0 .param/l "ALL" 1 2 156, +C4<00000000000000000000000000000000>;
P_0x5591a4094cf0 .param/l "CLOSED" 1 2 167, +C4<00000000000000000000000000001011>;
P_0x5591a4094d30 .param/l "COMPUTE_DIR" 0 2 18, +C4<00000000000000000000000000000010>;
P_0x5591a4094d70 .param/l "DATA_BITWIDTH" 0 2 5, +C4<00000000000000000000000000010000>;
P_0x5591a4094db0 .param/l "DIR_E" 1 2 65, +C4<00000000000000000000000000000011>;
P_0x5591a4094df0 .param/l "DIR_N" 1 2 62, +C4<00000000000000000000000000000000>;
P_0x5591a4094e30 .param/l "DIR_S" 1 2 63, +C4<00000000000000000000000000000001>;
P_0x5591a4094e70 .param/l "DIR_W" 1 2 64, +C4<00000000000000000000000000000010>;
P_0x5591a4094eb0 .param/l "EAST" 1 2 160, +C4<00000000000000000000000000000100>;
P_0x5591a4094ef0 .param/l "EASTNORTH" 1 2 161, +C4<00000000000000000000000000000101>;
P_0x5591a4094f30 .param/l "EASTSOUTH" 1 2 162, +C4<00000000000000000000000000000110>;
P_0x5591a4094f70 .param/l "EASTWEST" 1 2 163, +C4<00000000000000000000000000000111>;
P_0x5591a4094fb0 .param/l "NORTH" 1 2 157, +C4<00000000000000000000000000000001>;
P_0x5591a4094ff0 .param/l "PSUM_LOAD_ADDR" 0 2 15, +C4<00000000000000000000000000000000>;
P_0x5591a4095030 .param/l "PSUM_READ_ADDR" 0 2 14, +C4<00000000000000000000000000000000>;
P_0x5591a4095070 .param/l "SOUTH" 1 2 158, +C4<00000000000000000000000000000010>;
P_0x5591a40950b0 .param/l "WEST" 1 2 159, +C4<00000000000000000000000000000011>;
P_0x5591a40950f0 .param/l "WESTEAST" 1 2 166, +C4<00000000000000000000000000001010>;
P_0x5591a4095130 .param/l "WESTNORTH" 1 2 164, +C4<00000000000000000000000000001000>;
P_0x5591a4095170 .param/l "WESTSOUTH" 1 2 165, +C4<00000000000000000000000000001001>;
P_0x5591a40951b0 .param/l "X_dim" 0 2 9, +C4<00000000000000000000000000000101>;
P_0x5591a40951f0 .param/l "Y_dim" 0 2 10, +C4<00000000000000000000000000000011>;
P_0x5591a4095230 .param/l "act_size" 0 2 12, +C4<00000000000000000000000000000101>;
P_0x5591a4095270 .param/l "kernel_size" 0 2 11, +C4<00000000000000000000000000000011>;
o0x7eff290a1798 .functor BUFZ 80, C4<zzzzzzzzzzzzzzzzzzzzzzzzzzzzzzzzzzzzzzzzzzzzzzzzzzzzzzzzzzzzzzzzzzzzzzzzzzzzzzzz>; HiZ drive
L_0x5591a40b5f30 .functor BUFZ 80, o0x7eff290a1798, C4<00000000000000000000000000000000000000000000000000000000000000000000000000000000>, C4<00000000000000000000000000000000000000000000000000000000000000000000000000000000>, C4<00000000000000000000000000000000000000000000000000000000000000000000000000000000>;
o0x7eff290a17f8 .functor BUFZ 1, C4<z>; HiZ drive
L_0x5591a40b5fc0 .functor BUFZ 1, o0x7eff290a17f8, C4<0>, C4<0>, C4<0>;
L_0x5591a40b60b0 .functor NOT 1, v0x5591a40b4db0_0, C4<0>, C4<0>, C4<0>;
L_0x5591a40b6180 .functor AND 1, v0x5591a40b4cf0_0, L_0x5591a40b60b0, C4<1>, C4<1>;
L_0x5591a40b62c0 .functor BUFZ 16, v0x5591a40b3b30_0, C4<0000000000000000>, C4<0000000000000000>, C4<0000000000000000>;
L_0x5591a40b6380 .functor BUFZ 1, v0x5591a40b3c10_0, C4<0>, C4<0>, C4<0>;
L_0x5591a40b6480 .functor BUFZ 10, v0x5591a406caf0_0, C4<0000000000>, C4<0000000000>, C4<0000000000>;
v0x5591a40b3e70_0 .net *"_ivl_4", 0 0, L_0x5591a40b60b0;  1 drivers
o0x7eff290a1018 .functor BUFZ 1, C4<z>; HiZ drive
v0x5591a40b3f70_0 .net "clk", 0 0, o0x7eff290a1018;  0 drivers
v0x5591a40b4030_0 .var "data_out", 79 0;
v0x5591a40b4100_0 .var "data_out_valid", 0 0;
o0x7eff290a1408 .functor BUFZ 80, C4<zzzzzzzzzzzzzzzzzzzzzzzzzzzzzzzzzzzzzzzzzzzzzzzzzzzzzzzzzzzzzzzzzzzzzzzzzzzzzzzz>; HiZ drive
v0x5591a40b41a0_0 .net "east_data_i", 79 0, o0x7eff290a1408;  0 drivers
v0x5591a40b4280_0 .var "east_data_o", 79 0;
o0x7eff290a1468 .functor BUFZ 1, C4<z>; HiZ drive
v0x5591a40b4360_0 .net "east_enable_i", 0 0, o0x7eff290a1468;  0 drivers
v0x5591a40b4420_0 .var "east_enable_o", 0 0;
o0x7eff290a14c8 .functor BUFZ 80, C4<zzzzzzzzzzzzzzzzzzzzzzzzzzzzzzzzzzzzzzzzzzzzzzzzzzzzzzzzzzzzzzzzzzzzzzzzzzzzzzzz>; HiZ drive
v0x5591a40b44e0_0 .net "north_data_i", 79 0, o0x7eff290a14c8;  0 drivers
v0x5591a40b45c0_0 .var "north_data_o", 79 0;
o0x7eff290a1528 .functor BUFZ 1, C4<z>; HiZ drive
v0x5591a40b46a0_0 .net "north_enable_i", 0 0, o0x7eff290a1528;  0 drivers
v0x5591a40b4760_0 .var "north_enable_o", 0 0;
v0x5591a40b4820_0 .net "psum_addr_int", 9 0, v0x5591a406caf0_0;  1 drivers
v0x5591a40b48e0_0 .net "psum_data_int", 15 0, v0x5591a40b3b30_0;  1 drivers
v0x5591a40b49b0_0 .net "psum_data_o", 15 0, L_0x5591a40b62c0;  1 drivers
v0x5591a40b4a70_0 .net "psum_en_int", 0 0, v0x5591a40b3c10_0;  1 drivers
v0x5591a40b4b40_0 .net "psum_enable_o", 0 0, L_0x5591a40b6380;  1 drivers
v0x5591a40b4cf0_0 .var "psum_ff0", 0 0;
v0x5591a40b4db0_0 .var "psum_ff1", 0 0;
v0x5591a40b4e70_0 .net "psum_src_wide", 79 0, L_0x5591a40b5f30;  1 drivers
v0x5591a40b4f60_0 .net "psum_trigger_level", 0 0, L_0x5591a40b5fc0;  1 drivers
v0x5591a40b5000_0 .net "psum_trigger_pulse", 0 0, L_0x5591a40b6180;  1 drivers
v0x5591a40b50d0_0 .net "psum_write_addr", 9 0, L_0x5591a40b6480;  1 drivers
o0x7eff290a1108 .functor BUFZ 1, C4<z>; HiZ drive
v0x5591a40b5190_0 .net "reset", 0 0, o0x7eff290a1108;  0 drivers
o0x7eff290a16a8 .functor BUFZ 4, C4<zzzz>; HiZ drive
v0x5591a40b5260_0 .net "router_mode", 3 0, o0x7eff290a16a8;  0 drivers
o0x7eff290a16d8 .functor BUFZ 80, C4<zzzzzzzzzzzzzzzzzzzzzzzzzzzzzzzzzzzzzzzzzzzzzzzzzzzzzzzzzzzzzzzzzzzzzzzzzzzzzzzz>; HiZ drive
v0x5591a40b5320_0 .net "south_data_i", 79 0, o0x7eff290a16d8;  0 drivers
v0x5591a40b5400_0 .var "south_data_o", 79 0;
o0x7eff290a1738 .functor BUFZ 1, C4<z>; HiZ drive
v0x5591a40b54e0_0 .net "south_enable_i", 0 0, o0x7eff290a1738;  0 drivers
v0x5591a40b55a0_0 .var "south_enable_o", 0 0;
v0x5591a40b5660_0 .net "west_data_i", 79 0, o0x7eff290a1798;  0 drivers
v0x5591a40b5740_0 .var "west_data_o_wide", 79 0;
v0x5591a40b5820_0 .net "west_enable_i", 0 0, o0x7eff290a17f8;  0 drivers
v0x5591a40b58e0_0 .var "west_enable_o_wide", 0 0;
E_0x5591a407c0c0 .event anyedge, v0x5591a40b5260_0, v0x5591a40b4030_0, v0x5591a40b4100_0;
E_0x5591a407a320/0 .event anyedge, v0x5591a40b46a0_0, v0x5591a40b44e0_0, v0x5591a40b54e0_0, v0x5591a40b5320_0;
E_0x5591a407a320/1 .event anyedge, v0x5591a40b5820_0, v0x5591a40b5660_0, v0x5591a40b4360_0, v0x5591a40b41a0_0;
E_0x5591a407a320 .event/or E_0x5591a407a320/0, E_0x5591a407a320/1;
E_0x5591a407d090 .event posedge, v0x5591a406ce10_0;
S_0x5591a4077000 .scope module, "psum_fsm" "router_psum" 2 116, 3 3 0, S_0x5591a406c5a0;
 .timescale -9 -12;
    .port_info 0 /INPUT 1 "clk";
    .port_info 1 /INPUT 1 "reset";
    .port_info 2 /INPUT 80 "r_data_spad_psum";
    .port_info 3 /OUTPUT 10 "w_addr_glb_psum";
    .port_info 4 /OUTPUT 1 "write_en_glb_psum";
    .port_info 5 /OUTPUT 16 "w_data_glb_psum";
    .port_info 6 /INPUT 1 "write_psum_ctrl";
P_0x5591a40952c0 .param/l "ADDR_BITWIDTH_GLB" 0 3 5, +C4<00000000000000000000000000001010>;
P_0x5591a4095300 .param/l "ADDR_BITWIDTH_SPAD" 0 3 6, +C4<00000000000000000000000000001001>;
P_0x5591a4095340 .param/l "DATA_BITWIDTH" 0 3 4, +C4<00000000000000000000000000010000>;
P_0x5591a4095380 .param/l "IDLE" 1 3 34, C4<000>;
P_0x5591a40953c0 .param/l "PSUM_LOAD_ADDR" 0 3 14, +C4<00000000000000000000000000000000>;
P_0x5591a4095400 .param/l "PSUM_READ_ADDR" 0 3 13, +C4<00000000000000000000000000000000>;
P_0x5591a4095440 .param/l "READ_PSUM" 1 3 35, C4<001>;
P_0x5591a4095480 .param/l "WRITE_GLB" 1 3 36, C4<010>;
P_0x5591a40954c0 .param/l "X_dim" 0 3 8, +C4<00000000000000000000000000000101>;
P_0x5591a4095500 .param/l "Y_dim" 0 3 9, +C4<00000000000000000000000000000011>;
P_0x5591a4095540 .param/l "act_size" 0 3 11, +C4<00000000000000000000000000000101>;
P_0x5591a4095580 .param/l "kernel_size" 0 3 10, +C4<00000000000000000000000000000011>;
v0x5591a406ce10_0 .net "clk", 0 0, o0x7eff290a1018;  alias, 0 drivers
v0x5591a4077840_0 .var "iter", 2 0;
v0x5591a406d260_0 .var "pe_psum", 79 0;
v0x5591a406d3d0_0 .var "psum_count", 4 0;
v0x5591a406d0f0_0 .net "r_data_spad_psum", 79 0, L_0x5591a40b5f30;  alias, 1 drivers
v0x5591a406cf80_0 .net "reset", 0 0, o0x7eff290a1108;  alias, 0 drivers
v0x5591a406d540_0 .var "state", 2 0;
v0x5591a406caf0_0 .var "w_addr_glb_psum", 9 0;
v0x5591a40b3b30_0 .var "w_data_glb_psum", 15 0;
v0x5591a40b3c10_0 .var "write_en_glb_psum", 0 0;
v0x5591a40b3cd0_0 .net "write_psum_ctrl", 0 0, L_0x5591a40b6180;  alias, 1 drivers
E_0x5591a407d3b0 .event posedge, v0x5591a406cf80_0, v0x5591a406ce10_0;
    .scope S_0x5591a4077000;
T_0 ;
    %wait E_0x5591a407d3b0;
    %load/vec4 v0x5591a406cf80_0;
    %flag_set/vec4 8;
    %jmp/0xz  T_0.0, 8;
    %pushi/vec4 0, 0, 10;
    %assign/vec4 v0x5591a406caf0_0, 0;
    %pushi/vec4 0, 0, 16;
    %assign/vec4 v0x5591a40b3b30_0, 0;
    %pushi/vec4 0, 0, 1;
    %assign/vec4 v0x5591a40b3c10_0, 0;
    %pushi/vec4 0, 0, 5;
    %assign/vec4 v0x5591a406d3d0_0, 0;
    %pushi/vec4 0, 0, 80;
    %assign/vec4 v0x5591a406d260_0, 0;
    %pushi/vec4 0, 0, 3;
    %assign/vec4 v0x5591a4077840_0, 0;
    %pushi/vec4 0, 0, 3;
    %assign/vec4 v0x5591a406d540_0, 0;
    %jmp T_0.1;
T_0.0 ;
    %pushi/vec4 0, 0, 1;
    %assign/vec4 v0x5591a40b3c10_0, 0;
    %load/vec4 v0x5591a406d540_0;
    %dup/vec4;
    %pushi/vec4 0, 0, 3;
    %cmp/u;
    %jmp/1 T_0.2, 6;
    %dup/vec4;
    %pushi/vec4 1, 0, 3;
    %cmp/u;
    %jmp/1 T_0.3, 6;
    %dup/vec4;
    %pushi/vec4 2, 0, 3;
    %cmp/u;
    %jmp/1 T_0.4, 6;
    %pushi/vec4 0, 0, 3;
    %assign/vec4 v0x5591a406d540_0, 0;
    %jmp T_0.6;
T_0.2 ;
    %pushi/vec4 0, 0, 5;
    %assign/vec4 v0x5591a406d3d0_0, 0;
    %pushi/vec4 0, 0, 10;
    %assign/vec4 v0x5591a406caf0_0, 0;
    %load/vec4 v0x5591a40b3cd0_0;
    %flag_set/vec4 8;
    %jmp/0xz  T_0.7, 8;
    %pushi/vec4 1, 0, 3;
    %assign/vec4 v0x5591a406d540_0, 0;
T_0.7 ;
    %jmp T_0.6;
T_0.3 ;
    %load/vec4 v0x5591a406d0f0_0;
    %assign/vec4 v0x5591a406d260_0, 0;
    %pushi/vec4 0, 0, 5;
    %assign/vec4 v0x5591a406d3d0_0, 0;
    %pushi/vec4 2, 0, 3;
    %assign/vec4 v0x5591a406d540_0, 0;
    %jmp T_0.6;
T_0.4 ;
    %pushi/vec4 1, 0, 1;
    %assign/vec4 v0x5591a40b3c10_0, 0;
    %load/vec4 v0x5591a406d260_0;
    %load/vec4 v0x5591a406d3d0_0;
    %pad/u 32;
    %addi 1, 0, 32;
    %muli 16, 0, 32;
    %subi 1, 0, 32;
    %pad/u 34;
    %subi 15, 0, 34;
    %part/s 16;
    %assign/vec4 v0x5591a40b3b30_0, 0;
    %load/vec4 v0x5591a406d3d0_0;
    %pad/u 32;
    %cmpi/e 0, 0, 32;
    %jmp/0xz  T_0.9, 4;
    %pushi/vec4 0, 0, 32;
    %load/vec4 v0x5591a4077840_0;
    %pad/u 32;
    %muli 5, 0, 32;
    %add;
    %pad/u 10;
    %assign/vec4 v0x5591a406caf0_0, 0;
    %jmp T_0.10;
T_0.9 ;
    %load/vec4 v0x5591a406caf0_0;
    %addi 1, 0, 10;
    %assign/vec4 v0x5591a406caf0_0, 0;
T_0.10 ;
    %load/vec4 v0x5591a406d3d0_0;
    %pad/u 32;
    %cmpi/e 4, 0, 32;
    %jmp/0xz  T_0.11, 4;
    %pushi/vec4 0, 0, 5;
    %assign/vec4 v0x5591a406d3d0_0, 0;
    %load/vec4 v0x5591a4077840_0;
    %addi 1, 0, 3;
    %assign/vec4 v0x5591a4077840_0, 0;
    %pushi/vec4 0, 0, 3;
    %assign/vec4 v0x5591a406d540_0, 0;
    %jmp T_0.12;
T_0.11 ;
    %load/vec4 v0x5591a406d3d0_0;
    %addi 1, 0, 5;
    %assign/vec4 v0x5591a406d3d0_0, 0;
T_0.12 ;
    %jmp T_0.6;
T_0.6 ;
    %pop/vec4 1;
T_0.1 ;
    %jmp T_0;
    .thread T_0;
    .scope S_0x5591a406c5a0;
T_1 ;
    %wait E_0x5591a407d090;
    %load/vec4 v0x5591a40b5190_0;
    %flag_set/vec4 8;
    %jmp/0xz  T_1.0, 8;
    %pushi/vec4 0, 0, 1;
    %assign/vec4 v0x5591a40b4cf0_0, 0;
    %pushi/vec4 0, 0, 1;
    %assign/vec4 v0x5591a40b4db0_0, 0;
    %jmp T_1.1;
T_1.0 ;
    %load/vec4 v0x5591a40b4f60_0;
    %assign/vec4 v0x5591a40b4cf0_0, 0;
    %load/vec4 v0x5591a40b4cf0_0;
    %assign/vec4 v0x5591a40b4db0_0, 0;
T_1.1 ;
    %jmp T_1;
    .thread T_1;
    .scope S_0x5591a406c5a0;
T_2 ;
    %wait E_0x5591a407a320;
    %load/vec4 v0x5591a40b46a0_0;
    %flag_set/vec4 8;
    %jmp/0xz  T_2.0, 8;
    %load/vec4 v0x5591a40b44e0_0;
    %store/vec4 v0x5591a40b4030_0, 0, 80;
    %pushi/vec4 1, 0, 1;
    %store/vec4 v0x5591a40b4100_0, 0, 1;
    %jmp T_2.1;
T_2.0 ;
    %load/vec4 v0x5591a40b54e0_0;
    %flag_set/vec4 8;
    %jmp/0xz  T_2.2, 8;
    %load/vec4 v0x5591a40b5320_0;
    %store/vec4 v0x5591a40b4030_0, 0, 80;
    %pushi/vec4 1, 0, 1;
    %store/vec4 v0x5591a40b4100_0, 0, 1;
    %jmp T_2.3;
T_2.2 ;
    %load/vec4 v0x5591a40b5820_0;
    %flag_set/vec4 8;
    %jmp/0xz  T_2.4, 8;
    %load/vec4 v0x5591a40b5660_0;
    %store/vec4 v0x5591a40b4030_0, 0, 80;
    %pushi/vec4 1, 0, 1;
    %store/vec4 v0x5591a40b4100_0, 0, 1;
    %jmp T_2.5;
T_2.4 ;
    %load/vec4 v0x5591a40b4360_0;
    %flag_set/vec4 8;
    %jmp/0xz  T_2.6, 8;
    %load/vec4 v0x5591a40b41a0_0;
    %store/vec4 v0x5591a40b4030_0, 0, 80;
    %pushi/vec4 1, 0, 1;
    %store/vec4 v0x5591a40b4100_0, 0, 1;
    %jmp T_2.7;
T_2.6 ;
    %pushi/vec4 0, 0, 80;
    %store/vec4 v0x5591a40b4030_0, 0, 80;
    %pushi/vec4 0, 0, 1;
    %store/vec4 v0x5591a40b4100_0, 0, 1;
T_2.7 ;
T_2.5 ;
T_2.3 ;
T_2.1 ;
    %jmp T_2;
    .thread T_2, $push;
    .scope S_0x5591a406c5a0;
T_3 ;
    %wait E_0x5591a407c0c0;
    %pushi/vec4 0, 0, 80;
    %store/vec4 v0x5591a40b45c0_0, 0, 80;
    %pushi/vec4 0, 0, 1;
    %store/vec4 v0x5591a40b4760_0, 0, 1;
    %pushi/vec4 0, 0, 80;
    %store/vec4 v0x5591a40b5400_0, 0, 80;
    %pushi/vec4 0, 0, 1;
    %store/vec4 v0x5591a40b55a0_0, 0, 1;
    %pushi/vec4 0, 0, 80;
    %store/vec4 v0x5591a40b4280_0, 0, 80;
    %pushi/vec4 0, 0, 1;
    %store/vec4 v0x5591a40b4420_0, 0, 1;
    %pushi/vec4 0, 0, 80;
    %store/vec4 v0x5591a40b5740_0, 0, 80;
    %pushi/vec4 0, 0, 1;
    %store/vec4 v0x5591a40b58e0_0, 0, 1;
    %load/vec4 v0x5591a40b5260_0;
    %dup/vec4;
    %pushi/vec4 0, 0, 4;
    %cmp/u;
    %jmp/1 T_3.0, 6;
    %dup/vec4;
    %pushi/vec4 1, 0, 4;
    %cmp/u;
    %jmp/1 T_3.1, 6;
    %dup/vec4;
    %pushi/vec4 2, 0, 4;
    %cmp/u;
    %jmp/1 T_3.2, 6;
    %dup/vec4;
    %pushi/vec4 4, 0, 4;
    %cmp/u;
    %jmp/1 T_3.3, 6;
    %dup/vec4;
    %pushi/vec4 3, 0, 4;
    %cmp/u;
    %jmp/1 T_3.4, 6;
    %dup/vec4;
    %pushi/vec4 5, 0, 4;
    %cmp/u;
    %jmp/1 T_3.5, 6;
    %dup/vec4;
    %pushi/vec4 6, 0, 4;
    %cmp/u;
    %jmp/1 T_3.6, 6;
    %dup/vec4;
    %pushi/vec4 7, 0, 4;
    %cmp/u;
    %jmp/1 T_3.7, 6;
    %dup/vec4;
    %pushi/vec4 8, 0, 4;
    %cmp/u;
    %jmp/1 T_3.8, 6;
    %dup/vec4;
    %pushi/vec4 9, 0, 4;
    %cmp/u;
    %jmp/1 T_3.9, 6;
    %dup/vec4;
    %pushi/vec4 10, 0, 4;
    %cmp/u;
    %jmp/1 T_3.10, 6;
    %dup/vec4;
    %pushi/vec4 11, 0, 4;
    %cmp/u;
    %jmp/1 T_3.11, 6;
    %jmp T_3.12;
T_3.0 ;
    %load/vec4 v0x5591a40b4030_0;
    %store/vec4 v0x5591a40b45c0_0, 0, 80;
    %load/vec4 v0x5591a40b4100_0;
    %store/vec4 v0x5591a40b4760_0, 0, 1;
    %load/vec4 v0x5591a40b4030_0;
    %store/vec4 v0x5591a40b5400_0, 0, 80;
    %load/vec4 v0x5591a40b4100_0;
    %store/vec4 v0x5591a40b55a0_0, 0, 1;
    %load/vec4 v0x5591a40b4030_0;
    %store/vec4 v0x5591a40b4280_0, 0, 80;
    %load/vec4 v0x5591a40b4100_0;
    %store/vec4 v0x5591a40b4420_0, 0, 1;
    %jmp T_3.12;
T_3.1 ;
    %load/vec4 v0x5591a40b4030_0;
    %store/vec4 v0x5591a40b45c0_0, 0, 80;
    %load/vec4 v0x5591a40b4100_0;
    %store/vec4 v0x5591a40b4760_0, 0, 1;
    %jmp T_3.12;
T_3.2 ;
    %load/vec4 v0x5591a40b4030_0;
    %store/vec4 v0x5591a40b5400_0, 0, 80;
    %load/vec4 v0x5591a40b4100_0;
    %store/vec4 v0x5591a40b55a0_0, 0, 1;
    %jmp T_3.12;
T_3.3 ;
    %load/vec4 v0x5591a40b4030_0;
    %store/vec4 v0x5591a40b4280_0, 0, 80;
    %load/vec4 v0x5591a40b4100_0;
    %store/vec4 v0x5591a40b4420_0, 0, 1;
    %jmp T_3.12;
T_3.4 ;
    %jmp T_3.12;
T_3.5 ;
    %load/vec4 v0x5591a40b4030_0;
    %store/vec4 v0x5591a40b4280_0, 0, 80;
    %load/vec4 v0x5591a40b4030_0;
    %store/vec4 v0x5591a40b45c0_0, 0, 80;
    %load/vec4 v0x5591a40b4100_0;
    %store/vec4 v0x5591a40b4420_0, 0, 1;
    %load/vec4 v0x5591a40b4100_0;
    %store/vec4 v0x5591a40b4760_0, 0, 1;
    %jmp T_3.12;
T_3.6 ;
    %load/vec4 v0x5591a40b4030_0;
    %store/vec4 v0x5591a40b4280_0, 0, 80;
    %load/vec4 v0x5591a40b4030_0;
    %store/vec4 v0x5591a40b5400_0, 0, 80;
    %load/vec4 v0x5591a40b4100_0;
    %store/vec4 v0x5591a40b4420_0, 0, 1;
    %load/vec4 v0x5591a40b4100_0;
    %store/vec4 v0x5591a40b55a0_0, 0, 1;
    %jmp T_3.12;
T_3.7 ;
    %load/vec4 v0x5591a40b4030_0;
    %store/vec4 v0x5591a40b4280_0, 0, 80;
    %load/vec4 v0x5591a40b4100_0;
    %store/vec4 v0x5591a40b4420_0, 0, 1;
    %load/vec4 v0x5591a40b4100_0;
    %store/vec4 v0x5591a40b58e0_0, 0, 1;
    %jmp T_3.12;
T_3.8 ;
    %load/vec4 v0x5591a40b4030_0;
    %store/vec4 v0x5591a40b45c0_0, 0, 80;
    %load/vec4 v0x5591a40b4100_0;
    %store/vec4 v0x5591a40b58e0_0, 0, 1;
    %load/vec4 v0x5591a40b4100_0;
    %store/vec4 v0x5591a40b4760_0, 0, 1;
    %jmp T_3.12;
T_3.9 ;
    %load/vec4 v0x5591a40b4030_0;
    %store/vec4 v0x5591a40b5400_0, 0, 80;
    %load/vec4 v0x5591a40b4100_0;
    %store/vec4 v0x5591a40b58e0_0, 0, 1;
    %load/vec4 v0x5591a40b4100_0;
    %store/vec4 v0x5591a40b55a0_0, 0, 1;
    %jmp T_3.12;
T_3.10 ;
    %load/vec4 v0x5591a40b4030_0;
    %store/vec4 v0x5591a40b4280_0, 0, 80;
    %load/vec4 v0x5591a40b4100_0;
    %store/vec4 v0x5591a40b58e0_0, 0, 1;
    %load/vec4 v0x5591a40b4100_0;
    %store/vec4 v0x5591a40b4420_0, 0, 1;
    %jmp T_3.12;
T_3.11 ;
    %jmp T_3.12;
T_3.12 ;
    %pop/vec4 1;
    %jmp T_3;
    .thread T_3, $push;
# The file index is used to find the file name in the following table.
:file_names 4;
    "N/A";
    "<interactive>";
    "rtl/router_psum_generic.v";
    "rtl/router_psum.v";
