#! /usr/bin/vvp
:ivl_version "12.0 (stable)" "(v12_0-dirty)";
:ivl_delay_selection "TYPICAL";
:vpi_time_precision - 12;
:vpi_module "/usr/lib/ivl/system.vpi";
:vpi_module "/usr/lib/ivl/vhdl_sys.vpi";
:vpi_module "/usr/lib/ivl/vhdl_textio.vpi";
:vpi_module "/usr/lib/ivl/v2005_math.vpi";
:vpi_module "/usr/lib/ivl/va_math.vpi";
:vpi_module "/usr/lib/ivl/v2009.vpi";
S_0x55f836e7fd10 .scope package, "$unit" "$unit" 2 1;
 .timescale 0 0;
S_0x55f836e7fa00 .scope module, "MAC" "MAC" 3 1;
 .timescale -9 -12;
    .port_info 0 /INPUT 1 "clk";
    .port_info 1 /INPUT 1 "reset";
    .port_info 2 /INPUT 1 "en";
    .port_info 3 /INPUT 16 "a_in";
    .port_info 4 /INPUT 16 "w_in";
    .port_info 5 /INPUT 16 "sum_in";
    .port_info 6 /OUTPUT 16 "out";
P_0x55f836e704d0 .param/l "IN_BITWIDTH" 0 3 2, +C4<00000000000000000000000000010000>;
P_0x55f836e70510 .param/l "OUT_BITWIDTH" 0 3 3, +C4<00000000000000000000000000010000>;
o0x7f74738cc018 .functor BUFZ 16, C4<zzzzzzzzzzzzzzzz>; HiZ drive
v0x55f836e69910_0 .net "a_in", 15 0, o0x7f74738cc018;  0 drivers
o0x7f74738cc048 .functor BUFZ 1, C4<z>; HiZ drive
v0x55f836e6a630_0 .net "clk", 0 0, o0x7f74738cc048;  0 drivers
o0x7f74738cc078 .functor BUFZ 1, C4<z>; HiZ drive
v0x55f836e6adf0_0 .net "en", 0 0, o0x7f74738cc078;  0 drivers
v0x55f836e67200_0 .var "out", 15 0;
o0x7f74738cc0d8 .functor BUFZ 1, C4<z>; HiZ drive
v0x55f836e70430_0 .net "reset", 0 0, o0x7f74738cc0d8;  0 drivers
o0x7f74738cc108 .functor BUFZ 16, C4<zzzzzzzzzzzzzzzz>; HiZ drive
v0x55f836e70080_0 .net "sum_in", 15 0, o0x7f74738cc108;  0 drivers
o0x7f74738cc138 .functor BUFZ 16, C4<zzzzzzzzzzzzzzzz>; HiZ drive
v0x55f836e6fd70_0 .net "w_in", 15 0, o0x7f74738cc138;  0 drivers
E_0x55f836e50690 .event posedge, v0x55f836e6a630_0;
S_0x55f836e7f6c0 .scope module, "PE_new" "PE_new" 4 3;
 .timescale -9 -12;
    .port_info 0 /INPUT 1 "clk";
    .port_info 1 /INPUT 1 "reset";
    .port_info 2 /INPUT 1 "start";
    .port_info 3 /INPUT 16 "iact_data_i";
    .port_info 4 /INPUT 1 "iact_valid_i";
    .port_info 5 /INPUT 16 "wght_data_i";
    .port_info 6 /INPUT 1 "wght_valid_i";
    .port_info 7 /OUTPUT 16 "psum_o";
    .port_info 8 /OUTPUT 1 "psum_valid_o";
P_0x55f836e36ee0 .param/l "DATA_BITWIDTH" 0 4 4, +C4<00000000000000000000000000010000>;
P_0x55f836e36f20 .param/l "TOTAL_MACS" 1 4 21, +C4<0000000000000000000000000000000000000000000000000000000000001001>;
P_0x55f836e36f60 .param/l "kernel_size" 0 4 5, +C4<00000000000000000000000000000011>;
v0x55f836e98f80_0 .var/s "acc", 15 0;
o0x7f74738cc2e8 .functor BUFZ 1, C4<z>; HiZ drive
v0x55f836e99080_0 .net "clk", 0 0, o0x7f74738cc2e8;  0 drivers
o0x7f74738cc318 .functor BUFZ 16, C4<zzzzzzzzzzzzzzzz>; HiZ drive
v0x55f836e99140_0 .net/s "iact_data_i", 15 0, o0x7f74738cc318;  0 drivers
o0x7f74738cc348 .functor BUFZ 1, C4<z>; HiZ drive
v0x55f836e99200_0 .net "iact_valid_i", 0 0, o0x7f74738cc348;  0 drivers
v0x55f836e992c0_0 .var "mac_cnt", 3 0;
v0x55f836e993f0_0 .var/s "psum_o", 15 0;
v0x55f836e994d0_0 .var "psum_valid_o", 0 0;
o0x7f74738cc408 .functor BUFZ 1, C4<z>; HiZ drive
v0x55f836e99590_0 .net "reset", 0 0, o0x7f74738cc408;  0 drivers
v0x55f836e99650_0 .var "running", 0 0;
o0x7f74738cc468 .functor BUFZ 1, C4<z>; HiZ drive
v0x55f836e99710_0 .net "start", 0 0, o0x7f74738cc468;  0 drivers
o0x7f74738cc498 .functor BUFZ 16, C4<zzzzzzzzzzzzzzzz>; HiZ drive
v0x55f836e997d0_0 .net/s "wght_data_i", 15 0, o0x7f74738cc498;  0 drivers
o0x7f74738cc4c8 .functor BUFZ 1, C4<z>; HiZ drive
v0x55f836e998b0_0 .net "wght_valid_i", 0 0, o0x7f74738cc4c8;  0 drivers
E_0x55f836e51df0 .event posedge, v0x55f836e99080_0;
S_0x55f836e7f3b0 .scope module, "SPad" "SPad" 5 3;
 .timescale -9 -12;
    .port_info 0 /INPUT 1 "clk";
    .port_info 1 /INPUT 1 "reset";
    .port_info 2 /INPUT 1 "read_req";
    .port_info 3 /INPUT 1 "write_en";
    .port_info 4 /INPUT 9 "r_addr";
    .port_info 5 /INPUT 9 "w_addr";
    .port_info 6 /INPUT 16 "w_data";
    .port_info 7 /OUTPUT 16 "r_data";
P_0x55f836e79470 .param/l "ADDR_BITWIDTH" 0 5 5, +C4<00000000000000000000000000001001>;
P_0x55f836e794b0 .param/l "DATA_BITWIDTH" 0 5 4, +C4<00000000000000000000000000010000>;
o0x7f74738cc6a8 .functor BUFZ 1, C4<z>; HiZ drive
v0x55f836e99ad0_0 .net "clk", 0 0, o0x7f74738cc6a8;  0 drivers
v0x55f836e99bb0 .array "mem", 511 0, 15 0;
o0x7f74738cc6d8 .functor BUFZ 9, C4<zzzzzzzzz>; HiZ drive
v0x55f836e99c70_0 .net "r_addr", 8 0, o0x7f74738cc6d8;  0 drivers
v0x55f836e99d30_0 .var "r_data", 15 0;
o0x7f74738cc738 .functor BUFZ 1, C4<z>; HiZ drive
v0x55f836e99e10_0 .net "read_req", 0 0, o0x7f74738cc738;  0 drivers
o0x7f74738cc768 .functor BUFZ 1, C4<z>; HiZ drive
v0x55f836e99ed0_0 .net "reset", 0 0, o0x7f74738cc768;  0 drivers
o0x7f74738cc798 .functor BUFZ 9, C4<zzzzzzzzz>; HiZ drive
v0x55f836e99f90_0 .net "w_addr", 8 0, o0x7f74738cc798;  0 drivers
o0x7f74738cc7c8 .functor BUFZ 16, C4<zzzzzzzzzzzzzzzz>; HiZ drive
v0x55f836e9a070_0 .net "w_data", 15 0, o0x7f74738cc7c8;  0 drivers
o0x7f74738cc7f8 .functor BUFZ 1, C4<z>; HiZ drive
v0x55f836e9a150_0 .net "write_en", 0 0, o0x7f74738cc7f8;  0 drivers
E_0x55f836e51330 .event posedge, v0x55f836e99ad0_0;
S_0x55f836e7f0c0 .scope module, "mux2" "mux2" 6 3;
 .timescale -9 -12;
    .port_info 0 /INPUT 16 "a_in";
    .port_info 1 /INPUT 16 "b_in";
    .port_info 2 /INPUT 1 "sel";
    .port_info 3 /OUTPUT 16 "out";
P_0x55f836e82ef0 .param/l "WIDTH" 0 6 3, +C4<00000000000000000000000000010000>;
o0x7f74738cc9a8 .functor BUFZ 16, C4<zzzzzzzzzzzzzzzz>; HiZ drive
v0x55f836e9a310_0 .net "a_in", 15 0, o0x7f74738cc9a8;  0 drivers
o0x7f74738cc9d8 .functor BUFZ 16, C4<zzzzzzzzzzzzzzzz>; HiZ drive
v0x55f836e9a410_0 .net "b_in", 15 0, o0x7f74738cc9d8;  0 drivers
v0x55f836e9a4f0_0 .net "out", 15 0, L_0x55f836ea66c0;  1 drivers
o0x7f74738cca38 .functor BUFZ 1, C4<z>; HiZ drive
v0x55f836e9a5b0_0 .net "sel", 0 0, o0x7f74738cca38;  0 drivers
L_0x55f836ea66c0 .functor MUXZ 16, o0x7f74738cc9d8, o0x7f74738cc9a8, o0x7f74738cca38, C4<>;
S_0x55f836e7edb0 .scope module, "router_cluster_wpsum_tb" "router_cluster_wpsum_tb" 7 3;
 .timescale -9 -12;
P_0x55f836e7e760 .param/l "ADDR_BITWIDTH_GLB" 1 7 6, +C4<00000000000000000000000000001010>;
P_0x55f836e7e7a0 .param/l "DATA_BITWIDTH" 1 7 5, +C4<00000000000000000000000000010000>;
P_0x55f836e7e7e0 .param/l "MODE_DRAIN" 1 7 13, C4<0011>;
P_0x55f836e7e820 .param/l "MODE_IDLE" 1 7 10, C4<0000>;
P_0x55f836e7e860 .param/l "MODE_LOAD" 1 7 11, C4<0001>;
P_0x55f836e7e8a0 .param/l "MODE_LOCAL" 1 7 12, C4<0010>;
P_0x55f836e7e8e0 .param/l "TOTAL_MACS" 1 7 8, +C4<0000000000000000000000000000000000000000000000000000000000001001>;
P_0x55f836e7e920 .param/l "kernel_size" 1 7 7, +C4<00000000000000000000000000000011>;
v0x55f836ea5a50_0 .var "clk", 0 0;
v0x55f836ea5b10_0 .net "iact_glb_addr", 9 0, v0x55f836e9bf60_0;  1 drivers
v0x55f836ea5bd0_0 .var "iact_glb_rdata", 15 0;
v0x55f836ea5cc0_0 .net "iact_glb_req", 0 0, v0x55f836e9c2f0_0;  1 drivers
v0x55f836ea5db0_0 .net "psum_glb_addr", 9 0, v0x55f836e9f450_0;  1 drivers
v0x55f836ea5f10_0 .net "psum_glb_data", 15 0, v0x55f836e9f530_0;  1 drivers
v0x55f836ea6020_0 .net "psum_glb_en", 0 0, v0x55f836e9f610_0;  1 drivers
v0x55f836ea6110_0 .var "reset", 0 0;
v0x55f836ea61b0_0 .var "router_mode", 3 0;
v0x55f836ea6370_0 .var/i "timeout", 31 0;
v0x55f836ea6450_0 .net "wght_glb_addr", 9 0, v0x55f836ea2c20_0;  1 drivers
v0x55f836ea6510_0 .var "wght_glb_rdata", 15 0;
v0x55f836ea65d0_0 .net "wght_glb_req", 0 0, v0x55f836ea2f80_0;  1 drivers
S_0x55f836e9a6f0 .scope module, "dut" "router_cluster_wpsum" 7 54, 8 3 0, S_0x55f836e7edb0;
 .timescale -9 -12;
    .port_info 0 /INPUT 1 "clk";
    .port_info 1 /INPUT 1 "reset";
    .port_info 2 /INPUT 4 "router_mode";
    .port_info 3 /OUTPUT 10 "iact_glb_addr";
    .port_info 4 /OUTPUT 1 "iact_glb_req";
    .port_info 5 /INPUT 16 "iact_glb_rdata";
    .port_info 6 /OUTPUT 10 "wght_glb_addr";
    .port_info 7 /OUTPUT 1 "wght_glb_req";
    .port_info 8 /INPUT 16 "wght_glb_rdata";
    .port_info 9 /OUTPUT 10 "psum_glb_addr";
    .port_info 10 /OUTPUT 1 "psum_glb_en";
    .port_info 11 /OUTPUT 16 "psum_glb_data";
P_0x55f836e9a8a0 .param/l "ADDR_BITWIDTH_GLB" 0 8 5, +C4<00000000000000000000000000001010>;
P_0x55f836e9a8e0 .param/l "A_READ_ADDR" 0 8 8, +C4<00000000000000000000000000000000>;
P_0x55f836e9a920 .param/l "DATA_BITWIDTH" 0 8 4, +C4<00000000000000000000000000010000>;
P_0x55f836e9a960 .param/l "MODE_DRAIN" 1 8 35, C4<0011>;
P_0x55f836e9a9a0 .param/l "MODE_IDLE" 1 8 32, C4<0000>;
P_0x55f836e9a9e0 .param/l "MODE_LOAD" 1 8 33, C4<0001>;
P_0x55f836e9aa20 .param/l "MODE_LOCAL" 1 8 34, C4<0010>;
P_0x55f836e9aa60 .param/l "PSUM_GLB_BASE_ADDR" 0 8 10, +C4<00000000000000000000000000000000>;
P_0x55f836e9aaa0 .param/l "W_READ_ADDR" 0 8 9, +C4<00000000000000000000000000000000>;
P_0x55f836e9aae0 .param/l "kernel_size" 0 8 6, +C4<00000000000000000000000000000011>;
L_0x55f836e68b50 .functor OR 1, v0x55f836ea6110_0, L_0x55f836ea6780, C4<0>, C4<0>;
L_0x55f836eb74f0 .functor AND 1, v0x55f836e9d910_0, L_0x55f836eb73d0, C4<1>, C4<1>;
L_0x7f74735b7018 .functor BUFT 1, C4<0000>, C4<0>, C4<0>, C4<0>;
v0x55f836ea45c0_0 .net/2u *"_ivl_0", 3 0, L_0x7f74735b7018;  1 drivers
v0x55f836ea46c0_0 .net *"_ivl_2", 0 0, L_0x55f836ea6780;  1 drivers
L_0x7f74735b7570 .functor BUFT 1, C4<0010>, C4<0>, C4<0>, C4<0>;
v0x55f836ea4780_0 .net/2u *"_ivl_38", 3 0, L_0x7f74735b7570;  1 drivers
L_0x7f74735b75b8 .functor BUFT 1, C4<0011>, C4<0>, C4<0>, C4<0>;
v0x55f836ea4870_0 .net/2u *"_ivl_42", 3 0, L_0x7f74735b75b8;  1 drivers
v0x55f836ea4950_0 .net *"_ivl_44", 0 0, L_0x55f836eb73d0;  1 drivers
v0x55f836ea4a60_0 .net "clk", 0 0, v0x55f836ea5a50_0;  1 drivers
v0x55f836ea4b00_0 .net "iact_data", 15 0, v0x55f836e9c440_0;  1 drivers
v0x55f836ea4bc0_0 .net "iact_glb_addr", 9 0, v0x55f836e9bf60_0;  alias, 1 drivers
v0x55f836ea4c80_0 .net "iact_glb_rdata", 15 0, v0x55f836ea5bd0_0;  1 drivers
v0x55f836ea4db0_0 .net "iact_glb_req", 0 0, v0x55f836e9c2f0_0;  alias, 1 drivers
v0x55f836ea4e80_0 .net "iact_valid", 0 0, v0x55f836e9c520_0;  1 drivers
v0x55f836ea4f20_0 .net "psum", 15 0, v0x55f836e9d850_0;  1 drivers
v0x55f836ea5010_0 .net "psum_glb_addr", 9 0, v0x55f836e9f450_0;  alias, 1 drivers
v0x55f836ea50b0_0 .net "psum_glb_data", 15 0, v0x55f836e9f530_0;  alias, 1 drivers
v0x55f836ea5150_0 .net "psum_glb_en", 0 0, v0x55f836e9f610_0;  alias, 1 drivers
v0x55f836ea5220_0 .net "psum_valid", 0 0, v0x55f836e9d910_0;  1 drivers
v0x55f836ea52f0_0 .net "reset", 0 0, v0x55f836ea6110_0;  1 drivers
v0x55f836ea5390_0 .net "router_mode", 3 0, v0x55f836ea61b0_0;  1 drivers
v0x55f836ea5430_0 .net "wght_data", 15 0, v0x55f836ea3d90_0;  1 drivers
v0x55f836ea5520_0 .net "wght_glb_addr", 9 0, v0x55f836ea2c20_0;  alias, 1 drivers
v0x55f836ea55e0_0 .net "wght_glb_rdata", 15 0, v0x55f836ea6510_0;  1 drivers
v0x55f836ea56b0_0 .net "wght_glb_req", 0 0, v0x55f836ea2f80_0;  alias, 1 drivers
v0x55f836ea5780_0 .net "wght_valid", 0 0, v0x55f836ea3e50_0;  1 drivers
v0x55f836ea5870_0 .net "window_reset", 0 0, L_0x55f836e68b50;  1 drivers
L_0x55f836ea6780 .cmp/eq 4, v0x55f836ea61b0_0, L_0x7f74735b7018;
L_0x55f836eb72b0 .cmp/eq 4, v0x55f836ea61b0_0, L_0x7f74735b7570;
L_0x55f836eb73d0 .cmp/eq 4, v0x55f836ea61b0_0, L_0x7f74735b75b8;
S_0x55f836e9b0b0 .scope module, "u_iact" "router_iact_generic" 8 50, 9 3 0, S_0x55f836e9a6f0;
 .timescale -9 -12;
    .port_info 0 /INPUT 1 "clk";
    .port_info 1 /INPUT 1 "reset";
    .port_info 2 /INPUT 4 "router_mode";
    .port_info 3 /OUTPUT 10 "glb_addr_read";
    .port_info 4 /OUTPUT 1 "glb_req_read";
    .port_info 5 /INPUT 16 "glb_rdata";
    .port_info 6 /INPUT 16 "north_data_i";
    .port_info 7 /INPUT 1 "north_enable_i";
    .port_info 8 /INPUT 16 "south_data_i";
    .port_info 9 /INPUT 1 "south_enable_i";
    .port_info 10 /INPUT 16 "west_data_i";
    .port_info 11 /INPUT 1 "west_enable_i";
    .port_info 12 /INPUT 16 "east_data_i";
    .port_info 13 /INPUT 1 "east_enable_i";
    .port_info 14 /OUTPUT 16 "local_data_o";
    .port_info 15 /OUTPUT 1 "local_enable_o";
P_0x55f836e9b290 .param/l "ADDR_BITWIDTH_GLB" 0 9 5, +C4<00000000000000000000000000001010>;
P_0x55f836e9b2d0 .param/l "A_READ_ADDR" 0 9 8, +C4<00000000000000000000000000000000>;
P_0x55f836e9b310 .param/l "DATA_BITWIDTH" 0 9 4, +C4<00000000000000000000000000010000>;
P_0x55f836e9b350 .param/l "HAS_EAST" 0 9 13, +C4<00000000000000000000000000000001>;
P_0x55f836e9b390 .param/l "HAS_NORTH" 0 9 10, +C4<00000000000000000000000000000001>;
P_0x55f836e9b3d0 .param/l "HAS_SOUTH" 0 9 11, +C4<00000000000000000000000000000001>;
P_0x55f836e9b410 .param/l "HAS_WEST" 0 9 12, +C4<00000000000000000000000000000001>;
P_0x55f836e9b450 .param/l "MODE_IDLE" 1 9 40, C4<0000>;
P_0x55f836e9b490 .param/l "MODE_LOAD" 1 9 41, C4<0001>;
P_0x55f836e9b4d0 .param/l "act_size" 0 9 7, +C4<0000000000000000000000000000000000000000000000000000000000001001>;
v0x55f836e9bbf0_0 .var "act_cnt", 3 0;
v0x55f836e9bcf0_0 .net "clk", 0 0, v0x55f836ea5a50_0;  alias, 1 drivers
L_0x7f74735b7210 .functor BUFT 1, C4<0000000000000000>, C4<0>, C4<0>, C4<0>;
v0x55f836e9bdb0_0 .net "east_data_i", 15 0, L_0x7f74735b7210;  1 drivers
L_0x7f74735b7258 .functor BUFT 1, C4<0>, C4<0>, C4<0>, C4<0>;
v0x55f836e9bea0_0 .net "east_enable_i", 0 0, L_0x7f74735b7258;  1 drivers
v0x55f836e9bf60_0 .var "glb_addr_read", 9 0;
v0x55f836e9c090_0 .net "glb_rdata", 15 0, v0x55f836ea5bd0_0;  alias, 1 drivers
v0x55f836e9c170_0 .var "glb_req_d1", 0 0;
v0x55f836e9c230_0 .var "glb_req_d2", 0 0;
v0x55f836e9c2f0_0 .var "glb_req_read", 0 0;
v0x55f836e9c440_0 .var "local_data_o", 15 0;
v0x55f836e9c520_0 .var "local_enable_o", 0 0;
L_0x7f74735b7060 .functor BUFT 1, C4<0000000000000000>, C4<0>, C4<0>, C4<0>;
v0x55f836e9c5e0_0 .net "north_data_i", 15 0, L_0x7f74735b7060;  1 drivers
L_0x7f74735b70a8 .functor BUFT 1, C4<0>, C4<0>, C4<0>, C4<0>;
v0x55f836e9c6c0_0 .net "north_enable_i", 0 0, L_0x7f74735b70a8;  1 drivers
v0x55f836e9c780_0 .net "reset", 0 0, L_0x55f836e68b50;  alias, 1 drivers
v0x55f836e9c840_0 .net "router_mode", 3 0, v0x55f836ea61b0_0;  alias, 1 drivers
v0x55f836e9c920_0 .var "router_mode_d", 3 0;
L_0x7f74735b70f0 .functor BUFT 1, C4<0000000000000000>, C4<0>, C4<0>, C4<0>;
v0x55f836e9ca00_0 .net "south_data_i", 15 0, L_0x7f74735b70f0;  1 drivers
L_0x7f74735b7138 .functor BUFT 1, C4<0>, C4<0>, C4<0>, C4<0>;
v0x55f836e9cae0_0 .net "south_enable_i", 0 0, L_0x7f74735b7138;  1 drivers
L_0x7f74735b7180 .functor BUFT 1, C4<0000000000000000>, C4<0>, C4<0>, C4<0>;
v0x55f836e9cba0_0 .net "west_data_i", 15 0, L_0x7f74735b7180;  1 drivers
L_0x7f74735b71c8 .functor BUFT 1, C4<0>, C4<0>, C4<0>, C4<0>;
v0x55f836e9cc80_0 .net "west_enable_i", 0 0, L_0x7f74735b71c8;  1 drivers
E_0x55f836e51e90 .event posedge, v0x55f836e9bcf0_0;
S_0x55f836e9cf40 .scope module, "u_pe" "PE_cluster_new" 8 112, 10 3 0, S_0x55f836e9a6f0;
 .timescale -9 -12;
    .port_info 0 /INPUT 1 "clk";
    .port_info 1 /INPUT 1 "reset";
    .port_info 2 /INPUT 16 "iact_data_i";
    .port_info 3 /INPUT 1 "iact_valid_i";
    .port_info 4 /INPUT 16 "wght_data_i";
    .port_info 5 /INPUT 1 "wght_valid_i";
    .port_info 6 /INPUT 1 "start";
    .port_info 7 /OUTPUT 16 "psum_data_o";
    .port_info 8 /OUTPUT 1 "psum_valid_o";
P_0x55f836e77b80 .param/l "CNT_W" 1 10 27, +C4<00000000000000000000000000000100>;
P_0x55f836e77bc0 .param/l "DATA_BITWIDTH" 0 10 4, +C4<00000000000000000000000000010000>;
P_0x55f836e77c00 .param/l "TOTAL_MACS" 1 10 26, +C4<0000000000000000000000000000000000000000000000000000000000001001>;
P_0x55f836e77c40 .param/l "kernel_size" 0 10 5, +C4<00000000000000000000000000000011>;
L_0x55f836eb7170 .functor BUFZ 16, v0x55f836e9c440_0, C4<0000000000000000>, C4<0000000000000000>, C4<0000000000000000>;
L_0x55f836eb71e0 .functor BUFZ 16, v0x55f836ea3d90_0, C4<0000000000000000>, C4<0000000000000000>, C4<0000000000000000>;
v0x55f836e9d330_0 .var/s "acc", 31 0;
v0x55f836e9d410_0 .net/s "act_s", 15 0, L_0x55f836eb7170;  1 drivers
v0x55f836e9d4f0_0 .net "clk", 0 0, v0x55f836ea5a50_0;  alias, 1 drivers
v0x55f836e9d5f0_0 .net "iact_data_i", 15 0, v0x55f836e9c440_0;  alias, 1 drivers
v0x55f836e9d6c0_0 .net "iact_valid_i", 0 0, v0x55f836e9c520_0;  alias, 1 drivers
v0x55f836e9d7b0_0 .var "mac_cnt", 3 0;
v0x55f836e9d850_0 .var "psum_data_o", 15 0;
v0x55f836e9d910_0 .var "psum_valid_o", 0 0;
v0x55f836e9d9d0_0 .net "reset", 0 0, L_0x55f836e68b50;  alias, 1 drivers
v0x55f836e9daa0_0 .net "start", 0 0, L_0x55f836eb72b0;  1 drivers
v0x55f836e9db40_0 .net "wght_data_i", 15 0, v0x55f836ea3d90_0;  alias, 1 drivers
v0x55f836e9dc20_0 .net/s "wght_s", 15 0, L_0x55f836eb71e0;  1 drivers
v0x55f836e9dd00_0 .net "wght_valid_i", 0 0, v0x55f836ea3e50_0;  alias, 1 drivers
S_0x55f836e9dee0 .scope module, "u_psum" "router_psum_generic" 8 133, 11 3 0, S_0x55f836e9a6f0;
 .timescale -9 -12;
    .port_info 0 /INPUT 1 "clk";
    .port_info 1 /INPUT 1 "reset";
    .port_info 2 /INPUT 4 "router_mode";
    .port_info 3 /INPUT 16 "local_data_i";
    .port_info 4 /INPUT 1 "local_enable_i";
    .port_info 5 /INPUT 16 "north_data_i";
    .port_info 6 /INPUT 1 "north_enable_i";
    .port_info 7 /INPUT 16 "south_data_i";
    .port_info 8 /INPUT 1 "south_enable_i";
    .port_info 9 /INPUT 16 "west_data_i";
    .port_info 10 /INPUT 1 "west_enable_i";
    .port_info 11 /INPUT 16 "east_data_i";
    .port_info 12 /INPUT 1 "east_enable_i";
    .port_info 13 /OUTPUT 16 "north_data_o";
    .port_info 14 /OUTPUT 1 "north_enable_o";
    .port_info 15 /OUTPUT 16 "south_data_o";
    .port_info 16 /OUTPUT 1 "south_enable_o";
    .port_info 17 /OUTPUT 16 "west_data_o";
    .port_info 18 /OUTPUT 1 "west_enable_o";
    .port_info 19 /OUTPUT 16 "east_data_o";
    .port_info 20 /OUTPUT 1 "east_enable_o";
    .port_info 21 /OUTPUT 16 "spad_data_o";
    .port_info 22 /OUTPUT 1 "spad_en_o";
    .port_info 23 /OUTPUT 9 "spad_addr_o";
    .port_info 24 /OUTPUT 16 "glb_data_o";
    .port_info 25 /OUTPUT 1 "glb_en_o";
    .port_info 26 /OUTPUT 10 "glb_addr_o";
P_0x55f836e9e0a0 .param/l "ADDR_BITWIDTH_GLB" 0 11 6, +C4<00000000000000000000000000001010>;
P_0x55f836e9e0e0 .param/l "ADDR_BITWIDTH_SPAD" 0 11 7, +C4<00000000000000000000000000001001>;
P_0x55f836e9e120 .param/l "DATA_BITWIDTH" 0 11 5, +C4<00000000000000000000000000010000>;
P_0x55f836e9e160 .param/l "FWD_DIR" 0 11 15, +C4<00000000000000000000000000000011>;
P_0x55f836e9e1a0 .param/l "HAS_EAST" 0 11 21, +C4<00000000000000000000000000000001>;
P_0x55f836e9e1e0 .param/l "HAS_NORTH" 0 11 18, +C4<00000000000000000000000000000001>;
P_0x55f836e9e220 .param/l "HAS_SOUTH" 0 11 19, +C4<00000000000000000000000000000001>;
P_0x55f836e9e260 .param/l "HAS_WEST" 0 11 20, +C4<00000000000000000000000000000001>;
P_0x55f836e9e2a0 .param/l "MODE_DRAIN" 1 11 66, C4<0011>;
P_0x55f836e9e2e0 .param/l "MODE_FWD" 1 11 65, C4<0010>;
P_0x55f836e9e320 .param/l "MODE_IDLE" 1 11 63, C4<0000>;
P_0x55f836e9e360 .param/l "MODE_LOCAL" 1 11 64, C4<0001>;
P_0x55f836e9e3a0 .param/l "PSUM_GLB_BASE_ADDR" 0 11 10, +C4<00000000000000000000000000000000>;
P_0x55f836e9e3e0 .param/l "PSUM_SPAD_BASE_ADDR" 0 11 11, +C4<00000000000000000000000000000000>;
v0x55f836e9eef0_0 .net "clk", 0 0, v0x55f836ea5a50_0;  alias, 1 drivers
L_0x7f74735b77b0 .functor BUFT 1, C4<0000000000000000>, C4<0>, C4<0>, C4<0>;
v0x55f836e9f000_0 .net "east_data_i", 15 0, L_0x7f74735b77b0;  1 drivers
v0x55f836e9f0e0_0 .var "east_data_o", 15 0;
L_0x7f74735b77f8 .functor BUFT 1, C4<0>, C4<0>, C4<0>, C4<0>;
v0x55f836e9f1a0_0 .net "east_enable_i", 0 0, L_0x7f74735b77f8;  1 drivers
v0x55f836e9f260_0 .var "east_enable_o", 0 0;
v0x55f836e9f370_0 .var "glb_addr_cnt", 9 0;
v0x55f836e9f450_0 .var "glb_addr_o", 9 0;
v0x55f836e9f530_0 .var "glb_data_o", 15 0;
v0x55f836e9f610_0 .var "glb_en_o", 0 0;
v0x55f836e9f6d0_0 .net "local_data_i", 15 0, v0x55f836e9d850_0;  alias, 1 drivers
v0x55f836e9f790_0 .net "local_enable_i", 0 0, L_0x55f836eb74f0;  1 drivers
L_0x7f74735b7600 .functor BUFT 1, C4<0000000000000000>, C4<0>, C4<0>, C4<0>;
v0x55f836e9f830_0 .net "north_data_i", 15 0, L_0x7f74735b7600;  1 drivers
v0x55f836e9f910_0 .var "north_data_o", 15 0;
L_0x7f74735b7648 .functor BUFT 1, C4<0>, C4<0>, C4<0>, C4<0>;
v0x55f836e9f9f0_0 .net "north_enable_i", 0 0, L_0x7f74735b7648;  1 drivers
v0x55f836e9fab0_0 .var "north_enable_o", 0 0;
v0x55f836e9fb70_0 .net "reset", 0 0, L_0x55f836e68b50;  alias, 1 drivers
v0x55f836e9fc10_0 .net "router_mode", 3 0, v0x55f836ea61b0_0;  alias, 1 drivers
v0x55f836e9fcd0_0 .var "selected_data", 15 0;
v0x55f836e9fd90_0 .var "selected_valid", 0 0;
L_0x7f74735b7690 .functor BUFT 1, C4<0000000000000000>, C4<0>, C4<0>, C4<0>;
v0x55f836e9fe50_0 .net "south_data_i", 15 0, L_0x7f74735b7690;  1 drivers
v0x55f836e9ff30_0 .var "south_data_o", 15 0;
L_0x7f74735b76d8 .functor BUFT 1, C4<0>, C4<0>, C4<0>, C4<0>;
v0x55f836ea0010_0 .net "south_enable_i", 0 0, L_0x7f74735b76d8;  1 drivers
v0x55f836ea00d0_0 .var "south_enable_o", 0 0;
v0x55f836ea0190_0 .var "spad_addr_cnt", 8 0;
v0x55f836ea0270_0 .var "spad_addr_o", 8 0;
v0x55f836ea0350_0 .var "spad_data_o", 15 0;
v0x55f836ea0430_0 .var "spad_en_o", 0 0;
L_0x7f74735b7720 .functor BUFT 1, C4<0000000000000000>, C4<0>, C4<0>, C4<0>;
v0x55f836ea04f0_0 .net "west_data_i", 15 0, L_0x7f74735b7720;  1 drivers
v0x55f836ea05d0_0 .var "west_data_o", 15 0;
L_0x7f74735b7768 .functor BUFT 1, C4<0>, C4<0>, C4<0>, C4<0>;
v0x55f836ea06b0_0 .net "west_enable_i", 0 0, L_0x7f74735b7768;  1 drivers
v0x55f836ea0770_0 .var "west_enable_o", 0 0;
E_0x55f836de7980/0 .event anyedge, v0x55f836e9f790_0, v0x55f836e9d850_0, v0x55f836e9f9f0_0, v0x55f836e9f830_0;
E_0x55f836de7980/1 .event anyedge, v0x55f836ea0010_0, v0x55f836e9fe50_0, v0x55f836ea06b0_0, v0x55f836ea04f0_0;
E_0x55f836de7980/2 .event anyedge, v0x55f836e9f1a0_0, v0x55f836e9f000_0;
E_0x55f836de7980 .event/or E_0x55f836de7980/0, E_0x55f836de7980/1, E_0x55f836de7980/2;
S_0x55f836ea0c70 .scope module, "u_wght" "router_weight_full_generic" 8 80, 12 3 0, S_0x55f836e9a6f0;
 .timescale -9 -12;
    .port_info 0 /INPUT 1 "clk";
    .port_info 1 /INPUT 1 "reset";
    .port_info 2 /INPUT 4 "router_mode";
    .port_info 3 /OUTPUT 10 "glb_addr_read";
    .port_info 4 /OUTPUT 1 "glb_req_read";
    .port_info 5 /INPUT 16 "glb_rdata";
    .port_info 6 /INPUT 16 "north_data_i";
    .port_info 7 /INPUT 1 "north_enable_i";
    .port_info 8 /INPUT 16 "south_data_i";
    .port_info 9 /INPUT 1 "south_enable_i";
    .port_info 10 /INPUT 16 "west_data_i";
    .port_info 11 /INPUT 1 "west_enable_i";
    .port_info 12 /INPUT 16 "east_data_i";
    .port_info 13 /INPUT 1 "east_enable_i";
    .port_info 14 /OUTPUT 16 "north_data_o";
    .port_info 15 /OUTPUT 1 "north_enable_o";
    .port_info 16 /OUTPUT 16 "south_data_o";
    .port_info 17 /OUTPUT 1 "south_enable_o";
    .port_info 18 /OUTPUT 16 "west_data_o";
    .port_info 19 /OUTPUT 1 "west_enable_o";
    .port_info 20 /OUTPUT 16 "east_data_o";
    .port_info 21 /OUTPUT 1 "east_enable_o";
    .port_info 22 /OUTPUT 16 "spad_data_o";
    .port_info 23 /OUTPUT 1 "spad_en_o";
P_0x55f836ea0e50 .param/l "ADDR_BITWIDTH_GLB" 0 12 6, +C4<00000000000000000000000000001010>;
P_0x55f836ea0e90 .param/l "ADDR_BITWIDTH_SPAD" 0 12 7, +C4<00000000000000000000000000001001>;
P_0x55f836ea0ed0 .param/l "DATA_BITWIDTH" 0 12 5, +C4<00000000000000000000000000010000>;
P_0x55f836ea0f10 .param/l "GLB_DATA" 1 12 67, C4<11>;
P_0x55f836ea0f50 .param/l "GLB_IDLE" 1 12 64, C4<00>;
P_0x55f836ea0f90 .param/l "GLB_REQ" 1 12 65, C4<01>;
P_0x55f836ea0fd0 .param/l "GLB_WAIT" 1 12 66, C4<10>;
P_0x55f836ea1010 .param/l "HAS_EAST" 0 12 21, +C4<00000000000000000000000000000001>;
P_0x55f836ea1050 .param/l "HAS_GLB" 0 12 14, +C4<00000000000000000000000000000001>;
P_0x55f836ea1090 .param/l "HAS_NORTH" 0 12 18, +C4<00000000000000000000000000000001>;
P_0x55f836ea10d0 .param/l "HAS_SOUTH" 0 12 19, +C4<00000000000000000000000000000001>;
P_0x55f836ea1110 .param/l "HAS_WEST" 0 12 20, +C4<00000000000000000000000000000001>;
P_0x55f836ea1150 .param/l "INJECT_DIR" 0 12 15, +C4<00000000000000000000000000000011>;
P_0x55f836ea1190 .param/l "MODE_IDLE" 1 12 58, C4<0000>;
P_0x55f836ea11d0 .param/l "MODE_LOAD" 1 12 59, C4<0001>;
P_0x55f836ea1210 .param/l "TOTAL_W" 1 12 61, +C4<0000000000000000000000000000000000000000000000000000000000001001>;
P_0x55f836ea1250 .param/l "W_READ_ADDR" 0 12 11, +C4<00000000000000000000000000000000>;
P_0x55f836ea1290 .param/l "kernel_size" 0 12 10, +C4<00000000000000000000000000000011>;
L_0x7f74735b72a0 .functor BUFT 1, C4<1>, C4<0>, C4<0>, C4<0>;
L_0x55f836e6a4d0 .functor AND 1, L_0x7f74735b72a0, L_0x55f836eb6ac0, C4<1>, C4<1>;
L_0x7f74735b7378 .functor BUFT 1, C4<0>, C4<0>, C4<0>, C4<0>;
L_0x7f74735b7408 .functor BUFT 1, C4<0>, C4<0>, C4<0>, C4<0>;
L_0x55f836e6acd0 .functor OR 1, L_0x7f74735b7378, L_0x7f74735b7408, C4<0>, C4<0>;
L_0x7f74735b7498 .functor BUFT 1, C4<0>, C4<0>, C4<0>, C4<0>;
L_0x55f836e670e0 .functor OR 1, L_0x55f836e6acd0, L_0x7f74735b7498, C4<0>, C4<0>;
L_0x7f74735b7528 .functor BUFT 1, C4<0>, C4<0>, C4<0>, C4<0>;
L_0x55f836e08df0 .functor OR 1, L_0x55f836e670e0, L_0x7f74735b7528, C4<0>, C4<0>;
L_0x7f74735b74e0 .functor BUFT 1, C4<0000000000000000>, C4<0>, C4<0>, C4<0>;
L_0x55f836eb7720 .functor BUFT 16, L_0x7f74735b74e0, C4<0000000000000000>, C4<0000000000000000>, C4<0000000000000000>;
L_0x55f836eb7810 .functor BUFT 16, L_0x55f836eb7720, C4<0000000000000000>, C4<0000000000000000>, C4<0000000000000000>;
L_0x55f836eb7910 .functor BUFT 16, L_0x55f836eb7810, C4<0000000000000000>, C4<0000000000000000>, C4<0000000000000000>;
v0x55f836ea1f40_0 .net/2u *"_ivl_0", 0 0, L_0x7f74735b72a0;  1 drivers
v0x55f836ea2040_0 .net *"_ivl_10", 0 0, L_0x55f836e670e0;  1 drivers
v0x55f836ea2120_0 .net *"_ivl_12", 0 0, L_0x55f836e08df0;  1 drivers
v0x55f836ea2210_0 .net *"_ivl_16", 15 0, L_0x55f836eb7720;  1 drivers
v0x55f836ea22f0_0 .net *"_ivl_18", 15 0, L_0x55f836eb7810;  1 drivers
L_0x7f74735b72e8 .functor BUFT 1, C4<0001>, C4<0>, C4<0>, C4<0>;
v0x55f836ea2420_0 .net/2u *"_ivl_2", 3 0, L_0x7f74735b72e8;  1 drivers
v0x55f836ea2500_0 .net *"_ivl_20", 15 0, L_0x55f836eb7910;  1 drivers
v0x55f836ea25e0_0 .net *"_ivl_4", 0 0, L_0x55f836eb6ac0;  1 drivers
v0x55f836ea26a0_0 .net *"_ivl_8", 0 0, L_0x55f836e6acd0;  1 drivers
v0x55f836ea2780_0 .net "clk", 0 0, v0x55f836ea5a50_0;  alias, 1 drivers
v0x55f836ea2820_0 .net "east_data_i", 15 0, L_0x7f74735b74e0;  1 drivers
v0x55f836ea2900_0 .var "east_data_o", 15 0;
v0x55f836ea29e0_0 .net "east_enable_i", 0 0, L_0x7f74735b7528;  1 drivers
v0x55f836ea2aa0_0 .var "east_enable_o", 0 0;
v0x55f836ea2b60_0 .net "glb_active", 0 0, L_0x55f836e6a4d0;  1 drivers
v0x55f836ea2c20_0 .var "glb_addr_read", 9 0;
v0x55f836ea2d00_0 .var "glb_data_valid_q", 0 0;
v0x55f836ea2dc0_0 .net "glb_rdata", 15 0, v0x55f836ea6510_0;  alias, 1 drivers
v0x55f836ea2ea0_0 .var "glb_rdata_q", 15 0;
v0x55f836ea2f80_0 .var "glb_req_read", 0 0;
v0x55f836ea3040_0 .var "glb_state", 1 0;
v0x55f836ea3120_0 .net "inj_data", 15 0, L_0x55f836eb6f00;  1 drivers
v0x55f836ea3200_0 .net "inj_valid", 0 0, L_0x55f836eb6d90;  1 drivers
v0x55f836ea32c0_0 .var "load_idx", 9 0;
L_0x7f74735b7330 .functor BUFT 1, C4<0000000000000000>, C4<0>, C4<0>, C4<0>;
v0x55f836ea33a0_0 .net "north_data_i", 15 0, L_0x7f74735b7330;  1 drivers
v0x55f836ea3480_0 .var "north_data_o", 15 0;
v0x55f836ea3560_0 .net "north_enable_i", 0 0, L_0x7f74735b7378;  1 drivers
v0x55f836ea3620_0 .var "north_enable_o", 0 0;
v0x55f836ea36e0_0 .net "reset", 0 0, L_0x55f836e68b50;  alias, 1 drivers
v0x55f836ea3780_0 .net "router_mode", 3 0, v0x55f836ea61b0_0;  alias, 1 drivers
L_0x7f74735b73c0 .functor BUFT 1, C4<0000000000000000>, C4<0>, C4<0>, C4<0>;
v0x55f836ea3840_0 .net "south_data_i", 15 0, L_0x7f74735b73c0;  1 drivers
v0x55f836ea3920_0 .var "south_data_o", 15 0;
v0x55f836ea3a00_0 .net "south_enable_i", 0 0, L_0x7f74735b7408;  1 drivers
v0x55f836ea3cd0_0 .var "south_enable_o", 0 0;
v0x55f836ea3d90_0 .var "spad_data_o", 15 0;
v0x55f836ea3e50_0 .var "spad_en_o", 0 0;
L_0x7f74735b7450 .functor BUFT 1, C4<0000000000000000>, C4<0>, C4<0>, C4<0>;
v0x55f836ea3ef0_0 .net "west_data_i", 15 0, L_0x7f74735b7450;  1 drivers
v0x55f836ea3f90_0 .var "west_data_o", 15 0;
v0x55f836ea4070_0 .net "west_enable_i", 0 0, L_0x7f74735b7498;  1 drivers
v0x55f836ea4130_0 .var "west_enable_o", 0 0;
E_0x55f836ea1ee0 .event anyedge, v0x55f836ea3120_0, v0x55f836ea3200_0, v0x55f836e9c840_0;
L_0x55f836eb6ac0 .cmp/eq 4, v0x55f836ea61b0_0, L_0x7f74735b72e8;
L_0x55f836eb6d90 .functor MUXZ 1, L_0x55f836e08df0, v0x55f836ea2d00_0, L_0x55f836e6a4d0, C4<>;
L_0x55f836eb6f00 .functor MUXZ 16, L_0x55f836eb7910, v0x55f836ea2ea0_0, L_0x55f836e6a4d0, C4<>;
    .scope S_0x55f836e7fa00;
T_0 ;
    %wait E_0x55f836e50690;
    %load/vec4 v0x55f836e70430_0;
    %flag_set/vec4 8;
    %jmp/0xz  T_0.0, 8;
    %pushi/vec4 0, 0, 16;
    %assign/vec4 v0x55f836e67200_0, 0;
    %jmp T_0.1;
T_0.0 ;
    %load/vec4 v0x55f836e6adf0_0;
    %flag_set/vec4 8;
    %jmp/0xz  T_0.2, 8;
    %load/vec4 v0x55f836e69910_0;
    %load/vec4 v0x55f836e6fd70_0;
    %mul;
    %load/vec4 v0x55f836e70080_0;
    %add;
    %assign/vec4 v0x55f836e67200_0, 0;
    %jmp T_0.3;
T_0.2 ;
    %load/vec4 v0x55f836e67200_0;
    %assign/vec4 v0x55f836e67200_0, 0;
T_0.3 ;
T_0.1 ;
    %jmp T_0;
    .thread T_0;
    .scope S_0x55f836e7f6c0;
T_1 ;
    %wait E_0x55f836e51df0;
    %load/vec4 v0x55f836e99590_0;
    %flag_set/vec4 8;
    %jmp/0xz  T_1.0, 8;
    %pushi/vec4 0, 0, 16;
    %assign/vec4 v0x55f836e98f80_0, 0;
    %pushi/vec4 0, 0, 4;
    %assign/vec4 v0x55f836e992c0_0, 0;
    %pushi/vec4 0, 0, 1;
    %assign/vec4 v0x55f836e99650_0, 0;
    %pushi/vec4 0, 0, 16;
    %assign/vec4 v0x55f836e993f0_0, 0;
    %pushi/vec4 0, 0, 1;
    %assign/vec4 v0x55f836e994d0_0, 0;
    %jmp T_1.1;
T_1.0 ;
    %pushi/vec4 0, 0, 1;
    %assign/vec4 v0x55f836e994d0_0, 0;
    %load/vec4 v0x55f836e99710_0;
    %flag_set/vec4 8;
    %jmp/0xz  T_1.2, 8;
    %pushi/vec4 0, 0, 16;
    %assign/vec4 v0x55f836e98f80_0, 0;
    %pushi/vec4 0, 0, 4;
    %assign/vec4 v0x55f836e992c0_0, 0;
    %pushi/vec4 1, 0, 1;
    %assign/vec4 v0x55f836e99650_0, 0;
T_1.2 ;
    %load/vec4 v0x55f836e99650_0;
    %flag_set/vec4 10;
    %flag_get/vec4 10;
    %jmp/0 T_1.7, 10;
    %load/vec4 v0x55f836e99200_0;
    %and;
T_1.7;
    %flag_set/vec4 9;
    %flag_get/vec4 9;
    %jmp/0 T_1.6, 9;
    %load/vec4 v0x55f836e998b0_0;
    %and;
T_1.6;
    %flag_set/vec4 8;
    %jmp/0xz  T_1.4, 8;
    %load/vec4 v0x55f836e98f80_0;
    %load/vec4 v0x55f836e99140_0;
    %load/vec4 v0x55f836e997d0_0;
    %mul;
    %add;
    %assign/vec4 v0x55f836e98f80_0, 0;
    %load/vec4 v0x55f836e992c0_0;
    %addi 1, 0, 4;
    %assign/vec4 v0x55f836e992c0_0, 0;
    %load/vec4 v0x55f836e992c0_0;
    %pad/u 64;
    %cmpi/e 8, 0, 64;
    %jmp/0xz  T_1.8, 4;
    %load/vec4 v0x55f836e98f80_0;
    %load/vec4 v0x55f836e99140_0;
    %load/vec4 v0x55f836e997d0_0;
    %mul;
    %add;
    %assign/vec4 v0x55f836e993f0_0, 0;
    %pushi/vec4 1, 0, 1;
    %assign/vec4 v0x55f836e994d0_0, 0;
    %pushi/vec4 0, 0, 1;
    %assign/vec4 v0x55f836e99650_0, 0;
T_1.8 ;
T_1.4 ;
T_1.1 ;
    %jmp T_1;
    .thread T_1;
    .scope S_0x55f836e7f3b0;
T_2 ;
    %wait E_0x55f836e51330;
    %load/vec4 v0x55f836e99ed0_0;
    %flag_set/vec4 8;
    %jmp/0xz  T_2.0, 8;
    %pushi/vec4 0, 0, 16;
    %assign/vec4 v0x55f836e99d30_0, 0;
    %jmp T_2.1;
T_2.0 ;
    %load/vec4 v0x55f836e99e10_0;
    %flag_set/vec4 8;
    %jmp/0xz  T_2.2, 8;
    %load/vec4 v0x55f836e99c70_0;
    %pad/u 11;
    %ix/vec4 4;
    %load/vec4a v0x55f836e99bb0, 4;
    %assign/vec4 v0x55f836e99d30_0, 0;
    %jmp T_2.3;
T_2.2 ;
    %load/vec4 v0x55f836e99c70_0;
    %pad/u 11;
    %ix/vec4 4;
    %load/vec4a v0x55f836e99bb0, 4;
    %assign/vec4 v0x55f836e99d30_0, 0;
T_2.3 ;
T_2.1 ;
    %jmp T_2;
    .thread T_2;
    .scope S_0x55f836e7f3b0;
T_3 ;
    %wait E_0x55f836e51330;
    %load/vec4 v0x55f836e99ed0_0;
    %nor/r;
    %flag_set/vec4 9;
    %flag_get/vec4 9;
    %jmp/0 T_3.2, 9;
    %load/vec4 v0x55f836e9a150_0;
    %and;
T_3.2;
    %flag_set/vec4 8;
    %jmp/0xz  T_3.0, 8;
    %load/vec4 v0x55f836e9a070_0;
    %load/vec4 v0x55f836e99f90_0;
    %pad/u 11;
    %ix/vec4 3;
    %ix/load 4, 0, 0; Constant delay
    %assign/vec4/a/d v0x55f836e99bb0, 0, 4;
T_3.0 ;
    %jmp T_3;
    .thread T_3;
    .scope S_0x55f836e9b0b0;
T_4 ;
    %wait E_0x55f836e51e90;
    %load/vec4 v0x55f836e9c780_0;
    %flag_set/vec4 8;
    %jmp/0xz  T_4.0, 8;
    %pushi/vec4 0, 0, 4;
    %assign/vec4 v0x55f836e9c920_0, 0;
    %jmp T_4.1;
T_4.0 ;
    %load/vec4 v0x55f836e9c840_0;
    %assign/vec4 v0x55f836e9c920_0, 0;
T_4.1 ;
    %jmp T_4;
    .thread T_4;
    .scope S_0x55f836e9b0b0;
T_5 ;
    %wait E_0x55f836e51e90;
    %load/vec4 v0x55f836e9c780_0;
    %flag_set/vec4 8;
    %jmp/0xz  T_5.0, 8;
    %pushi/vec4 0, 0, 4;
    %assign/vec4 v0x55f836e9bbf0_0, 0;
    %jmp T_5.1;
T_5.0 ;
    %load/vec4 v0x55f836e9c840_0;
    %cmpi/e 1, 0, 4;
    %flag_get/vec4 4;
    %jmp/0 T_5.4, 4;
    %load/vec4 v0x55f836e9c920_0;
    %pushi/vec4 1, 0, 4;
    %cmp/ne;
    %flag_get/vec4 4;
    %and;
T_5.4;
    %flag_set/vec4 8;
    %jmp/0xz  T_5.2, 8;
    %pushi/vec4 0, 0, 4;
    %assign/vec4 v0x55f836e9bbf0_0, 0;
    %jmp T_5.3;
T_5.2 ;
    %load/vec4 v0x55f836e9c840_0;
    %cmpi/e 1, 0, 4;
    %flag_get/vec4 4;
    %jmp/0 T_5.7, 4;
    %load/vec4 v0x55f836e9c2f0_0;
    %and;
T_5.7;
    %flag_set/vec4 8;
    %jmp/0xz  T_5.5, 8;
    %load/vec4 v0x55f836e9bbf0_0;
    %addi 1, 0, 4;
    %assign/vec4 v0x55f836e9bbf0_0, 0;
T_5.5 ;
T_5.3 ;
T_5.1 ;
    %jmp T_5;
    .thread T_5;
    .scope S_0x55f836e9b0b0;
T_6 ;
    %wait E_0x55f836e51e90;
    %load/vec4 v0x55f836e9c780_0;
    %flag_set/vec4 8;
    %jmp/0xz  T_6.0, 8;
    %pushi/vec4 0, 0, 1;
    %assign/vec4 v0x55f836e9c2f0_0, 0;
    %pushi/vec4 0, 0, 10;
    %assign/vec4 v0x55f836e9bf60_0, 0;
    %jmp T_6.1;
T_6.0 ;
    %pushi/vec4 0, 0, 1;
    %assign/vec4 v0x55f836e9c2f0_0, 0;
    %load/vec4 v0x55f836e9c840_0;
    %cmpi/e 1, 0, 4;
    %flag_get/vec4 4;
    %jmp/0 T_6.4, 4;
    %load/vec4 v0x55f836e9bbf0_0;
    %pad/u 64;
    %cmpi/u 9, 0, 64;
    %flag_get/vec4 5;
    %and;
T_6.4;
    %flag_set/vec4 8;
    %jmp/0xz  T_6.2, 8;
    %pushi/vec4 1, 0, 1;
    %assign/vec4 v0x55f836e9c2f0_0, 0;
    %pushi/vec4 0, 0, 32;
    %load/vec4 v0x55f836e9bbf0_0;
    %pad/u 32;
    %add;
    %pad/u 10;
    %assign/vec4 v0x55f836e9bf60_0, 0;
T_6.2 ;
T_6.1 ;
    %jmp T_6;
    .thread T_6;
    .scope S_0x55f836e9b0b0;
T_7 ;
    %wait E_0x55f836e51e90;
    %load/vec4 v0x55f836e9c780_0;
    %flag_set/vec4 8;
    %jmp/0xz  T_7.0, 8;
    %pushi/vec4 0, 0, 1;
    %assign/vec4 v0x55f836e9c170_0, 0;
    %pushi/vec4 0, 0, 1;
    %assign/vec4 v0x55f836e9c230_0, 0;
    %jmp T_7.1;
T_7.0 ;
    %load/vec4 v0x55f836e9c2f0_0;
    %assign/vec4 v0x55f836e9c170_0, 0;
    %load/vec4 v0x55f836e9c170_0;
    %assign/vec4 v0x55f836e9c230_0, 0;
T_7.1 ;
    %jmp T_7;
    .thread T_7;
    .scope S_0x55f836e9b0b0;
T_8 ;
    %wait E_0x55f836e51e90;
    %load/vec4 v0x55f836e9c780_0;
    %flag_set/vec4 8;
    %jmp/0xz  T_8.0, 8;
    %pushi/vec4 0, 0, 16;
    %assign/vec4 v0x55f836e9c440_0, 0;
    %pushi/vec4 0, 0, 1;
    %assign/vec4 v0x55f836e9c520_0, 0;
    %jmp T_8.1;
T_8.0 ;
    %pushi/vec4 0, 0, 1;
    %assign/vec4 v0x55f836e9c520_0, 0;
    %load/vec4 v0x55f836e9c230_0;
    %flag_set/vec4 8;
    %jmp/0xz  T_8.2, 8;
    %load/vec4 v0x55f836e9c090_0;
    %assign/vec4 v0x55f836e9c440_0, 0;
    %pushi/vec4 1, 0, 1;
    %assign/vec4 v0x55f836e9c520_0, 0;
T_8.2 ;
T_8.1 ;
    %jmp T_8;
    .thread T_8;
    .scope S_0x55f836ea0c70;
T_9 ;
    %wait E_0x55f836e51e90;
    %load/vec4 v0x55f836ea36e0_0;
    %flag_set/vec4 8;
    %jmp/0xz  T_9.0, 8;
    %pushi/vec4 0, 0, 2;
    %assign/vec4 v0x55f836ea3040_0, 0;
    %pushi/vec4 0, 0, 1;
    %assign/vec4 v0x55f836ea2f80_0, 0;
    %pushi/vec4 0, 0, 10;
    %assign/vec4 v0x55f836ea2c20_0, 0;
    %pushi/vec4 0, 0, 10;
    %assign/vec4 v0x55f836ea32c0_0, 0;
    %pushi/vec4 0, 0, 16;
    %assign/vec4 v0x55f836ea2ea0_0, 0;
    %pushi/vec4 0, 0, 1;
    %assign/vec4 v0x55f836ea2d00_0, 0;
    %jmp T_9.1;
T_9.0 ;
    %pushi/vec4 0, 0, 1;
    %assign/vec4 v0x55f836ea2f80_0, 0;
    %pushi/vec4 0, 0, 1;
    %assign/vec4 v0x55f836ea2d00_0, 0;
    %load/vec4 v0x55f836ea3040_0;
    %dup/vec4;
    %pushi/vec4 0, 0, 2;
    %cmp/u;
    %jmp/1 T_9.2, 6;
    %dup/vec4;
    %pushi/vec4 1, 0, 2;
    %cmp/u;
    %jmp/1 T_9.3, 6;
    %dup/vec4;
    %pushi/vec4 2, 0, 2;
    %cmp/u;
    %jmp/1 T_9.4, 6;
    %dup/vec4;
    %pushi/vec4 3, 0, 2;
    %cmp/u;
    %jmp/1 T_9.5, 6;
    %jmp T_9.6;
T_9.2 ;
    %load/vec4 v0x55f836ea2b60_0;
    %flag_set/vec4 9;
    %flag_get/vec4 9;
    %jmp/0 T_9.9, 9;
    %load/vec4 v0x55f836ea32c0_0;
    %pad/u 64;
    %cmpi/u 9, 0, 64;
    %flag_get/vec4 5;
    %and;
T_9.9;
    %flag_set/vec4 8;
    %jmp/0xz  T_9.7, 8;
    %pushi/vec4 1, 0, 2;
    %assign/vec4 v0x55f836ea3040_0, 0;
T_9.7 ;
    %jmp T_9.6;
T_9.3 ;
    %pushi/vec4 1, 0, 1;
    %assign/vec4 v0x55f836ea2f80_0, 0;
    %pushi/vec4 0, 0, 32;
    %load/vec4 v0x55f836ea32c0_0;
    %pad/u 32;
    %add;
    %pad/u 10;
    %assign/vec4 v0x55f836ea2c20_0, 0;
    %pushi/vec4 2, 0, 2;
    %assign/vec4 v0x55f836ea3040_0, 0;
    %jmp T_9.6;
T_9.4 ;
    %pushi/vec4 3, 0, 2;
    %assign/vec4 v0x55f836ea3040_0, 0;
    %jmp T_9.6;
T_9.5 ;
    %load/vec4 v0x55f836ea2dc0_0;
    %assign/vec4 v0x55f836ea2ea0_0, 0;
    %pushi/vec4 1, 0, 1;
    %assign/vec4 v0x55f836ea2d00_0, 0;
    %load/vec4 v0x55f836ea32c0_0;
    %addi 1, 0, 10;
    %assign/vec4 v0x55f836ea32c0_0, 0;
    %pushi/vec4 0, 0, 2;
    %assign/vec4 v0x55f836ea3040_0, 0;
    %jmp T_9.6;
T_9.6 ;
    %pop/vec4 1;
T_9.1 ;
    %jmp T_9;
    .thread T_9;
    .scope S_0x55f836ea0c70;
T_10 ;
    %wait E_0x55f836ea1ee0;
    %pushi/vec4 0, 0, 1;
    %store/vec4 v0x55f836ea3620_0, 0, 1;
    %pushi/vec4 0, 0, 1;
    %store/vec4 v0x55f836ea3cd0_0, 0, 1;
    %pushi/vec4 0, 0, 1;
    %store/vec4 v0x55f836ea4130_0, 0, 1;
    %pushi/vec4 0, 0, 1;
    %store/vec4 v0x55f836ea2aa0_0, 0, 1;
    %pushi/vec4 0, 0, 1;
    %store/vec4 v0x55f836ea3e50_0, 0, 1;
    %load/vec4 v0x55f836ea3120_0;
    %store/vec4 v0x55f836ea3480_0, 0, 16;
    %load/vec4 v0x55f836ea3120_0;
    %store/vec4 v0x55f836ea3920_0, 0, 16;
    %load/vec4 v0x55f836ea3120_0;
    %store/vec4 v0x55f836ea3f90_0, 0, 16;
    %load/vec4 v0x55f836ea3120_0;
    %store/vec4 v0x55f836ea2900_0, 0, 16;
    %load/vec4 v0x55f836ea3120_0;
    %store/vec4 v0x55f836ea3d90_0, 0, 16;
    %load/vec4 v0x55f836ea3200_0;
    %flag_set/vec4 9;
    %flag_get/vec4 9;
    %jmp/0 T_10.2, 9;
    %load/vec4 v0x55f836ea3780_0;
    %pushi/vec4 0, 0, 4;
    %cmp/ne;
    %flag_get/vec4 4;
    %and;
T_10.2;
    %flag_set/vec4 8;
    %jmp/0xz  T_10.0, 8;
    %pushi/vec4 1, 0, 1;
    %store/vec4 v0x55f836ea3e50_0, 0, 1;
    %pushi/vec4 3, 0, 32;
    %dup/vec4;
    %pushi/vec4 0, 0, 32;
    %cmp/u;
    %jmp/1 T_10.3, 6;
    %dup/vec4;
    %pushi/vec4 1, 0, 32;
    %cmp/u;
    %jmp/1 T_10.4, 6;
    %dup/vec4;
    %pushi/vec4 2, 0, 32;
    %cmp/u;
    %jmp/1 T_10.5, 6;
    %dup/vec4;
    %pushi/vec4 3, 0, 32;
    %cmp/u;
    %jmp/1 T_10.6, 6;
    %jmp T_10.7;
T_10.3 ;
    %pushi/vec4 1, 0, 1;
    %store/vec4 v0x55f836ea3620_0, 0, 1;
    %jmp T_10.7;
T_10.4 ;
    %pushi/vec4 1, 0, 1;
    %store/vec4 v0x55f836ea3cd0_0, 0, 1;
    %jmp T_10.7;
T_10.5 ;
    %pushi/vec4 1, 0, 1;
    %store/vec4 v0x55f836ea4130_0, 0, 1;
    %jmp T_10.7;
T_10.6 ;
    %pushi/vec4 1, 0, 1;
    %store/vec4 v0x55f836ea2aa0_0, 0, 1;
    %jmp T_10.7;
T_10.7 ;
    %pop/vec4 1;
T_10.0 ;
    %jmp T_10;
    .thread T_10, $push;
    .scope S_0x55f836ea0c70;
T_11 ;
    %end;
    .thread T_11;
    .scope S_0x55f836e9cf40;
T_12 ;
    %wait E_0x55f836e51e90;
    %load/vec4 v0x55f836e9d9d0_0;
    %flag_set/vec4 8;
    %jmp/0xz  T_12.0, 8;
    %pushi/vec4 0, 0, 4;
    %assign/vec4 v0x55f836e9d7b0_0, 0;
    %pushi/vec4 0, 0, 32;
    %assign/vec4 v0x55f836e9d330_0, 0;
    %pushi/vec4 0, 0, 16;
    %assign/vec4 v0x55f836e9d850_0, 0;
    %pushi/vec4 0, 0, 1;
    %assign/vec4 v0x55f836e9d910_0, 0;
    %jmp T_12.1;
T_12.0 ;
    %pushi/vec4 0, 0, 1;
    %assign/vec4 v0x55f836e9d910_0, 0;
    %load/vec4 v0x55f836e9daa0_0;
    %flag_set/vec4 8;
    %jmp/0xz  T_12.2, 8;
    %pushi/vec4 0, 0, 4;
    %assign/vec4 v0x55f836e9d7b0_0, 0;
    %pushi/vec4 0, 0, 32;
    %assign/vec4 v0x55f836e9d330_0, 0;
T_12.2 ;
    %load/vec4 v0x55f836e9d6c0_0;
    %flag_set/vec4 9;
    %flag_get/vec4 9;
    %jmp/0 T_12.6, 9;
    %load/vec4 v0x55f836e9dd00_0;
    %and;
T_12.6;
    %flag_set/vec4 8;
    %jmp/0xz  T_12.4, 8;
    %load/vec4 v0x55f836e9d330_0;
    %load/vec4 v0x55f836e9d410_0;
    %pad/s 32;
    %load/vec4 v0x55f836e9dc20_0;
    %pad/s 32;
    %mul;
    %add;
    %assign/vec4 v0x55f836e9d330_0, 0;
    %load/vec4 v0x55f836e9d7b0_0;
    %addi 1, 0, 4;
    %assign/vec4 v0x55f836e9d7b0_0, 0;
    %load/vec4 v0x55f836e9d7b0_0;
    %pad/u 64;
    %cmpi/e 8, 0, 64;
    %jmp/0xz  T_12.7, 4;
    %load/vec4 v0x55f836e9d330_0;
    %load/vec4 v0x55f836e9d410_0;
    %pad/s 32;
    %load/vec4 v0x55f836e9dc20_0;
    %pad/s 32;
    %mul;
    %add;
    %pad/s 16;
    %assign/vec4 v0x55f836e9d850_0, 0;
    %pushi/vec4 1, 0, 1;
    %assign/vec4 v0x55f836e9d910_0, 0;
T_12.7 ;
T_12.4 ;
T_12.1 ;
    %jmp T_12;
    .thread T_12;
    .scope S_0x55f836e9dee0;
T_13 ;
    %wait E_0x55f836de7980;
    %pushi/vec4 0, 0, 1;
    %store/vec4 v0x55f836e9fd90_0, 0, 1;
    %pushi/vec4 0, 0, 16;
    %store/vec4 v0x55f836e9fcd0_0, 0, 16;
    %load/vec4 v0x55f836e9f790_0;
    %flag_set/vec4 8;
    %jmp/0xz  T_13.0, 8;
    %pushi/vec4 1, 0, 1;
    %store/vec4 v0x55f836e9fd90_0, 0, 1;
    %load/vec4 v0x55f836e9f6d0_0;
    %store/vec4 v0x55f836e9fcd0_0, 0, 16;
    %jmp T_13.1;
T_13.0 ;
    %pushi/vec4 1, 0, 1;
    %flag_set/vec4 9;
    %flag_get/vec4 9;
    %jmp/0 T_13.4, 9;
    %load/vec4 v0x55f836e9f9f0_0;
    %and;
T_13.4;
    %flag_set/vec4 8;
    %jmp/0xz  T_13.2, 8;
    %pushi/vec4 1, 0, 1;
    %store/vec4 v0x55f836e9fd90_0, 0, 1;
    %load/vec4 v0x55f836e9f830_0;
    %store/vec4 v0x55f836e9fcd0_0, 0, 16;
    %jmp T_13.3;
T_13.2 ;
    %pushi/vec4 1, 0, 1;
    %flag_set/vec4 9;
    %flag_get/vec4 9;
    %jmp/0 T_13.7, 9;
    %load/vec4 v0x55f836ea0010_0;
    %and;
T_13.7;
    %flag_set/vec4 8;
    %jmp/0xz  T_13.5, 8;
    %pushi/vec4 1, 0, 1;
    %store/vec4 v0x55f836e9fd90_0, 0, 1;
    %load/vec4 v0x55f836e9fe50_0;
    %store/vec4 v0x55f836e9fcd0_0, 0, 16;
    %jmp T_13.6;
T_13.5 ;
    %pushi/vec4 1, 0, 1;
    %flag_set/vec4 9;
    %flag_get/vec4 9;
    %jmp/0 T_13.10, 9;
    %load/vec4 v0x55f836ea06b0_0;
    %and;
T_13.10;
    %flag_set/vec4 8;
    %jmp/0xz  T_13.8, 8;
    %pushi/vec4 1, 0, 1;
    %store/vec4 v0x55f836e9fd90_0, 0, 1;
    %load/vec4 v0x55f836ea04f0_0;
    %store/vec4 v0x55f836e9fcd0_0, 0, 16;
    %jmp T_13.9;
T_13.8 ;
    %pushi/vec4 1, 0, 1;
    %flag_set/vec4 9;
    %flag_get/vec4 9;
    %jmp/0 T_13.13, 9;
    %load/vec4 v0x55f836e9f1a0_0;
    %and;
T_13.13;
    %flag_set/vec4 8;
    %jmp/0xz  T_13.11, 8;
    %pushi/vec4 1, 0, 1;
    %store/vec4 v0x55f836e9fd90_0, 0, 1;
    %load/vec4 v0x55f836e9f000_0;
    %store/vec4 v0x55f836e9fcd0_0, 0, 16;
T_13.11 ;
T_13.9 ;
T_13.6 ;
T_13.3 ;
T_13.1 ;
    %jmp T_13;
    .thread T_13, $push;
    .scope S_0x55f836e9dee0;
T_14 ;
    %wait E_0x55f836e51e90;
    %load/vec4 v0x55f836e9fb70_0;
    %flag_set/vec4 8;
    %jmp/0xz  T_14.0, 8;
    %pushi/vec4 0, 0, 1;
    %assign/vec4 v0x55f836e9fab0_0, 0;
    %pushi/vec4 0, 0, 1;
    %assign/vec4 v0x55f836ea00d0_0, 0;
    %pushi/vec4 0, 0, 1;
    %assign/vec4 v0x55f836ea0770_0, 0;
    %pushi/vec4 0, 0, 1;
    %assign/vec4 v0x55f836e9f260_0, 0;
    %pushi/vec4 0, 0, 1;
    %assign/vec4 v0x55f836ea0430_0, 0;
    %pushi/vec4 0, 0, 1;
    %assign/vec4 v0x55f836e9f610_0, 0;
    %pushi/vec4 0, 0, 10;
    %assign/vec4 v0x55f836e9f370_0, 0;
    %pushi/vec4 0, 0, 9;
    %assign/vec4 v0x55f836ea0190_0, 0;
    %jmp T_14.1;
T_14.0 ;
    %pushi/vec4 0, 0, 1;
    %assign/vec4 v0x55f836e9fab0_0, 0;
    %pushi/vec4 0, 0, 1;
    %assign/vec4 v0x55f836ea00d0_0, 0;
    %pushi/vec4 0, 0, 1;
    %assign/vec4 v0x55f836ea0770_0, 0;
    %pushi/vec4 0, 0, 1;
    %assign/vec4 v0x55f836e9f260_0, 0;
    %pushi/vec4 0, 0, 1;
    %assign/vec4 v0x55f836ea0430_0, 0;
    %pushi/vec4 0, 0, 1;
    %assign/vec4 v0x55f836e9f610_0, 0;
    %load/vec4 v0x55f836e9fc10_0;
    %dup/vec4;
    %pushi/vec4 1, 0, 4;
    %cmp/u;
    %jmp/1 T_14.2, 6;
    %dup/vec4;
    %pushi/vec4 2, 0, 4;
    %cmp/u;
    %jmp/1 T_14.3, 6;
    %dup/vec4;
    %pushi/vec4 3, 0, 4;
    %cmp/u;
    %jmp/1 T_14.4, 6;
    %jmp T_14.5;
T_14.2 ;
    %load/vec4 v0x55f836e9fd90_0;
    %flag_set/vec4 8;
    %jmp/0xz  T_14.6, 8;
    %pushi/vec4 1, 0, 1;
    %assign/vec4 v0x55f836ea0430_0, 0;
    %load/vec4 v0x55f836e9fcd0_0;
    %assign/vec4 v0x55f836ea0350_0, 0;
    %load/vec4 v0x55f836ea0190_0;
    %assign/vec4 v0x55f836ea0270_0, 0;
    %load/vec4 v0x55f836ea0190_0;
    %addi 1, 0, 9;
    %assign/vec4 v0x55f836ea0190_0, 0;
T_14.6 ;
    %jmp T_14.5;
T_14.3 ;
    %load/vec4 v0x55f836e9fd90_0;
    %flag_set/vec4 8;
    %jmp/0xz  T_14.8, 8;
    %pushi/vec4 3, 0, 32;
    %dup/vec4;
    %pushi/vec4 0, 0, 32;
    %cmp/u;
    %jmp/1 T_14.10, 6;
    %dup/vec4;
    %pushi/vec4 1, 0, 32;
    %cmp/u;
    %jmp/1 T_14.11, 6;
    %dup/vec4;
    %pushi/vec4 2, 0, 32;
    %cmp/u;
    %jmp/1 T_14.12, 6;
    %dup/vec4;
    %pushi/vec4 3, 0, 32;
    %cmp/u;
    %jmp/1 T_14.13, 6;
    %jmp T_14.14;
T_14.10 ;
    %pushi/vec4 1, 0, 1;
    %assign/vec4 v0x55f836e9fab0_0, 0;
    %load/vec4 v0x55f836e9fcd0_0;
    %assign/vec4 v0x55f836e9f910_0, 0;
    %jmp T_14.14;
T_14.11 ;
    %pushi/vec4 1, 0, 1;
    %assign/vec4 v0x55f836ea00d0_0, 0;
    %load/vec4 v0x55f836e9fcd0_0;
    %assign/vec4 v0x55f836e9ff30_0, 0;
    %jmp T_14.14;
T_14.12 ;
    %pushi/vec4 1, 0, 1;
    %assign/vec4 v0x55f836ea0770_0, 0;
    %load/vec4 v0x55f836e9fcd0_0;
    %assign/vec4 v0x55f836ea05d0_0, 0;
    %jmp T_14.14;
T_14.13 ;
    %pushi/vec4 1, 0, 1;
    %assign/vec4 v0x55f836e9f260_0, 0;
    %load/vec4 v0x55f836e9fcd0_0;
    %assign/vec4 v0x55f836e9f0e0_0, 0;
    %jmp T_14.14;
T_14.14 ;
    %pop/vec4 1;
T_14.8 ;
    %jmp T_14.5;
T_14.4 ;
    %load/vec4 v0x55f836e9fd90_0;
    %flag_set/vec4 8;
    %jmp/0xz  T_14.15, 8;
    %pushi/vec4 1, 0, 1;
    %assign/vec4 v0x55f836e9f610_0, 0;
    %load/vec4 v0x55f836e9fcd0_0;
    %assign/vec4 v0x55f836e9f530_0, 0;
    %load/vec4 v0x55f836e9f370_0;
    %assign/vec4 v0x55f836e9f450_0, 0;
    %load/vec4 v0x55f836e9f370_0;
    %addi 1, 0, 10;
    %assign/vec4 v0x55f836e9f370_0, 0;
T_14.15 ;
    %jmp T_14.5;
T_14.5 ;
    %pop/vec4 1;
T_14.1 ;
    %jmp T_14;
    .thread T_14;
    .scope S_0x55f836e9dee0;
T_15 ;
    %end;
    .thread T_15;
    .scope S_0x55f836e7edb0;
T_16 ;
    %delay 5000, 0;
    %load/vec4 v0x55f836ea5a50_0;
    %inv;
    %store/vec4 v0x55f836ea5a50_0, 0, 1;
    %jmp T_16;
    .thread T_16;
    .scope S_0x55f836e7edb0;
T_17 ;
    %wait E_0x55f836e51e90;
    %load/vec4 v0x55f836ea6110_0;
    %flag_set/vec4 8;
    %jmp/0xz  T_17.0, 8;
    %pushi/vec4 0, 0, 16;
    %assign/vec4 v0x55f836ea5bd0_0, 0;
    %pushi/vec4 0, 0, 16;
    %assign/vec4 v0x55f836ea6510_0, 0;
    %jmp T_17.1;
T_17.0 ;
    %load/vec4 v0x55f836ea5cc0_0;
    %flag_set/vec4 8;
    %jmp/0 T_17.2, 8;
    %load/vec4 v0x55f836ea5b10_0;
    %pad/u 16;
    %addi 1, 0, 16;
    %jmp/1 T_17.3, 8;
T_17.2 ; End of true expr.
    %pushi/vec4 0, 0, 16;
    %jmp/0 T_17.3, 8;
 ; End of false expr.
    %blend;
T_17.3;
    %assign/vec4 v0x55f836ea5bd0_0, 0;
    %load/vec4 v0x55f836ea65d0_0;
    %flag_set/vec4 8;
    %jmp/0 T_17.4, 8;
    %pushi/vec4 1, 0, 16;
    %jmp/1 T_17.5, 8;
T_17.4 ; End of true expr.
    %pushi/vec4 0, 0, 16;
    %jmp/0 T_17.5, 8;
 ; End of false expr.
    %blend;
T_17.5;
    %assign/vec4 v0x55f836ea6510_0, 0;
T_17.1 ;
    %jmp T_17;
    .thread T_17;
    .scope S_0x55f836e7edb0;
T_18 ;
    %vpi_call/w 7 74 "$dumpfile", "router_cluster_wpsum_tb.vcd" {0 0 0};
    %vpi_call/w 7 75 "$dumpvars", 32'sb00000000000000000000000000000000, S_0x55f836e7edb0 {0 0 0};
    %pushi/vec4 0, 0, 1;
    %store/vec4 v0x55f836ea5a50_0, 0, 1;
    %pushi/vec4 1, 0, 1;
    %store/vec4 v0x55f836ea6110_0, 0, 1;
    %pushi/vec4 0, 0, 4;
    %store/vec4 v0x55f836ea61b0_0, 0, 4;
    %pushi/vec4 3, 0, 32;
T_18.0 %dup/vec4;
    %pushi/vec4 0, 0, 32;
    %cmp/s;
    %jmp/1xz T_18.1, 5;
    %jmp/1 T_18.1, 4;
    %pushi/vec4 1, 0, 32;
    %sub;
    %wait E_0x55f836e51e90;
    %jmp T_18.0;
T_18.1 ;
    %pop/vec4 1;
    %pushi/vec4 0, 0, 1;
    %store/vec4 v0x55f836ea6110_0, 0, 1;
    %wait E_0x55f836e51e90;
    %pushi/vec4 1, 0, 4;
    %store/vec4 v0x55f836ea61b0_0, 0, 4;
    %pushi/vec4 12, 0, 64;
T_18.2 %dup/vec4;
    %pushi/vec4 0, 0, 64;
    %cmp/s;
    %jmp/1xz T_18.3, 5;
    %jmp/1 T_18.3, 4;
    %pushi/vec4 1, 0, 64;
    %sub;
    %wait E_0x55f836e51e90;
    %jmp T_18.2;
T_18.3 ;
    %pop/vec4 1;
    %pushi/vec4 2, 0, 4;
    %store/vec4 v0x55f836ea61b0_0, 0, 4;
    %pushi/vec4 12, 0, 64;
T_18.4 %dup/vec4;
    %pushi/vec4 0, 0, 64;
    %cmp/s;
    %jmp/1xz T_18.5, 5;
    %jmp/1 T_18.5, 4;
    %pushi/vec4 1, 0, 64;
    %sub;
    %wait E_0x55f836e51e90;
    %jmp T_18.4;
T_18.5 ;
    %pop/vec4 1;
    %wait E_0x55f836e51e90;
    %pushi/vec4 3, 0, 4;
    %store/vec4 v0x55f836ea61b0_0, 0, 4;
    %pushi/vec4 0, 0, 32;
    %store/vec4 v0x55f836ea6370_0, 0, 32;
T_18.6 ;
    %load/vec4 v0x55f836ea6020_0;
    %nor/r;
    %flag_set/vec4 8;
    %jmp/0xz T_18.7, 8;
    %wait E_0x55f836e51e90;
    ; show_stmt_assign_vector: Get l-value for compressed += operand
    %load/vec4 v0x55f836ea6370_0;
    %pushi/vec4 1, 0, 32;
    %add;
    %store/vec4 v0x55f836ea6370_0, 0, 32;
    %load/vec4 v0x55f836ea6370_0;
    %cmpi/s 100, 0, 32;
    %flag_or 5, 4; GT is !LE
    %flag_inv 5;
    %jmp/0xz  T_18.8, 5;
    %vpi_call/w 7 104 "$fatal", 32'sb00000000000000000000000000000001, "[TIMEOUT] psum_glb_en never asserted" {0 0 0};
T_18.8 ;
    %jmp T_18.6;
T_18.7 ;
    %vpi_call/w 7 107 "$display", "[TB] PSUM = %0d", v0x55f836ea5f10_0 {0 0 0};
    %load/vec4 v0x55f836ea5f10_0;
    %pad/u 32;
    %cmpi/ne 45, 0, 32;
    %jmp/0xz  T_18.10, 6;
    %vpi_call/w 7 110 "$fatal", 32'sb00000000000000000000000000000001, "[FAIL] Expected PSUM = 45" {0 0 0};
T_18.10 ;
    %vpi_call/w 7 112 "$display", "\342\234\205 router_cluster_wpsum TB PASSED" {0 0 0};
    %vpi_call/w 7 113 "$finish" {0 0 0};
    %end;
    .thread T_18;
# The file index is used to find the file name in the following table.
:file_names 13;
    "N/A";
    "<interactive>";
    "-";
    "MAC.v";
    "PE_new.v";
    "SPad.v";
    "mux2.v";
    "router_cluster_tb_2w.v";
    "router_cluster.v";
    "router_iact_generic.v";
    "PE_cluster_new.v";
    "router_psum_generic.v";
    "router_wght_generic.v";
