#! /usr/bin/vvp
:ivl_version "12.0 (stable)" "(v12_0-dirty)";
:ivl_delay_selection "TYPICAL";
:vpi_time_precision - 12;
:vpi_module "/usr/lib/ivl/system.vpi";
:vpi_module "/usr/lib/ivl/vhdl_sys.vpi";
:vpi_module "/usr/lib/ivl/vhdl_textio.vpi";
:vpi_module "/usr/lib/ivl/v2005_math.vpi";
:vpi_module "/usr/lib/ivl/va_math.vpi";
S_0x55dac7aa16e0 .scope module, "router_wpsum_tb" "router_wpsum_tb" 2 3;
 .timescale -9 -12;
P_0x55dac7a16000 .param/l "ADDR_GLB" 1 2 9, +C4<00000000000000000000000000001010>;
P_0x55dac7a16040 .param/l "ADDR_SPAD" 1 2 10, +C4<00000000000000000000000000001001>;
P_0x55dac7a16080 .param/l "A_LOAD_ADDR" 1 2 18, +C4<00000000000000000000000000000000>;
P_0x55dac7a160c0 .param/l "A_READ_ADDR" 1 2 17, +C4<00000000000000000000000001100100>;
P_0x55dac7a16100 .param/l "DATA_W" 1 2 8, +C4<00000000000000000000000000010000>;
P_0x55dac7a16140 .param/l "MODE_ALL" 1 2 26, C4<0000>;
P_0x55dac7a16180 .param/l "MODE_CLOSED" 1 2 27, C4<1011>;
P_0x55dac7a161c0 .param/l "PSUM_LOAD_ADDR" 1 2 22, +C4<00000000000000000000000000000000>;
P_0x55dac7a16200 .param/l "PSUM_READ_ADDR" 1 2 21, +C4<00000000000000000000000000000000>;
P_0x55dac7a16240 .param/l "TOTAL_PS" 1 2 24, +C4<00000000000000000000000000000101>;
P_0x55dac7a16280 .param/l "W_LOAD_ADDR" 1 2 20, +C4<00000000000000000000000000000000>;
P_0x55dac7a162c0 .param/l "W_READ_ADDR" 1 2 19, +C4<00000000000000000000000000000000>;
P_0x55dac7a16300 .param/l "X_dim" 1 2 12, +C4<00000000000000000000000000000101>;
P_0x55dac7a16340 .param/l "Y_dim" 1 2 13, +C4<00000000000000000000000000000011>;
P_0x55dac7a16380 .param/l "act_size" 1 2 15, +C4<00000000000000000000000000000101>;
P_0x55dac7a163c0 .param/l "kernel_size" 1 2 14, +C4<00000000000000000000000000000011>;
v0x55dac7ae2770_0 .var "clk", 0 0;
v0x55dac7ae2830_0 .var "east_data_i_iact", 15 0;
v0x55dac7ae2940_0 .var "east_data_i_psum", 79 0;
v0x55dac7ae2a30_0 .var "east_data_i_wght", 15 0;
v0x55dac7ae2b40_0 .net "east_data_o_iact", 15 0, v0x55dac7ad44d0_0;  1 drivers
v0x55dac7ae2ca0_0 .net "east_data_o_psum", 79 0, v0x55dac7ad8db0_0;  1 drivers
v0x55dac7ae2db0_0 .net "east_data_o_wght", 15 0, v0x55dac7addd90_0;  1 drivers
v0x55dac7ae2ec0_0 .var "east_enable_i_iact", 0 0;
v0x55dac7ae2fb0_0 .var "east_enable_i_psum", 0 0;
v0x55dac7ae3050_0 .var "east_enable_i_wght", 0 0;
v0x55dac7ae3140_0 .net "east_enable_o_iact", 0 0, v0x55dac7ad4650_0;  1 drivers
v0x55dac7ae3230_0 .net "east_enable_o_wght", 0 0, v0x55dac7addfc0_0;  1 drivers
v0x55dac7ae3320 .array "exp_vals", 4 0, 15 0;
v0x55dac7ae33e0_0 .var "expected_word", 15 0;
v0x55dac7ae34c0_0 .var/i "i", 31 0;
v0x55dac7ae35a0_0 .var/i "idx", 31 0;
v0x55dac7ae3680_0 .var "north_data_i_iact", 15 0;
v0x55dac7ae3790_0 .var "north_data_i_psum", 79 0;
v0x55dac7ae38a0_0 .var "north_data_i_wght", 15 0;
v0x55dac7ae39b0_0 .net "north_data_o_iact", 15 0, v0x55dac7ad4c90_0;  1 drivers
v0x55dac7ae3ac0_0 .net "north_data_o_wght", 15 0, v0x55dac7ade4e0_0;  1 drivers
v0x55dac7ae3bd0_0 .var "north_enable_i_iact", 0 0;
v0x55dac7ae3cc0_0 .var "north_enable_i_psum", 0 0;
v0x55dac7ae3db0_0 .var "north_enable_i_wght", 0 0;
v0x55dac7ae3ea0_0 .net "north_enable_o_iact", 0 0, v0x55dac7ad4e30_0;  1 drivers
v0x55dac7ae3f90_0 .net "north_enable_o_wght", 0 0, v0x55dac7ade680_0;  1 drivers
v0x55dac7ae4080_0 .var "reset", 0 0;
v0x55dac7ae4120_0 .var "router_mode_iact", 3 0;
v0x55dac7ae4230_0 .var "router_mode_psum", 3 0;
v0x55dac7ae4340_0 .var "router_mode_wght", 3 0;
v0x55dac7ae4450_0 .var "south_data_i_iact", 15 0;
v0x55dac7ae4560_0 .var "south_data_i_wght", 15 0;
v0x55dac7ae4670_0 .net "south_data_o_iact", 15 0, v0x55dac7ad5160_0;  1 drivers
v0x55dac7ae4990_0 .net "south_data_o_psum", 79 0, v0x55dac7ad9e70_0;  1 drivers
v0x55dac7ae4aa0_0 .net "south_data_o_wght", 15 0, v0x55dac7ade9a0_0;  1 drivers
v0x55dac7ae4bb0_0 .var "south_enable_i_iact", 0 0;
v0x55dac7ae4ca0_0 .var "south_enable_i_wght", 0 0;
v0x55dac7ae4d90_0 .net "south_enable_o_iact", 0 0, v0x55dac7ad5300_0;  1 drivers
v0x55dac7ae4e80_0 .net "south_enable_o_psum", 0 0, v0x55dac7ada010_0;  1 drivers
v0x55dac7ae4f70_0 .net "south_enable_o_wght", 0 0, v0x55dac7adeb40_0;  1 drivers
v0x55dac7ae5060_0 .net "west0_addr_read_iact", 9 0, v0x55dac7aaf7e0_0;  1 drivers
v0x55dac7ae5120_0 .net "west0_addr_read_wght", 9 0, v0x55dac7add100_0;  1 drivers
v0x55dac7ae51e0_0 .net "west0_req_read_iact", 0 0, v0x55dac7aae600_0;  1 drivers
v0x55dac7ae5280_0 .net "west0_req_read_wght", 0 0, v0x55dac7add2c0_0;  1 drivers
v0x55dac7ae5320_0 .var "west_data_i_iact", 15 0;
v0x55dac7ae5430_0 .var "west_data_i_psum", 79 0;
v0x55dac7ae5540_0 .var "west_data_i_wght", 15 0;
v0x55dac7ae5650_0 .net "west_data_o_iact", 15 0, v0x55dac7ad5620_0;  1 drivers
v0x55dac7ae5760_0 .net "west_data_o_wght", 15 0, v0x55dac7adee80_0;  1 drivers
v0x55dac7ae5870_0 .var "west_enable_i_iact", 0 0;
v0x55dac7ae5960_0 .var "west_enable_i_psum", 0 0;
v0x55dac7ae5a50_0 .var "west_enable_i_wght", 0 0;
v0x55dac7ae5b40_0 .net "west_enable_o_iact", 0 0, v0x55dac7ad57c0_0;  1 drivers
v0x55dac7ae5c30_0 .net "west_enable_o_wght", 0 0, v0x55dac7adf020_0;  1 drivers
v0x55dac7ae5d20_0 .net "west_psum_addr_o", 9 0, L_0x55dac7ae68c0;  1 drivers
v0x55dac7ae5e30_0 .net "west_psum_data_o", 15 0, L_0x55dac7ae6700;  1 drivers
v0x55dac7ae5f40_0 .net "west_psum_en_o", 0 0, L_0x55dac7ae67c0;  1 drivers
v0x55dac7ae6030_0 .var "wide_psums", 79 0;
S_0x55dac7abe550 .scope module, "dut" "router_cluster_wpsum_generic" 2 147, 3 3 0, S_0x55dac7aa16e0;
 .timescale -9 -12;
    .port_info 0 /INPUT 1 "clk";
    .port_info 1 /INPUT 1 "reset";
    .port_info 2 /OUTPUT 10 "west0_addr_read_iact";
    .port_info 3 /OUTPUT 1 "west0_req_read_iact";
    .port_info 4 /INPUT 4 "router_mode_iact";
    .port_info 5 /INPUT 16 "north_data_i_iact";
    .port_info 6 /INPUT 1 "north_enable_i_iact";
    .port_info 7 /INPUT 16 "south_data_i_iact";
    .port_info 8 /INPUT 1 "south_enable_i_iact";
    .port_info 9 /INPUT 16 "west_data_i_iact";
    .port_info 10 /INPUT 1 "west_enable_i_iact";
    .port_info 11 /INPUT 16 "east_data_i_iact";
    .port_info 12 /INPUT 1 "east_enable_i_iact";
    .port_info 13 /OUTPUT 16 "north_data_o_iact";
    .port_info 14 /OUTPUT 1 "north_enable_o_iact";
    .port_info 15 /OUTPUT 16 "south_data_o_iact";
    .port_info 16 /OUTPUT 1 "south_enable_o_iact";
    .port_info 17 /OUTPUT 16 "west_data_o_iact";
    .port_info 18 /OUTPUT 1 "west_enable_o_iact";
    .port_info 19 /OUTPUT 16 "east_data_o_iact";
    .port_info 20 /OUTPUT 1 "east_enable_o_iact";
    .port_info 21 /OUTPUT 10 "west0_addr_read_wght";
    .port_info 22 /OUTPUT 1 "west0_req_read_wght";
    .port_info 23 /INPUT 4 "router_mode_wght";
    .port_info 24 /INPUT 16 "north_data_i_wght";
    .port_info 25 /INPUT 1 "north_enable_i_wght";
    .port_info 26 /INPUT 16 "south_data_i_wght";
    .port_info 27 /INPUT 1 "south_enable_i_wght";
    .port_info 28 /INPUT 16 "west_data_i_wght";
    .port_info 29 /INPUT 1 "west_enable_i_wght";
    .port_info 30 /INPUT 16 "east_data_i_wght";
    .port_info 31 /INPUT 1 "east_enable_i_wght";
    .port_info 32 /OUTPUT 16 "north_data_o_wght";
    .port_info 33 /OUTPUT 1 "north_enable_o_wght";
    .port_info 34 /OUTPUT 16 "south_data_o_wght";
    .port_info 35 /OUTPUT 1 "south_enable_o_wght";
    .port_info 36 /OUTPUT 16 "west_data_o_wght";
    .port_info 37 /OUTPUT 1 "west_enable_o_wght";
    .port_info 38 /OUTPUT 16 "east_data_o_wght";
    .port_info 39 /OUTPUT 1 "east_enable_o_wght";
    .port_info 40 /INPUT 4 "router_mode_psum";
    .port_info 41 /INPUT 80 "north_data_i_psum";
    .port_info 42 /INPUT 1 "north_enable_i_psum";
    .port_info 43 /OUTPUT 80 "south_data_o_psum";
    .port_info 44 /OUTPUT 1 "south_enable_o_psum";
    .port_info 45 /INPUT 80 "west_data_i_psum";
    .port_info 46 /INPUT 1 "west_enable_i_psum";
    .port_info 47 /OUTPUT 16 "west_psum_data_o";
    .port_info 48 /OUTPUT 1 "west_psum_en_o";
    .port_info 49 /OUTPUT 10 "west_psum_addr_o";
    .port_info 50 /INPUT 80 "east_data_i_psum";
    .port_info 51 /INPUT 1 "east_enable_i_psum";
    .port_info 52 /OUTPUT 80 "east_data_o_psum";
P_0x55dac7a39730 .param/l "ADDR_BITWIDTH_GLB" 0 3 6, +C4<00000000000000000000000000001010>;
P_0x55dac7a39770 .param/l "ADDR_BITWIDTH_SPAD" 0 3 7, +C4<00000000000000000000000000001001>;
P_0x55dac7a397b0 .param/l "A_LOAD_ADDR" 0 3 15, +C4<00000000000000000000000000000000>;
P_0x55dac7a397f0 .param/l "A_READ_ADDR" 0 3 14, +C4<00000000000000000000000001100100>;
P_0x55dac7a39830 .param/l "DATA_BITWIDTH" 0 3 5, +C4<00000000000000000000000000010000>;
P_0x55dac7a39870 .param/l "PSUM_LOAD_ADDR" 0 3 21, +C4<00000000000000000000000000000000>;
P_0x55dac7a398b0 .param/l "PSUM_READ_ADDR" 0 3 20, +C4<00000000000000000000000000000000>;
P_0x55dac7a398f0 .param/l "W_LOAD_ADDR" 0 3 18, +C4<00000000000000000000000000000000>;
P_0x55dac7a39930 .param/l "W_READ_ADDR" 0 3 17, +C4<00000000000000000000000000000000>;
P_0x55dac7a39970 .param/l "X_dim" 0 3 9, +C4<00000000000000000000000000000101>;
P_0x55dac7a399b0 .param/l "Y_dim" 0 3 10, +C4<00000000000000000000000000000011>;
P_0x55dac7a399f0 .param/l "act_size" 0 3 12, +C4<00000000000000000000000000000101>;
P_0x55dac7a39a30 .param/l "kernel_size" 0 3 11, +C4<00000000000000000000000000000011>;
v0x55dac7adf750_0 .net "clk", 0 0, v0x55dac7ae2770_0;  1 drivers
v0x55dac7adf810_0 .net "east_data_i_iact", 15 0, v0x55dac7ae2830_0;  1 drivers
v0x55dac7adf900_0 .net "east_data_i_psum", 79 0, v0x55dac7ae2940_0;  1 drivers
v0x55dac7adfa00_0 .net "east_data_i_wght", 15 0, v0x55dac7ae2a30_0;  1 drivers
v0x55dac7adfad0_0 .net "east_data_o_iact", 15 0, v0x55dac7ad44d0_0;  alias, 1 drivers
v0x55dac7adfb70_0 .net "east_data_o_psum", 79 0, v0x55dac7ad8db0_0;  alias, 1 drivers
v0x55dac7adfc40_0 .net "east_data_o_wght", 15 0, v0x55dac7addd90_0;  alias, 1 drivers
v0x55dac7adfd10_0 .net "east_enable_i_iact", 0 0, v0x55dac7ae2ec0_0;  1 drivers
v0x55dac7adfde0_0 .net "east_enable_i_psum", 0 0, v0x55dac7ae2fb0_0;  1 drivers
v0x55dac7adfeb0_0 .net "east_enable_i_wght", 0 0, v0x55dac7ae3050_0;  1 drivers
v0x55dac7adff80_0 .net "east_enable_o_iact", 0 0, v0x55dac7ad4650_0;  alias, 1 drivers
v0x55dac7ae0050_0 .net "east_enable_o_wght", 0 0, v0x55dac7addfc0_0;  alias, 1 drivers
v0x55dac7ae0120_0 .net "north_data_i_iact", 15 0, v0x55dac7ae3680_0;  1 drivers
v0x55dac7ae01f0_0 .net "north_data_i_psum", 79 0, v0x55dac7ae3790_0;  1 drivers
v0x55dac7ae02c0_0 .net "north_data_i_wght", 15 0, v0x55dac7ae38a0_0;  1 drivers
v0x55dac7ae0390_0 .net "north_data_o_iact", 15 0, v0x55dac7ad4c90_0;  alias, 1 drivers
v0x55dac7ae0460_0 .net "north_data_o_wght", 15 0, v0x55dac7ade4e0_0;  alias, 1 drivers
v0x55dac7ae0530_0 .net "north_enable_i_iact", 0 0, v0x55dac7ae3bd0_0;  1 drivers
v0x55dac7ae0600_0 .net "north_enable_i_psum", 0 0, v0x55dac7ae3cc0_0;  1 drivers
v0x55dac7ae06d0_0 .net "north_enable_i_wght", 0 0, v0x55dac7ae3db0_0;  1 drivers
v0x55dac7ae07a0_0 .net "north_enable_o_iact", 0 0, v0x55dac7ad4e30_0;  alias, 1 drivers
v0x55dac7ae0870_0 .net "north_enable_o_wght", 0 0, v0x55dac7ade680_0;  alias, 1 drivers
v0x55dac7ae0940_0 .net "reset", 0 0, v0x55dac7ae4080_0;  1 drivers
v0x55dac7ae09e0_0 .net "router_mode_iact", 3 0, v0x55dac7ae4120_0;  1 drivers
v0x55dac7ae0ab0_0 .net "router_mode_psum", 3 0, v0x55dac7ae4230_0;  1 drivers
v0x55dac7ae0b80_0 .net "router_mode_wght", 3 0, v0x55dac7ae4340_0;  1 drivers
v0x55dac7ae0c50_0 .net "south_data_i_iact", 15 0, v0x55dac7ae4450_0;  1 drivers
v0x55dac7ae0d20_0 .net "south_data_i_wght", 15 0, v0x55dac7ae4560_0;  1 drivers
v0x55dac7ae0df0_0 .net "south_data_o_iact", 15 0, v0x55dac7ad5160_0;  alias, 1 drivers
v0x55dac7ae0ec0_0 .net "south_data_o_psum", 79 0, v0x55dac7ad9e70_0;  alias, 1 drivers
v0x55dac7ae0f90_0 .net "south_data_o_wght", 15 0, v0x55dac7ade9a0_0;  alias, 1 drivers
v0x55dac7ae1060_0 .net "south_enable_i_iact", 0 0, v0x55dac7ae4bb0_0;  1 drivers
v0x55dac7ae1130_0 .net "south_enable_i_wght", 0 0, v0x55dac7ae4ca0_0;  1 drivers
v0x55dac7ae1410_0 .net "south_enable_o_iact", 0 0, v0x55dac7ad5300_0;  alias, 1 drivers
v0x55dac7ae14e0_0 .net "south_enable_o_psum", 0 0, v0x55dac7ada010_0;  alias, 1 drivers
v0x55dac7ae15b0_0 .net "south_enable_o_wght", 0 0, v0x55dac7adeb40_0;  alias, 1 drivers
v0x55dac7ae1680_0 .net "west0_addr_read_iact", 9 0, v0x55dac7aaf7e0_0;  alias, 1 drivers
v0x55dac7ae1720_0 .net "west0_addr_read_wght", 9 0, v0x55dac7add100_0;  alias, 1 drivers
v0x55dac7ae17c0_0 .net "west0_req_read_iact", 0 0, v0x55dac7aae600_0;  alias, 1 drivers
v0x55dac7ae18b0_0 .net "west0_req_read_wght", 0 0, v0x55dac7add2c0_0;  alias, 1 drivers
v0x55dac7ae19a0_0 .net "west_data_i_iact", 15 0, v0x55dac7ae5320_0;  1 drivers
v0x55dac7ae1a40_0 .net "west_data_i_psum", 79 0, v0x55dac7ae5430_0;  1 drivers
v0x55dac7ae1ae0_0 .net "west_data_i_wght", 15 0, v0x55dac7ae5540_0;  1 drivers
v0x55dac7ae1b80_0 .net "west_data_o_iact", 15 0, v0x55dac7ad5620_0;  alias, 1 drivers
v0x55dac7ae1c20_0 .net "west_data_o_wght", 15 0, v0x55dac7adee80_0;  alias, 1 drivers
v0x55dac7ae1cf0_0 .net "west_enable_i_iact", 0 0, v0x55dac7ae5870_0;  1 drivers
v0x55dac7ae1dc0_0 .net "west_enable_i_psum", 0 0, v0x55dac7ae5960_0;  1 drivers
v0x55dac7ae1e90_0 .net "west_enable_i_wght", 0 0, v0x55dac7ae5a50_0;  1 drivers
v0x55dac7ae1f60_0 .net "west_enable_o_iact", 0 0, v0x55dac7ad57c0_0;  alias, 1 drivers
v0x55dac7ae2030_0 .net "west_enable_o_wght", 0 0, v0x55dac7adf020_0;  alias, 1 drivers
v0x55dac7ae2100_0 .net "west_psum_addr_o", 9 0, L_0x55dac7ae68c0;  alias, 1 drivers
v0x55dac7ae21d0_0 .net "west_psum_data_o", 15 0, L_0x55dac7ae6700;  alias, 1 drivers
v0x55dac7ae22a0_0 .net "west_psum_en_o", 0 0, L_0x55dac7ae67c0;  alias, 1 drivers
S_0x55dac7a5f470 .scope module, "router_iact_west0" "router_generic_iact" 3 120, 4 3 0, S_0x55dac7abe550;
 .timescale -9 -12;
    .port_info 0 /INPUT 1 "clk";
    .port_info 1 /INPUT 1 "reset";
    .port_info 2 /INPUT 4 "router_mode";
    .port_info 3 /OUTPUT 10 "glb_addr_read";
    .port_info 4 /OUTPUT 1 "glb_req_read";
    .port_info 5 /INPUT 16 "north_data_i";
    .port_info 6 /INPUT 1 "north_enable_i";
    .port_info 7 /INPUT 16 "south_data_i";
    .port_info 8 /INPUT 1 "south_enable_i";
    .port_info 9 /INPUT 16 "west_data_i";
    .port_info 10 /INPUT 1 "west_enable_i";
    .port_info 11 /INPUT 16 "east_data_i";
    .port_info 12 /INPUT 1 "east_enable_i";
    .port_info 13 /OUTPUT 16 "north_data_o";
    .port_info 14 /OUTPUT 1 "north_enable_o";
    .port_info 15 /OUTPUT 16 "south_data_o";
    .port_info 16 /OUTPUT 1 "south_enable_o";
    .port_info 17 /OUTPUT 16 "west_data_o";
    .port_info 18 /OUTPUT 1 "west_enable_o";
    .port_info 19 /OUTPUT 16 "east_data_o";
    .port_info 20 /OUTPUT 1 "east_enable_o";
P_0x55dac7ac0490 .param/l "ADDR_BITWIDTH_GLB" 0 4 6, +C4<00000000000000000000000000001010>;
P_0x55dac7ac04d0 .param/l "ADDR_BITWIDTH_SPAD" 0 4 7, +C4<00000000000000000000000000001001>;
P_0x55dac7ac0510 .param/l "ALL" 1 4 148, +C4<00000000000000000000000000000000>;
P_0x55dac7ac0550 .param/l "A_LOAD_ADDR" 0 4 15, +C4<00000000000000000000000000000000>;
P_0x55dac7ac0590 .param/l "A_READ_ADDR" 0 4 14, +C4<00000000000000000000000001100100>;
P_0x55dac7ac05d0 .param/l "CLOSED" 1 4 159, +C4<00000000000000000000000000001011>;
P_0x55dac7ac0610 .param/str "COMPUTE_DIR" 0 4 19, "WEST";
P_0x55dac7ac0650 .param/l "DATA_BITWIDTH" 0 4 5, +C4<00000000000000000000000000010000>;
P_0x55dac7ac0690 .param/l "EAST" 1 4 152, +C4<00000000000000000000000000000100>;
P_0x55dac7ac06d0 .param/l "EASTNORTH" 1 4 153, +C4<00000000000000000000000000000101>;
P_0x55dac7ac0710 .param/l "EASTSOUTH" 1 4 154, +C4<00000000000000000000000000000110>;
P_0x55dac7ac0750 .param/l "EASTWEST" 1 4 155, +C4<00000000000000000000000000000111>;
P_0x55dac7ac0790 .param/l "NORTH" 1 4 149, +C4<00000000000000000000000000000001>;
P_0x55dac7ac07d0 .param/l "SOUTH" 1 4 150, +C4<00000000000000000000000000000010>;
P_0x55dac7ac0810 .param/l "WEST" 1 4 151, +C4<00000000000000000000000000000011>;
P_0x55dac7ac0850 .param/l "WESTEAST" 1 4 158, +C4<00000000000000000000000000001010>;
P_0x55dac7ac0890 .param/l "WESTNORTH" 1 4 156, +C4<00000000000000000000000000001000>;
P_0x55dac7ac08d0 .param/l "WESTSOUTH" 1 4 157, +C4<00000000000000000000000000001001>;
P_0x55dac7ac0910 .param/l "X_dim" 0 4 9, +C4<00000000000000000000000000000101>;
P_0x55dac7ac0950 .param/l "Y_dim" 0 4 10, +C4<00000000000000000000000000000011>;
P_0x55dac7ac0990 .param/l "act_size" 0 4 12, +C4<00000000000000000000000000000101>;
P_0x55dac7ac09d0 .param/l "kernel_size" 0 4 11, +C4<00000000000000000000000000000011>;
L_0x55dac7aba910 .functor NOT 1, v0x55dac7ad4a70_0, C4<0>, C4<0>, C4<0>;
L_0x55dac7abb370 .functor AND 1, v0x55dac7ad49d0_0, L_0x55dac7aba910, C4<1>, C4<1>;
v0x55dac7ad41d0_0 .net *"_ivl_0", 0 0, L_0x55dac7aba910;  1 drivers
v0x55dac7ad42d0_0 .net "clk", 0 0, v0x55dac7ae2770_0;  alias, 1 drivers
v0x55dac7ad4390_0 .var "data_out", 15 0;
v0x55dac7ad4430_0 .net "east_data_i", 15 0, v0x55dac7ae2830_0;  alias, 1 drivers
v0x55dac7ad44d0_0 .var "east_data_o", 15 0;
v0x55dac7ad4590_0 .net "east_enable_i", 0 0, v0x55dac7ae2ec0_0;  alias, 1 drivers
v0x55dac7ad4650_0 .var "east_enable_o", 0 0;
v0x55dac7ad4710_0 .net "glb_addr_read", 9 0, v0x55dac7aaf7e0_0;  alias, 1 drivers
v0x55dac7ad47d0_0 .net "glb_req_read", 0 0, v0x55dac7aae600_0;  alias, 1 drivers
v0x55dac7ad4900_0 .net "load_spad_ctrl", 0 0, L_0x55dac7abb370;  1 drivers
v0x55dac7ad49d0_0 .var "load_spad_ctrl_0", 0 0;
v0x55dac7ad4a70_0 .var "load_spad_ctrl_1", 0 0;
v0x55dac7ad4b10_0 .var "load_spad_ctrl_c", 0 0;
v0x55dac7ad4bb0_0 .net "north_data_i", 15 0, v0x55dac7ae3680_0;  alias, 1 drivers
v0x55dac7ad4c90_0 .var "north_data_o", 15 0;
v0x55dac7ad4d70_0 .net "north_enable_i", 0 0, v0x55dac7ae3bd0_0;  alias, 1 drivers
v0x55dac7ad4e30_0 .var "north_enable_o", 0 0;
v0x55dac7ad4ef0_0 .net "reset", 0 0, v0x55dac7ae4080_0;  alias, 1 drivers
v0x55dac7ad4fc0_0 .net "router_mode", 3 0, v0x55dac7ae4120_0;  alias, 1 drivers
v0x55dac7ad5080_0 .net "south_data_i", 15 0, v0x55dac7ae4450_0;  alias, 1 drivers
v0x55dac7ad5160_0 .var "south_data_o", 15 0;
v0x55dac7ad5240_0 .net "south_enable_i", 0 0, v0x55dac7ae4bb0_0;  alias, 1 drivers
v0x55dac7ad5300_0 .var "south_enable_o", 0 0;
v0x55dac7ad53c0_0 .net "spad_data_o", 15 0, v0x55dac7ad3ff0_0;  1 drivers
v0x55dac7ad54b0_0 .net "spad_en_o", 0 0, v0x55dac7aa4030_0;  1 drivers
v0x55dac7ad5580_0 .net "west_data_i", 15 0, v0x55dac7ae5320_0;  alias, 1 drivers
v0x55dac7ad5620_0 .var "west_data_o", 15 0;
v0x55dac7ad5700_0 .net "west_enable_i", 0 0, v0x55dac7ae5870_0;  alias, 1 drivers
v0x55dac7ad57c0_0 .var "west_enable_o", 0 0;
E_0x55dac7a06bf0 .event anyedge, v0x55dac7ad4fc0_0, v0x55dac7ad3ff0_0, v0x55dac7aa4030_0, v0x55dac7aae560_0;
E_0x55dac7a06450 .event posedge, v0x55dac7abbcd0_0;
E_0x55dac7a06700/0 .event anyedge, v0x55dac7ad4d70_0, v0x55dac7ad4bb0_0, v0x55dac7ad5240_0, v0x55dac7ad5080_0;
E_0x55dac7a06700/1 .event anyedge, v0x55dac7ad5700_0, v0x55dac7ad5580_0, v0x55dac7ad4590_0, v0x55dac7ad4430_0;
E_0x55dac7a06700 .event/or E_0x55dac7a06700/0, E_0x55dac7a06700/1;
S_0x55dac7a0ced0 .scope module, "router_iact_0" "router_iact" 4 128, 5 3 0, S_0x55dac7a5f470;
 .timescale -9 -12;
    .port_info 0 /INPUT 1 "clk";
    .port_info 1 /INPUT 1 "reset";
    .port_info 2 /INPUT 16 "r_data_glb_iact";
    .port_info 3 /OUTPUT 10 "r_addr_glb_iact";
    .port_info 4 /OUTPUT 1 "read_req_glb_iact";
    .port_info 5 /OUTPUT 16 "w_data_spad";
    .port_info 6 /OUTPUT 1 "load_en_spad";
    .port_info 7 /INPUT 1 "load_spad_ctrl";
P_0x55dac7a2ec50 .param/l "ADDR_BITWIDTH_GLB" 0 5 5, +C4<00000000000000000000000000001010>;
P_0x55dac7a2ec90 .param/l "ADDR_BITWIDTH_SPAD" 0 5 6, +C4<00000000000000000000000000001001>;
P_0x55dac7a2ecd0 .param/l "A_LOAD_ADDR" 0 5 14, +C4<00000000000000000000000000000000>;
P_0x55dac7a2ed10 .param/l "A_READ_ADDR" 0 5 13, +C4<00000000000000000000000001100100>;
P_0x55dac7a2ed50 .param/l "DATA_BITWIDTH" 0 5 4, +C4<00000000000000000000000000010000>;
P_0x55dac7a2ed90 .param/l "IDLE" 1 5 35, C4<000>;
P_0x55dac7a2edd0 .param/l "READ_GLB" 1 5 36, C4<001>;
P_0x55dac7a2ee10 .param/l "TOTAL_ELEMS" 1 5 40, +C4<00000000000000000000000000011001>;
P_0x55dac7a2ee50 .param/l "WRITE_SPAD" 1 5 37, C4<010>;
P_0x55dac7a2ee90 .param/l "X_dim" 0 5 8, +C4<00000000000000000000000000000101>;
P_0x55dac7a2eed0 .param/l "Y_dim" 0 5 9, +C4<00000000000000000000000000000011>;
P_0x55dac7a2ef10 .param/l "act_size" 0 5 11, +C4<00000000000000000000000000000101>;
P_0x55dac7a2ef50 .param/l "kernel_size" 0 5 10, +C4<00000000000000000000000000000011>;
v0x55dac7abbcd0_0 .net "clk", 0 0, v0x55dac7ae2770_0;  alias, 1 drivers
v0x55dac7aa6780_0 .var "filt_count", 5 0;
v0x55dac7aa4030_0 .var "load_en_spad", 0 0;
v0x55dac7aa40d0_0 .net "load_spad_ctrl", 0 0, L_0x55dac7abb370;  alias, 1 drivers
v0x55dac7aaf7e0_0 .var "r_addr_glb_iact", 9 0;
v0x55dac7aae560_0 .net "r_data_glb_iact", 15 0, v0x55dac7ad4390_0;  1 drivers
v0x55dac7aae600_0 .var "read_req_glb_iact", 0 0;
v0x55dac7ad3e50_0 .net "reset", 0 0, v0x55dac7ae4080_0;  alias, 1 drivers
v0x55dac7ad3f10_0 .var "state", 2 0;
v0x55dac7ad3ff0_0 .var "w_data_spad", 15 0;
E_0x55dac79ca580 .event posedge, v0x55dac7ad3e50_0, v0x55dac7abbcd0_0;
S_0x55dac7ad5bd0 .scope module, "router_psum_west0" "router_generic_psum" 3 196, 6 3 0, S_0x55dac7abe550;
 .timescale -9 -12;
    .port_info 0 /INPUT 1 "clk";
    .port_info 1 /INPUT 1 "reset";
    .port_info 2 /INPUT 4 "router_mode";
    .port_info 3 /INPUT 80 "north_data_i";
    .port_info 4 /INPUT 1 "north_enable_i";
    .port_info 5 /INPUT 80 "south_data_i";
    .port_info 6 /INPUT 1 "south_enable_i";
    .port_info 7 /INPUT 80 "west_data_i";
    .port_info 8 /INPUT 1 "west_enable_i";
    .port_info 9 /INPUT 80 "east_data_i";
    .port_info 10 /INPUT 1 "east_enable_i";
    .port_info 11 /OUTPUT 80 "north_data_o";
    .port_info 12 /OUTPUT 1 "north_enable_o";
    .port_info 13 /OUTPUT 80 "south_data_o";
    .port_info 14 /OUTPUT 1 "south_enable_o";
    .port_info 15 /OUTPUT 80 "east_data_o";
    .port_info 16 /OUTPUT 1 "east_enable_o";
    .port_info 17 /OUTPUT 80 "west_data_o_wide";
    .port_info 18 /OUTPUT 1 "west_enable_o_wide";
    .port_info 19 /OUTPUT 16 "psum_data_o";
    .port_info 20 /OUTPUT 1 "psum_enable_o";
    .port_info 21 /OUTPUT 10 "psum_write_addr";
P_0x55dac7ad5d80 .param/l "ADDR_BITWIDTH_GLB" 0 6 6, +C4<00000000000000000000000000001010>;
P_0x55dac7ad5dc0 .param/l "ADDR_BITWIDTH_SPAD" 0 6 7, +C4<00000000000000000000000000001001>;
P_0x55dac7ad5e00 .param/l "ALL" 1 6 156, +C4<00000000000000000000000000000000>;
P_0x55dac7ad5e40 .param/l "CLOSED" 1 6 167, +C4<00000000000000000000000000001011>;
P_0x55dac7ad5e80 .param/l "COMPUTE_DIR" 0 6 18, +C4<00000000000000000000000000000010>;
P_0x55dac7ad5ec0 .param/l "DATA_BITWIDTH" 0 6 5, +C4<00000000000000000000000000010000>;
P_0x55dac7ad5f00 .param/l "DIR_E" 1 6 65, +C4<00000000000000000000000000000011>;
P_0x55dac7ad5f40 .param/l "DIR_N" 1 6 62, +C4<00000000000000000000000000000000>;
P_0x55dac7ad5f80 .param/l "DIR_S" 1 6 63, +C4<00000000000000000000000000000001>;
P_0x55dac7ad5fc0 .param/l "DIR_W" 1 6 64, +C4<00000000000000000000000000000010>;
P_0x55dac7ad6000 .param/l "EAST" 1 6 160, +C4<00000000000000000000000000000100>;
P_0x55dac7ad6040 .param/l "EASTNORTH" 1 6 161, +C4<00000000000000000000000000000101>;
P_0x55dac7ad6080 .param/l "EASTSOUTH" 1 6 162, +C4<00000000000000000000000000000110>;
P_0x55dac7ad60c0 .param/l "EASTWEST" 1 6 163, +C4<00000000000000000000000000000111>;
P_0x55dac7ad6100 .param/l "NORTH" 1 6 157, +C4<00000000000000000000000000000001>;
P_0x55dac7ad6140 .param/l "PSUM_LOAD_ADDR" 0 6 15, +C4<00000000000000000000000000000000>;
P_0x55dac7ad6180 .param/l "PSUM_READ_ADDR" 0 6 14, +C4<00000000000000000000000000000000>;
P_0x55dac7ad61c0 .param/l "SOUTH" 1 6 158, +C4<00000000000000000000000000000010>;
P_0x55dac7ad6200 .param/l "WEST" 1 6 159, +C4<00000000000000000000000000000011>;
P_0x55dac7ad6240 .param/l "WESTEAST" 1 6 166, +C4<00000000000000000000000000001010>;
P_0x55dac7ad6280 .param/l "WESTNORTH" 1 6 164, +C4<00000000000000000000000000001000>;
P_0x55dac7ad62c0 .param/l "WESTSOUTH" 1 6 165, +C4<00000000000000000000000000001001>;
P_0x55dac7ad6300 .param/l "X_dim" 0 6 9, +C4<00000000000000000000000000000101>;
P_0x55dac7ad6340 .param/l "Y_dim" 0 6 10, +C4<00000000000000000000000000000011>;
P_0x55dac7ad6380 .param/l "act_size" 0 6 12, +C4<00000000000000000000000000000101>;
P_0x55dac7ad63c0 .param/l "kernel_size" 0 6 11, +C4<00000000000000000000000000000011>;
L_0x55dac7ae6450 .functor BUFZ 80, v0x55dac7ae5430_0, C4<00000000000000000000000000000000000000000000000000000000000000000000000000000000>, C4<00000000000000000000000000000000000000000000000000000000000000000000000000000000>, C4<00000000000000000000000000000000000000000000000000000000000000000000000000000000>;
L_0x55dac7ae6510 .functor BUFZ 1, v0x55dac7ae5960_0, C4<0>, C4<0>, C4<0>;
L_0x55dac7ae6580 .functor NOT 1, v0x55dac7ad9830_0, C4<0>, C4<0>, C4<0>;
L_0x55dac7ae65f0 .functor AND 1, v0x55dac7ad9770_0, L_0x55dac7ae6580, C4<1>, C4<1>;
L_0x55dac7ae6700 .functor BUFZ 16, v0x55dac7ad8630_0, C4<0000000000000000>, C4<0000000000000000>, C4<0000000000000000>;
L_0x55dac7ae67c0 .functor BUFZ 1, v0x55dac7ad8710_0, C4<0>, C4<0>, C4<0>;
L_0x55dac7ae68c0 .functor BUFZ 10, v0x55dac7ad8550_0, C4<0000000000>, C4<0000000000>, C4<0000000000>;
v0x55dac7ad89b0_0 .net *"_ivl_4", 0 0, L_0x55dac7ae6580;  1 drivers
v0x55dac7ad8ab0_0 .net "clk", 0 0, v0x55dac7ae2770_0;  alias, 1 drivers
v0x55dac7ad8b70_0 .var "data_out", 79 0;
v0x55dac7ad8c10_0 .var "data_out_valid", 0 0;
v0x55dac7ad8cd0_0 .net "east_data_i", 79 0, v0x55dac7ae2940_0;  alias, 1 drivers
v0x55dac7ad8db0_0 .var "east_data_o", 79 0;
v0x55dac7ad8e90_0 .net "east_enable_i", 0 0, v0x55dac7ae2fb0_0;  alias, 1 drivers
v0x55dac7ad8f50_0 .var "east_enable_o", 0 0;
v0x55dac7ad9010_0 .net "north_data_i", 79 0, v0x55dac7ae3790_0;  alias, 1 drivers
v0x55dac7ad9180_0 .var "north_data_o", 79 0;
v0x55dac7ad9260_0 .net "north_enable_i", 0 0, v0x55dac7ae3cc0_0;  alias, 1 drivers
v0x55dac7ad9320_0 .var "north_enable_o", 0 0;
v0x55dac7ad93e0_0 .net "psum_addr_int", 9 0, v0x55dac7ad8550_0;  1 drivers
v0x55dac7ad94a0_0 .net "psum_data_int", 15 0, v0x55dac7ad8630_0;  1 drivers
v0x55dac7ad9540_0 .net "psum_data_o", 15 0, L_0x55dac7ae6700;  alias, 1 drivers
v0x55dac7ad9600_0 .net "psum_en_int", 0 0, v0x55dac7ad8710_0;  1 drivers
v0x55dac7ad96d0_0 .net "psum_enable_o", 0 0, L_0x55dac7ae67c0;  alias, 1 drivers
v0x55dac7ad9770_0 .var "psum_ff0", 0 0;
v0x55dac7ad9830_0 .var "psum_ff1", 0 0;
v0x55dac7ad98f0_0 .net "psum_src_wide", 79 0, L_0x55dac7ae6450;  1 drivers
v0x55dac7ad99e0_0 .net "psum_trigger_level", 0 0, L_0x55dac7ae6510;  1 drivers
v0x55dac7ad9a80_0 .net "psum_trigger_pulse", 0 0, L_0x55dac7ae65f0;  1 drivers
v0x55dac7ad9b50_0 .net "psum_write_addr", 9 0, L_0x55dac7ae68c0;  alias, 1 drivers
v0x55dac7ad9c10_0 .net "reset", 0 0, v0x55dac7ae4080_0;  alias, 1 drivers
v0x55dac7ad9cb0_0 .net "router_mode", 3 0, v0x55dac7ae4230_0;  alias, 1 drivers
o0x7f9e34d201b8 .functor BUFZ 80, C4<zzzzzzzzzzzzzzzzzzzzzzzzzzzzzzzzzzzzzzzzzzzzzzzzzzzzzzzzzzzzzzzzzzzzzzzzzzzzzzzz>; HiZ drive
v0x55dac7ad9d90_0 .net "south_data_i", 79 0, o0x7f9e34d201b8;  0 drivers
v0x55dac7ad9e70_0 .var "south_data_o", 79 0;
o0x7f9e34d20218 .functor BUFZ 1, C4<z>; HiZ drive
v0x55dac7ad9f50_0 .net "south_enable_i", 0 0, o0x7f9e34d20218;  0 drivers
v0x55dac7ada010_0 .var "south_enable_o", 0 0;
v0x55dac7ada0d0_0 .net "west_data_i", 79 0, v0x55dac7ae5430_0;  alias, 1 drivers
v0x55dac7ada1b0_0 .var "west_data_o_wide", 79 0;
v0x55dac7ada290_0 .net "west_enable_i", 0 0, v0x55dac7ae5960_0;  alias, 1 drivers
v0x55dac7ada350_0 .var "west_enable_o_wide", 0 0;
E_0x55dac7abdb30 .event anyedge, v0x55dac7ad9cb0_0, v0x55dac7ad8b70_0, v0x55dac7ad8c10_0;
E_0x55dac7abdcd0/0 .event anyedge, v0x55dac7ad9260_0, v0x55dac7ad9010_0, v0x55dac7ad9f50_0, v0x55dac7ad9d90_0;
E_0x55dac7abdcd0/1 .event anyedge, v0x55dac7ada290_0, v0x55dac7ada0d0_0, v0x55dac7ad8e90_0, v0x55dac7ad8cd0_0;
E_0x55dac7abdcd0 .event/or E_0x55dac7abdcd0/0, E_0x55dac7abdcd0/1;
S_0x55dac7ad73a0 .scope module, "psum_fsm" "router_psum" 6 116, 7 3 0, S_0x55dac7ad5bd0;
 .timescale -9 -12;
    .port_info 0 /INPUT 1 "clk";
    .port_info 1 /INPUT 1 "reset";
    .port_info 2 /INPUT 80 "r_data_spad_psum";
    .port_info 3 /OUTPUT 10 "w_addr_glb_psum";
    .port_info 4 /OUTPUT 1 "write_en_glb_psum";
    .port_info 5 /OUTPUT 16 "w_data_glb_psum";
    .port_info 6 /INPUT 1 "write_psum_ctrl";
P_0x55dac7ad75a0 .param/l "ADDR_BITWIDTH_GLB" 0 7 5, +C4<00000000000000000000000000001010>;
P_0x55dac7ad75e0 .param/l "ADDR_BITWIDTH_SPAD" 0 7 6, +C4<00000000000000000000000000001001>;
P_0x55dac7ad7620 .param/l "DATA_BITWIDTH" 0 7 4, +C4<00000000000000000000000000010000>;
P_0x55dac7ad7660 .param/l "IDLE" 1 7 34, C4<000>;
P_0x55dac7ad76a0 .param/l "PSUM_LOAD_ADDR" 0 7 14, +C4<00000000000000000000000000000000>;
P_0x55dac7ad76e0 .param/l "PSUM_READ_ADDR" 0 7 13, +C4<00000000000000000000000000000000>;
P_0x55dac7ad7720 .param/l "READ_PSUM" 1 7 35, C4<001>;
P_0x55dac7ad7760 .param/l "WRITE_GLB" 1 7 36, C4<010>;
P_0x55dac7ad77a0 .param/l "X_dim" 0 7 8, +C4<00000000000000000000000000000101>;
P_0x55dac7ad77e0 .param/l "Y_dim" 0 7 9, +C4<00000000000000000000000000000011>;
P_0x55dac7ad7820 .param/l "act_size" 0 7 11, +C4<00000000000000000000000000000101>;
P_0x55dac7ad7860 .param/l "kernel_size" 0 7 10, +C4<00000000000000000000000000000011>;
v0x55dac7ad7ee0_0 .net "clk", 0 0, v0x55dac7ae2770_0;  alias, 1 drivers
v0x55dac7ad7fd0_0 .var "iter", 2 0;
v0x55dac7ad80b0_0 .var "pe_psum", 79 0;
v0x55dac7ad8170_0 .var "psum_count", 4 0;
v0x55dac7ad8250_0 .net "r_data_spad_psum", 79 0, L_0x55dac7ae6450;  alias, 1 drivers
v0x55dac7ad8380_0 .net "reset", 0 0, v0x55dac7ae4080_0;  alias, 1 drivers
v0x55dac7ad8470_0 .var "state", 2 0;
v0x55dac7ad8550_0 .var "w_addr_glb_psum", 9 0;
v0x55dac7ad8630_0 .var "w_data_glb_psum", 15 0;
v0x55dac7ad8710_0 .var "write_en_glb_psum", 0 0;
v0x55dac7ad87d0_0 .net "write_psum_ctrl", 0 0, L_0x55dac7ae65f0;  alias, 1 drivers
S_0x55dac7ada8e0 .scope module, "router_wght_west0" "router_generic_wght" 3 156, 8 3 0, S_0x55dac7abe550;
 .timescale -9 -12;
    .port_info 0 /INPUT 1 "clk";
    .port_info 1 /INPUT 1 "reset";
    .port_info 2 /INPUT 4 "router_mode";
    .port_info 3 /INPUT 16 "north_data_i";
    .port_info 4 /INPUT 1 "north_enable_i";
    .port_info 5 /INPUT 16 "south_data_i";
    .port_info 6 /INPUT 1 "south_enable_i";
    .port_info 7 /INPUT 16 "west_data_i";
    .port_info 8 /INPUT 1 "west_enable_i";
    .port_info 9 /INPUT 16 "east_data_i";
    .port_info 10 /INPUT 1 "east_enable_i";
    .port_info 11 /OUTPUT 16 "north_data_o";
    .port_info 12 /OUTPUT 1 "north_enable_o";
    .port_info 13 /OUTPUT 16 "south_data_o";
    .port_info 14 /OUTPUT 1 "south_enable_o";
    .port_info 15 /OUTPUT 16 "east_data_o";
    .port_info 16 /OUTPUT 1 "east_enable_o";
    .port_info 17 /OUTPUT 16 "west_data_o_routed";
    .port_info 18 /OUTPUT 1 "west_enable_o_routed";
    .port_info 19 /OUTPUT 16 "spad_wdata_o";
    .port_info 20 /OUTPUT 1 "spad_wenable_o";
    .port_info 21 /OUTPUT 10 "glb_addr_read_wght";
    .port_info 22 /OUTPUT 1 "glb_req_read_wght";
P_0x55dac7adaaa0 .param/l "ADDR_BITWIDTH_GLB" 0 8 6, +C4<00000000000000000000000000001010>;
P_0x55dac7adaae0 .param/l "ADDR_BITWIDTH_SPAD" 0 8 7, +C4<00000000000000000000000000001001>;
P_0x55dac7adab20 .param/l "ALL" 1 8 165, +C4<00000000000000000000000000000000>;
P_0x55dac7adab60 .param/l "CLOSED" 1 8 176, +C4<00000000000000000000000000001011>;
P_0x55dac7adaba0 .param/l "COMPUTE_DIR" 0 8 18, +C4<00000000000000000000000000000010>;
P_0x55dac7adabe0 .param/l "DATA_BITWIDTH" 0 8 5, +C4<00000000000000000000000000010000>;
P_0x55dac7adac20 .param/l "DIR_E" 1 8 67, +C4<00000000000000000000000000000011>;
P_0x55dac7adac60 .param/l "DIR_N" 1 8 64, +C4<00000000000000000000000000000000>;
P_0x55dac7adaca0 .param/l "DIR_S" 1 8 65, +C4<00000000000000000000000000000001>;
P_0x55dac7adace0 .param/l "DIR_W" 1 8 66, +C4<00000000000000000000000000000010>;
P_0x55dac7adad20 .param/l "EAST" 1 8 169, +C4<00000000000000000000000000000100>;
P_0x55dac7adad60 .param/l "EASTNORTH" 1 8 170, +C4<00000000000000000000000000000101>;
P_0x55dac7adada0 .param/l "EASTSOUTH" 1 8 171, +C4<00000000000000000000000000000110>;
P_0x55dac7adade0 .param/l "EASTWEST" 1 8 172, +C4<00000000000000000000000000000111>;
P_0x55dac7adae20 .param/l "NORTH" 1 8 166, +C4<00000000000000000000000000000001>;
P_0x55dac7adae60 .param/l "SOUTH" 1 8 167, +C4<00000000000000000000000000000010>;
P_0x55dac7adaea0 .param/l "WEST" 1 8 168, +C4<00000000000000000000000000000011>;
P_0x55dac7adaee0 .param/l "WESTEAST" 1 8 175, +C4<00000000000000000000000000001010>;
P_0x55dac7adaf20 .param/l "WESTNORTH" 1 8 173, +C4<00000000000000000000000000001000>;
P_0x55dac7adaf60 .param/l "WESTSOUTH" 1 8 174, +C4<00000000000000000000000000001001>;
P_0x55dac7adafa0 .param/l "W_LOAD_ADDR" 0 8 15, +C4<00000000000000000000000000000000>;
P_0x55dac7adafe0 .param/l "W_READ_ADDR" 0 8 14, +C4<00000000000000000000000000000000>;
P_0x55dac7adb020 .param/l "X_dim" 0 8 9, +C4<00000000000000000000000000000101>;
P_0x55dac7adb060 .param/l "Y_dim" 0 8 10, +C4<00000000000000000000000000000011>;
P_0x55dac7adb0a0 .param/l "act_size" 0 8 12, +C4<00000000000000000000000000000101>;
P_0x55dac7adb0e0 .param/l "kernel_size" 0 8 11, +C4<00000000000000000000000000000011>;
L_0x55dac7abbb70 .functor BUFZ 16, v0x55dac7ae5540_0, C4<0000000000000000>, C4<0000000000000000>, C4<0000000000000000>;
L_0x55dac7aa6660 .functor BUFZ 1, v0x55dac7ae5a50_0, C4<0>, C4<0>, C4<0>;
L_0x55dac7aa3f10 .functor NOT 1, v0x55dac7ade2b0_0, C4<0>, C4<0>, C4<0>;
L_0x55dac7aaf6c0 .functor AND 1, v0x55dac7ade210_0, L_0x55dac7aa3f10, C4<1>, C4<1>;
L_0x55dac7aae440 .functor BUFZ 16, v0x55dac7add620_0, C4<0000000000000000>, C4<0000000000000000>, C4<0000000000000000>;
L_0x55dac7ae6350 .functor BUFZ 1, v0x55dac7adcf70_0, C4<0>, C4<0>, C4<0>;
v0x55dac7add800_0 .net *"_ivl_4", 0 0, L_0x55dac7aa3f10;  1 drivers
v0x55dac7add900_0 .net "clk", 0 0, v0x55dac7ae2770_0;  alias, 1 drivers
v0x55dac7add9c0_0 .net "compute_data_i", 15 0, L_0x55dac7abbb70;  1 drivers
v0x55dac7adda90_0 .net "compute_en", 0 0, L_0x55dac7aa6660;  1 drivers
v0x55dac7addb30_0 .var "data_en_out", 0 0;
v0x55dac7addbd0_0 .var "data_out", 15 0;
v0x55dac7addcb0_0 .net "east_data_i", 15 0, v0x55dac7ae2a30_0;  alias, 1 drivers
v0x55dac7addd90_0 .var "east_data_o", 15 0;
v0x55dac7adde70_0 .net "east_enable_i", 0 0, v0x55dac7ae3050_0;  alias, 1 drivers
v0x55dac7addfc0_0 .var "east_enable_o", 0 0;
v0x55dac7ade080_0 .net "glb_addr_read_wght", 9 0, v0x55dac7add100_0;  alias, 1 drivers
v0x55dac7ade140_0 .net "glb_req_read_wght", 0 0, v0x55dac7add2c0_0;  alias, 1 drivers
v0x55dac7ade210_0 .var "load_ff0", 0 0;
v0x55dac7ade2b0_0 .var "load_ff1", 0 0;
v0x55dac7ade350_0 .net "load_spad_ctrl", 0 0, L_0x55dac7aaf6c0;  1 drivers
v0x55dac7ade420_0 .net "north_data_i", 15 0, v0x55dac7ae38a0_0;  alias, 1 drivers
v0x55dac7ade4e0_0 .var "north_data_o", 15 0;
v0x55dac7ade5c0_0 .net "north_enable_i", 0 0, v0x55dac7ae3db0_0;  alias, 1 drivers
v0x55dac7ade680_0 .var "north_enable_o", 0 0;
v0x55dac7ade740_0 .net "reset", 0 0, v0x55dac7ae4080_0;  alias, 1 drivers
v0x55dac7ade7e0_0 .net "router_mode", 3 0, v0x55dac7ae4340_0;  alias, 1 drivers
v0x55dac7ade8c0_0 .net "south_data_i", 15 0, v0x55dac7ae4560_0;  alias, 1 drivers
v0x55dac7ade9a0_0 .var "south_data_o", 15 0;
v0x55dac7adea80_0 .net "south_enable_i", 0 0, v0x55dac7ae4ca0_0;  alias, 1 drivers
v0x55dac7adeb40_0 .var "south_enable_o", 0 0;
v0x55dac7adec00_0 .net "spad_wdata_o", 15 0, L_0x55dac7aae440;  1 drivers
v0x55dac7adece0_0 .net "spad_wenable_o", 0 0, L_0x55dac7ae6350;  1 drivers
v0x55dac7adeda0_0 .net "west_data_i", 15 0, v0x55dac7ae5540_0;  alias, 1 drivers
v0x55dac7adee80_0 .var "west_data_o_routed", 15 0;
v0x55dac7adef60_0 .net "west_enable_i", 0 0, v0x55dac7ae5a50_0;  alias, 1 drivers
v0x55dac7adf020_0 .var "west_enable_o_routed", 0 0;
v0x55dac7adf0e0_0 .net "wght_spad_data", 15 0, v0x55dac7add620_0;  1 drivers
v0x55dac7adf1d0_0 .net "wght_spad_en", 0 0, v0x55dac7adcf70_0;  1 drivers
E_0x55dac7ad7ea0 .event anyedge, v0x55dac7ade7e0_0, v0x55dac7addbd0_0, v0x55dac7addb30_0;
E_0x55dac7adc080/0 .event anyedge, v0x55dac7ade5c0_0, v0x55dac7ade420_0, v0x55dac7adea80_0, v0x55dac7ade8c0_0;
E_0x55dac7adc080/1 .event anyedge, v0x55dac7adef60_0, v0x55dac7adeda0_0, v0x55dac7adde70_0, v0x55dac7addcb0_0;
E_0x55dac7adc080 .event/or E_0x55dac7adc080/0, E_0x55dac7adc080/1;
S_0x55dac7adc110 .scope module, "weight_loader" "router_weight" 8 144, 9 3 0, S_0x55dac7ada8e0;
 .timescale -9 -12;
    .port_info 0 /INPUT 1 "clk";
    .port_info 1 /INPUT 1 "reset";
    .port_info 2 /INPUT 16 "r_data_glb_wght";
    .port_info 3 /OUTPUT 10 "r_addr_glb_wght";
    .port_info 4 /OUTPUT 1 "read_req_glb_wght";
    .port_info 5 /OUTPUT 16 "w_data_spad";
    .port_info 6 /OUTPUT 1 "load_en_spad";
    .port_info 7 /INPUT 1 "load_spad_ctrl";
P_0x55dac7adc310 .param/l "ADDR_BITWIDTH_GLB" 0 9 5, +C4<00000000000000000000000000001010>;
P_0x55dac7adc350 .param/l "ADDR_BITWIDTH_SPAD" 0 9 6, +C4<00000000000000000000000000001001>;
P_0x55dac7adc390 .param/l "DATA_BITWIDTH" 0 9 4, +C4<00000000000000000000000000010000>;
P_0x55dac7adc3d0 .param/l "IDLE" 1 9 35, C4<000>;
P_0x55dac7adc410 .param/l "READ_GLB" 1 9 36, C4<001>;
P_0x55dac7adc450 .param/l "TOTAL_WEIGHTS" 1 9 40, +C4<00000000000000000000000000001001>;
P_0x55dac7adc490 .param/l "WRITE_SPAD" 1 9 37, C4<010>;
P_0x55dac7adc4d0 .param/l "W_LOAD_ADDR" 0 9 14, +C4<00000000000000000000000000000000>;
P_0x55dac7adc510 .param/l "W_READ_ADDR" 0 9 13, +C4<00000000000000000000000000000000>;
P_0x55dac7adc550 .param/l "X_dim" 0 9 8, +C4<00000000000000000000000000000101>;
P_0x55dac7adc590 .param/l "Y_dim" 0 9 9, +C4<00000000000000000000000000000011>;
P_0x55dac7adc5d0 .param/l "act_size" 0 9 11, +C4<00000000000000000000000000000101>;
P_0x55dac7adc610 .param/l "kernel_size" 0 9 10, +C4<00000000000000000000000000000011>;
v0x55dac7adcdf0_0 .net "clk", 0 0, v0x55dac7ae2770_0;  alias, 1 drivers
v0x55dac7adce90_0 .var "filt_count", 5 0;
v0x55dac7adcf70_0 .var "load_en_spad", 0 0;
v0x55dac7add040_0 .net "load_spad_ctrl", 0 0, L_0x55dac7aaf6c0;  alias, 1 drivers
v0x55dac7add100_0 .var "r_addr_glb_wght", 9 0;
v0x55dac7add1e0_0 .net "r_data_glb_wght", 15 0, L_0x55dac7abbb70;  alias, 1 drivers
v0x55dac7add2c0_0 .var "read_req_glb_wght", 0 0;
v0x55dac7add380_0 .net "reset", 0 0, v0x55dac7ae4080_0;  alias, 1 drivers
v0x55dac7add4b0_0 .var "state", 2 0;
v0x55dac7add620_0 .var "w_data_spad", 15 0;
    .scope S_0x55dac7a0ced0;
T_0 ;
    %wait E_0x55dac79ca580;
    %load/vec4 v0x55dac7ad3e50_0;
    %flag_set/vec4 8;
    %jmp/0xz  T_0.0, 8;
    %pushi/vec4 0, 0, 1;
    %assign/vec4 v0x55dac7aae600_0, 0;
    %pushi/vec4 0, 0, 10;
    %assign/vec4 v0x55dac7aaf7e0_0, 0;
    %pushi/vec4 0, 0, 1;
    %assign/vec4 v0x55dac7aa4030_0, 0;
    %pushi/vec4 0, 0, 16;
    %assign/vec4 v0x55dac7ad3ff0_0, 0;
    %pushi/vec4 0, 0, 6;
    %assign/vec4 v0x55dac7aa6780_0, 0;
    %pushi/vec4 0, 0, 3;
    %assign/vec4 v0x55dac7ad3f10_0, 0;
    %jmp T_0.1;
T_0.0 ;
    %pushi/vec4 0, 0, 1;
    %assign/vec4 v0x55dac7aa4030_0, 0;
    %load/vec4 v0x55dac7ad3f10_0;
    %dup/vec4;
    %pushi/vec4 0, 0, 3;
    %cmp/u;
    %jmp/1 T_0.2, 6;
    %dup/vec4;
    %pushi/vec4 1, 0, 3;
    %cmp/u;
    %jmp/1 T_0.3, 6;
    %dup/vec4;
    %pushi/vec4 2, 0, 3;
    %cmp/u;
    %jmp/1 T_0.4, 6;
    %pushi/vec4 0, 0, 3;
    %assign/vec4 v0x55dac7ad3f10_0, 0;
    %jmp T_0.6;
T_0.2 ;
    %pushi/vec4 0, 0, 1;
    %assign/vec4 v0x55dac7aae600_0, 0;
    %pushi/vec4 0, 0, 6;
    %assign/vec4 v0x55dac7aa6780_0, 0;
    %load/vec4 v0x55dac7aa40d0_0;
    %flag_set/vec4 8;
    %jmp/0xz  T_0.7, 8;
    %pushi/vec4 1, 0, 1;
    %assign/vec4 v0x55dac7aae600_0, 0;
    %pushi/vec4 100, 0, 10;
    %assign/vec4 v0x55dac7aaf7e0_0, 0;
    %pushi/vec4 1, 0, 3;
    %assign/vec4 v0x55dac7ad3f10_0, 0;
T_0.7 ;
    %jmp T_0.6;
T_0.3 ;
    %load/vec4 v0x55dac7aae560_0;
    %assign/vec4 v0x55dac7ad3ff0_0, 0;
    %pushi/vec4 2, 0, 3;
    %assign/vec4 v0x55dac7ad3f10_0, 0;
    %jmp T_0.6;
T_0.4 ;
    %pushi/vec4 1, 0, 1;
    %assign/vec4 v0x55dac7aa4030_0, 0;
    %load/vec4 v0x55dac7aa6780_0;
    %pad/u 32;
    %cmpi/e 24, 0, 32;
    %jmp/0xz  T_0.9, 4;
    %pushi/vec4 0, 0, 1;
    %assign/vec4 v0x55dac7aae600_0, 0;
    %pushi/vec4 0, 0, 6;
    %assign/vec4 v0x55dac7aa6780_0, 0;
    %pushi/vec4 0, 0, 3;
    %assign/vec4 v0x55dac7ad3f10_0, 0;
    %jmp T_0.10;
T_0.9 ;
    %load/vec4 v0x55dac7aa6780_0;
    %addi 1, 0, 6;
    %assign/vec4 v0x55dac7aa6780_0, 0;
    %load/vec4 v0x55dac7aaf7e0_0;
    %addi 1, 0, 10;
    %assign/vec4 v0x55dac7aaf7e0_0, 0;
    %pushi/vec4 1, 0, 3;
    %assign/vec4 v0x55dac7ad3f10_0, 0;
T_0.10 ;
    %jmp T_0.6;
T_0.6 ;
    %pop/vec4 1;
T_0.1 ;
    %jmp T_0;
    .thread T_0;
    .scope S_0x55dac7a5f470;
T_1 ;
    %wait E_0x55dac7a06700;
    %load/vec4 v0x55dac7ad4d70_0;
    %flag_set/vec4 8;
    %jmp/0xz  T_1.0, 8;
    %load/vec4 v0x55dac7ad4bb0_0;
    %store/vec4 v0x55dac7ad4390_0, 0, 16;
    %pushi/vec4 1, 0, 1;
    %store/vec4 v0x55dac7ad4b10_0, 0, 1;
    %jmp T_1.1;
T_1.0 ;
    %load/vec4 v0x55dac7ad5240_0;
    %flag_set/vec4 8;
    %jmp/0xz  T_1.2, 8;
    %load/vec4 v0x55dac7ad5080_0;
    %store/vec4 v0x55dac7ad4390_0, 0, 16;
    %pushi/vec4 1, 0, 1;
    %store/vec4 v0x55dac7ad4b10_0, 0, 1;
    %jmp T_1.3;
T_1.2 ;
    %load/vec4 v0x55dac7ad5700_0;
    %flag_set/vec4 8;
    %jmp/0xz  T_1.4, 8;
    %load/vec4 v0x55dac7ad5580_0;
    %store/vec4 v0x55dac7ad4390_0, 0, 16;
    %pushi/vec4 1, 0, 1;
    %store/vec4 v0x55dac7ad4b10_0, 0, 1;
    %jmp T_1.5;
T_1.4 ;
    %load/vec4 v0x55dac7ad4590_0;
    %flag_set/vec4 8;
    %jmp/0xz  T_1.6, 8;
    %load/vec4 v0x55dac7ad4430_0;
    %store/vec4 v0x55dac7ad4390_0, 0, 16;
    %pushi/vec4 1, 0, 1;
    %store/vec4 v0x55dac7ad4b10_0, 0, 1;
    %jmp T_1.7;
T_1.6 ;
    %pushi/vec4 0, 0, 16;
    %store/vec4 v0x55dac7ad4390_0, 0, 16;
    %pushi/vec4 0, 0, 1;
    %store/vec4 v0x55dac7ad4b10_0, 0, 1;
T_1.7 ;
T_1.5 ;
T_1.3 ;
T_1.1 ;
    %jmp T_1;
    .thread T_1, $push;
    .scope S_0x55dac7a5f470;
T_2 ;
    %wait E_0x55dac7a06450;
    %load/vec4 v0x55dac7ad4ef0_0;
    %flag_set/vec4 8;
    %jmp/0xz  T_2.0, 8;
    %pushi/vec4 0, 0, 1;
    %assign/vec4 v0x55dac7ad49d0_0, 0;
    %pushi/vec4 0, 0, 1;
    %assign/vec4 v0x55dac7ad4a70_0, 0;
    %jmp T_2.1;
T_2.0 ;
    %load/vec4 v0x55dac7ad4b10_0;
    %assign/vec4 v0x55dac7ad49d0_0, 0;
    %load/vec4 v0x55dac7ad49d0_0;
    %assign/vec4 v0x55dac7ad4a70_0, 0;
T_2.1 ;
    %jmp T_2;
    .thread T_2;
    .scope S_0x55dac7a5f470;
T_3 ;
    %wait E_0x55dac7a06bf0;
    %pushi/vec4 0, 0, 16;
    %store/vec4 v0x55dac7ad4c90_0, 0, 16;
    %pushi/vec4 0, 0, 16;
    %store/vec4 v0x55dac7ad5160_0, 0, 16;
    %pushi/vec4 0, 0, 16;
    %store/vec4 v0x55dac7ad5620_0, 0, 16;
    %pushi/vec4 0, 0, 16;
    %store/vec4 v0x55dac7ad44d0_0, 0, 16;
    %pushi/vec4 0, 0, 1;
    %store/vec4 v0x55dac7ad4e30_0, 0, 1;
    %pushi/vec4 0, 0, 1;
    %store/vec4 v0x55dac7ad5300_0, 0, 1;
    %pushi/vec4 0, 0, 1;
    %store/vec4 v0x55dac7ad57c0_0, 0, 1;
    %pushi/vec4 0, 0, 1;
    %store/vec4 v0x55dac7ad4650_0, 0, 1;
    %load/vec4 v0x55dac7ad4fc0_0;
    %pad/u 32;
    %cmpi/e 11, 0, 32;
    %jmp/0xz  T_3.0, 4;
    %pushi/vec4 1464161108, 0, 40;
    %dup/vec4;
    %pushi/vec4 1313821268, 0, 32; draw_string_vec4
    %pushi/vec4 72, 0, 8; draw_string_vec4
    %concat/vec4; draw_string_vec4
    %cmp/u;
    %jmp/1 T_3.2, 6;
    %dup/vec4;
    %pushi/vec4 1397708116, 0, 32; draw_string_vec4
    %pushi/vec4 72, 0, 8; draw_string_vec4
    %concat/vec4; draw_string_vec4
    %cmp/u;
    %jmp/1 T_3.3, 6;
    %dup/vec4;
    %pushi/vec4 5719379, 0, 32; draw_string_vec4
    %pushi/vec4 84, 0, 8; draw_string_vec4
    %concat/vec4; draw_string_vec4
    %cmp/u;
    %jmp/1 T_3.4, 6;
    %dup/vec4;
    %pushi/vec4 4538707, 0, 32; draw_string_vec4
    %pushi/vec4 84, 0, 8; draw_string_vec4
    %concat/vec4; draw_string_vec4
    %cmp/u;
    %jmp/1 T_3.5, 6;
    %jmp T_3.7;
T_3.2 ;
    %load/vec4 v0x55dac7ad53c0_0;
    %store/vec4 v0x55dac7ad4c90_0, 0, 16;
    %load/vec4 v0x55dac7ad54b0_0;
    %store/vec4 v0x55dac7ad4e30_0, 0, 1;
    %jmp T_3.7;
T_3.3 ;
    %load/vec4 v0x55dac7ad53c0_0;
    %store/vec4 v0x55dac7ad5160_0, 0, 16;
    %load/vec4 v0x55dac7ad54b0_0;
    %store/vec4 v0x55dac7ad5300_0, 0, 1;
    %jmp T_3.7;
T_3.4 ;
    %load/vec4 v0x55dac7ad53c0_0;
    %store/vec4 v0x55dac7ad5620_0, 0, 16;
    %load/vec4 v0x55dac7ad54b0_0;
    %store/vec4 v0x55dac7ad57c0_0, 0, 1;
    %jmp T_3.7;
T_3.5 ;
    %load/vec4 v0x55dac7ad53c0_0;
    %store/vec4 v0x55dac7ad44d0_0, 0, 16;
    %load/vec4 v0x55dac7ad54b0_0;
    %store/vec4 v0x55dac7ad4650_0, 0, 1;
    %jmp T_3.7;
T_3.7 ;
    %pop/vec4 1;
    %jmp T_3.1;
T_3.0 ;
    %load/vec4 v0x55dac7ad4fc0_0;
    %dup/vec4;
    %pushi/vec4 0, 0, 4;
    %cmp/u;
    %jmp/1 T_3.8, 6;
    %dup/vec4;
    %pushi/vec4 1, 0, 4;
    %cmp/u;
    %jmp/1 T_3.9, 6;
    %dup/vec4;
    %pushi/vec4 2, 0, 4;
    %cmp/u;
    %jmp/1 T_3.10, 6;
    %dup/vec4;
    %pushi/vec4 3, 0, 4;
    %cmp/u;
    %jmp/1 T_3.11, 6;
    %dup/vec4;
    %pushi/vec4 4, 0, 4;
    %cmp/u;
    %jmp/1 T_3.12, 6;
    %dup/vec4;
    %pushi/vec4 5, 0, 4;
    %cmp/u;
    %jmp/1 T_3.13, 6;
    %dup/vec4;
    %pushi/vec4 6, 0, 4;
    %cmp/u;
    %jmp/1 T_3.14, 6;
    %dup/vec4;
    %pushi/vec4 7, 0, 4;
    %cmp/u;
    %jmp/1 T_3.15, 6;
    %dup/vec4;
    %pushi/vec4 8, 0, 4;
    %cmp/u;
    %jmp/1 T_3.16, 6;
    %dup/vec4;
    %pushi/vec4 9, 0, 4;
    %cmp/u;
    %jmp/1 T_3.17, 6;
    %dup/vec4;
    %pushi/vec4 10, 0, 4;
    %cmp/u;
    %jmp/1 T_3.18, 6;
    %jmp T_3.20;
T_3.8 ;
    %load/vec4 v0x55dac7ad4390_0;
    %store/vec4 v0x55dac7ad4c90_0, 0, 16;
    %pushi/vec4 1, 0, 1;
    %store/vec4 v0x55dac7ad4e30_0, 0, 1;
    %load/vec4 v0x55dac7ad4390_0;
    %store/vec4 v0x55dac7ad5160_0, 0, 16;
    %pushi/vec4 1, 0, 1;
    %store/vec4 v0x55dac7ad5300_0, 0, 1;
    %load/vec4 v0x55dac7ad4390_0;
    %store/vec4 v0x55dac7ad44d0_0, 0, 16;
    %pushi/vec4 1, 0, 1;
    %store/vec4 v0x55dac7ad4650_0, 0, 1;
    %load/vec4 v0x55dac7ad4390_0;
    %store/vec4 v0x55dac7ad5620_0, 0, 16;
    %pushi/vec4 1, 0, 1;
    %store/vec4 v0x55dac7ad57c0_0, 0, 1;
    %jmp T_3.20;
T_3.9 ;
    %load/vec4 v0x55dac7ad4390_0;
    %store/vec4 v0x55dac7ad4c90_0, 0, 16;
    %pushi/vec4 1, 0, 1;
    %store/vec4 v0x55dac7ad4e30_0, 0, 1;
    %jmp T_3.20;
T_3.10 ;
    %load/vec4 v0x55dac7ad4390_0;
    %store/vec4 v0x55dac7ad5160_0, 0, 16;
    %pushi/vec4 1, 0, 1;
    %store/vec4 v0x55dac7ad5300_0, 0, 1;
    %jmp T_3.20;
T_3.11 ;
    %load/vec4 v0x55dac7ad4390_0;
    %store/vec4 v0x55dac7ad5620_0, 0, 16;
    %pushi/vec4 1, 0, 1;
    %store/vec4 v0x55dac7ad57c0_0, 0, 1;
    %jmp T_3.20;
T_3.12 ;
    %load/vec4 v0x55dac7ad4390_0;
    %store/vec4 v0x55dac7ad44d0_0, 0, 16;
    %pushi/vec4 1, 0, 1;
    %store/vec4 v0x55dac7ad4650_0, 0, 1;
    %jmp T_3.20;
T_3.13 ;
    %load/vec4 v0x55dac7ad4390_0;
    %store/vec4 v0x55dac7ad44d0_0, 0, 16;
    %pushi/vec4 1, 0, 1;
    %store/vec4 v0x55dac7ad4650_0, 0, 1;
    %load/vec4 v0x55dac7ad4390_0;
    %store/vec4 v0x55dac7ad4c90_0, 0, 16;
    %pushi/vec4 1, 0, 1;
    %store/vec4 v0x55dac7ad4e30_0, 0, 1;
    %jmp T_3.20;
T_3.14 ;
    %load/vec4 v0x55dac7ad4390_0;
    %store/vec4 v0x55dac7ad44d0_0, 0, 16;
    %pushi/vec4 1, 0, 1;
    %store/vec4 v0x55dac7ad4650_0, 0, 1;
    %load/vec4 v0x55dac7ad4390_0;
    %store/vec4 v0x55dac7ad5160_0, 0, 16;
    %pushi/vec4 1, 0, 1;
    %store/vec4 v0x55dac7ad5300_0, 0, 1;
    %jmp T_3.20;
T_3.15 ;
    %load/vec4 v0x55dac7ad4390_0;
    %store/vec4 v0x55dac7ad44d0_0, 0, 16;
    %pushi/vec4 1, 0, 1;
    %store/vec4 v0x55dac7ad4650_0, 0, 1;
    %load/vec4 v0x55dac7ad4390_0;
    %store/vec4 v0x55dac7ad5620_0, 0, 16;
    %pushi/vec4 1, 0, 1;
    %store/vec4 v0x55dac7ad57c0_0, 0, 1;
    %jmp T_3.20;
T_3.16 ;
    %load/vec4 v0x55dac7ad4390_0;
    %store/vec4 v0x55dac7ad5620_0, 0, 16;
    %pushi/vec4 1, 0, 1;
    %store/vec4 v0x55dac7ad57c0_0, 0, 1;
    %load/vec4 v0x55dac7ad4390_0;
    %store/vec4 v0x55dac7ad4c90_0, 0, 16;
    %pushi/vec4 1, 0, 1;
    %store/vec4 v0x55dac7ad4e30_0, 0, 1;
    %jmp T_3.20;
T_3.17 ;
    %load/vec4 v0x55dac7ad4390_0;
    %store/vec4 v0x55dac7ad5620_0, 0, 16;
    %pushi/vec4 1, 0, 1;
    %store/vec4 v0x55dac7ad57c0_0, 0, 1;
    %load/vec4 v0x55dac7ad4390_0;
    %store/vec4 v0x55dac7ad5160_0, 0, 16;
    %pushi/vec4 1, 0, 1;
    %store/vec4 v0x55dac7ad5300_0, 0, 1;
    %jmp T_3.20;
T_3.18 ;
    %load/vec4 v0x55dac7ad4390_0;
    %store/vec4 v0x55dac7ad5620_0, 0, 16;
    %pushi/vec4 1, 0, 1;
    %store/vec4 v0x55dac7ad57c0_0, 0, 1;
    %load/vec4 v0x55dac7ad4390_0;
    %store/vec4 v0x55dac7ad44d0_0, 0, 16;
    %pushi/vec4 1, 0, 1;
    %store/vec4 v0x55dac7ad4650_0, 0, 1;
    %jmp T_3.20;
T_3.20 ;
    %pop/vec4 1;
T_3.1 ;
    %jmp T_3;
    .thread T_3, $push;
    .scope S_0x55dac7adc110;
T_4 ;
    %wait E_0x55dac79ca580;
    %load/vec4 v0x55dac7add380_0;
    %flag_set/vec4 8;
    %jmp/0xz  T_4.0, 8;
    %pushi/vec4 0, 0, 1;
    %assign/vec4 v0x55dac7add2c0_0, 0;
    %pushi/vec4 0, 0, 10;
    %assign/vec4 v0x55dac7add100_0, 0;
    %pushi/vec4 0, 0, 1;
    %assign/vec4 v0x55dac7adcf70_0, 0;
    %pushi/vec4 0, 0, 16;
    %assign/vec4 v0x55dac7add620_0, 0;
    %pushi/vec4 0, 0, 6;
    %assign/vec4 v0x55dac7adce90_0, 0;
    %pushi/vec4 0, 0, 3;
    %assign/vec4 v0x55dac7add4b0_0, 0;
    %jmp T_4.1;
T_4.0 ;
    %pushi/vec4 0, 0, 1;
    %assign/vec4 v0x55dac7adcf70_0, 0;
    %load/vec4 v0x55dac7add4b0_0;
    %dup/vec4;
    %pushi/vec4 0, 0, 3;
    %cmp/u;
    %jmp/1 T_4.2, 6;
    %dup/vec4;
    %pushi/vec4 1, 0, 3;
    %cmp/u;
    %jmp/1 T_4.3, 6;
    %dup/vec4;
    %pushi/vec4 2, 0, 3;
    %cmp/u;
    %jmp/1 T_4.4, 6;
    %pushi/vec4 0, 0, 3;
    %assign/vec4 v0x55dac7add4b0_0, 0;
    %jmp T_4.6;
T_4.2 ;
    %pushi/vec4 0, 0, 1;
    %assign/vec4 v0x55dac7add2c0_0, 0;
    %pushi/vec4 0, 0, 6;
    %assign/vec4 v0x55dac7adce90_0, 0;
    %load/vec4 v0x55dac7add040_0;
    %flag_set/vec4 8;
    %jmp/0xz  T_4.7, 8;
    %pushi/vec4 1, 0, 1;
    %assign/vec4 v0x55dac7add2c0_0, 0;
    %pushi/vec4 0, 0, 10;
    %assign/vec4 v0x55dac7add100_0, 0;
    %pushi/vec4 1, 0, 3;
    %assign/vec4 v0x55dac7add4b0_0, 0;
T_4.7 ;
    %jmp T_4.6;
T_4.3 ;
    %load/vec4 v0x55dac7add1e0_0;
    %assign/vec4 v0x55dac7add620_0, 0;
    %pushi/vec4 2, 0, 3;
    %assign/vec4 v0x55dac7add4b0_0, 0;
    %jmp T_4.6;
T_4.4 ;
    %pushi/vec4 1, 0, 1;
    %assign/vec4 v0x55dac7adcf70_0, 0;
    %load/vec4 v0x55dac7adce90_0;
    %pad/u 32;
    %cmpi/e 8, 0, 32;
    %jmp/0xz  T_4.9, 4;
    %pushi/vec4 0, 0, 1;
    %assign/vec4 v0x55dac7add2c0_0, 0;
    %pushi/vec4 0, 0, 6;
    %assign/vec4 v0x55dac7adce90_0, 0;
    %pushi/vec4 0, 0, 3;
    %assign/vec4 v0x55dac7add4b0_0, 0;
    %jmp T_4.10;
T_4.9 ;
    %load/vec4 v0x55dac7adce90_0;
    %addi 1, 0, 6;
    %assign/vec4 v0x55dac7adce90_0, 0;
    %load/vec4 v0x55dac7add100_0;
    %addi 1, 0, 10;
    %assign/vec4 v0x55dac7add100_0, 0;
    %pushi/vec4 1, 0, 3;
    %assign/vec4 v0x55dac7add4b0_0, 0;
T_4.10 ;
    %jmp T_4.6;
T_4.6 ;
    %pop/vec4 1;
T_4.1 ;
    %jmp T_4;
    .thread T_4;
    .scope S_0x55dac7ada8e0;
T_5 ;
    %wait E_0x55dac7adc080;
    %load/vec4 v0x55dac7ade5c0_0;
    %flag_set/vec4 8;
    %jmp/0xz  T_5.0, 8;
    %load/vec4 v0x55dac7ade420_0;
    %store/vec4 v0x55dac7addbd0_0, 0, 16;
    %pushi/vec4 1, 0, 1;
    %store/vec4 v0x55dac7addb30_0, 0, 1;
    %jmp T_5.1;
T_5.0 ;
    %load/vec4 v0x55dac7adea80_0;
    %flag_set/vec4 8;
    %jmp/0xz  T_5.2, 8;
    %load/vec4 v0x55dac7ade8c0_0;
    %store/vec4 v0x55dac7addbd0_0, 0, 16;
    %pushi/vec4 1, 0, 1;
    %store/vec4 v0x55dac7addb30_0, 0, 1;
    %jmp T_5.3;
T_5.2 ;
    %load/vec4 v0x55dac7adef60_0;
    %flag_set/vec4 8;
    %jmp/0xz  T_5.4, 8;
    %load/vec4 v0x55dac7adeda0_0;
    %store/vec4 v0x55dac7addbd0_0, 0, 16;
    %pushi/vec4 1, 0, 1;
    %store/vec4 v0x55dac7addb30_0, 0, 1;
    %jmp T_5.5;
T_5.4 ;
    %load/vec4 v0x55dac7adde70_0;
    %flag_set/vec4 8;
    %jmp/0xz  T_5.6, 8;
    %load/vec4 v0x55dac7addcb0_0;
    %store/vec4 v0x55dac7addbd0_0, 0, 16;
    %pushi/vec4 1, 0, 1;
    %store/vec4 v0x55dac7addb30_0, 0, 1;
    %jmp T_5.7;
T_5.6 ;
    %pushi/vec4 0, 0, 16;
    %store/vec4 v0x55dac7addbd0_0, 0, 16;
    %pushi/vec4 0, 0, 1;
    %store/vec4 v0x55dac7addb30_0, 0, 1;
T_5.7 ;
T_5.5 ;
T_5.3 ;
T_5.1 ;
    %jmp T_5;
    .thread T_5, $push;
    .scope S_0x55dac7ada8e0;
T_6 ;
    %wait E_0x55dac7a06450;
    %load/vec4 v0x55dac7ade740_0;
    %flag_set/vec4 8;
    %jmp/0xz  T_6.0, 8;
    %pushi/vec4 0, 0, 1;
    %assign/vec4 v0x55dac7ade210_0, 0;
    %pushi/vec4 0, 0, 1;
    %assign/vec4 v0x55dac7ade2b0_0, 0;
    %jmp T_6.1;
T_6.0 ;
    %load/vec4 v0x55dac7adda90_0;
    %assign/vec4 v0x55dac7ade210_0, 0;
    %load/vec4 v0x55dac7ade210_0;
    %assign/vec4 v0x55dac7ade2b0_0, 0;
T_6.1 ;
    %jmp T_6;
    .thread T_6;
    .scope S_0x55dac7ada8e0;
T_7 ;
    %wait E_0x55dac7ad7ea0;
    %pushi/vec4 0, 0, 16;
    %store/vec4 v0x55dac7ade4e0_0, 0, 16;
    %pushi/vec4 0, 0, 1;
    %store/vec4 v0x55dac7ade680_0, 0, 1;
    %pushi/vec4 0, 0, 16;
    %store/vec4 v0x55dac7ade9a0_0, 0, 16;
    %pushi/vec4 0, 0, 1;
    %store/vec4 v0x55dac7adeb40_0, 0, 1;
    %pushi/vec4 0, 0, 16;
    %store/vec4 v0x55dac7addd90_0, 0, 16;
    %pushi/vec4 0, 0, 1;
    %store/vec4 v0x55dac7addfc0_0, 0, 1;
    %pushi/vec4 0, 0, 16;
    %store/vec4 v0x55dac7adee80_0, 0, 16;
    %pushi/vec4 0, 0, 1;
    %store/vec4 v0x55dac7adf020_0, 0, 1;
    %load/vec4 v0x55dac7ade7e0_0;
    %dup/vec4;
    %pushi/vec4 0, 0, 4;
    %cmp/u;
    %jmp/1 T_7.0, 6;
    %dup/vec4;
    %pushi/vec4 1, 0, 4;
    %cmp/u;
    %jmp/1 T_7.1, 6;
    %dup/vec4;
    %pushi/vec4 2, 0, 4;
    %cmp/u;
    %jmp/1 T_7.2, 6;
    %dup/vec4;
    %pushi/vec4 4, 0, 4;
    %cmp/u;
    %jmp/1 T_7.3, 6;
    %dup/vec4;
    %pushi/vec4 3, 0, 4;
    %cmp/u;
    %jmp/1 T_7.4, 6;
    %dup/vec4;
    %pushi/vec4 5, 0, 4;
    %cmp/u;
    %jmp/1 T_7.5, 6;
    %dup/vec4;
    %pushi/vec4 6, 0, 4;
    %cmp/u;
    %jmp/1 T_7.6, 6;
    %dup/vec4;
    %pushi/vec4 7, 0, 4;
    %cmp/u;
    %jmp/1 T_7.7, 6;
    %dup/vec4;
    %pushi/vec4 8, 0, 4;
    %cmp/u;
    %jmp/1 T_7.8, 6;
    %dup/vec4;
    %pushi/vec4 9, 0, 4;
    %cmp/u;
    %jmp/1 T_7.9, 6;
    %dup/vec4;
    %pushi/vec4 10, 0, 4;
    %cmp/u;
    %jmp/1 T_7.10, 6;
    %dup/vec4;
    %pushi/vec4 11, 0, 4;
    %cmp/u;
    %jmp/1 T_7.11, 6;
    %jmp T_7.12;
T_7.0 ;
    %load/vec4 v0x55dac7addbd0_0;
    %store/vec4 v0x55dac7ade4e0_0, 0, 16;
    %load/vec4 v0x55dac7addb30_0;
    %store/vec4 v0x55dac7ade680_0, 0, 1;
    %load/vec4 v0x55dac7addbd0_0;
    %store/vec4 v0x55dac7ade9a0_0, 0, 16;
    %load/vec4 v0x55dac7addb30_0;
    %store/vec4 v0x55dac7adeb40_0, 0, 1;
    %load/vec4 v0x55dac7addbd0_0;
    %store/vec4 v0x55dac7addd90_0, 0, 16;
    %load/vec4 v0x55dac7addb30_0;
    %store/vec4 v0x55dac7addfc0_0, 0, 1;
    %jmp T_7.12;
T_7.1 ;
    %load/vec4 v0x55dac7addbd0_0;
    %store/vec4 v0x55dac7ade4e0_0, 0, 16;
    %load/vec4 v0x55dac7addb30_0;
    %store/vec4 v0x55dac7ade680_0, 0, 1;
    %jmp T_7.12;
T_7.2 ;
    %load/vec4 v0x55dac7addbd0_0;
    %store/vec4 v0x55dac7ade9a0_0, 0, 16;
    %load/vec4 v0x55dac7addb30_0;
    %store/vec4 v0x55dac7adeb40_0, 0, 1;
    %jmp T_7.12;
T_7.3 ;
    %load/vec4 v0x55dac7addbd0_0;
    %store/vec4 v0x55dac7addd90_0, 0, 16;
    %load/vec4 v0x55dac7addb30_0;
    %store/vec4 v0x55dac7addfc0_0, 0, 1;
    %jmp T_7.12;
T_7.4 ;
    %jmp T_7.12;
T_7.5 ;
    %load/vec4 v0x55dac7addbd0_0;
    %store/vec4 v0x55dac7addd90_0, 0, 16;
    %load/vec4 v0x55dac7addb30_0;
    %store/vec4 v0x55dac7addfc0_0, 0, 1;
    %load/vec4 v0x55dac7addbd0_0;
    %store/vec4 v0x55dac7ade4e0_0, 0, 16;
    %load/vec4 v0x55dac7addb30_0;
    %store/vec4 v0x55dac7ade680_0, 0, 1;
    %jmp T_7.12;
T_7.6 ;
    %load/vec4 v0x55dac7addbd0_0;
    %store/vec4 v0x55dac7addd90_0, 0, 16;
    %load/vec4 v0x55dac7addb30_0;
    %store/vec4 v0x55dac7addfc0_0, 0, 1;
    %load/vec4 v0x55dac7addbd0_0;
    %store/vec4 v0x55dac7ade9a0_0, 0, 16;
    %load/vec4 v0x55dac7addb30_0;
    %store/vec4 v0x55dac7adeb40_0, 0, 1;
    %jmp T_7.12;
T_7.7 ;
    %load/vec4 v0x55dac7addbd0_0;
    %store/vec4 v0x55dac7addd90_0, 0, 16;
    %load/vec4 v0x55dac7addb30_0;
    %store/vec4 v0x55dac7addfc0_0, 0, 1;
    %jmp T_7.12;
T_7.8 ;
    %load/vec4 v0x55dac7addbd0_0;
    %store/vec4 v0x55dac7ade4e0_0, 0, 16;
    %load/vec4 v0x55dac7addb30_0;
    %store/vec4 v0x55dac7ade680_0, 0, 1;
    %jmp T_7.12;
T_7.9 ;
    %load/vec4 v0x55dac7addbd0_0;
    %store/vec4 v0x55dac7ade9a0_0, 0, 16;
    %load/vec4 v0x55dac7addb30_0;
    %store/vec4 v0x55dac7adeb40_0, 0, 1;
    %jmp T_7.12;
T_7.10 ;
    %load/vec4 v0x55dac7addbd0_0;
    %store/vec4 v0x55dac7addd90_0, 0, 16;
    %load/vec4 v0x55dac7addb30_0;
    %store/vec4 v0x55dac7addfc0_0, 0, 1;
    %jmp T_7.12;
T_7.11 ;
    %jmp T_7.12;
T_7.12 ;
    %pop/vec4 1;
    %jmp T_7;
    .thread T_7, $push;
    .scope S_0x55dac7ad73a0;
T_8 ;
    %wait E_0x55dac79ca580;
    %load/vec4 v0x55dac7ad8380_0;
    %flag_set/vec4 8;
    %jmp/0xz  T_8.0, 8;
    %pushi/vec4 0, 0, 10;
    %assign/vec4 v0x55dac7ad8550_0, 0;
    %pushi/vec4 0, 0, 16;
    %assign/vec4 v0x55dac7ad8630_0, 0;
    %pushi/vec4 0, 0, 1;
    %assign/vec4 v0x55dac7ad8710_0, 0;
    %pushi/vec4 0, 0, 5;
    %assign/vec4 v0x55dac7ad8170_0, 0;
    %pushi/vec4 0, 0, 80;
    %assign/vec4 v0x55dac7ad80b0_0, 0;
    %pushi/vec4 0, 0, 3;
    %assign/vec4 v0x55dac7ad7fd0_0, 0;
    %pushi/vec4 0, 0, 3;
    %assign/vec4 v0x55dac7ad8470_0, 0;
    %jmp T_8.1;
T_8.0 ;
    %pushi/vec4 0, 0, 1;
    %assign/vec4 v0x55dac7ad8710_0, 0;
    %load/vec4 v0x55dac7ad8470_0;
    %dup/vec4;
    %pushi/vec4 0, 0, 3;
    %cmp/u;
    %jmp/1 T_8.2, 6;
    %dup/vec4;
    %pushi/vec4 1, 0, 3;
    %cmp/u;
    %jmp/1 T_8.3, 6;
    %dup/vec4;
    %pushi/vec4 2, 0, 3;
    %cmp/u;
    %jmp/1 T_8.4, 6;
    %pushi/vec4 0, 0, 3;
    %assign/vec4 v0x55dac7ad8470_0, 0;
    %jmp T_8.6;
T_8.2 ;
    %pushi/vec4 0, 0, 5;
    %assign/vec4 v0x55dac7ad8170_0, 0;
    %pushi/vec4 0, 0, 10;
    %assign/vec4 v0x55dac7ad8550_0, 0;
    %load/vec4 v0x55dac7ad87d0_0;
    %flag_set/vec4 8;
    %jmp/0xz  T_8.7, 8;
    %pushi/vec4 1, 0, 3;
    %assign/vec4 v0x55dac7ad8470_0, 0;
T_8.7 ;
    %jmp T_8.6;
T_8.3 ;
    %load/vec4 v0x55dac7ad8250_0;
    %assign/vec4 v0x55dac7ad80b0_0, 0;
    %pushi/vec4 0, 0, 5;
    %assign/vec4 v0x55dac7ad8170_0, 0;
    %pushi/vec4 2, 0, 3;
    %assign/vec4 v0x55dac7ad8470_0, 0;
    %jmp T_8.6;
T_8.4 ;
    %pushi/vec4 1, 0, 1;
    %assign/vec4 v0x55dac7ad8710_0, 0;
    %load/vec4 v0x55dac7ad80b0_0;
    %load/vec4 v0x55dac7ad8170_0;
    %pad/u 32;
    %addi 1, 0, 32;
    %muli 16, 0, 32;
    %subi 1, 0, 32;
    %pad/u 34;
    %subi 15, 0, 34;
    %part/s 16;
    %assign/vec4 v0x55dac7ad8630_0, 0;
    %load/vec4 v0x55dac7ad8170_0;
    %pad/u 32;
    %cmpi/e 0, 0, 32;
    %jmp/0xz  T_8.9, 4;
    %pushi/vec4 0, 0, 32;
    %load/vec4 v0x55dac7ad7fd0_0;
    %pad/u 32;
    %muli 5, 0, 32;
    %add;
    %pad/u 10;
    %assign/vec4 v0x55dac7ad8550_0, 0;
    %jmp T_8.10;
T_8.9 ;
    %load/vec4 v0x55dac7ad8550_0;
    %addi 1, 0, 10;
    %assign/vec4 v0x55dac7ad8550_0, 0;
T_8.10 ;
    %load/vec4 v0x55dac7ad8170_0;
    %pad/u 32;
    %cmpi/e 4, 0, 32;
    %jmp/0xz  T_8.11, 4;
    %pushi/vec4 0, 0, 5;
    %assign/vec4 v0x55dac7ad8170_0, 0;
    %load/vec4 v0x55dac7ad7fd0_0;
    %addi 1, 0, 3;
    %assign/vec4 v0x55dac7ad7fd0_0, 0;
    %pushi/vec4 0, 0, 3;
    %assign/vec4 v0x55dac7ad8470_0, 0;
    %jmp T_8.12;
T_8.11 ;
    %load/vec4 v0x55dac7ad8170_0;
    %addi 1, 0, 5;
    %assign/vec4 v0x55dac7ad8170_0, 0;
T_8.12 ;
    %jmp T_8.6;
T_8.6 ;
    %pop/vec4 1;
T_8.1 ;
    %jmp T_8;
    .thread T_8;
    .scope S_0x55dac7ad5bd0;
T_9 ;
    %wait E_0x55dac7a06450;
    %load/vec4 v0x55dac7ad9c10_0;
    %flag_set/vec4 8;
    %jmp/0xz  T_9.0, 8;
    %pushi/vec4 0, 0, 1;
    %assign/vec4 v0x55dac7ad9770_0, 0;
    %pushi/vec4 0, 0, 1;
    %assign/vec4 v0x55dac7ad9830_0, 0;
    %jmp T_9.1;
T_9.0 ;
    %load/vec4 v0x55dac7ad99e0_0;
    %assign/vec4 v0x55dac7ad9770_0, 0;
    %load/vec4 v0x55dac7ad9770_0;
    %assign/vec4 v0x55dac7ad9830_0, 0;
T_9.1 ;
    %jmp T_9;
    .thread T_9;
    .scope S_0x55dac7ad5bd0;
T_10 ;
    %wait E_0x55dac7abdcd0;
    %load/vec4 v0x55dac7ad9260_0;
    %flag_set/vec4 8;
    %jmp/0xz  T_10.0, 8;
    %load/vec4 v0x55dac7ad9010_0;
    %store/vec4 v0x55dac7ad8b70_0, 0, 80;
    %pushi/vec4 1, 0, 1;
    %store/vec4 v0x55dac7ad8c10_0, 0, 1;
    %jmp T_10.1;
T_10.0 ;
    %load/vec4 v0x55dac7ad9f50_0;
    %flag_set/vec4 8;
    %jmp/0xz  T_10.2, 8;
    %load/vec4 v0x55dac7ad9d90_0;
    %store/vec4 v0x55dac7ad8b70_0, 0, 80;
    %pushi/vec4 1, 0, 1;
    %store/vec4 v0x55dac7ad8c10_0, 0, 1;
    %jmp T_10.3;
T_10.2 ;
    %load/vec4 v0x55dac7ada290_0;
    %flag_set/vec4 8;
    %jmp/0xz  T_10.4, 8;
    %load/vec4 v0x55dac7ada0d0_0;
    %store/vec4 v0x55dac7ad8b70_0, 0, 80;
    %pushi/vec4 1, 0, 1;
    %store/vec4 v0x55dac7ad8c10_0, 0, 1;
    %jmp T_10.5;
T_10.4 ;
    %load/vec4 v0x55dac7ad8e90_0;
    %flag_set/vec4 8;
    %jmp/0xz  T_10.6, 8;
    %load/vec4 v0x55dac7ad8cd0_0;
    %store/vec4 v0x55dac7ad8b70_0, 0, 80;
    %pushi/vec4 1, 0, 1;
    %store/vec4 v0x55dac7ad8c10_0, 0, 1;
    %jmp T_10.7;
T_10.6 ;
    %pushi/vec4 0, 0, 80;
    %store/vec4 v0x55dac7ad8b70_0, 0, 80;
    %pushi/vec4 0, 0, 1;
    %store/vec4 v0x55dac7ad8c10_0, 0, 1;
T_10.7 ;
T_10.5 ;
T_10.3 ;
T_10.1 ;
    %jmp T_10;
    .thread T_10, $push;
    .scope S_0x55dac7ad5bd0;
T_11 ;
    %wait E_0x55dac7abdb30;
    %pushi/vec4 0, 0, 80;
    %store/vec4 v0x55dac7ad9180_0, 0, 80;
    %pushi/vec4 0, 0, 1;
    %store/vec4 v0x55dac7ad9320_0, 0, 1;
    %pushi/vec4 0, 0, 80;
    %store/vec4 v0x55dac7ad9e70_0, 0, 80;
    %pushi/vec4 0, 0, 1;
    %store/vec4 v0x55dac7ada010_0, 0, 1;
    %pushi/vec4 0, 0, 80;
    %store/vec4 v0x55dac7ad8db0_0, 0, 80;
    %pushi/vec4 0, 0, 1;
    %store/vec4 v0x55dac7ad8f50_0, 0, 1;
    %pushi/vec4 0, 0, 80;
    %store/vec4 v0x55dac7ada1b0_0, 0, 80;
    %pushi/vec4 0, 0, 1;
    %store/vec4 v0x55dac7ada350_0, 0, 1;
    %load/vec4 v0x55dac7ad9cb0_0;
    %dup/vec4;
    %pushi/vec4 0, 0, 4;
    %cmp/u;
    %jmp/1 T_11.0, 6;
    %dup/vec4;
    %pushi/vec4 1, 0, 4;
    %cmp/u;
    %jmp/1 T_11.1, 6;
    %dup/vec4;
    %pushi/vec4 2, 0, 4;
    %cmp/u;
    %jmp/1 T_11.2, 6;
    %dup/vec4;
    %pushi/vec4 4, 0, 4;
    %cmp/u;
    %jmp/1 T_11.3, 6;
    %dup/vec4;
    %pushi/vec4 3, 0, 4;
    %cmp/u;
    %jmp/1 T_11.4, 6;
    %dup/vec4;
    %pushi/vec4 5, 0, 4;
    %cmp/u;
    %jmp/1 T_11.5, 6;
    %dup/vec4;
    %pushi/vec4 6, 0, 4;
    %cmp/u;
    %jmp/1 T_11.6, 6;
    %dup/vec4;
    %pushi/vec4 7, 0, 4;
    %cmp/u;
    %jmp/1 T_11.7, 6;
    %dup/vec4;
    %pushi/vec4 8, 0, 4;
    %cmp/u;
    %jmp/1 T_11.8, 6;
    %dup/vec4;
    %pushi/vec4 9, 0, 4;
    %cmp/u;
    %jmp/1 T_11.9, 6;
    %dup/vec4;
    %pushi/vec4 10, 0, 4;
    %cmp/u;
    %jmp/1 T_11.10, 6;
    %dup/vec4;
    %pushi/vec4 11, 0, 4;
    %cmp/u;
    %jmp/1 T_11.11, 6;
    %jmp T_11.12;
T_11.0 ;
    %load/vec4 v0x55dac7ad8b70_0;
    %store/vec4 v0x55dac7ad9180_0, 0, 80;
    %load/vec4 v0x55dac7ad8c10_0;
    %store/vec4 v0x55dac7ad9320_0, 0, 1;
    %load/vec4 v0x55dac7ad8b70_0;
    %store/vec4 v0x55dac7ad9e70_0, 0, 80;
    %load/vec4 v0x55dac7ad8c10_0;
    %store/vec4 v0x55dac7ada010_0, 0, 1;
    %load/vec4 v0x55dac7ad8b70_0;
    %store/vec4 v0x55dac7ad8db0_0, 0, 80;
    %load/vec4 v0x55dac7ad8c10_0;
    %store/vec4 v0x55dac7ad8f50_0, 0, 1;
    %jmp T_11.12;
T_11.1 ;
    %load/vec4 v0x55dac7ad8b70_0;
    %store/vec4 v0x55dac7ad9180_0, 0, 80;
    %load/vec4 v0x55dac7ad8c10_0;
    %store/vec4 v0x55dac7ad9320_0, 0, 1;
    %jmp T_11.12;
T_11.2 ;
    %load/vec4 v0x55dac7ad8b70_0;
    %store/vec4 v0x55dac7ad9e70_0, 0, 80;
    %load/vec4 v0x55dac7ad8c10_0;
    %store/vec4 v0x55dac7ada010_0, 0, 1;
    %jmp T_11.12;
T_11.3 ;
    %load/vec4 v0x55dac7ad8b70_0;
    %store/vec4 v0x55dac7ad8db0_0, 0, 80;
    %load/vec4 v0x55dac7ad8c10_0;
    %store/vec4 v0x55dac7ad8f50_0, 0, 1;
    %jmp T_11.12;
T_11.4 ;
    %jmp T_11.12;
T_11.5 ;
    %load/vec4 v0x55dac7ad8b70_0;
    %store/vec4 v0x55dac7ad8db0_0, 0, 80;
    %load/vec4 v0x55dac7ad8b70_0;
    %store/vec4 v0x55dac7ad9180_0, 0, 80;
    %load/vec4 v0x55dac7ad8c10_0;
    %store/vec4 v0x55dac7ad8f50_0, 0, 1;
    %load/vec4 v0x55dac7ad8c10_0;
    %store/vec4 v0x55dac7ad9320_0, 0, 1;
    %jmp T_11.12;
T_11.6 ;
    %load/vec4 v0x55dac7ad8b70_0;
    %store/vec4 v0x55dac7ad8db0_0, 0, 80;
    %load/vec4 v0x55dac7ad8b70_0;
    %store/vec4 v0x55dac7ad9e70_0, 0, 80;
    %load/vec4 v0x55dac7ad8c10_0;
    %store/vec4 v0x55dac7ad8f50_0, 0, 1;
    %load/vec4 v0x55dac7ad8c10_0;
    %store/vec4 v0x55dac7ada010_0, 0, 1;
    %jmp T_11.12;
T_11.7 ;
    %load/vec4 v0x55dac7ad8b70_0;
    %store/vec4 v0x55dac7ad8db0_0, 0, 80;
    %load/vec4 v0x55dac7ad8c10_0;
    %store/vec4 v0x55dac7ad8f50_0, 0, 1;
    %load/vec4 v0x55dac7ad8c10_0;
    %store/vec4 v0x55dac7ada350_0, 0, 1;
    %jmp T_11.12;
T_11.8 ;
    %load/vec4 v0x55dac7ad8b70_0;
    %store/vec4 v0x55dac7ad9180_0, 0, 80;
    %load/vec4 v0x55dac7ad8c10_0;
    %store/vec4 v0x55dac7ada350_0, 0, 1;
    %load/vec4 v0x55dac7ad8c10_0;
    %store/vec4 v0x55dac7ad9320_0, 0, 1;
    %jmp T_11.12;
T_11.9 ;
    %load/vec4 v0x55dac7ad8b70_0;
    %store/vec4 v0x55dac7ad9e70_0, 0, 80;
    %load/vec4 v0x55dac7ad8c10_0;
    %store/vec4 v0x55dac7ada350_0, 0, 1;
    %load/vec4 v0x55dac7ad8c10_0;
    %store/vec4 v0x55dac7ada010_0, 0, 1;
    %jmp T_11.12;
T_11.10 ;
    %load/vec4 v0x55dac7ad8b70_0;
    %store/vec4 v0x55dac7ad8db0_0, 0, 80;
    %load/vec4 v0x55dac7ad8c10_0;
    %store/vec4 v0x55dac7ada350_0, 0, 1;
    %load/vec4 v0x55dac7ad8c10_0;
    %store/vec4 v0x55dac7ad8f50_0, 0, 1;
    %jmp T_11.12;
T_11.11 ;
    %jmp T_11.12;
T_11.12 ;
    %pop/vec4 1;
    %jmp T_11;
    .thread T_11, $push;
    .scope S_0x55dac7aa16e0;
T_12 ;
    %pushi/vec4 0, 0, 1;
    %store/vec4 v0x55dac7ae2770_0, 0, 1;
    %end;
    .thread T_12;
    .scope S_0x55dac7aa16e0;
T_13 ;
    %delay 5000, 0;
    %load/vec4 v0x55dac7ae2770_0;
    %inv;
    %store/vec4 v0x55dac7ae2770_0, 0, 1;
    %jmp T_13;
    .thread T_13;
    .scope S_0x55dac7aa16e0;
T_14 ;
    %pushi/vec4 0, 0, 32;
    %store/vec4 v0x55dac7ae34c0_0, 0, 32;
T_14.0 ;
    %load/vec4 v0x55dac7ae34c0_0;
    %cmpi/s 5, 0, 32;
    %jmp/0xz T_14.1, 5;
    %pushi/vec4 36864, 0, 32;
    %load/vec4 v0x55dac7ae34c0_0;
    %add;
    %pad/u 16;
    %ix/getv/s 4, v0x55dac7ae34c0_0;
    %store/vec4a v0x55dac7ae3320, 4, 0;
    %load/vec4 v0x55dac7ae34c0_0;
    %addi 1, 0, 32;
    %store/vec4 v0x55dac7ae34c0_0, 0, 32;
    %jmp T_14.0;
T_14.1 ;
    %ix/load 4, 4, 0;
    %flag_set/imm 4, 0;
    %load/vec4a v0x55dac7ae3320, 4;
    %ix/load 4, 3, 0;
    %flag_set/imm 4, 0;
    %load/vec4a v0x55dac7ae3320, 4;
    %concat/vec4; draw_concat_vec4
    %ix/load 4, 2, 0;
    %flag_set/imm 4, 0;
    %load/vec4a v0x55dac7ae3320, 4;
    %concat/vec4; draw_concat_vec4
    %ix/load 4, 1, 0;
    %flag_set/imm 4, 0;
    %load/vec4a v0x55dac7ae3320, 4;
    %concat/vec4; draw_concat_vec4
    %ix/load 4, 0, 0;
    %flag_set/imm 4, 0;
    %load/vec4a v0x55dac7ae3320, 4;
    %concat/vec4; draw_concat_vec4
    %store/vec4 v0x55dac7ae6030_0, 0, 80;
    %end;
    .thread T_14;
    .scope S_0x55dac7aa16e0;
T_15 ;
    %vpi_call 2 226 "$display", "\012===============================================" {0 0 0};
    %vpi_call 2 227 "$display", "    ROUTER CLUSTER WPSUM \342\200\223 PSUM PATH TEST" {0 0 0};
    %vpi_call 2 228 "$display", "===============================================\012" {0 0 0};
    %pushi/vec4 11, 0, 4;
    %store/vec4 v0x55dac7ae4120_0, 0, 4;
    %pushi/vec4 11, 0, 4;
    %store/vec4 v0x55dac7ae4340_0, 0, 4;
    %pushi/vec4 11, 0, 4;
    %store/vec4 v0x55dac7ae4230_0, 0, 4;
    %pushi/vec4 0, 0, 16;
    %store/vec4 v0x55dac7ae3680_0, 0, 16;
    %pushi/vec4 0, 0, 16;
    %store/vec4 v0x55dac7ae4450_0, 0, 16;
    %pushi/vec4 0, 0, 16;
    %store/vec4 v0x55dac7ae5320_0, 0, 16;
    %pushi/vec4 0, 0, 16;
    %store/vec4 v0x55dac7ae2830_0, 0, 16;
    %pushi/vec4 0, 0, 1;
    %store/vec4 v0x55dac7ae3bd0_0, 0, 1;
    %pushi/vec4 0, 0, 1;
    %store/vec4 v0x55dac7ae4bb0_0, 0, 1;
    %pushi/vec4 0, 0, 1;
    %store/vec4 v0x55dac7ae5870_0, 0, 1;
    %pushi/vec4 0, 0, 1;
    %store/vec4 v0x55dac7ae2ec0_0, 0, 1;
    %pushi/vec4 0, 0, 16;
    %store/vec4 v0x55dac7ae38a0_0, 0, 16;
    %pushi/vec4 0, 0, 16;
    %store/vec4 v0x55dac7ae4560_0, 0, 16;
    %pushi/vec4 0, 0, 16;
    %store/vec4 v0x55dac7ae5540_0, 0, 16;
    %pushi/vec4 0, 0, 16;
    %store/vec4 v0x55dac7ae2a30_0, 0, 16;
    %pushi/vec4 0, 0, 1;
    %store/vec4 v0x55dac7ae3db0_0, 0, 1;
    %pushi/vec4 0, 0, 1;
    %store/vec4 v0x55dac7ae4ca0_0, 0, 1;
    %pushi/vec4 0, 0, 1;
    %store/vec4 v0x55dac7ae5a50_0, 0, 1;
    %pushi/vec4 0, 0, 1;
    %store/vec4 v0x55dac7ae3050_0, 0, 1;
    %pushi/vec4 0, 0, 80;
    %store/vec4 v0x55dac7ae3790_0, 0, 80;
    %pushi/vec4 0, 0, 1;
    %store/vec4 v0x55dac7ae3cc0_0, 0, 1;
    %pushi/vec4 0, 0, 80;
    %store/vec4 v0x55dac7ae5430_0, 0, 80;
    %pushi/vec4 0, 0, 1;
    %store/vec4 v0x55dac7ae5960_0, 0, 1;
    %pushi/vec4 0, 0, 80;
    %store/vec4 v0x55dac7ae2940_0, 0, 80;
    %pushi/vec4 0, 0, 1;
    %store/vec4 v0x55dac7ae2fb0_0, 0, 1;
    %pushi/vec4 1, 0, 1;
    %store/vec4 v0x55dac7ae4080_0, 0, 1;
    %pushi/vec4 5, 0, 32;
T_15.0 %dup/vec4;
    %pushi/vec4 0, 0, 32;
    %cmp/s;
    %jmp/1xz T_15.1, 5;
    %jmp/1 T_15.1, 4;
    %pushi/vec4 1, 0, 32;
    %sub;
    %wait E_0x55dac7a06450;
    %jmp T_15.0;
T_15.1 ;
    %pop/vec4 1;
    %pushi/vec4 0, 0, 1;
    %store/vec4 v0x55dac7ae4080_0, 0, 1;
    %pushi/vec4 2, 0, 32;
T_15.2 %dup/vec4;
    %pushi/vec4 0, 0, 32;
    %cmp/s;
    %jmp/1xz T_15.3, 5;
    %jmp/1 T_15.3, 4;
    %pushi/vec4 1, 0, 32;
    %sub;
    %wait E_0x55dac7a06450;
    %jmp T_15.2;
T_15.3 ;
    %pop/vec4 1;
    %pushi/vec4 0, 0, 4;
    %store/vec4 v0x55dac7ae4230_0, 0, 4;
    %vpi_call 2 258 "$display", "--- Driving wide PSUM row into WEST (cluster) ---" {0 0 0};
    %load/vec4 v0x55dac7ae6030_0;
    %store/vec4 v0x55dac7ae5430_0, 0, 80;
    %pushi/vec4 1, 0, 1;
    %store/vec4 v0x55dac7ae5960_0, 0, 1;
    %wait E_0x55dac7a06450;
    %load/vec4 v0x55dac7ae6030_0;
    %store/vec4 v0x55dac7ae5430_0, 0, 80;
    %pushi/vec4 1, 0, 1;
    %store/vec4 v0x55dac7ae5960_0, 0, 1;
    %wait E_0x55dac7a06450;
    %pushi/vec4 0, 0, 1;
    %store/vec4 v0x55dac7ae5960_0, 0, 1;
    %pushi/vec4 0, 0, 80;
    %store/vec4 v0x55dac7ae5430_0, 0, 80;
    %pushi/vec4 0, 0, 32;
    %store/vec4 v0x55dac7ae35a0_0, 0, 32;
T_15.4 ;
    %load/vec4 v0x55dac7ae35a0_0;
    %cmpi/s 5, 0, 32;
    %jmp/0xz T_15.5, 5;
    %wait E_0x55dac7a06450;
    %load/vec4 v0x55dac7ae5f40_0;
    %flag_set/vec4 8;
    %jmp/0xz  T_15.6, 8;
    %ix/getv/s 4, v0x55dac7ae35a0_0;
    %load/vec4a v0x55dac7ae3320, 4;
    %store/vec4 v0x55dac7ae33e0_0, 0, 16;
    %load/vec4 v0x55dac7ae5e30_0;
    %load/vec4 v0x55dac7ae33e0_0;
    %cmp/ne;
    %jmp/0xz  T_15.8, 6;
    %vpi_call 2 285 "$display", "\342\235\214 ERROR: idx=%0d data mismatch: got=%h exp=%h", v0x55dac7ae35a0_0, v0x55dac7ae5e30_0, v0x55dac7ae33e0_0 {0 0 0};
    %vpi_call 2 287 "$finish" {0 0 0};
T_15.8 ;
    %load/vec4 v0x55dac7ae5d20_0;
    %pad/u 32;
    %pushi/vec4 0, 0, 32;
    %load/vec4 v0x55dac7ae35a0_0;
    %add;
    %cmp/ne;
    %jmp/0xz  T_15.10, 6;
    %pushi/vec4 0, 0, 32;
    %load/vec4 v0x55dac7ae35a0_0;
    %add;
    %vpi_call 2 291 "$display", "\342\235\214 ERROR: idx=%0d addr mismatch: got=%0d exp=%0d", v0x55dac7ae35a0_0, v0x55dac7ae5d20_0, S<0,vec4,s32> {1 0 0};
    %vpi_call 2 293 "$finish" {0 0 0};
T_15.10 ;
    %vpi_call 2 296 "$display", "\342\234\224 PSUM[%0d] OK: data=%h addr=%0d", v0x55dac7ae35a0_0, v0x55dac7ae5e30_0, v0x55dac7ae5d20_0 {0 0 0};
    %load/vec4 v0x55dac7ae35a0_0;
    %addi 1, 0, 32;
    %store/vec4 v0x55dac7ae35a0_0, 0, 32;
T_15.6 ;
    %jmp T_15.4;
T_15.5 ;
    %vpi_call 2 303 "$display", "\012===============================================" {0 0 0};
    %vpi_call 2 304 "$display", "   ALL %0d PSUM WORDS FROM CLUSTER MATCHED \360\237\216\211", P_0x55dac7a16240 {0 0 0};
    %vpi_call 2 305 "$display", "===============================================\012" {0 0 0};
    %vpi_call 2 307 "$finish" {0 0 0};
    %end;
    .thread T_15;
# The file index is used to find the file name in the following table.
:file_names 10;
    "N/A";
    "<interactive>";
    "testbench/router_wpsum_tb.v";
    "rtl/router_cluster_wpsum_generic.v";
    "rtl/router_iact_generic.v";
    "rtl/router_iact.v";
    "rtl/router_psum_generic.v";
    "rtl/router_psum.v";
    "rtl/router_weight_generic.v";
    "rtl/router_weight.v";
