#! /usr/bin/vvp
:ivl_version "12.0 (stable)" "(v12_0-dirty)";
:ivl_delay_selection "TYPICAL";
:vpi_time_precision - 12;
:vpi_module "/usr/lib/ivl/system.vpi";
:vpi_module "/usr/lib/ivl/vhdl_sys.vpi";
:vpi_module "/usr/lib/ivl/vhdl_textio.vpi";
:vpi_module "/usr/lib/ivl/v2005_math.vpi";
:vpi_module "/usr/lib/ivl/va_math.vpi";
:vpi_module "/usr/lib/ivl/v2009.vpi";
S_0x5602324091a0 .scope package, "$unit" "$unit" 2 1;
 .timescale 0 0;
S_0x560232409330 .scope module, "tb_router_cluster_generic_wpsum" "tb_router_cluster_generic_wpsum" 3 3;
 .timescale -9 -12;
P_0x5602324094c0 .param/l "ADDR_GLB" 1 3 10, +C4<00000000000000000000000000001010>;
P_0x560232409500 .param/l "DATA_BITWIDTH" 1 3 8, +C4<00000000000000000000000000010000>;
P_0x560232409540 .param/l "X_dim" 1 3 9, +C4<00000000000000000000000000000101>;
v0x5602324bbb20_0 .var "clk", 0 0;
v0x5602324bbbe0_0 .var "east_data_i_iact", 15 0;
v0x5602324bbcf0_0 .var "east_data_i_west_0_psum", 79 0;
v0x5602324bbde0_0 .net "east_data_o_iact", 15 0, v0x5602324aee90_0;  1 drivers
v0x5602324bbef0_0 .net "east_data_o_west_0_psum", 79 0, v0x5602324b2f40_0;  1 drivers
v0x5602324bc050_0 .net "east_data_o_wght", 15 0, v0x5602324b6dd0_0;  1 drivers
v0x5602324bc160_0 .var "east_enable_i_iact", 0 0;
v0x5602324bc250_0 .var "east_enable_i_west_0_psum", 0 0;
v0x5602324bc340_0 .net "east_enable_o_iact", 0 0, v0x5602324af010_0;  1 drivers
v0x5602324bc3e0_0 .net "east_enable_o_wght", 0 0, v0x5602324b6f70_0;  1 drivers
v0x5602324bc4d0_0 .var/i "errors", 31 0;
v0x5602324bc5b0_0 .var "north_data_i_iact", 15 0;
v0x5602324bc6c0_0 .var "north_data_i_psum", 79 0;
v0x5602324bc7d0_0 .net "north_data_o_iact", 15 0, v0x5602324af680_0;  1 drivers
v0x5602324bc8e0_0 .net "north_data_o_wght", 15 0, v0x5602324b75e0_0;  1 drivers
v0x5602324bc9f0_0 .var "north_enable_i_iact", 0 0;
v0x5602324bcae0_0 .var "north_enable_i_psum", 0 0;
v0x5602324bcbd0_0 .net "north_enable_o_iact", 0 0, v0x5602324af820_0;  1 drivers
v0x5602324bccc0_0 .net "north_enable_o_wght", 0 0, v0x5602324b7780_0;  1 drivers
v0x5602324bcdb0_0 .var "reset", 0 0;
v0x5602324bce50_0 .var "router_mode_west_0_iact", 3 0;
v0x5602324bcf60_0 .var "router_mode_west_0_psum", 3 0;
v0x5602324bd070_0 .var "router_mode_west_0_wght", 3 0;
v0x5602324bd180_0 .var/i "seen_psum_write", 31 0;
v0x5602324bd260_0 .var "south_data_i_iact", 15 0;
v0x5602324bd370_0 .net "south_data_o_iact", 15 0, v0x5602324afb50_0;  1 drivers
v0x5602324bd480_0 .net "south_data_o_psum", 79 0, v0x5602324b35b0_0;  1 drivers
v0x5602324bd590_0 .net "south_data_o_wght", 15 0, v0x5602324b7bb0_0;  1 drivers
v0x5602324bd6a0_0 .var "south_enable_i_iact", 0 0;
v0x5602324bd790_0 .net "south_enable_o_iact", 0 0, v0x5602324afcf0_0;  1 drivers
v0x5602324bd880_0 .net "south_enable_o_psum", 0 0, v0x5602324b3690_0;  1 drivers
v0x5602324bd970_0 .net "south_enable_o_wght", 0 0, v0x5602324b7d50_0;  1 drivers
v0x5602324bda60_0 .net "west_0_addr_read_iact", 9 0, v0x5602324ae4e0_0;  1 drivers
v0x5602324bdd30_0 .net "west_0_addr_read_wght", 9 0, v0x5602324b63a0_0;  1 drivers
v0x5602324bddf0_0 .net "west_0_req_read_iact", 0 0, v0x5602324ae6f0_0;  1 drivers
v0x5602324bde90_0 .net "west_0_req_read_wght", 0 0, v0x5602324b6560_0;  1 drivers
v0x5602324bdf30_0 .net "west_addr_o_west_0_psum", 9 0, v0x5602324b2880_0;  1 drivers
v0x5602324bdff0_0 .var "west_data_i_west_0_iact", 15 0;
v0x5602324be100_0 .var "west_data_i_west_0_psum", 79 0;
v0x5602324be210_0 .var "west_data_i_west_0_wght", 15 0;
v0x5602324be320_0 .net "west_data_o_west_0_iact", 15 0, v0x5602324b0010_0;  1 drivers
v0x5602324be430_0 .net "west_data_o_west_0_psum", 15 0, v0x5602324b2960_0;  1 drivers
v0x5602324be4f0_0 .net "west_data_o_west_0_wght", 15 0, v0x5602324b8070_0;  1 drivers
v0x5602324be600_0 .var "west_enable_i_west_0_iact", 0 0;
v0x5602324be6f0_0 .var "west_enable_i_west_0_psum", 0 0;
v0x5602324be7e0_0 .var "west_enable_i_west_0_wght", 0 0;
v0x5602324be8d0_0 .net "west_enable_o_west_0_iact", 0 0, v0x5602324b01b0_0;  1 drivers
v0x5602324be9c0_0 .net "west_enable_o_west_0_psum", 0 0, v0x5602324b2a40_0;  1 drivers
o0x7fcfa74bff08 .functor BUFZ 1, C4<z>; HiZ drive
v0x5602324bea60_0 .net "west_enable_o_west_0_wght", 0 0, o0x7fcfa74bff08;  0 drivers
S_0x56023242c950 .scope task, "CHECK" "CHECK" 3 175, 3 175 0, S_0x560232409330;
 .timescale -9 -12;
v0x560232492030_0 .var/2u "cond", 0 0;
v0x560232470870_0 .var/str "msg";
TD_tb_router_cluster_generic_wpsum.CHECK ;
    %load/vec4 v0x560232492030_0;
    %nor/r;
    %flag_set/vec4 8;
    %jmp/0xz  T_0.0, 8;
    %load/str v0x560232470870_0;
    %store/str v0x56023247e9c0_0;
    %fork TD_tb_router_cluster_generic_wpsum.LOG_FAIL, S_0x5602324aad00;
    %join;
T_0.0 ;
    %end;
S_0x5602324aad00 .scope task, "LOG_FAIL" "LOG_FAIL" 3 168, 3 168 0, S_0x560232409330;
 .timescale -9 -12;
v0x56023247e9c0_0 .var/str "msg";
TD_tb_router_cluster_generic_wpsum.LOG_FAIL ;
    %vpi_call/w 3 170 "$display", "[FAIL ] %0t ns : %s", $time, v0x56023247e9c0_0 {0 0 0};
    %load/vec4 v0x5602324bc4d0_0;
    %addi 1, 0, 32;
    %store/vec4 v0x5602324bc4d0_0, 0, 32;
    %end;
S_0x5602324aaf20 .scope task, "LOG_INFO" "LOG_INFO" 3 160, 3 160 0, S_0x560232409330;
 .timescale -9 -12;
v0x560232487ba0_0 .var/str "msg";
TD_tb_router_cluster_generic_wpsum.LOG_INFO ;
    %vpi_call/w 3 161 "$display", "[INFO ] %0t ns : %s", $time, v0x560232487ba0_0 {0 0 0};
    %end;
S_0x5602324ab120 .scope task, "LOG_PASS" "LOG_PASS" 3 164, 3 164 0, S_0x560232409330;
 .timescale -9 -12;
v0x5602324762d0_0 .var/str "msg";
TD_tb_router_cluster_generic_wpsum.LOG_PASS ;
    %vpi_call/w 3 165 "$display", "[PASS ] %0t ns : %s", $time, v0x5602324762d0_0 {0 0 0};
    %end;
S_0x5602324ab340 .scope module, "dut" "router_cluster_generic_wpsum" 3 90, 4 3 0, S_0x560232409330;
 .timescale -9 -12;
    .port_info 0 /INPUT 1 "clk";
    .port_info 1 /INPUT 1 "reset";
    .port_info 2 /OUTPUT 10 "west_0_addr_read_iact";
    .port_info 3 /OUTPUT 1 "west_0_req_read_iact";
    .port_info 4 /INPUT 4 "router_mode_west_0_iact";
    .port_info 5 /INPUT 16 "west_data_i_west_0_iact";
    .port_info 6 /INPUT 1 "west_enable_i_west_0_iact";
    .port_info 7 /OUTPUT 16 "west_data_o_west_0_iact";
    .port_info 8 /OUTPUT 1 "west_enable_o_west_0_iact";
    .port_info 9 /INPUT 16 "north_data_i_iact";
    .port_info 10 /INPUT 1 "north_enable_i_iact";
    .port_info 11 /OUTPUT 16 "north_data_o_iact";
    .port_info 12 /OUTPUT 1 "north_enable_o_iact";
    .port_info 13 /INPUT 16 "south_data_i_iact";
    .port_info 14 /INPUT 1 "south_enable_i_iact";
    .port_info 15 /OUTPUT 16 "south_data_o_iact";
    .port_info 16 /OUTPUT 1 "south_enable_o_iact";
    .port_info 17 /INPUT 16 "east_data_i_iact";
    .port_info 18 /INPUT 1 "east_enable_i_iact";
    .port_info 19 /OUTPUT 16 "east_data_o_iact";
    .port_info 20 /OUTPUT 1 "east_enable_o_iact";
    .port_info 21 /OUTPUT 10 "west_0_addr_read_wght";
    .port_info 22 /OUTPUT 1 "west_0_req_read_wght";
    .port_info 23 /INPUT 4 "router_mode_west_0_wght";
    .port_info 24 /INPUT 16 "west_data_i_west_0_wght";
    .port_info 25 /INPUT 1 "west_enable_i_west_0_wght";
    .port_info 26 /OUTPUT 16 "west_data_o_west_0_wght";
    .port_info 27 /OUTPUT 1 "west_enable_o_west_0_wght";
    .port_info 28 /INPUT 16 "north_data_i_wght";
    .port_info 29 /INPUT 1 "north_enable_i_wght";
    .port_info 30 /OUTPUT 16 "north_data_o_wght";
    .port_info 31 /OUTPUT 1 "north_enable_o_wght";
    .port_info 32 /INPUT 16 "south_data_i_wght";
    .port_info 33 /INPUT 1 "south_enable_i_wght";
    .port_info 34 /OUTPUT 16 "south_data_o_wght";
    .port_info 35 /OUTPUT 1 "south_enable_o_wght";
    .port_info 36 /INPUT 16 "east_data_i_wght";
    .port_info 37 /INPUT 1 "east_enable_i_wght";
    .port_info 38 /OUTPUT 16 "east_data_o_wght";
    .port_info 39 /OUTPUT 1 "east_enable_o_wght";
    .port_info 40 /INPUT 4 "router_mode_west_0_psum";
    .port_info 41 /INPUT 80 "north_data_i_psum";
    .port_info 42 /INPUT 1 "north_enable_i_psum";
    .port_info 43 /OUTPUT 80 "south_data_o_psum";
    .port_info 44 /OUTPUT 1 "south_enable_o_psum";
    .port_info 45 /INPUT 80 "west_data_i_west_0_psum";
    .port_info 46 /INPUT 1 "west_enable_i_west_0_psum";
    .port_info 47 /OUTPUT 16 "west_data_o_west_0_psum";
    .port_info 48 /OUTPUT 1 "west_enable_o_west_0_psum";
    .port_info 49 /INPUT 80 "east_data_i_west_0_psum";
    .port_info 50 /INPUT 1 "east_enable_i_west_0_psum";
    .port_info 51 /OUTPUT 80 "east_data_o_west_0_psum";
    .port_info 52 /OUTPUT 10 "west_addr_o_west_0_psum";
P_0x56023248e070 .param/l "ADDR_BITWIDTH" 0 4 6, +C4<00000000000000000000000000001010>;
P_0x56023248e0b0 .param/l "ADDR_BITWIDTH_GLB" 0 4 7, +C4<00000000000000000000000000001010>;
P_0x56023248e0f0 .param/l "ADDR_BITWIDTH_SPAD" 0 4 8, +C4<00000000000000000000000000001001>;
P_0x56023248e130 .param/l "A_LOAD_ADDR" 0 4 11, +C4<00000000000000000000000000000000>;
P_0x56023248e170 .param/l "A_READ_ADDR" 0 4 10, +C4<00000000000000000000000001100100>;
P_0x56023248e1b0 .param/l "DATA_BITWIDTH" 0 4 5, +C4<00000000000000000000000000010000>;
P_0x56023248e1f0 .param/l "PSUM_LOAD_ADDR" 0 4 22, +C4<00000000000000000000000000000000>;
P_0x56023248e230 .param/l "PSUM_READ_ADDR" 0 4 21, +C4<00000000000000000000000000000000>;
P_0x56023248e270 .param/l "W_LOAD_ADDR" 0 4 19, +C4<00000000000000000000000000000000>;
P_0x56023248e2b0 .param/l "W_READ_ADDR" 0 4 18, +C4<00000000000000000000000000000000>;
P_0x56023248e2f0 .param/l "X_dim" 0 4 13, +C4<00000000000000000000000000000101>;
P_0x56023248e330 .param/l "Y_dim" 0 4 14, +C4<00000000000000000000000000000011>;
P_0x56023248e370 .param/l "act_size" 0 4 16, +C4<00000000000000000000000000000101>;
P_0x56023248e3b0 .param/l "kernel_size" 0 4 15, +C4<00000000000000000000000000000011>;
v0x5602324b8620_0 .net "clk", 0 0, v0x5602324bbb20_0;  1 drivers
v0x5602324b86e0_0 .net "east_data_i_iact", 15 0, v0x5602324bbbe0_0;  1 drivers
v0x5602324b87d0_0 .net "east_data_i_west_0_psum", 79 0, v0x5602324bbcf0_0;  1 drivers
o0x7fcfa74bf758 .functor BUFZ 16, C4<zzzzzzzzzzzzzzzz>; HiZ drive
v0x5602324b88d0_0 .net "east_data_i_wght", 15 0, o0x7fcfa74bf758;  0 drivers
v0x5602324b89a0_0 .net "east_data_o_iact", 15 0, v0x5602324aee90_0;  alias, 1 drivers
v0x5602324b8a40_0 .net "east_data_o_west_0_psum", 79 0, v0x5602324b2f40_0;  alias, 1 drivers
v0x5602324b8b10_0 .net "east_data_o_wght", 15 0, v0x5602324b6dd0_0;  alias, 1 drivers
v0x5602324b8be0_0 .net "east_enable_i_iact", 0 0, v0x5602324bc160_0;  1 drivers
v0x5602324b8cb0_0 .net "east_enable_i_west_0_psum", 0 0, v0x5602324bc250_0;  1 drivers
o0x7fcfa74bf7b8 .functor BUFZ 1, C4<z>; HiZ drive
v0x5602324b8d80_0 .net "east_enable_i_wght", 0 0, o0x7fcfa74bf7b8;  0 drivers
v0x5602324b8e50_0 .net "east_enable_o_iact", 0 0, v0x5602324af010_0;  alias, 1 drivers
v0x5602324b8f20_0 .net "east_enable_o_wght", 0 0, v0x5602324b6f70_0;  alias, 1 drivers
v0x5602324b8ff0_0 .net "north_data_i_iact", 15 0, v0x5602324bc5b0_0;  1 drivers
v0x5602324b90c0_0 .net "north_data_i_psum", 79 0, v0x5602324bc6c0_0;  1 drivers
o0x7fcfa74bf8a8 .functor BUFZ 16, C4<zzzzzzzzzzzzzzzz>; HiZ drive
v0x5602324b9190_0 .net "north_data_i_wght", 15 0, o0x7fcfa74bf8a8;  0 drivers
v0x5602324b9260_0 .net "north_data_o_iact", 15 0, v0x5602324af680_0;  alias, 1 drivers
v0x5602324b9330_0 .net "north_data_o_wght", 15 0, v0x5602324b75e0_0;  alias, 1 drivers
v0x5602324b9510_0 .net "north_enable_i_iact", 0 0, v0x5602324bc9f0_0;  1 drivers
v0x5602324b95e0_0 .net "north_enable_i_psum", 0 0, v0x5602324bcae0_0;  1 drivers
o0x7fcfa74bf908 .functor BUFZ 1, C4<z>; HiZ drive
v0x5602324b96b0_0 .net "north_enable_i_wght", 0 0, o0x7fcfa74bf908;  0 drivers
v0x5602324b9780_0 .net "north_enable_o_iact", 0 0, v0x5602324af820_0;  alias, 1 drivers
v0x5602324b9850_0 .net "north_enable_o_wght", 0 0, v0x5602324b7780_0;  alias, 1 drivers
v0x5602324b9920_0 .net "reset", 0 0, v0x5602324bcdb0_0;  1 drivers
v0x5602324b99c0_0 .net "router_mode_west_0_iact", 3 0, v0x5602324bce50_0;  1 drivers
v0x5602324b9a90_0 .net "router_mode_west_0_psum", 3 0, v0x5602324bcf60_0;  1 drivers
v0x5602324b9b60_0 .net "router_mode_west_0_wght", 3 0, v0x5602324bd070_0;  1 drivers
v0x5602324b9c30_0 .net "south_data_i_iact", 15 0, v0x5602324bd260_0;  1 drivers
o0x7fcfa74bf998 .functor BUFZ 16, C4<zzzzzzzzzzzzzzzz>; HiZ drive
v0x5602324b9d00_0 .net "south_data_i_wght", 15 0, o0x7fcfa74bf998;  0 drivers
v0x5602324b9dd0_0 .net "south_data_o_iact", 15 0, v0x5602324afb50_0;  alias, 1 drivers
v0x5602324b9ea0_0 .net "south_data_o_psum", 79 0, v0x5602324b35b0_0;  alias, 1 drivers
v0x5602324b9f70_0 .net "south_data_o_wght", 15 0, v0x5602324b7bb0_0;  alias, 1 drivers
v0x5602324ba040_0 .net "south_enable_i_iact", 0 0, v0x5602324bd6a0_0;  1 drivers
o0x7fcfa74bf9f8 .functor BUFZ 1, C4<z>; HiZ drive
v0x5602324ba110_0 .net "south_enable_i_wght", 0 0, o0x7fcfa74bf9f8;  0 drivers
v0x5602324ba3f0_0 .net "south_enable_o_iact", 0 0, v0x5602324afcf0_0;  alias, 1 drivers
v0x5602324ba4c0_0 .net "south_enable_o_psum", 0 0, v0x5602324b3690_0;  alias, 1 drivers
v0x5602324ba590_0 .net "south_enable_o_wght", 0 0, v0x5602324b7d50_0;  alias, 1 drivers
v0x5602324ba660_0 .net "west_0_addr_read_iact", 9 0, v0x5602324ae4e0_0;  alias, 1 drivers
v0x5602324ba700_0 .net "west_0_addr_read_wght", 9 0, v0x5602324b63a0_0;  alias, 1 drivers
v0x5602324ba7a0_0 .net "west_0_req_read_iact", 0 0, v0x5602324ae6f0_0;  alias, 1 drivers
v0x5602324ba890_0 .net "west_0_req_read_wght", 0 0, v0x5602324b6560_0;  alias, 1 drivers
v0x5602324ba980_0 .net "west_addr_o_west_0_psum", 9 0, v0x5602324b2880_0;  alias, 1 drivers
v0x5602324baa70_0 .net "west_data_i_west_0_iact", 15 0, v0x5602324bdff0_0;  1 drivers
v0x5602324bab10_0 .net "west_data_i_west_0_psum", 79 0, v0x5602324be100_0;  1 drivers
v0x5602324babb0_0 .net "west_data_i_west_0_wght", 15 0, v0x5602324be210_0;  1 drivers
v0x5602324bac50_0 .net "west_data_o_west_0_iact", 15 0, v0x5602324b0010_0;  alias, 1 drivers
v0x5602324bacf0_0 .net "west_data_o_west_0_psum", 15 0, v0x5602324b2960_0;  alias, 1 drivers
v0x5602324bade0_0 .net "west_data_o_west_0_wght", 15 0, v0x5602324b8070_0;  alias, 1 drivers
v0x5602324bae80_0 .net "west_enable_i_west_0_iact", 0 0, v0x5602324be600_0;  1 drivers
v0x5602324baf20_0 .net "west_enable_i_west_0_psum", 0 0, v0x5602324be6f0_0;  1 drivers
v0x5602324baff0_0 .net "west_enable_i_west_0_wght", 0 0, v0x5602324be7e0_0;  1 drivers
v0x5602324bb0c0_0 .net "west_enable_o_west_0_iact", 0 0, v0x5602324b01b0_0;  alias, 1 drivers
v0x5602324bb190_0 .net "west_enable_o_west_0_psum", 0 0, v0x5602324b2a40_0;  alias, 1 drivers
v0x5602324bb280_0 .net "west_enable_o_west_0_wght", 0 0, o0x7fcfa74bff08;  alias, 0 drivers
v0x5602324bb320_0 .net "west_enable_o_wght", 0 0, v0x5602324b8210_0;  1 drivers
S_0x5602324ac0b0 .scope module, "router_iact_0" "router_generic_iact" 4 112, 5 3 0, S_0x5602324ab340;
 .timescale -9 -12;
    .port_info 0 /INPUT 1 "clk";
    .port_info 1 /INPUT 1 "reset";
    .port_info 2 /INPUT 4 "router_mode";
    .port_info 3 /OUTPUT 10 "glb_addr_read";
    .port_info 4 /OUTPUT 1 "glb_req_read";
    .port_info 5 /INPUT 16 "north_data_i";
    .port_info 6 /INPUT 1 "north_enable_i";
    .port_info 7 /INPUT 16 "south_data_i";
    .port_info 8 /INPUT 1 "south_enable_i";
    .port_info 9 /INPUT 16 "west_data_i";
    .port_info 10 /INPUT 1 "west_enable_i";
    .port_info 11 /INPUT 16 "east_data_i";
    .port_info 12 /INPUT 1 "east_enable_i";
    .port_info 13 /OUTPUT 16 "north_data_o";
    .port_info 14 /OUTPUT 1 "north_enable_o";
    .port_info 15 /OUTPUT 16 "south_data_o";
    .port_info 16 /OUTPUT 1 "south_enable_o";
    .port_info 17 /OUTPUT 16 "west_data_o";
    .port_info 18 /OUTPUT 1 "west_enable_o";
    .port_info 19 /OUTPUT 16 "east_data_o";
    .port_info 20 /OUTPUT 1 "east_enable_o";
P_0x5602324ac2b0 .param/l "ADDR_BITWIDTH_GLB" 0 5 6, +C4<00000000000000000000000000001010>;
P_0x5602324ac2f0 .param/l "ADDR_BITWIDTH_SPAD" 0 5 7, +C4<00000000000000000000000000001001>;
P_0x5602324ac330 .param/l "ALL" 1 5 124, +C4<00000000000000000000000000000000>;
P_0x5602324ac370 .param/l "A_LOAD_ADDR" 0 5 15, +C4<00000000000000000000000000000000>;
P_0x5602324ac3b0 .param/l "A_READ_ADDR" 0 5 14, +C4<00000000000000000000000001100100>;
P_0x5602324ac3f0 .param/l "CLOSED" 1 5 135, +C4<00000000000000000000000000001011>;
P_0x5602324ac430 .param/l "COMPUTE_DIR" 0 5 18, +C4<00000000000000000000000000000010>;
P_0x5602324ac470 .param/l "DATA_BITWIDTH" 0 5 5, +C4<00000000000000000000000000010000>;
P_0x5602324ac4b0 .param/l "EAST" 1 5 128, +C4<00000000000000000000000000000100>;
P_0x5602324ac4f0 .param/l "EASTNORTH" 1 5 129, +C4<00000000000000000000000000000101>;
P_0x5602324ac530 .param/l "EASTSOUTH" 1 5 130, +C4<00000000000000000000000000000110>;
P_0x5602324ac570 .param/l "EASTWEST" 1 5 131, +C4<00000000000000000000000000000111>;
P_0x5602324ac5b0 .param/l "NORTH" 1 5 125, +C4<00000000000000000000000000000001>;
P_0x5602324ac5f0 .param/l "SOUTH" 1 5 126, +C4<00000000000000000000000000000010>;
P_0x5602324ac630 .param/l "WEST" 1 5 127, +C4<00000000000000000000000000000011>;
P_0x5602324ac670 .param/l "WESTEAST" 1 5 134, +C4<00000000000000000000000000001010>;
P_0x5602324ac6b0 .param/l "WESTNORTH" 1 5 132, +C4<00000000000000000000000000001000>;
P_0x5602324ac6f0 .param/l "WESTSOUTH" 1 5 133, +C4<00000000000000000000000000001001>;
P_0x5602324ac730 .param/l "X_dim" 0 5 9, +C4<00000000000000000000000000000101>;
P_0x5602324ac770 .param/l "Y_dim" 0 5 10, +C4<00000000000000000000000000000011>;
P_0x5602324ac7b0 .param/l "act_size" 0 5 12, +C4<00000000000000000000000000000101>;
P_0x5602324ac7f0 .param/l "kernel_size" 0 5 11, +C4<00000000000000000000000000000011>;
L_0x560232491e90 .functor NOT 1, v0x5602324af390_0, C4<0>, C4<0>, C4<0>;
L_0x560232470750 .functor AND 1, v0x5602324af2f0_0, L_0x560232491e90, C4<1>, C4<1>;
v0x5602324aeb30_0 .net *"_ivl_0", 0 0, L_0x560232491e90;  1 drivers
v0x5602324aec30_0 .net "clk", 0 0, v0x5602324bbb20_0;  alias, 1 drivers
v0x5602324aecf0_0 .var "data_out", 15 0;
v0x5602324aedf0_0 .net "east_data_i", 15 0, v0x5602324bbbe0_0;  alias, 1 drivers
v0x5602324aee90_0 .var "east_data_o", 15 0;
v0x5602324aef50_0 .net "east_enable_i", 0 0, v0x5602324bc160_0;  alias, 1 drivers
v0x5602324af010_0 .var "east_enable_o", 0 0;
v0x5602324af0d0_0 .net "glb_addr_read", 9 0, v0x5602324ae4e0_0;  alias, 1 drivers
v0x5602324af190_0 .net "glb_req_read", 0 0, v0x5602324ae6f0_0;  alias, 1 drivers
v0x5602324af2f0_0 .var "load_ff0", 0 0;
v0x5602324af390_0 .var "load_ff1", 0 0;
v0x5602324af430_0 .net "load_spad_ctrl", 0 0, L_0x560232470750;  1 drivers
v0x5602324af500_0 .var "load_spad_ctrl_c", 0 0;
v0x5602324af5a0_0 .net "north_data_i", 15 0, v0x5602324bc5b0_0;  alias, 1 drivers
v0x5602324af680_0 .var "north_data_o", 15 0;
v0x5602324af760_0 .net "north_enable_i", 0 0, v0x5602324bc9f0_0;  alias, 1 drivers
v0x5602324af820_0 .var "north_enable_o", 0 0;
v0x5602324af8e0_0 .net "reset", 0 0, v0x5602324bcdb0_0;  alias, 1 drivers
v0x5602324af9b0_0 .net "router_mode", 3 0, v0x5602324bce50_0;  alias, 1 drivers
v0x5602324afa70_0 .net "south_data_i", 15 0, v0x5602324bd260_0;  alias, 1 drivers
v0x5602324afb50_0 .var "south_data_o", 15 0;
v0x5602324afc30_0 .net "south_enable_i", 0 0, v0x5602324bd6a0_0;  alias, 1 drivers
v0x5602324afcf0_0 .var "south_enable_o", 0 0;
v0x5602324afdb0_0 .net "spad_data", 15 0, v0x5602324ae950_0;  1 drivers
v0x5602324afea0_0 .net "spad_en", 0 0, v0x5602324ae350_0;  1 drivers
v0x5602324aff70_0 .net "west_data_i", 15 0, v0x5602324bdff0_0;  alias, 1 drivers
v0x5602324b0010_0 .var "west_data_o", 15 0;
v0x5602324b00f0_0 .net "west_enable_i", 0 0, v0x5602324be600_0;  alias, 1 drivers
v0x5602324b01b0_0 .var "west_enable_o", 0 0;
E_0x5602323f9820 .event anyedge, v0x5602324af9b0_0, v0x5602324ae610_0;
E_0x5602323f44d0/0 .event anyedge, v0x5602324af760_0, v0x5602324af5a0_0, v0x5602324afc30_0, v0x5602324afa70_0;
E_0x5602323f44d0/1 .event anyedge, v0x5602324b00f0_0, v0x5602324aff70_0, v0x5602324aef50_0, v0x5602324aedf0_0;
E_0x5602323f44d0 .event/or E_0x5602323f44d0/0, E_0x5602323f44d0/1;
S_0x5602324ad5d0 .scope generate, "genblk1" "genblk1" 5 192, 5 192 0, S_0x5602324ac0b0;
 .timescale -9 -12;
E_0x5602323fd1d0 .event anyedge, v0x5602324ae950_0, v0x5602324ae350_0;
S_0x5602324ad810 .scope module, "router_iact_0" "router_iact" 5 110, 6 3 0, S_0x5602324ac0b0;
 .timescale -9 -12;
    .port_info 0 /INPUT 1 "clk";
    .port_info 1 /INPUT 1 "reset";
    .port_info 2 /INPUT 16 "r_data_glb_iact";
    .port_info 3 /OUTPUT 10 "r_addr_glb_iact";
    .port_info 4 /OUTPUT 1 "read_req_glb_iact";
    .port_info 5 /OUTPUT 16 "w_data_spad";
    .port_info 6 /OUTPUT 1 "load_en_spad";
    .port_info 7 /INPUT 1 "load_spad_ctrl";
P_0x560232495900 .param/l "ADDR_BITWIDTH_GLB" 0 6 4, +C4<00000000000000000000000000001010>;
P_0x560232495940 .param/l "ADDR_BITWIDTH_SPAD" 0 6 5, +C4<00000000000000000000000000001001>;
P_0x560232495980 .param/l "A_LOAD_ADDR" 0 6 13, +C4<00000000000000000000000000000000>;
P_0x5602324959c0 .param/l "A_READ_ADDR" 0 6 12, +C4<00000000000000000000000001100100>;
P_0x560232495a00 .param/l "DATA_BITWIDTH" 0 6 3, +C4<00000000000000000000000000010000>;
P_0x560232495a40 .param/l "IDLE" 1 6 36, C4<000>;
P_0x560232495a80 .param/l "READ_GLB" 1 6 37, C4<001>;
P_0x560232495ac0 .param/l "READ_GLB_0" 1 6 39, C4<011>;
P_0x560232495b00 .param/l "WRITE_SPAD" 1 6 38, C4<010>;
P_0x560232495b40 .param/l "X_dim" 0 6 7, +C4<00000000000000000000000000000101>;
P_0x560232495b80 .param/l "Y_dim" 0 6 8, +C4<00000000000000000000000000000011>;
P_0x560232495bc0 .param/l "act_size" 0 6 10, +C4<00000000000000000000000000000101>;
P_0x560232495c00 .param/l "kernel_size" 0 6 9, +C4<00000000000000000000000000000011>;
v0x5602324ae190_0 .net "clk", 0 0, v0x5602324bbb20_0;  alias, 1 drivers
v0x5602324ae270_0 .var "filt_count", 5 0;
v0x5602324ae350_0 .var "load_en_spad", 0 0;
v0x5602324ae420_0 .net "load_spad_ctrl", 0 0, L_0x560232470750;  alias, 1 drivers
v0x5602324ae4e0_0 .var "r_addr_glb_iact", 9 0;
v0x5602324ae610_0 .net "r_data_glb_iact", 15 0, v0x5602324aecf0_0;  1 drivers
v0x5602324ae6f0_0 .var "read_req_glb_iact", 0 0;
v0x5602324ae7b0_0 .net "reset", 0 0, v0x5602324bcdb0_0;  alias, 1 drivers
v0x5602324ae870_0 .var "state", 2 0;
v0x5602324ae950_0 .var "w_data_spad", 15 0;
E_0x5602323c07e0 .event posedge, v0x5602324ae190_0;
S_0x5602324b05c0 .scope module, "router_psum_0" "router_generic_psum" 4 194, 7 3 0, S_0x5602324ab340;
 .timescale -9 -12;
    .port_info 0 /INPUT 1 "clk";
    .port_info 1 /INPUT 1 "reset";
    .port_info 2 /INPUT 4 "router_mode";
    .port_info 3 /INPUT 80 "north_data_i";
    .port_info 4 /INPUT 1 "north_enable_i";
    .port_info 5 /OUTPUT 80 "south_data_o";
    .port_info 6 /OUTPUT 1 "south_enable_o";
    .port_info 7 /INPUT 80 "west_data_i";
    .port_info 8 /INPUT 1 "west_enable_i";
    .port_info 9 /OUTPUT 16 "west_data_o";
    .port_info 10 /OUTPUT 1 "west_enable_o";
    .port_info 11 /INPUT 80 "east_data_i";
    .port_info 12 /INPUT 1 "east_enable_i";
    .port_info 13 /OUTPUT 80 "east_data_o";
    .port_info 14 /OUTPUT 10 "w_addr_glb_psum";
P_0x5602324b0770 .param/l "ADDR_BITWIDTH_GLB" 0 7 6, +C4<00000000000000000000000000001010>;
P_0x5602324b07b0 .param/l "ADDR_BITWIDTH_SPAD" 0 7 7, +C4<00000000000000000000000000001001>;
P_0x5602324b07f0 .param/l "CLOSED" 1 7 74, +C4<00000000000000000000000000001011>;
P_0x5602324b0830 .param/l "COMPUTE_DIR" 0 7 18, +C4<00000000000000000000000000000011>;
P_0x5602324b0870 .param/l "DATA_BITWIDTH" 0 7 5, +C4<00000000000000000000000000010000>;
P_0x5602324b08b0 .param/l "DIR_E" 1 7 52, +C4<00000000000000000000000000000011>;
P_0x5602324b08f0 .param/l "DIR_N" 1 7 49, +C4<00000000000000000000000000000000>;
P_0x5602324b0930 .param/l "DIR_S" 1 7 50, +C4<00000000000000000000000000000001>;
P_0x5602324b0970 .param/l "DIR_W" 1 7 51, +C4<00000000000000000000000000000010>;
P_0x5602324b09b0 .param/l "EAST" 1 7 72, +C4<00000000000000000000000000000100>;
P_0x5602324b09f0 .param/l "EASTSOUTH" 1 7 73, +C4<00000000000000000000000000000110>;
P_0x5602324b0a30 .param/l "PSUM_LOAD_ADDR" 0 7 15, +C4<00000000000000000000000000000000>;
P_0x5602324b0a70 .param/l "PSUM_READ_ADDR" 0 7 14, +C4<00000000000000000000000000000000>;
P_0x5602324b0ab0 .param/l "SOUTH" 1 7 71, +C4<00000000000000000000000000000010>;
P_0x5602324b0af0 .param/l "X_dim" 0 7 9, +C4<00000000000000000000000000000101>;
P_0x5602324b0b30 .param/l "Y_dim" 0 7 10, +C4<00000000000000000000000000000011>;
P_0x5602324b0b70 .param/l "act_size" 0 7 12, +C4<00000000000000000000000000000101>;
P_0x5602324b0bb0 .param/l "kernel_size" 0 7 11, +C4<00000000000000000000000000000011>;
L_0x5602324761b0 .functor BUFZ 80, v0x5602324bbcf0_0, C4<00000000000000000000000000000000000000000000000000000000000000000000000000000000>, C4<00000000000000000000000000000000000000000000000000000000000000000000000000000000>, C4<00000000000000000000000000000000000000000000000000000000000000000000000000000000>;
L_0x5602324becb0 .functor BUFZ 1, v0x5602324bc250_0, C4<0>, C4<0>, C4<0>;
v0x5602324b2ce0_0 .net "clk", 0 0, v0x5602324bbb20_0;  alias, 1 drivers
v0x5602324b2da0_0 .var "data_out", 79 0;
v0x5602324b2e80_0 .net "east_data_i", 79 0, v0x5602324bbcf0_0;  alias, 1 drivers
v0x5602324b2f40_0 .var "east_data_o", 79 0;
v0x5602324b3020_0 .net "east_enable_i", 0 0, v0x5602324bc250_0;  alias, 1 drivers
v0x5602324b30e0_0 .net "north_data_i", 79 0, v0x5602324bc6c0_0;  alias, 1 drivers
v0x5602324b31c0_0 .net "north_enable_i", 0 0, v0x5602324bcae0_0;  alias, 1 drivers
v0x5602324b3280_0 .net "psum_data_src", 79 0, L_0x5602324761b0;  1 drivers
v0x5602324b3340_0 .net "psum_enable_src", 0 0, L_0x5602324becb0;  1 drivers
v0x5602324b3470_0 .net "reset", 0 0, v0x5602324bcdb0_0;  alias, 1 drivers
v0x5602324b3510_0 .net "router_mode", 3 0, v0x5602324bcf60_0;  alias, 1 drivers
v0x5602324b35b0_0 .var "south_data_o", 79 0;
v0x5602324b3690_0 .var "south_enable_o", 0 0;
v0x5602324b3750_0 .net "w_addr_glb_psum", 9 0, v0x5602324b2880_0;  alias, 1 drivers
v0x5602324b3840_0 .net "west_data_i", 79 0, v0x5602324be100_0;  alias, 1 drivers
v0x5602324b3900_0 .net "west_data_o", 15 0, v0x5602324b2960_0;  alias, 1 drivers
v0x5602324b39f0_0 .net "west_enable_i", 0 0, v0x5602324be6f0_0;  alias, 1 drivers
v0x5602324b3a90_0 .net "west_enable_o", 0 0, v0x5602324b2a40_0;  alias, 1 drivers
E_0x5602324964a0 .event anyedge, v0x5602324b3510_0, v0x5602324b2da0_0, v0x5602324b31c0_0, v0x5602324b39f0_0;
E_0x560232496560 .event anyedge, v0x5602324b31c0_0, v0x5602324b30e0_0, v0x5602324b39f0_0, v0x5602324b3840_0;
S_0x5602324b16d0 .scope module, "router_psum_0" "router_psum" 7 131, 8 3 0, S_0x5602324b05c0;
 .timescale -9 -12;
    .port_info 0 /INPUT 1 "clk";
    .port_info 1 /INPUT 1 "reset";
    .port_info 2 /INPUT 80 "r_data_spad_psum";
    .port_info 3 /OUTPUT 10 "w_addr_glb_psum";
    .port_info 4 /OUTPUT 1 "write_en_glb_psum";
    .port_info 5 /OUTPUT 16 "w_data_glb_psum";
    .port_info 6 /INPUT 1 "write_psum_ctrl";
P_0x5602324b18d0 .param/l "ADDR_BITWIDTH_GLB" 0 8 4, +C4<00000000000000000000000000001010>;
P_0x5602324b1910 .param/l "ADDR_BITWIDTH_SPAD" 0 8 5, +C4<00000000000000000000000000001001>;
P_0x5602324b1950 .param/l "DATA_BITWIDTH" 0 8 3, +C4<00000000000000000000000000010000>;
P_0x5602324b1990 .param/l "IDLE" 1 8 40, C4<000>;
P_0x5602324b19d0 .param/l "PSUM_LOAD_ADDR" 0 8 17, +C4<00000000000000000000000000000000>;
P_0x5602324b1a10 .param/l "PSUM_READ_ADDR" 0 8 16, +C4<00000000000000000000000000000000>;
P_0x5602324b1a50 .param/l "READ_PSUM" 1 8 42, C4<010>;
P_0x5602324b1a90 .param/l "WRITE_GLB" 1 8 41, C4<001>;
P_0x5602324b1ad0 .param/l "X_dim" 0 8 7, +C4<00000000000000000000000000000101>;
P_0x5602324b1b10 .param/l "Y_dim" 0 8 8, +C4<00000000000000000000000000000011>;
P_0x5602324b1b50 .param/l "act_size" 0 8 10, +C4<00000000000000000000000000000101>;
P_0x5602324b1b90 .param/l "kernel_size" 0 8 9, +C4<00000000000000000000000000000011>;
v0x5602324b2210_0 .net "clk", 0 0, v0x5602324bbb20_0;  alias, 1 drivers
v0x5602324b2300_0 .var "iter", 2 0;
v0x5602324b23e0_0 .var "pe_psum", 79 0;
v0x5602324b24a0_0 .var "psum_count", 4 0;
v0x5602324b2580_0 .net "r_data_spad_psum", 79 0, L_0x5602324761b0;  alias, 1 drivers
v0x5602324b26b0_0 .net "reset", 0 0, v0x5602324bcdb0_0;  alias, 1 drivers
v0x5602324b27a0_0 .var "state", 2 0;
v0x5602324b2880_0 .var "w_addr_glb_psum", 9 0;
v0x5602324b2960_0 .var "w_data_glb_psum", 15 0;
v0x5602324b2a40_0 .var "write_en_glb_psum", 0 0;
v0x5602324b2b00_0 .net "write_psum_ctrl", 0 0, L_0x5602324becb0;  alias, 1 drivers
S_0x5602324b3d20 .scope module, "router_wght_0" "router_generic_wght" 4 153, 9 3 0, S_0x5602324ab340;
 .timescale -9 -12;
    .port_info 0 /INPUT 1 "clk";
    .port_info 1 /INPUT 1 "reset";
    .port_info 2 /INPUT 4 "router_mode";
    .port_info 3 /OUTPUT 10 "glb_addr_read_wght";
    .port_info 4 /OUTPUT 1 "glb_req_read_wght";
    .port_info 5 /INPUT 16 "north_data_i";
    .port_info 6 /INPUT 1 "north_enable_i";
    .port_info 7 /INPUT 16 "south_data_i";
    .port_info 8 /INPUT 1 "south_enable_i";
    .port_info 9 /INPUT 16 "west_data_i";
    .port_info 10 /INPUT 1 "west_enable_i";
    .port_info 11 /INPUT 16 "east_data_i";
    .port_info 12 /INPUT 1 "east_enable_i";
    .port_info 13 /OUTPUT 16 "north_data_o";
    .port_info 14 /OUTPUT 1 "north_enable_o";
    .port_info 15 /OUTPUT 16 "south_data_o";
    .port_info 16 /OUTPUT 1 "south_enable_o";
    .port_info 17 /OUTPUT 16 "west_data_o";
    .port_info 18 /OUTPUT 1 "west_enable_o";
    .port_info 19 /OUTPUT 16 "east_data_o";
    .port_info 20 /OUTPUT 1 "east_enable_o";
P_0x5602324b3ee0 .param/l "ADDR_BITWIDTH_GLB" 0 9 6, +C4<00000000000000000000000000001010>;
P_0x5602324b3f20 .param/l "ADDR_BITWIDTH_SPAD" 0 9 7, +C4<00000000000000000000000000001001>;
P_0x5602324b3f60 .param/l "ALL" 1 9 161, +C4<00000000000000000000000000000000>;
P_0x5602324b3fa0 .param/l "CLOSED" 1 9 172, +C4<00000000000000000000000000001011>;
P_0x5602324b3fe0 .param/l "COMPUTE_DIR" 0 9 19, +C4<00000000000000000000000000000010>;
P_0x5602324b4020 .param/l "DATA_BITWIDTH" 0 9 5, +C4<00000000000000000000000000010000>;
P_0x5602324b4060 .param/l "EAST" 1 9 165, +C4<00000000000000000000000000000100>;
P_0x5602324b40a0 .param/l "EASTNORTH" 1 9 166, +C4<00000000000000000000000000000101>;
P_0x5602324b40e0 .param/l "EASTSOUTH" 1 9 167, +C4<00000000000000000000000000000110>;
P_0x5602324b4120 .param/l "EASTWEST" 1 9 168, +C4<00000000000000000000000000000111>;
P_0x5602324b4160 .param/l "NORTH" 1 9 162, +C4<00000000000000000000000000000001>;
P_0x5602324b41a0 .param/l "SOUTH" 1 9 163, +C4<00000000000000000000000000000010>;
P_0x5602324b41e0 .param/l "WEST" 1 9 164, +C4<00000000000000000000000000000011>;
P_0x5602324b4220 .param/l "WESTEAST" 1 9 171, +C4<00000000000000000000000000001010>;
P_0x5602324b4260 .param/l "WESTNORTH" 1 9 169, +C4<00000000000000000000000000001000>;
P_0x5602324b42a0 .param/l "WESTSOUTH" 1 9 170, +C4<00000000000000000000000000001001>;
P_0x5602324b42e0 .param/l "W_LOAD_ADDR" 0 9 15, +C4<00000000000000000000000000000000>;
P_0x5602324b4320 .param/l "W_READ_ADDR" 0 9 14, +C4<00000000000000000000000000000000>;
P_0x5602324b4360 .param/l "X_dim" 0 9 9, +C4<00000000000000000000000000000101>;
P_0x5602324b43a0 .param/l "Y_dim" 0 9 10, +C4<00000000000000000000000000000011>;
P_0x5602324b43e0 .param/l "act_size" 0 9 12, +C4<00000000000000000000000000000101>;
P_0x5602324b4420 .param/l "kernel_size" 0 9 11, +C4<00000000000000000000000000000011>;
L_0x56023247e8a0 .functor NOT 1, v0x5602324b72f0_0, C4<0>, C4<0>, C4<0>;
L_0x560232487a80 .functor AND 1, v0x5602324b7250_0, L_0x56023247e8a0, C4<1>, C4<1>;
v0x5602324b6aa0_0 .net *"_ivl_0", 0 0, L_0x56023247e8a0;  1 drivers
v0x5602324b6ba0_0 .net "clk", 0 0, v0x5602324bbb20_0;  alias, 1 drivers
v0x5602324b6c60_0 .var "data_out", 15 0;
v0x5602324b6d30_0 .net "east_data_i", 15 0, o0x7fcfa74bf758;  alias, 0 drivers
v0x5602324b6dd0_0 .var "east_data_o", 15 0;
v0x5602324b6eb0_0 .net "east_enable_i", 0 0, o0x7fcfa74bf7b8;  alias, 0 drivers
v0x5602324b6f70_0 .var "east_enable_o", 0 0;
v0x5602324b7030_0 .net "glb_addr_read_wght", 9 0, v0x5602324b63a0_0;  alias, 1 drivers
v0x5602324b70f0_0 .net "glb_req_read_wght", 0 0, v0x5602324b6560_0;  alias, 1 drivers
v0x5602324b7250_0 .var "load_ff0", 0 0;
v0x5602324b72f0_0 .var "load_ff1", 0 0;
v0x5602324b7390_0 .net "load_spad_ctrl", 0 0, L_0x560232487a80;  1 drivers
v0x5602324b7460_0 .var "load_spad_ctrl_c", 0 0;
v0x5602324b7500_0 .net "north_data_i", 15 0, o0x7fcfa74bf8a8;  alias, 0 drivers
v0x5602324b75e0_0 .var "north_data_o", 15 0;
v0x5602324b76c0_0 .net "north_enable_i", 0 0, o0x7fcfa74bf908;  alias, 0 drivers
v0x5602324b7780_0 .var "north_enable_o", 0 0;
v0x5602324b7950_0 .net "reset", 0 0, v0x5602324bcdb0_0;  alias, 1 drivers
v0x5602324b79f0_0 .net "router_mode", 3 0, v0x5602324bd070_0;  alias, 1 drivers
v0x5602324b7ad0_0 .net "south_data_i", 15 0, o0x7fcfa74bf998;  alias, 0 drivers
v0x5602324b7bb0_0 .var "south_data_o", 15 0;
v0x5602324b7c90_0 .net "south_enable_i", 0 0, o0x7fcfa74bf9f8;  alias, 0 drivers
v0x5602324b7d50_0 .var "south_enable_o", 0 0;
v0x5602324b7e10_0 .net "spad_data_o", 15 0, v0x5602324b68c0_0;  1 drivers
v0x5602324b7f00_0 .net "spad_en_o", 0 0, v0x5602324b6210_0;  1 drivers
v0x5602324b7fd0_0 .net "west_data_i", 15 0, v0x5602324be210_0;  alias, 1 drivers
v0x5602324b8070_0 .var "west_data_o", 15 0;
v0x5602324b8150_0 .net "west_enable_i", 0 0, v0x5602324be7e0_0;  alias, 1 drivers
v0x5602324b8210_0 .var "west_enable_o", 0 0;
E_0x5602324b21d0 .event anyedge, v0x5602324b79f0_0, v0x5602324b6480_0;
E_0x5602324b5240 .event anyedge, v0x5602324b68c0_0, v0x5602324b6210_0;
E_0x5602324b52a0/0 .event anyedge, v0x5602324b76c0_0, v0x5602324b7500_0, v0x5602324b7c90_0, v0x5602324b7ad0_0;
E_0x5602324b52a0/1 .event anyedge, v0x5602324b8150_0, v0x5602324b7fd0_0, v0x5602324b6eb0_0, v0x5602324b6d30_0;
E_0x5602324b52a0 .event/or E_0x5602324b52a0/0, E_0x5602324b52a0/1;
S_0x5602324b5330 .scope module, "router_weight_0" "router_weight" 9 119, 10 3 0, S_0x5602324b3d20;
 .timescale -9 -12;
    .port_info 0 /INPUT 1 "clk";
    .port_info 1 /INPUT 1 "reset";
    .port_info 2 /INPUT 16 "r_data_glb_wght";
    .port_info 3 /OUTPUT 10 "r_addr_glb_wght";
    .port_info 4 /OUTPUT 1 "read_req_glb_wght";
    .port_info 5 /OUTPUT 16 "w_data_spad";
    .port_info 6 /OUTPUT 1 "load_en_spad";
    .port_info 7 /INPUT 1 "load_spad_ctrl";
P_0x5602324b5530 .param/l "ADDR_BITWIDTH_GLB" 0 10 5, +C4<00000000000000000000000000001010>;
P_0x5602324b5570 .param/l "ADDR_BITWIDTH_SPAD" 0 10 6, +C4<00000000000000000000000000001001>;
P_0x5602324b55b0 .param/l "DATA_BITWIDTH" 0 10 4, +C4<00000000000000000000000000010000>;
P_0x5602324b55f0 .param/l "IDLE" 1 10 35, C4<000>;
P_0x5602324b5630 .param/l "READ_GLB" 1 10 36, C4<001>;
P_0x5602324b5670 .param/l "TOTAL_WEIGHTS" 1 10 40, +C4<00000000000000000000000000001001>;
P_0x5602324b56b0 .param/l "WRITE_SPAD" 1 10 37, C4<010>;
P_0x5602324b56f0 .param/l "W_LOAD_ADDR" 0 10 14, +C4<00000000000000000000000000000000>;
P_0x5602324b5730 .param/l "W_READ_ADDR" 0 10 13, +C4<00000000000000000000000000000000>;
P_0x5602324b5770 .param/l "X_dim" 0 10 8, +C4<00000000000000000000000000000101>;
P_0x5602324b57b0 .param/l "Y_dim" 0 10 9, +C4<00000000000000000000000000000011>;
P_0x5602324b57f0 .param/l "act_size" 0 10 11, +C4<00000000000000000000000000000101>;
P_0x5602324b5830 .param/l "kernel_size" 0 10 10, +C4<00000000000000000000000000000011>;
v0x5602324b6070_0 .net "clk", 0 0, v0x5602324bbb20_0;  alias, 1 drivers
v0x5602324b6130_0 .var "filt_count", 5 0;
v0x5602324b6210_0 .var "load_en_spad", 0 0;
v0x5602324b62e0_0 .net "load_spad_ctrl", 0 0, L_0x560232487a80;  alias, 1 drivers
v0x5602324b63a0_0 .var "r_addr_glb_wght", 9 0;
v0x5602324b6480_0 .net "r_data_glb_wght", 15 0, v0x5602324b6c60_0;  1 drivers
v0x5602324b6560_0 .var "read_req_glb_wght", 0 0;
v0x5602324b6620_0 .net "reset", 0 0, v0x5602324bcdb0_0;  alias, 1 drivers
v0x5602324b6750_0 .var "state", 2 0;
v0x5602324b68c0_0 .var "w_data_spad", 15 0;
E_0x5602324b6010 .event posedge, v0x5602324ae7b0_0, v0x5602324ae190_0;
S_0x5602324bb840 .scope task, "wait_clk" "wait_clk" 3 179, 3 179 0, S_0x560232409330;
 .timescale -9 -12;
v0x5602324bba20_0 .var/2s "n", 31 0;
TD_tb_router_cluster_generic_wpsum.wait_clk ;
    %load/vec4 v0x5602324bba20_0;
T_4.2 %dup/vec4;
    %pushi/vec4 0, 0, 32;
    %cmp/s;
    %jmp/1xz T_4.3, 5;
    %jmp/1 T_4.3, 4;
    %pushi/vec4 1, 0, 32;
    %sub;
    %wait E_0x5602323c07e0;
    %jmp T_4.2;
T_4.3 ;
    %pop/vec4 1;
    %end;
    .scope S_0x5602324ad5d0;
T_5 ;
    %wait E_0x5602323fd1d0;
    %load/vec4 v0x5602324afdb0_0;
    %store/vec4 v0x5602324b0010_0, 0, 16;
    %load/vec4 v0x5602324afea0_0;
    %store/vec4 v0x5602324b01b0_0, 0, 1;
    %jmp T_5;
    .thread T_5, $push;
    .scope S_0x5602324ad810;
T_6 ;
    %wait E_0x5602323c07e0;
    %load/vec4 v0x5602324ae7b0_0;
    %flag_set/vec4 8;
    %jmp/0xz  T_6.0, 8;
    %pushi/vec4 0, 0, 1;
    %assign/vec4 v0x5602324ae6f0_0, 0;
    %pushi/vec4 0, 0, 10;
    %assign/vec4 v0x5602324ae4e0_0, 0;
    %pushi/vec4 0, 0, 1;
    %assign/vec4 v0x5602324ae350_0, 0;
    %pushi/vec4 0, 0, 6;
    %assign/vec4 v0x5602324ae270_0, 0;
    %pushi/vec4 0, 0, 3;
    %assign/vec4 v0x5602324ae870_0, 0;
    %jmp T_6.1;
T_6.0 ;
    %load/vec4 v0x5602324ae870_0;
    %dup/vec4;
    %pushi/vec4 0, 0, 3;
    %cmp/u;
    %jmp/1 T_6.2, 6;
    %dup/vec4;
    %pushi/vec4 1, 0, 3;
    %cmp/u;
    %jmp/1 T_6.3, 6;
    %dup/vec4;
    %pushi/vec4 2, 0, 3;
    %cmp/u;
    %jmp/1 T_6.4, 6;
    %jmp T_6.5;
T_6.2 ;
    %load/vec4 v0x5602324ae420_0;
    %flag_set/vec4 8;
    %jmp/0xz  T_6.6, 8;
    %pushi/vec4 1, 0, 1;
    %assign/vec4 v0x5602324ae6f0_0, 0;
    %pushi/vec4 100, 0, 10;
    %assign/vec4 v0x5602324ae4e0_0, 0;
    %pushi/vec4 0, 0, 1;
    %assign/vec4 v0x5602324ae350_0, 0;
    %pushi/vec4 1, 0, 3;
    %assign/vec4 v0x5602324ae870_0, 0;
    %jmp T_6.7;
T_6.6 ;
    %pushi/vec4 0, 0, 1;
    %assign/vec4 v0x5602324ae6f0_0, 0;
    %pushi/vec4 0, 0, 1;
    %assign/vec4 v0x5602324ae350_0, 0;
    %pushi/vec4 0, 0, 3;
    %assign/vec4 v0x5602324ae870_0, 0;
T_6.7 ;
    %jmp T_6.5;
T_6.3 ;
    %load/vec4 v0x5602324ae270_0;
    %addi 1, 0, 6;
    %assign/vec4 v0x5602324ae270_0, 0;
    %load/vec4 v0x5602324ae4e0_0;
    %addi 1, 0, 10;
    %assign/vec4 v0x5602324ae4e0_0, 0;
    %load/vec4 v0x5602324ae610_0;
    %assign/vec4 v0x5602324ae950_0, 0;
    %pushi/vec4 2, 0, 3;
    %assign/vec4 v0x5602324ae870_0, 0;
    %jmp T_6.5;
T_6.4 ;
    %pushi/vec4 1, 0, 1;
    %assign/vec4 v0x5602324ae350_0, 0;
    %load/vec4 v0x5602324ae270_0;
    %pad/u 32;
    %cmpi/e 25, 0, 32;
    %jmp/0xz  T_6.8, 4;
    %load/vec4 v0x5602324ae610_0;
    %assign/vec4 v0x5602324ae950_0, 0;
    %pushi/vec4 0, 0, 6;
    %assign/vec4 v0x5602324ae270_0, 0;
    %pushi/vec4 100, 0, 10;
    %assign/vec4 v0x5602324ae4e0_0, 0;
    %pushi/vec4 0, 0, 3;
    %assign/vec4 v0x5602324ae870_0, 0;
    %jmp T_6.9;
T_6.8 ;
    %load/vec4 v0x5602324ae610_0;
    %assign/vec4 v0x5602324ae950_0, 0;
    %load/vec4 v0x5602324ae270_0;
    %addi 1, 0, 6;
    %assign/vec4 v0x5602324ae270_0, 0;
    %load/vec4 v0x5602324ae4e0_0;
    %addi 1, 0, 10;
    %assign/vec4 v0x5602324ae4e0_0, 0;
    %pushi/vec4 2, 0, 3;
    %assign/vec4 v0x5602324ae870_0, 0;
T_6.9 ;
    %jmp T_6.5;
T_6.5 ;
    %pop/vec4 1;
T_6.1 ;
    %jmp T_6;
    .thread T_6;
    .scope S_0x5602324ac0b0;
T_7 ;
    %wait E_0x5602323f44d0;
    %load/vec4 v0x5602324af760_0;
    %flag_set/vec4 8;
    %jmp/0xz  T_7.0, 8;
    %load/vec4 v0x5602324af5a0_0;
    %store/vec4 v0x5602324aecf0_0, 0, 16;
    %pushi/vec4 1, 0, 1;
    %store/vec4 v0x5602324af500_0, 0, 1;
    %jmp T_7.1;
T_7.0 ;
    %load/vec4 v0x5602324afc30_0;
    %flag_set/vec4 8;
    %jmp/0xz  T_7.2, 8;
    %load/vec4 v0x5602324afa70_0;
    %store/vec4 v0x5602324aecf0_0, 0, 16;
    %pushi/vec4 1, 0, 1;
    %store/vec4 v0x5602324af500_0, 0, 1;
    %jmp T_7.3;
T_7.2 ;
    %load/vec4 v0x5602324b00f0_0;
    %flag_set/vec4 8;
    %jmp/0xz  T_7.4, 8;
    %load/vec4 v0x5602324aff70_0;
    %store/vec4 v0x5602324aecf0_0, 0, 16;
    %pushi/vec4 1, 0, 1;
    %store/vec4 v0x5602324af500_0, 0, 1;
    %jmp T_7.5;
T_7.4 ;
    %load/vec4 v0x5602324aef50_0;
    %flag_set/vec4 8;
    %jmp/0xz  T_7.6, 8;
    %load/vec4 v0x5602324aedf0_0;
    %store/vec4 v0x5602324aecf0_0, 0, 16;
    %pushi/vec4 1, 0, 1;
    %store/vec4 v0x5602324af500_0, 0, 1;
    %jmp T_7.7;
T_7.6 ;
    %pushi/vec4 0, 0, 16;
    %store/vec4 v0x5602324aecf0_0, 0, 16;
    %pushi/vec4 0, 0, 1;
    %store/vec4 v0x5602324af500_0, 0, 1;
T_7.7 ;
T_7.5 ;
T_7.3 ;
T_7.1 ;
    %jmp T_7;
    .thread T_7, $push;
    .scope S_0x5602324ac0b0;
T_8 ;
    %wait E_0x5602323c07e0;
    %load/vec4 v0x5602324af8e0_0;
    %flag_set/vec4 8;
    %jmp/0xz  T_8.0, 8;
    %pushi/vec4 0, 0, 1;
    %assign/vec4 v0x5602324af2f0_0, 0;
    %pushi/vec4 0, 0, 1;
    %assign/vec4 v0x5602324af390_0, 0;
    %jmp T_8.1;
T_8.0 ;
    %load/vec4 v0x5602324af500_0;
    %assign/vec4 v0x5602324af2f0_0, 0;
    %load/vec4 v0x5602324af2f0_0;
    %assign/vec4 v0x5602324af390_0, 0;
T_8.1 ;
    %jmp T_8;
    .thread T_8;
    .scope S_0x5602324ac0b0;
T_9 ;
    %wait E_0x5602323f9820;
    %pushi/vec4 0, 0, 16;
    %store/vec4 v0x5602324af680_0, 0, 16;
    %pushi/vec4 0, 0, 1;
    %store/vec4 v0x5602324af820_0, 0, 1;
    %pushi/vec4 0, 0, 16;
    %store/vec4 v0x5602324afb50_0, 0, 16;
    %pushi/vec4 0, 0, 1;
    %store/vec4 v0x5602324afcf0_0, 0, 1;
    %pushi/vec4 0, 0, 16;
    %store/vec4 v0x5602324b0010_0, 0, 16;
    %pushi/vec4 0, 0, 1;
    %store/vec4 v0x5602324b01b0_0, 0, 1;
    %pushi/vec4 0, 0, 16;
    %store/vec4 v0x5602324aee90_0, 0, 16;
    %pushi/vec4 0, 0, 1;
    %store/vec4 v0x5602324af010_0, 0, 1;
    %load/vec4 v0x5602324af9b0_0;
    %pad/u 32;
    %cmpi/ne 11, 0, 32;
    %jmp/0xz  T_9.0, 4;
    %load/vec4 v0x5602324af9b0_0;
    %dup/vec4;
    %pushi/vec4 0, 0, 4;
    %cmp/u;
    %jmp/1 T_9.2, 6;
    %dup/vec4;
    %pushi/vec4 1, 0, 4;
    %cmp/u;
    %jmp/1 T_9.3, 6;
    %dup/vec4;
    %pushi/vec4 2, 0, 4;
    %cmp/u;
    %jmp/1 T_9.4, 6;
    %dup/vec4;
    %pushi/vec4 4, 0, 4;
    %cmp/u;
    %jmp/1 T_9.5, 6;
    %dup/vec4;
    %pushi/vec4 5, 0, 4;
    %cmp/u;
    %jmp/1 T_9.6, 6;
    %dup/vec4;
    %pushi/vec4 6, 0, 4;
    %cmp/u;
    %jmp/1 T_9.7, 6;
    %dup/vec4;
    %pushi/vec4 8, 0, 4;
    %cmp/u;
    %jmp/1 T_9.8, 6;
    %dup/vec4;
    %pushi/vec4 9, 0, 4;
    %cmp/u;
    %jmp/1 T_9.9, 6;
    %dup/vec4;
    %pushi/vec4 10, 0, 4;
    %cmp/u;
    %jmp/1 T_9.10, 6;
    %jmp T_9.11;
T_9.2 ;
    %load/vec4 v0x5602324aecf0_0;
    %store/vec4 v0x5602324af680_0, 0, 16;
    %pushi/vec4 1, 0, 1;
    %store/vec4 v0x5602324af820_0, 0, 1;
    %load/vec4 v0x5602324aecf0_0;
    %store/vec4 v0x5602324afb50_0, 0, 16;
    %pushi/vec4 1, 0, 1;
    %store/vec4 v0x5602324afcf0_0, 0, 1;
    %load/vec4 v0x5602324aecf0_0;
    %store/vec4 v0x5602324aee90_0, 0, 16;
    %pushi/vec4 1, 0, 1;
    %store/vec4 v0x5602324af010_0, 0, 1;
    %jmp T_9.11;
T_9.3 ;
    %load/vec4 v0x5602324aecf0_0;
    %store/vec4 v0x5602324af680_0, 0, 16;
    %pushi/vec4 1, 0, 1;
    %store/vec4 v0x5602324af820_0, 0, 1;
    %jmp T_9.11;
T_9.4 ;
    %load/vec4 v0x5602324aecf0_0;
    %store/vec4 v0x5602324afb50_0, 0, 16;
    %pushi/vec4 1, 0, 1;
    %store/vec4 v0x5602324afcf0_0, 0, 1;
    %jmp T_9.11;
T_9.5 ;
    %load/vec4 v0x5602324aecf0_0;
    %store/vec4 v0x5602324aee90_0, 0, 16;
    %pushi/vec4 1, 0, 1;
    %store/vec4 v0x5602324af010_0, 0, 1;
    %jmp T_9.11;
T_9.6 ;
    %load/vec4 v0x5602324aecf0_0;
    %store/vec4 v0x5602324aee90_0, 0, 16;
    %pushi/vec4 1, 0, 1;
    %store/vec4 v0x5602324af010_0, 0, 1;
    %load/vec4 v0x5602324aecf0_0;
    %store/vec4 v0x5602324af680_0, 0, 16;
    %pushi/vec4 1, 0, 1;
    %store/vec4 v0x5602324af820_0, 0, 1;
    %jmp T_9.11;
T_9.7 ;
    %load/vec4 v0x5602324aecf0_0;
    %store/vec4 v0x5602324aee90_0, 0, 16;
    %pushi/vec4 1, 0, 1;
    %store/vec4 v0x5602324af010_0, 0, 1;
    %load/vec4 v0x5602324aecf0_0;
    %store/vec4 v0x5602324afb50_0, 0, 16;
    %pushi/vec4 1, 0, 1;
    %store/vec4 v0x5602324afcf0_0, 0, 1;
    %jmp T_9.11;
T_9.8 ;
    %load/vec4 v0x5602324aecf0_0;
    %store/vec4 v0x5602324b0010_0, 0, 16;
    %pushi/vec4 1, 0, 1;
    %store/vec4 v0x5602324b01b0_0, 0, 1;
    %load/vec4 v0x5602324aecf0_0;
    %store/vec4 v0x5602324af680_0, 0, 16;
    %pushi/vec4 1, 0, 1;
    %store/vec4 v0x5602324af820_0, 0, 1;
    %jmp T_9.11;
T_9.9 ;
    %load/vec4 v0x5602324aecf0_0;
    %store/vec4 v0x5602324b0010_0, 0, 16;
    %pushi/vec4 1, 0, 1;
    %store/vec4 v0x5602324b01b0_0, 0, 1;
    %load/vec4 v0x5602324aecf0_0;
    %store/vec4 v0x5602324afb50_0, 0, 16;
    %pushi/vec4 1, 0, 1;
    %store/vec4 v0x5602324afcf0_0, 0, 1;
    %jmp T_9.11;
T_9.10 ;
    %load/vec4 v0x5602324aecf0_0;
    %store/vec4 v0x5602324b0010_0, 0, 16;
    %pushi/vec4 1, 0, 1;
    %store/vec4 v0x5602324b01b0_0, 0, 1;
    %load/vec4 v0x5602324aecf0_0;
    %store/vec4 v0x5602324aee90_0, 0, 16;
    %pushi/vec4 1, 0, 1;
    %store/vec4 v0x5602324af010_0, 0, 1;
    %jmp T_9.11;
T_9.11 ;
    %pop/vec4 1;
T_9.0 ;
    %jmp T_9;
    .thread T_9, $push;
    .scope S_0x5602324b5330;
T_10 ;
    %wait E_0x5602324b6010;
    %load/vec4 v0x5602324b6620_0;
    %flag_set/vec4 8;
    %jmp/0xz  T_10.0, 8;
    %pushi/vec4 0, 0, 1;
    %assign/vec4 v0x5602324b6560_0, 0;
    %pushi/vec4 0, 0, 10;
    %assign/vec4 v0x5602324b63a0_0, 0;
    %pushi/vec4 0, 0, 1;
    %assign/vec4 v0x5602324b6210_0, 0;
    %pushi/vec4 0, 0, 16;
    %assign/vec4 v0x5602324b68c0_0, 0;
    %pushi/vec4 0, 0, 6;
    %assign/vec4 v0x5602324b6130_0, 0;
    %pushi/vec4 0, 0, 3;
    %assign/vec4 v0x5602324b6750_0, 0;
    %jmp T_10.1;
T_10.0 ;
    %pushi/vec4 0, 0, 1;
    %assign/vec4 v0x5602324b6210_0, 0;
    %load/vec4 v0x5602324b6750_0;
    %dup/vec4;
    %pushi/vec4 0, 0, 3;
    %cmp/u;
    %jmp/1 T_10.2, 6;
    %dup/vec4;
    %pushi/vec4 1, 0, 3;
    %cmp/u;
    %jmp/1 T_10.3, 6;
    %dup/vec4;
    %pushi/vec4 2, 0, 3;
    %cmp/u;
    %jmp/1 T_10.4, 6;
    %pushi/vec4 0, 0, 3;
    %assign/vec4 v0x5602324b6750_0, 0;
    %jmp T_10.6;
T_10.2 ;
    %pushi/vec4 0, 0, 1;
    %assign/vec4 v0x5602324b6560_0, 0;
    %pushi/vec4 0, 0, 6;
    %assign/vec4 v0x5602324b6130_0, 0;
    %load/vec4 v0x5602324b62e0_0;
    %flag_set/vec4 8;
    %jmp/0xz  T_10.7, 8;
    %pushi/vec4 1, 0, 1;
    %assign/vec4 v0x5602324b6560_0, 0;
    %pushi/vec4 0, 0, 10;
    %assign/vec4 v0x5602324b63a0_0, 0;
    %pushi/vec4 1, 0, 3;
    %assign/vec4 v0x5602324b6750_0, 0;
T_10.7 ;
    %jmp T_10.6;
T_10.3 ;
    %load/vec4 v0x5602324b6480_0;
    %assign/vec4 v0x5602324b68c0_0, 0;
    %pushi/vec4 2, 0, 3;
    %assign/vec4 v0x5602324b6750_0, 0;
    %jmp T_10.6;
T_10.4 ;
    %pushi/vec4 1, 0, 1;
    %assign/vec4 v0x5602324b6210_0, 0;
    %load/vec4 v0x5602324b6130_0;
    %pad/u 32;
    %cmpi/e 8, 0, 32;
    %jmp/0xz  T_10.9, 4;
    %pushi/vec4 0, 0, 1;
    %assign/vec4 v0x5602324b6560_0, 0;
    %pushi/vec4 0, 0, 6;
    %assign/vec4 v0x5602324b6130_0, 0;
    %pushi/vec4 0, 0, 3;
    %assign/vec4 v0x5602324b6750_0, 0;
    %jmp T_10.10;
T_10.9 ;
    %load/vec4 v0x5602324b6130_0;
    %addi 1, 0, 6;
    %assign/vec4 v0x5602324b6130_0, 0;
    %load/vec4 v0x5602324b63a0_0;
    %addi 1, 0, 10;
    %assign/vec4 v0x5602324b63a0_0, 0;
    %pushi/vec4 1, 0, 3;
    %assign/vec4 v0x5602324b6750_0, 0;
T_10.10 ;
    %jmp T_10.6;
T_10.6 ;
    %pop/vec4 1;
T_10.1 ;
    %jmp T_10;
    .thread T_10;
    .scope S_0x5602324b3d20;
T_11 ;
    %wait E_0x5602324b52a0;
    %load/vec4 v0x5602324b76c0_0;
    %flag_set/vec4 8;
    %jmp/0xz  T_11.0, 8;
    %load/vec4 v0x5602324b7500_0;
    %store/vec4 v0x5602324b6c60_0, 0, 16;
    %pushi/vec4 1, 0, 1;
    %store/vec4 v0x5602324b7460_0, 0, 1;
    %jmp T_11.1;
T_11.0 ;
    %load/vec4 v0x5602324b7c90_0;
    %flag_set/vec4 8;
    %jmp/0xz  T_11.2, 8;
    %load/vec4 v0x5602324b7ad0_0;
    %store/vec4 v0x5602324b6c60_0, 0, 16;
    %pushi/vec4 1, 0, 1;
    %store/vec4 v0x5602324b7460_0, 0, 1;
    %jmp T_11.3;
T_11.2 ;
    %load/vec4 v0x5602324b8150_0;
    %flag_set/vec4 8;
    %jmp/0xz  T_11.4, 8;
    %load/vec4 v0x5602324b7fd0_0;
    %store/vec4 v0x5602324b6c60_0, 0, 16;
    %pushi/vec4 1, 0, 1;
    %store/vec4 v0x5602324b7460_0, 0, 1;
    %jmp T_11.5;
T_11.4 ;
    %load/vec4 v0x5602324b6eb0_0;
    %flag_set/vec4 8;
    %jmp/0xz  T_11.6, 8;
    %load/vec4 v0x5602324b6d30_0;
    %store/vec4 v0x5602324b6c60_0, 0, 16;
    %pushi/vec4 1, 0, 1;
    %store/vec4 v0x5602324b7460_0, 0, 1;
    %jmp T_11.7;
T_11.6 ;
    %pushi/vec4 0, 0, 16;
    %store/vec4 v0x5602324b6c60_0, 0, 16;
    %pushi/vec4 0, 0, 1;
    %store/vec4 v0x5602324b7460_0, 0, 1;
T_11.7 ;
T_11.5 ;
T_11.3 ;
T_11.1 ;
    %jmp T_11;
    .thread T_11, $push;
    .scope S_0x5602324b3d20;
T_12 ;
    %wait E_0x5602323c07e0;
    %load/vec4 v0x5602324b7950_0;
    %flag_set/vec4 8;
    %jmp/0xz  T_12.0, 8;
    %pushi/vec4 0, 0, 1;
    %assign/vec4 v0x5602324b7250_0, 0;
    %pushi/vec4 0, 0, 1;
    %assign/vec4 v0x5602324b72f0_0, 0;
    %jmp T_12.1;
T_12.0 ;
    %load/vec4 v0x5602324b7460_0;
    %assign/vec4 v0x5602324b7250_0, 0;
    %load/vec4 v0x5602324b7250_0;
    %assign/vec4 v0x5602324b72f0_0, 0;
T_12.1 ;
    %jmp T_12;
    .thread T_12;
    .scope S_0x5602324b3d20;
T_13 ;
    %wait E_0x5602324b5240;
    %pushi/vec4 0, 0, 16;
    %store/vec4 v0x5602324b75e0_0, 0, 16;
    %pushi/vec4 0, 0, 16;
    %store/vec4 v0x5602324b7bb0_0, 0, 16;
    %pushi/vec4 0, 0, 16;
    %store/vec4 v0x5602324b8070_0, 0, 16;
    %pushi/vec4 0, 0, 16;
    %store/vec4 v0x5602324b6dd0_0, 0, 16;
    %pushi/vec4 0, 0, 1;
    %store/vec4 v0x5602324b7780_0, 0, 1;
    %pushi/vec4 0, 0, 1;
    %store/vec4 v0x5602324b7d50_0, 0, 1;
    %pushi/vec4 0, 0, 1;
    %store/vec4 v0x5602324b8210_0, 0, 1;
    %pushi/vec4 0, 0, 1;
    %store/vec4 v0x5602324b6f70_0, 0, 1;
    %pushi/vec4 2, 0, 32;
    %dup/vec4;
    %pushi/vec4 0, 0, 32;
    %cmp/u;
    %jmp/1 T_13.0, 6;
    %dup/vec4;
    %pushi/vec4 1, 0, 32;
    %cmp/u;
    %jmp/1 T_13.1, 6;
    %dup/vec4;
    %pushi/vec4 2, 0, 32;
    %cmp/u;
    %jmp/1 T_13.2, 6;
    %dup/vec4;
    %pushi/vec4 3, 0, 32;
    %cmp/u;
    %jmp/1 T_13.3, 6;
    %jmp T_13.4;
T_13.0 ;
    %load/vec4 v0x5602324b7e10_0;
    %store/vec4 v0x5602324b75e0_0, 0, 16;
    %load/vec4 v0x5602324b7f00_0;
    %store/vec4 v0x5602324b7780_0, 0, 1;
    %jmp T_13.4;
T_13.1 ;
    %load/vec4 v0x5602324b7e10_0;
    %store/vec4 v0x5602324b7bb0_0, 0, 16;
    %load/vec4 v0x5602324b7f00_0;
    %store/vec4 v0x5602324b7d50_0, 0, 1;
    %jmp T_13.4;
T_13.2 ;
    %load/vec4 v0x5602324b7e10_0;
    %store/vec4 v0x5602324b8070_0, 0, 16;
    %load/vec4 v0x5602324b7f00_0;
    %store/vec4 v0x5602324b8210_0, 0, 1;
    %jmp T_13.4;
T_13.3 ;
    %load/vec4 v0x5602324b7e10_0;
    %store/vec4 v0x5602324b6dd0_0, 0, 16;
    %load/vec4 v0x5602324b7f00_0;
    %store/vec4 v0x5602324b6f70_0, 0, 1;
    %jmp T_13.4;
T_13.4 ;
    %pop/vec4 1;
    %jmp T_13;
    .thread T_13, $push;
    .scope S_0x5602324b3d20;
T_14 ;
    %wait E_0x5602324b21d0;
    %load/vec4 v0x5602324b79f0_0;
    %pad/u 32;
    %cmpi/e 11, 0, 32;
    %jmp/0xz  T_14.0, 4;
    %jmp T_14.1;
T_14.0 ;
    %load/vec4 v0x5602324b79f0_0;
    %dup/vec4;
    %pushi/vec4 0, 0, 4;
    %cmp/u;
    %jmp/1 T_14.2, 6;
    %dup/vec4;
    %pushi/vec4 1, 0, 4;
    %cmp/u;
    %jmp/1 T_14.3, 6;
    %dup/vec4;
    %pushi/vec4 2, 0, 4;
    %cmp/u;
    %jmp/1 T_14.4, 6;
    %dup/vec4;
    %pushi/vec4 4, 0, 4;
    %cmp/u;
    %jmp/1 T_14.5, 6;
    %dup/vec4;
    %pushi/vec4 5, 0, 4;
    %cmp/u;
    %jmp/1 T_14.6, 6;
    %dup/vec4;
    %pushi/vec4 6, 0, 4;
    %cmp/u;
    %jmp/1 T_14.7, 6;
    %dup/vec4;
    %pushi/vec4 8, 0, 4;
    %cmp/u;
    %jmp/1 T_14.8, 6;
    %dup/vec4;
    %pushi/vec4 9, 0, 4;
    %cmp/u;
    %jmp/1 T_14.9, 6;
    %dup/vec4;
    %pushi/vec4 10, 0, 4;
    %cmp/u;
    %jmp/1 T_14.10, 6;
    %jmp T_14.11;
T_14.2 ;
    %load/vec4 v0x5602324b6c60_0;
    %store/vec4 v0x5602324b75e0_0, 0, 16;
    %pushi/vec4 1, 0, 1;
    %store/vec4 v0x5602324b7780_0, 0, 1;
    %load/vec4 v0x5602324b6c60_0;
    %store/vec4 v0x5602324b7bb0_0, 0, 16;
    %pushi/vec4 1, 0, 1;
    %store/vec4 v0x5602324b7d50_0, 0, 1;
    %load/vec4 v0x5602324b6c60_0;
    %store/vec4 v0x5602324b6dd0_0, 0, 16;
    %pushi/vec4 1, 0, 1;
    %store/vec4 v0x5602324b6f70_0, 0, 1;
    %jmp T_14.11;
T_14.3 ;
    %load/vec4 v0x5602324b6c60_0;
    %store/vec4 v0x5602324b75e0_0, 0, 16;
    %pushi/vec4 1, 0, 1;
    %store/vec4 v0x5602324b7780_0, 0, 1;
    %jmp T_14.11;
T_14.4 ;
    %load/vec4 v0x5602324b6c60_0;
    %store/vec4 v0x5602324b7bb0_0, 0, 16;
    %pushi/vec4 1, 0, 1;
    %store/vec4 v0x5602324b7d50_0, 0, 1;
    %jmp T_14.11;
T_14.5 ;
    %load/vec4 v0x5602324b6c60_0;
    %store/vec4 v0x5602324b6dd0_0, 0, 16;
    %pushi/vec4 1, 0, 1;
    %store/vec4 v0x5602324b6f70_0, 0, 1;
    %jmp T_14.11;
T_14.6 ;
    %load/vec4 v0x5602324b6c60_0;
    %store/vec4 v0x5602324b6dd0_0, 0, 16;
    %pushi/vec4 1, 0, 1;
    %store/vec4 v0x5602324b6f70_0, 0, 1;
    %load/vec4 v0x5602324b6c60_0;
    %store/vec4 v0x5602324b75e0_0, 0, 16;
    %pushi/vec4 1, 0, 1;
    %store/vec4 v0x5602324b7780_0, 0, 1;
    %jmp T_14.11;
T_14.7 ;
    %load/vec4 v0x5602324b6c60_0;
    %store/vec4 v0x5602324b6dd0_0, 0, 16;
    %pushi/vec4 1, 0, 1;
    %store/vec4 v0x5602324b6f70_0, 0, 1;
    %load/vec4 v0x5602324b6c60_0;
    %store/vec4 v0x5602324b7bb0_0, 0, 16;
    %pushi/vec4 1, 0, 1;
    %store/vec4 v0x5602324b7d50_0, 0, 1;
    %jmp T_14.11;
T_14.8 ;
    %load/vec4 v0x5602324b6c60_0;
    %store/vec4 v0x5602324b8070_0, 0, 16;
    %pushi/vec4 1, 0, 1;
    %store/vec4 v0x5602324b8210_0, 0, 1;
    %load/vec4 v0x5602324b6c60_0;
    %store/vec4 v0x5602324b75e0_0, 0, 16;
    %pushi/vec4 1, 0, 1;
    %store/vec4 v0x5602324b7780_0, 0, 1;
    %jmp T_14.11;
T_14.9 ;
    %load/vec4 v0x5602324b6c60_0;
    %store/vec4 v0x5602324b8070_0, 0, 16;
    %pushi/vec4 1, 0, 1;
    %store/vec4 v0x5602324b8210_0, 0, 1;
    %load/vec4 v0x5602324b6c60_0;
    %store/vec4 v0x5602324b7bb0_0, 0, 16;
    %pushi/vec4 1, 0, 1;
    %store/vec4 v0x5602324b7d50_0, 0, 1;
    %jmp T_14.11;
T_14.10 ;
    %load/vec4 v0x5602324b6c60_0;
    %store/vec4 v0x5602324b8070_0, 0, 16;
    %pushi/vec4 1, 0, 1;
    %store/vec4 v0x5602324b8210_0, 0, 1;
    %load/vec4 v0x5602324b6c60_0;
    %store/vec4 v0x5602324b6dd0_0, 0, 16;
    %pushi/vec4 1, 0, 1;
    %store/vec4 v0x5602324b6f70_0, 0, 1;
    %jmp T_14.11;
T_14.11 ;
    %pop/vec4 1;
T_14.1 ;
    %jmp T_14;
    .thread T_14, $push;
    .scope S_0x5602324b16d0;
T_15 ;
    %wait E_0x5602323c07e0;
    %load/vec4 v0x5602324b26b0_0;
    %flag_set/vec4 8;
    %jmp/0xz  T_15.0, 8;
    %pushi/vec4 0, 0, 10;
    %assign/vec4 v0x5602324b2880_0, 0;
    %pushi/vec4 0, 0, 5;
    %assign/vec4 v0x5602324b24a0_0, 0;
    %pushi/vec4 0, 0, 1;
    %assign/vec4 v0x5602324b2a40_0, 0;
    %pushi/vec4 0, 0, 3;
    %assign/vec4 v0x5602324b2300_0, 0;
    %pushi/vec4 0, 0, 3;
    %assign/vec4 v0x5602324b27a0_0, 0;
    %jmp T_15.1;
T_15.0 ;
    %load/vec4 v0x5602324b27a0_0;
    %dup/vec4;
    %pushi/vec4 0, 0, 3;
    %cmp/u;
    %jmp/1 T_15.2, 6;
    %dup/vec4;
    %pushi/vec4 2, 0, 3;
    %cmp/u;
    %jmp/1 T_15.3, 6;
    %dup/vec4;
    %pushi/vec4 1, 0, 3;
    %cmp/u;
    %jmp/1 T_15.4, 6;
    %jmp T_15.5;
T_15.2 ;
    %load/vec4 v0x5602324b2b00_0;
    %flag_set/vec4 8;
    %jmp/0xz  T_15.6, 8;
    %pushi/vec4 2, 0, 3;
    %assign/vec4 v0x5602324b27a0_0, 0;
    %jmp T_15.7;
T_15.6 ;
    %pushi/vec4 0, 0, 5;
    %assign/vec4 v0x5602324b24a0_0, 0;
    %pushi/vec4 0, 0, 1;
    %assign/vec4 v0x5602324b2a40_0, 0;
    %pushi/vec4 0, 0, 10;
    %assign/vec4 v0x5602324b2880_0, 0;
    %pushi/vec4 0, 0, 3;
    %assign/vec4 v0x5602324b27a0_0, 0;
T_15.7 ;
    %jmp T_15.5;
T_15.3 ;
    %load/vec4 v0x5602324b2580_0;
    %assign/vec4 v0x5602324b23e0_0, 0;
    %pushi/vec4 0, 0, 5;
    %assign/vec4 v0x5602324b24a0_0, 0;
    %pushi/vec4 1, 0, 3;
    %assign/vec4 v0x5602324b27a0_0, 0;
    %jmp T_15.5;
T_15.4 ;
    %pushi/vec4 1, 0, 1;
    %assign/vec4 v0x5602324b2a40_0, 0;
    %load/vec4 v0x5602324b24a0_0;
    %pad/u 32;
    %cmpi/e 4, 0, 32;
    %jmp/0xz  T_15.8, 4;
    %load/vec4 v0x5602324b23e0_0;
    %load/vec4 v0x5602324b24a0_0;
    %pad/u 32;
    %addi 1, 0, 32;
    %muli 16, 0, 32;
    %subi 1, 0, 32;
    %pad/u 34;
    %subi 15, 0, 34;
    %part/s 16;
    %assign/vec4 v0x5602324b2960_0, 0;
    %pushi/vec4 0, 0, 5;
    %assign/vec4 v0x5602324b24a0_0, 0;
    %load/vec4 v0x5602324b2880_0;
    %addi 1, 0, 10;
    %assign/vec4 v0x5602324b2880_0, 0;
    %load/vec4 v0x5602324b2300_0;
    %addi 1, 0, 3;
    %assign/vec4 v0x5602324b2300_0, 0;
    %pushi/vec4 0, 0, 3;
    %assign/vec4 v0x5602324b27a0_0, 0;
    %jmp T_15.9;
T_15.8 ;
    %load/vec4 v0x5602324b23e0_0;
    %load/vec4 v0x5602324b24a0_0;
    %pad/u 32;
    %addi 1, 0, 32;
    %muli 16, 0, 32;
    %subi 1, 0, 32;
    %pad/u 34;
    %subi 15, 0, 34;
    %part/s 16;
    %assign/vec4 v0x5602324b2960_0, 0;
    %load/vec4 v0x5602324b24a0_0;
    %addi 1, 0, 5;
    %assign/vec4 v0x5602324b24a0_0, 0;
    %load/vec4 v0x5602324b24a0_0;
    %pad/u 32;
    %cmpi/e 4, 0, 32;
    %jmp/0xz  T_15.10, 4;
    %pushi/vec4 0, 0, 3;
    %assign/vec4 v0x5602324b27a0_0, 0;
    %jmp T_15.11;
T_15.10 ;
    %load/vec4 v0x5602324b24a0_0;
    %pad/u 32;
    %cmpi/e 0, 0, 32;
    %jmp/0xz  T_15.12, 4;
    %pushi/vec4 0, 0, 32;
    %load/vec4 v0x5602324b2300_0;
    %pad/u 32;
    %muli 5, 0, 32;
    %add;
    %pad/u 10;
    %assign/vec4 v0x5602324b2880_0, 0;
    %pushi/vec4 1, 0, 3;
    %assign/vec4 v0x5602324b27a0_0, 0;
    %jmp T_15.13;
T_15.12 ;
    %load/vec4 v0x5602324b2880_0;
    %addi 1, 0, 10;
    %assign/vec4 v0x5602324b2880_0, 0;
    %pushi/vec4 1, 0, 3;
    %assign/vec4 v0x5602324b27a0_0, 0;
T_15.13 ;
T_15.11 ;
T_15.9 ;
    %jmp T_15.5;
T_15.5 ;
    %pop/vec4 1;
T_15.1 ;
    %jmp T_15;
    .thread T_15;
    .scope S_0x5602324b05c0;
T_16 ;
    %wait E_0x560232496560;
    %load/vec4 v0x5602324b31c0_0;
    %flag_set/vec4 8;
    %jmp/0xz  T_16.0, 8;
    %load/vec4 v0x5602324b30e0_0;
    %store/vec4 v0x5602324b2da0_0, 0, 80;
    %jmp T_16.1;
T_16.0 ;
    %load/vec4 v0x5602324b39f0_0;
    %flag_set/vec4 8;
    %jmp/0xz  T_16.2, 8;
    %load/vec4 v0x5602324b3840_0;
    %store/vec4 v0x5602324b2da0_0, 0, 80;
    %jmp T_16.3;
T_16.2 ;
    %pushi/vec4 0, 0, 80;
    %store/vec4 v0x5602324b2da0_0, 0, 80;
T_16.3 ;
T_16.1 ;
    %jmp T_16;
    .thread T_16, $push;
    .scope S_0x5602324b05c0;
T_17 ;
    %wait E_0x5602324964a0;
    %pushi/vec4 0, 0, 80;
    %store/vec4 v0x5602324b35b0_0, 0, 80;
    %pushi/vec4 0, 0, 1;
    %store/vec4 v0x5602324b3690_0, 0, 1;
    %pushi/vec4 0, 0, 80;
    %store/vec4 v0x5602324b2f40_0, 0, 80;
    %load/vec4 v0x5602324b3510_0;
    %dup/vec4;
    %pushi/vec4 2, 0, 4;
    %cmp/u;
    %jmp/1 T_17.0, 6;
    %dup/vec4;
    %pushi/vec4 4, 0, 4;
    %cmp/u;
    %jmp/1 T_17.1, 6;
    %dup/vec4;
    %pushi/vec4 6, 0, 4;
    %cmp/u;
    %jmp/1 T_17.2, 6;
    %dup/vec4;
    %pushi/vec4 11, 0, 4;
    %cmp/u;
    %jmp/1 T_17.3, 6;
    %jmp T_17.4;
T_17.0 ;
    %load/vec4 v0x5602324b2da0_0;
    %store/vec4 v0x5602324b35b0_0, 0, 80;
    %load/vec4 v0x5602324b31c0_0;
    %load/vec4 v0x5602324b39f0_0;
    %or;
    %store/vec4 v0x5602324b3690_0, 0, 1;
    %jmp T_17.4;
T_17.1 ;
    %load/vec4 v0x5602324b2da0_0;
    %store/vec4 v0x5602324b2f40_0, 0, 80;
    %jmp T_17.4;
T_17.2 ;
    %load/vec4 v0x5602324b2da0_0;
    %store/vec4 v0x5602324b35b0_0, 0, 80;
    %load/vec4 v0x5602324b31c0_0;
    %load/vec4 v0x5602324b39f0_0;
    %or;
    %store/vec4 v0x5602324b3690_0, 0, 1;
    %load/vec4 v0x5602324b2da0_0;
    %store/vec4 v0x5602324b2f40_0, 0, 80;
    %jmp T_17.4;
T_17.3 ;
    %jmp T_17.4;
T_17.4 ;
    %pop/vec4 1;
    %jmp T_17;
    .thread T_17, $push;
    .scope S_0x560232409330;
T_18 ;
    %pushi/vec4 0, 0, 32;
    %store/vec4 v0x5602324bc4d0_0, 0, 32;
    %end;
    .thread T_18, $init;
    .scope S_0x560232409330;
T_19 ;
    %delay 5000, 0;
    %load/vec4 v0x5602324bbb20_0;
    %inv;
    %store/vec4 v0x5602324bbb20_0, 0, 1;
    %jmp T_19;
    .thread T_19;
    .scope S_0x560232409330;
T_20 ;
    %vpi_call/w 3 151 "$dumpfile", "router_cluster_generic_wpsum_tb.vcd" {0 0 0};
    %vpi_call/w 3 152 "$dumpvars", 32'sb00000000000000000000000000000000, S_0x560232409330 {0 0 0};
    %end;
    .thread T_20;
    .scope S_0x560232409330;
T_21 ;
    %pushi/vec4 0, 0, 1;
    %store/vec4 v0x5602324bbb20_0, 0, 1;
    %pushi/vec4 1, 0, 1;
    %store/vec4 v0x5602324bcdb0_0, 0, 1;
    %pushi/vec4 11, 0, 4;
    %store/vec4 v0x5602324bce50_0, 0, 4;
    %pushi/vec4 11, 0, 4;
    %store/vec4 v0x5602324bd070_0, 0, 4;
    %pushi/vec4 2, 0, 4;
    %store/vec4 v0x5602324bcf60_0, 0, 4;
    %pushi/vec4 3, 0, 32;
    %store/vec4 v0x5602324bba20_0, 0, 32;
    %fork TD_tb_router_cluster_generic_wpsum.wait_clk, S_0x5602324bb840;
    %join;
    %pushi/vec4 0, 0, 1;
    %store/vec4 v0x5602324bcdb0_0, 0, 1;
    %pushi/str "Reset deasserted; beginning functional verification";
    %store/str v0x560232487ba0_0;
    %fork TD_tb_router_cluster_generic_wpsum.LOG_INFO, S_0x5602324aaf20;
    %join;
    %pushi/vec4 2, 0, 32;
    %store/vec4 v0x5602324bba20_0, 0, 32;
    %fork TD_tb_router_cluster_generic_wpsum.wait_clk, S_0x5602324bb840;
    %join;
    %pushi/str "TEST 1: IACT SPAD isolation";
    %store/str v0x560232487ba0_0;
    %fork TD_tb_router_cluster_generic_wpsum.LOG_INFO, S_0x5602324aaf20;
    %join;
    %pushi/vec4 4660, 0, 16;
    %store/vec4 v0x5602324bdff0_0, 0, 16;
    %pushi/vec4 1, 0, 1;
    %store/vec4 v0x5602324be600_0, 0, 1;
    %pushi/vec4 1, 0, 32;
    %store/vec4 v0x5602324bba20_0, 0, 32;
    %fork TD_tb_router_cluster_generic_wpsum.wait_clk, S_0x5602324bb840;
    %join;
    %pushi/vec4 0, 0, 1;
    %store/vec4 v0x5602324be600_0, 0, 1;
    %pushi/vec4 2, 0, 32;
    %store/vec4 v0x5602324bba20_0, 0, 32;
    %fork TD_tb_router_cluster_generic_wpsum.wait_clk, S_0x5602324bb840;
    %join;
    %vpi_func/s 3 210 "$sformatf", "Observed IACT north_enable_o = %0b (expected 0)", v0x5602324bcbd0_0 {0 0 0};
    %store/str v0x560232487ba0_0;
    %fork TD_tb_router_cluster_generic_wpsum.LOG_INFO, S_0x5602324aaf20;
    %join;
    %load/vec4 v0x5602324bcbd0_0;
    %pad/u 32;
    %pushi/vec4 0, 0, 32;
    %cmp/e;
    %flag_get/vec4 4;
    %cast2;
    %store/vec4 v0x560232492030_0, 0, 1;
    %pushi/str "IACT routing enable asserted during SPAD load";
    %store/str v0x560232470870_0;
    %fork TD_tb_router_cluster_generic_wpsum.CHECK, S_0x56023242c950;
    %join;
    %pushi/str "IACT SPAD isolation verified";
    %store/str v0x5602324762d0_0;
    %fork TD_tb_router_cluster_generic_wpsum.LOG_PASS, S_0x5602324ab120;
    %join;
    %pushi/str "TEST 2: WGHT SPAD isolation";
    %store/str v0x560232487ba0_0;
    %fork TD_tb_router_cluster_generic_wpsum.LOG_INFO, S_0x5602324aaf20;
    %join;
    %pushi/vec4 22136, 0, 16;
    %store/vec4 v0x5602324be210_0, 0, 16;
    %pushi/vec4 1, 0, 1;
    %store/vec4 v0x5602324be7e0_0, 0, 1;
    %pushi/vec4 1, 0, 32;
    %store/vec4 v0x5602324bba20_0, 0, 32;
    %fork TD_tb_router_cluster_generic_wpsum.wait_clk, S_0x5602324bb840;
    %join;
    %pushi/vec4 0, 0, 1;
    %store/vec4 v0x5602324be7e0_0, 0, 1;
    %pushi/vec4 2, 0, 32;
    %store/vec4 v0x5602324bba20_0, 0, 32;
    %fork TD_tb_router_cluster_generic_wpsum.wait_clk, S_0x5602324bb840;
    %join;
    %vpi_func/s 3 227 "$sformatf", "Observed WGHT north_enable_o = %0b (expected 0)", v0x5602324bccc0_0 {0 0 0};
    %store/str v0x560232487ba0_0;
    %fork TD_tb_router_cluster_generic_wpsum.LOG_INFO, S_0x5602324aaf20;
    %join;
    %load/vec4 v0x5602324bccc0_0;
    %pad/u 32;
    %pushi/vec4 0, 0, 32;
    %cmp/e;
    %flag_get/vec4 4;
    %cast2;
    %store/vec4 v0x560232492030_0, 0, 1;
    %pushi/str "WGHT routing enable asserted during SPAD load";
    %store/str v0x560232470870_0;
    %fork TD_tb_router_cluster_generic_wpsum.CHECK, S_0x56023242c950;
    %join;
    %pushi/str "WGHT SPAD isolation verified";
    %store/str v0x5602324762d0_0;
    %fork TD_tb_router_cluster_generic_wpsum.LOG_PASS, S_0x5602324ab120;
    %join;
    %pushi/str "TEST 3: PSUM FSM activation";
    %store/str v0x560232487ba0_0;
    %fork TD_tb_router_cluster_generic_wpsum.LOG_INFO, S_0x5602324aaf20;
    %join;
    %pushi/vec4 0, 0, 32;
    %store/vec4 v0x5602324bd180_0, 0, 32;
    %pushi/vec4 2684387328, 0, 45;
    %concati/vec4 3221258240, 0, 33;
    %concati/vec4 1, 0, 2;
    %store/vec4 v0x5602324bbcf0_0, 0, 80;
    %pushi/vec4 1, 0, 1;
    %store/vec4 v0x5602324bc250_0, 0, 1;
    %pushi/vec4 1, 0, 32;
    %store/vec4 v0x5602324bba20_0, 0, 32;
    %fork TD_tb_router_cluster_generic_wpsum.wait_clk, S_0x5602324bb840;
    %join;
    %pushi/vec4 0, 0, 1;
    %store/vec4 v0x5602324bc250_0, 0, 1;
    %pushi/vec4 6, 0, 32;
T_21.0 %dup/vec4;
    %pushi/vec4 0, 0, 32;
    %cmp/s;
    %jmp/1xz T_21.1, 5;
    %jmp/1 T_21.1, 4;
    %pushi/vec4 1, 0, 32;
    %sub;
    %wait E_0x5602323c07e0;
    %vpi_func/s 3 248 "$sformatf", "PSUM write_en=%0b addr=%0d data=0x%h", v0x5602324be9c0_0, v0x5602324bdf30_0, v0x5602324be430_0 {0 0 0};
    %store/str v0x560232487ba0_0;
    %fork TD_tb_router_cluster_generic_wpsum.LOG_INFO, S_0x5602324aaf20;
    %join;
    %load/vec4 v0x5602324be9c0_0;
    %flag_set/vec4 8;
    %jmp/0xz  T_21.2, 8;
    %pushi/vec4 1, 0, 32;
    %store/vec4 v0x5602324bd180_0, 0, 32;
T_21.2 ;
    %jmp T_21.0;
T_21.1 ;
    %pop/vec4 1;
    %load/vec4 v0x5602324bd180_0;
    %cast2;
    %pad/s 1;
    %store/vec4 v0x560232492030_0, 0, 1;
    %pushi/str "PSUM write did not start within expected latency";
    %store/str v0x560232470870_0;
    %fork TD_tb_router_cluster_generic_wpsum.CHECK, S_0x56023242c950;
    %join;
    %pushi/str "PSUM FSM activation verified";
    %store/str v0x5602324762d0_0;
    %fork TD_tb_router_cluster_generic_wpsum.LOG_PASS, S_0x5602324ab120;
    %join;
    %pushi/str "TEST 4: PSUM routing during write";
    %store/str v0x560232487ba0_0;
    %fork TD_tb_router_cluster_generic_wpsum.LOG_INFO, S_0x5602324aaf20;
    %join;
    %pushi/vec4 2863311530, 0, 32;
    %concati/vec4 2863311530, 0, 32;
    %concati/vec4 43690, 0, 16;
    %store/vec4 v0x5602324bc6c0_0, 0, 80;
    %pushi/vec4 1, 0, 1;
    %store/vec4 v0x5602324bcae0_0, 0, 1;
    %pushi/vec4 1, 0, 32;
    %store/vec4 v0x5602324bba20_0, 0, 32;
    %fork TD_tb_router_cluster_generic_wpsum.wait_clk, S_0x5602324bb840;
    %join;
    %vpi_func/s 3 269 "$sformatf", "Observed south_enable_o=%0b south_data[15:0]=0x%h", v0x5602324bd880_0, &PV<v0x5602324bd480_0, 0, 16> {0 0 0};
    %store/str v0x560232487ba0_0;
    %fork TD_tb_router_cluster_generic_wpsum.LOG_INFO, S_0x5602324aaf20;
    %join;
    %load/vec4 v0x5602324bd880_0;
    %pad/u 32;
    %pushi/vec4 1, 0, 32;
    %cmp/e;
    %flag_get/vec4 4;
    %cast2;
    %store/vec4 v0x560232492030_0, 0, 1;
    %pushi/str "PSUM routing enable missing";
    %store/str v0x560232470870_0;
    %fork TD_tb_router_cluster_generic_wpsum.CHECK, S_0x56023242c950;
    %join;
    %load/vec4 v0x5602324bd480_0;
    %parti/s 16, 0, 2;
    %pushi/vec4 43690, 0, 16;
    %cmp/e;
    %flag_get/vec4 4;
    %cast2;
    %store/vec4 v0x560232492030_0, 0, 1;
    %pushi/str "PSUM routing data mismatch";
    %store/str v0x560232470870_0;
    %fork TD_tb_router_cluster_generic_wpsum.CHECK, S_0x56023242c950;
    %join;
    %pushi/str "PSUM routing during write verified";
    %store/str v0x5602324762d0_0;
    %fork TD_tb_router_cluster_generic_wpsum.LOG_PASS, S_0x5602324ab120;
    %join;
    %pushi/vec4 3, 0, 32;
    %store/vec4 v0x5602324bba20_0, 0, 32;
    %fork TD_tb_router_cluster_generic_wpsum.wait_clk, S_0x5602324bb840;
    %join;
    %load/vec4 v0x5602324bc4d0_0;
    %cmpi/e 0, 0, 32;
    %jmp/0xz  T_21.4, 4;
    %vpi_call/w 3 284 "$display", "\012[RESULT] TEST PASSED : All checks successful\012" {0 0 0};
    %jmp T_21.5;
T_21.4 ;
    %vpi_call/w 3 286 "$display", "\012[RESULT] TEST FAILED : %0d error(s) detected\012", v0x5602324bc4d0_0 {0 0 0};
T_21.5 ;
    %vpi_call/w 3 288 "$finish" {0 0 0};
    %end;
    .thread T_21;
# The file index is used to find the file name in the following table.
:file_names 11;
    "N/A";
    "<interactive>";
    "-";
    "testbench/router_cluster_wpsum_generic_tb.v";
    "rtl/router_cluster_wpsum_generic.v";
    "rtl/router_iact_generic.v";
    "rtl/router_iact.v";
    "rtl/router_psum_generic.v";
    "rtl/router_psum.v";
    "rtl/router_weight_generic.v";
    "rtl/router_weight.v";
