#! /usr/bin/vvp
:ivl_version "12.0 (stable)" "(v12_0-dirty)";
:ivl_delay_selection "TYPICAL";
:vpi_time_precision - 12;
:vpi_module "/usr/lib/ivl/system.vpi";
:vpi_module "/usr/lib/ivl/vhdl_sys.vpi";
:vpi_module "/usr/lib/ivl/vhdl_textio.vpi";
:vpi_module "/usr/lib/ivl/v2005_math.vpi";
:vpi_module "/usr/lib/ivl/va_math.vpi";
:vpi_module "/usr/lib/ivl/v2009.vpi";
S_0x562fb4521d20 .scope package, "$unit" "$unit" 2 1;
 .timescale 0 0;
S_0x562fb4521eb0 .scope module, "router_cluster_generic_wpsum" "router_cluster_generic_wpsum" 3 3;
 .timescale -9 -12;
    .port_info 0 /INPUT 1 "clk";
    .port_info 1 /INPUT 1 "reset";
    .port_info 2 /OUTPUT 10 "west_addr_read_iact";
    .port_info 3 /OUTPUT 1 "west_req_read_iact";
    .port_info 4 /INPUT 4 "router_mode_iact";
    .port_info 5 /INPUT 16 "north_data_i_iact";
    .port_info 6 /INPUT 1 "north_enable_i_iact";
    .port_info 7 /INPUT 16 "south_data_i_iact";
    .port_info 8 /INPUT 1 "south_enable_i_iact";
    .port_info 9 /INPUT 16 "west_data_i_iact";
    .port_info 10 /INPUT 1 "west_enable_i_iact";
    .port_info 11 /INPUT 16 "east_data_i_iact";
    .port_info 12 /INPUT 1 "east_enable_i_iact";
    .port_info 13 /OUTPUT 16 "north_data_o_iact";
    .port_info 14 /OUTPUT 1 "north_enable_o_iact";
    .port_info 15 /OUTPUT 16 "south_data_o_iact";
    .port_info 16 /OUTPUT 1 "south_enable_o_iact";
    .port_info 17 /OUTPUT 16 "west_data_o_iact";
    .port_info 18 /OUTPUT 1 "west_enable_o_iact";
    .port_info 19 /OUTPUT 16 "east_data_o_iact";
    .port_info 20 /OUTPUT 1 "east_enable_o_iact";
    .port_info 21 /OUTPUT 10 "west_addr_read_wght";
    .port_info 22 /OUTPUT 1 "west_req_read_wght";
    .port_info 23 /INPUT 4 "router_mode_wght";
    .port_info 24 /INPUT 16 "north_data_i_wght";
    .port_info 25 /INPUT 1 "north_enable_i_wght";
    .port_info 26 /INPUT 16 "south_data_i_wght";
    .port_info 27 /INPUT 1 "south_enable_i_wght";
    .port_info 28 /INPUT 16 "west_data_i_wght";
    .port_info 29 /INPUT 1 "west_enable_i_wght";
    .port_info 30 /INPUT 16 "east_data_i_wght";
    .port_info 31 /INPUT 1 "east_enable_i_wght";
    .port_info 32 /OUTPUT 16 "north_data_o_wght";
    .port_info 33 /OUTPUT 1 "north_enable_o_wght";
    .port_info 34 /OUTPUT 16 "south_data_o_wght";
    .port_info 35 /OUTPUT 1 "south_enable_o_wght";
    .port_info 36 /OUTPUT 16 "west_data_o_wght";
    .port_info 37 /OUTPUT 1 "west_enable_o_wght";
    .port_info 38 /OUTPUT 16 "east_data_o_wght";
    .port_info 39 /OUTPUT 1 "east_enable_o_wght";
    .port_info 40 /INPUT 4 "router_mode_psum";
    .port_info 41 /INPUT 80 "north_data_i_psum";
    .port_info 42 /INPUT 1 "north_enable_i_psum";
    .port_info 43 /INPUT 80 "west_data_i_psum";
    .port_info 44 /INPUT 1 "west_enable_i_psum";
    .port_info 45 /INPUT 80 "east_data_i_psum";
    .port_info 46 /INPUT 1 "east_enable_i_psum";
    .port_info 47 /OUTPUT 80 "south_data_o_psum";
    .port_info 48 /OUTPUT 1 "south_enable_o_psum";
    .port_info 49 /OUTPUT 16 "west_data_o_psum";
    .port_info 50 /OUTPUT 1 "west_enable_o_psum";
    .port_info 51 /OUTPUT 10 "west_addr_psum";
P_0x562fb4543a60 .param/l "ADDR_BITWIDTH" 0 3 6, +C4<00000000000000000000000000001010>;
P_0x562fb4543aa0 .param/l "ADDR_BITWIDTH_GLB" 0 3 7, +C4<00000000000000000000000000001010>;
P_0x562fb4543ae0 .param/l "ADDR_BITWIDTH_SPAD" 0 3 8, +C4<00000000000000000000000000001001>;
P_0x562fb4543b20 .param/l "A_LOAD_ADDR" 0 3 11, +C4<00000000000000000000000000000000>;
P_0x562fb4543b60 .param/l "A_READ_ADDR" 0 3 10, +C4<00000000000000000000000001100100>;
P_0x562fb4543ba0 .param/l "DATA_BITWIDTH" 0 3 5, +C4<00000000000000000000000000010000>;
P_0x562fb4543be0 .param/l "DIR_W" 1 3 92, +C4<00000000000000000000000000000010>;
P_0x562fb4543c20 .param/l "PSUM_LOAD_ADDR" 0 3 17, +C4<00000000000000000000000000000000>;
P_0x562fb4543c60 .param/l "PSUM_READ_ADDR" 0 3 16, +C4<00000000000000000000000000000000>;
P_0x562fb4543ca0 .param/l "W_LOAD_ADDR" 0 3 14, +C4<00000000000000000000000000000000>;
P_0x562fb4543ce0 .param/l "W_READ_ADDR" 0 3 13, +C4<00000000000000000000000000000000>;
P_0x562fb4543d20 .param/l "X_dim" 0 3 19, +C4<00000000000000000000000000000101>;
P_0x562fb4543d60 .param/l "Y_dim" 0 3 20, +C4<00000000000000000000000000000011>;
P_0x562fb4543da0 .param/l "act_size" 0 3 22, +C4<00000000000000000000000000000101>;
P_0x562fb4543de0 .param/l "kernel_size" 0 3 21, +C4<00000000000000000000000000000011>;
o0x7fcdf4bcf018 .functor BUFZ 1, C4<z>; HiZ drive
v0x562fb45dee60_0 .net "clk", 0 0, o0x7fcdf4bcf018;  0 drivers
o0x7fcdf4bcf3a8 .functor BUFZ 16, C4<zzzzzzzzzzzzzzzz>; HiZ drive
v0x562fb45def20_0 .net "east_data_i_iact", 15 0, o0x7fcdf4bcf3a8;  0 drivers
o0x7fcdf4bcfbb8 .functor BUFZ 80, C4<zzzzzzzzzzzzzzzzzzzzzzzzzzzzzzzzzzzzzzzzzzzzzzzzzzzzzzzzzzzzzzzzzzzzzzzzzzzzzzzz>; HiZ drive
v0x562fb45df010_0 .net "east_data_i_psum", 79 0, o0x7fcdf4bcfbb8;  0 drivers
o0x7fcdf4bd07e8 .functor BUFZ 16, C4<zzzzzzzzzzzzzzzz>; HiZ drive
v0x562fb45df110_0 .net "east_data_i_wght", 15 0, o0x7fcdf4bd07e8;  0 drivers
v0x562fb45df1e0_0 .net "east_data_o_iact", 15 0, v0x562fb45d6120_0;  1 drivers
v0x562fb45df280_0 .net "east_data_o_wght", 15 0, v0x562fb45dd6a0_0;  1 drivers
o0x7fcdf4bcf408 .functor BUFZ 1, C4<z>; HiZ drive
v0x562fb45df350_0 .net "east_enable_i_iact", 0 0, o0x7fcdf4bcf408;  0 drivers
o0x7fcdf4bcfc18 .functor BUFZ 1, C4<z>; HiZ drive
v0x562fb45df420_0 .net "east_enable_i_psum", 0 0, o0x7fcdf4bcfc18;  0 drivers
o0x7fcdf4bd0848 .functor BUFZ 1, C4<z>; HiZ drive
v0x562fb45df4f0_0 .net "east_enable_i_wght", 0 0, o0x7fcdf4bd0848;  0 drivers
v0x562fb45df5c0_0 .net "east_enable_o_iact", 0 0, v0x562fb45d62a0_0;  1 drivers
v0x562fb45df690_0 .net "east_enable_o_wght", 0 0, v0x562fb45dd840_0;  1 drivers
o0x7fcdf4bcf4f8 .functor BUFZ 16, C4<zzzzzzzzzzzzzzzz>; HiZ drive
v0x562fb45df760_0 .net "north_data_i_iact", 15 0, o0x7fcdf4bcf4f8;  0 drivers
o0x7fcdf4bcfca8 .functor BUFZ 80, C4<zzzzzzzzzzzzzzzzzzzzzzzzzzzzzzzzzzzzzzzzzzzzzzzzzzzzzzzzzzzzzzzzzzzzzzzzzzzzzzzz>; HiZ drive
v0x562fb45df830_0 .net "north_data_i_psum", 79 0, o0x7fcdf4bcfca8;  0 drivers
o0x7fcdf4bd0938 .functor BUFZ 16, C4<zzzzzzzzzzzzzzzz>; HiZ drive
v0x562fb45df900_0 .net "north_data_i_wght", 15 0, o0x7fcdf4bd0938;  0 drivers
v0x562fb45df9d0_0 .net "north_data_o_iact", 15 0, v0x562fb45d6880_0;  1 drivers
v0x562fb45dfaa0_0 .net "north_data_o_wght", 15 0, v0x562fb45dde20_0;  1 drivers
o0x7fcdf4bcf558 .functor BUFZ 1, C4<z>; HiZ drive
v0x562fb45dfb70_0 .net "north_enable_i_iact", 0 0, o0x7fcdf4bcf558;  0 drivers
o0x7fcdf4bcfd08 .functor BUFZ 1, C4<z>; HiZ drive
v0x562fb45dfd50_0 .net "north_enable_i_psum", 0 0, o0x7fcdf4bcfd08;  0 drivers
o0x7fcdf4bd0998 .functor BUFZ 1, C4<z>; HiZ drive
v0x562fb45dfe20_0 .net "north_enable_i_wght", 0 0, o0x7fcdf4bd0998;  0 drivers
v0x562fb45dfef0_0 .net "north_enable_o_iact", 0 0, v0x562fb45d6a20_0;  1 drivers
v0x562fb45dffc0_0 .net "north_enable_o_wght", 0 0, v0x562fb45ddfc0_0;  1 drivers
o0x7fcdf4bcf168 .functor BUFZ 1, C4<z>; HiZ drive
v0x562fb45e0090_0 .net "reset", 0 0, o0x7fcdf4bcf168;  0 drivers
o0x7fcdf4bcf5b8 .functor BUFZ 4, C4<zzzz>; HiZ drive
v0x562fb45e0130_0 .net "router_mode_iact", 3 0, o0x7fcdf4bcf5b8;  0 drivers
o0x7fcdf4bcfeb8 .functor BUFZ 4, C4<zzzz>; HiZ drive
v0x562fb45e0200_0 .net "router_mode_psum", 3 0, o0x7fcdf4bcfeb8;  0 drivers
o0x7fcdf4bd09f8 .functor BUFZ 4, C4<zzzz>; HiZ drive
v0x562fb45e02d0_0 .net "router_mode_wght", 3 0, o0x7fcdf4bd09f8;  0 drivers
o0x7fcdf4bcf5e8 .functor BUFZ 16, C4<zzzzzzzzzzzzzzzz>; HiZ drive
v0x562fb45e03a0_0 .net "south_data_i_iact", 15 0, o0x7fcdf4bcf5e8;  0 drivers
o0x7fcdf4bd0a28 .functor BUFZ 16, C4<zzzzzzzzzzzzzzzz>; HiZ drive
v0x562fb45e0470_0 .net "south_data_i_wght", 15 0, o0x7fcdf4bd0a28;  0 drivers
v0x562fb45e0540_0 .net "south_data_o_iact", 15 0, v0x562fb45d6d50_0;  1 drivers
v0x562fb45e0610_0 .net "south_data_o_psum", 79 0, v0x562fb45d9e80_0;  1 drivers
v0x562fb45e06e0_0 .net "south_data_o_wght", 15 0, v0x562fb45de3f0_0;  1 drivers
o0x7fcdf4bcf648 .functor BUFZ 1, C4<z>; HiZ drive
v0x562fb45e07b0_0 .net "south_enable_i_iact", 0 0, o0x7fcdf4bcf648;  0 drivers
o0x7fcdf4bd0a88 .functor BUFZ 1, C4<z>; HiZ drive
v0x562fb45e0880_0 .net "south_enable_i_wght", 0 0, o0x7fcdf4bd0a88;  0 drivers
v0x562fb45e0950_0 .net "south_enable_o_iact", 0 0, v0x562fb45d6ef0_0;  1 drivers
v0x562fb45e0a20_0 .net "south_enable_o_psum", 0 0, v0x562fb45da020_0;  1 drivers
v0x562fb45e0af0_0 .net "south_enable_o_wght", 0 0, v0x562fb45de590_0;  1 drivers
v0x562fb45e0bc0_0 .net "west_addr_psum", 9 0, v0x562fb45d9b40_0;  1 drivers
v0x562fb45e0c90_0 .net "west_addr_read_iact", 9 0, v0x562fb459d230_0;  1 drivers
v0x562fb45e0d30_0 .net "west_addr_read_wght", 9 0, v0x562fb45dcd40_0;  1 drivers
o0x7fcdf4bcf6a8 .functor BUFZ 16, C4<zzzzzzzzzzzzzzzz>; HiZ drive
v0x562fb45e0dd0_0 .net "west_data_i_iact", 15 0, o0x7fcdf4bcf6a8;  0 drivers
o0x7fcdf4bcffd8 .functor BUFZ 80, C4<zzzzzzzzzzzzzzzzzzzzzzzzzzzzzzzzzzzzzzzzzzzzzzzzzzzzzzzzzzzzzzzzzzzzzzzzzzzzzzzz>; HiZ drive
v0x562fb45e0e70_0 .net "west_data_i_psum", 79 0, o0x7fcdf4bcffd8;  0 drivers
o0x7fcdf4bd0ae8 .functor BUFZ 16, C4<zzzzzzzzzzzzzzzz>; HiZ drive
v0x562fb45e0f10_0 .net "west_data_i_wght", 15 0, o0x7fcdf4bd0ae8;  0 drivers
v0x562fb45e0fe0_0 .net "west_data_o_iact", 15 0, v0x562fb45d7210_0;  1 drivers
v0x562fb45e10b0_0 .net "west_data_o_psum", 15 0, v0x562fb45d9800_0;  1 drivers
v0x562fb45e1180_0 .net "west_data_o_wght", 15 0, v0x562fb45de8b0_0;  1 drivers
o0x7fcdf4bcf708 .functor BUFZ 1, C4<z>; HiZ drive
v0x562fb45e1250_0 .net "west_enable_i_iact", 0 0, o0x7fcdf4bcf708;  0 drivers
o0x7fcdf4bd0038 .functor BUFZ 1, C4<z>; HiZ drive
v0x562fb45e1320_0 .net "west_enable_i_psum", 0 0, o0x7fcdf4bd0038;  0 drivers
o0x7fcdf4bd0b48 .functor BUFZ 1, C4<z>; HiZ drive
v0x562fb45e13f0_0 .net "west_enable_i_wght", 0 0, o0x7fcdf4bd0b48;  0 drivers
v0x562fb45e14c0_0 .net "west_enable_o_iact", 0 0, v0x562fb45d73b0_0;  1 drivers
v0x562fb45e1590_0 .net "west_enable_o_psum", 0 0, v0x562fb45d98e0_0;  1 drivers
v0x562fb45e1660_0 .net "west_enable_o_wght", 0 0, v0x562fb45dea50_0;  1 drivers
v0x562fb45e1730_0 .net "west_req_read_iact", 0 0, v0x562fb45aa400_0;  1 drivers
v0x562fb45e17d0_0 .net "west_req_read_wght", 0 0, v0x562fb45dcf50_0;  1 drivers
S_0x562fb4518d00 .scope module, "iact" "router_generic_iact" 3 108, 4 3 0, S_0x562fb4521eb0;
 .timescale -9 -12;
    .port_info 0 /INPUT 1 "clk";
    .port_info 1 /INPUT 1 "reset";
    .port_info 2 /INPUT 4 "router_mode";
    .port_info 3 /OUTPUT 10 "glb_addr_read";
    .port_info 4 /OUTPUT 1 "glb_req_read";
    .port_info 5 /INPUT 16 "north_data_i";
    .port_info 6 /INPUT 1 "north_enable_i";
    .port_info 7 /INPUT 16 "south_data_i";
    .port_info 8 /INPUT 1 "south_enable_i";
    .port_info 9 /INPUT 16 "west_data_i";
    .port_info 10 /INPUT 1 "west_enable_i";
    .port_info 11 /INPUT 16 "east_data_i";
    .port_info 12 /INPUT 1 "east_enable_i";
    .port_info 13 /OUTPUT 16 "north_data_o";
    .port_info 14 /OUTPUT 1 "north_enable_o";
    .port_info 15 /OUTPUT 16 "south_data_o";
    .port_info 16 /OUTPUT 1 "south_enable_o";
    .port_info 17 /OUTPUT 16 "west_data_o";
    .port_info 18 /OUTPUT 1 "west_enable_o";
    .port_info 19 /OUTPUT 16 "east_data_o";
    .port_info 20 /OUTPUT 1 "east_enable_o";
P_0x562fb45be730 .param/l "ADDR_BITWIDTH_GLB" 0 4 6, +C4<00000000000000000000000000001010>;
P_0x562fb45be770 .param/l "ADDR_BITWIDTH_SPAD" 0 4 7, +C4<00000000000000000000000000001001>;
P_0x562fb45be7b0 .param/l "ALL" 1 4 157, +C4<00000000000000000000000000000000>;
P_0x562fb45be7f0 .param/l "A_LOAD_ADDR" 0 4 15, +C4<00000000000000000000000000000000>;
P_0x562fb45be830 .param/l "A_READ_ADDR" 0 4 14, +C4<00000000000000000000000001100100>;
P_0x562fb45be870 .param/l "CLOSED" 1 4 168, +C4<00000000000000000000000000001011>;
P_0x562fb45be8b0 .param/l "COMPUTE_DIR" 0 4 19, +C4<00000000000000000000000000000010>;
P_0x562fb45be8f0 .param/l "DATA_BITWIDTH" 0 4 5, +C4<00000000000000000000000000010000>;
P_0x562fb45be930 .param/l "EAST" 1 4 161, +C4<00000000000000000000000000000100>;
P_0x562fb45be970 .param/l "EASTNORTH" 1 4 162, +C4<00000000000000000000000000000101>;
P_0x562fb45be9b0 .param/l "EASTSOUTH" 1 4 163, +C4<00000000000000000000000000000110>;
P_0x562fb45be9f0 .param/l "EASTWEST" 1 4 164, +C4<00000000000000000000000000000111>;
P_0x562fb45bea30 .param/l "NORTH" 1 4 158, +C4<00000000000000000000000000000001>;
P_0x562fb45bea70 .param/l "SOUTH" 1 4 159, +C4<00000000000000000000000000000010>;
P_0x562fb45beab0 .param/l "WEST" 1 4 160, +C4<00000000000000000000000000000011>;
P_0x562fb45beaf0 .param/l "WESTEAST" 1 4 167, +C4<00000000000000000000000000001010>;
P_0x562fb45beb30 .param/l "WESTNORTH" 1 4 165, +C4<00000000000000000000000000001000>;
P_0x562fb45beb70 .param/l "WESTSOUTH" 1 4 166, +C4<00000000000000000000000000001001>;
P_0x562fb45bebb0 .param/l "X_dim" 0 4 9, +C4<00000000000000000000000000000101>;
P_0x562fb45bebf0 .param/l "Y_dim" 0 4 10, +C4<00000000000000000000000000000011>;
P_0x562fb45bec30 .param/l "act_size" 0 4 12, +C4<00000000000000000000000000000101>;
P_0x562fb45bec70 .param/l "kernel_size" 0 4 11, +C4<00000000000000000000000000000011>;
L_0x562fb45b49c0 .functor NOT 1, v0x562fb45d6660_0, C4<0>, C4<0>, C4<0>;
L_0x562fb45b5300 .functor AND 1, v0x562fb45d65c0_0, L_0x562fb45b49c0, C4<1>, C4<1>;
v0x562fb45d5dc0_0 .net *"_ivl_0", 0 0, L_0x562fb45b49c0;  1 drivers
v0x562fb45d5ec0_0 .net "clk", 0 0, o0x7fcdf4bcf018;  alias, 0 drivers
v0x562fb45d5f80_0 .var "data_out", 15 0;
v0x562fb45d6080_0 .net "east_data_i", 15 0, o0x7fcdf4bcf3a8;  alias, 0 drivers
v0x562fb45d6120_0 .var "east_data_o", 15 0;
v0x562fb45d61e0_0 .net "east_enable_i", 0 0, o0x7fcdf4bcf408;  alias, 0 drivers
v0x562fb45d62a0_0 .var "east_enable_o", 0 0;
v0x562fb45d6360_0 .net "glb_addr_read", 9 0, v0x562fb459d230_0;  alias, 1 drivers
v0x562fb45d6420_0 .net "glb_req_read", 0 0, v0x562fb45aa400_0;  alias, 1 drivers
v0x562fb45d64f0_0 .net "load_spad_ctrl", 0 0, L_0x562fb45b5300;  1 drivers
v0x562fb45d65c0_0 .var "load_spad_ctrl_0", 0 0;
v0x562fb45d6660_0 .var "load_spad_ctrl_1", 0 0;
v0x562fb45d6700_0 .var "load_spad_ctrl_c", 0 0;
v0x562fb45d67a0_0 .net "north_data_i", 15 0, o0x7fcdf4bcf4f8;  alias, 0 drivers
v0x562fb45d6880_0 .var "north_data_o", 15 0;
v0x562fb45d6960_0 .net "north_enable_i", 0 0, o0x7fcdf4bcf558;  alias, 0 drivers
v0x562fb45d6a20_0 .var "north_enable_o", 0 0;
v0x562fb45d6ae0_0 .net "reset", 0 0, o0x7fcdf4bcf168;  alias, 0 drivers
v0x562fb45d6bb0_0 .net "router_mode", 3 0, o0x7fcdf4bcf5b8;  alias, 0 drivers
v0x562fb45d6c70_0 .net "south_data_i", 15 0, o0x7fcdf4bcf5e8;  alias, 0 drivers
v0x562fb45d6d50_0 .var "south_data_o", 15 0;
v0x562fb45d6e30_0 .net "south_enable_i", 0 0, o0x7fcdf4bcf648;  alias, 0 drivers
v0x562fb45d6ef0_0 .var "south_enable_o", 0 0;
v0x562fb45d6fb0_0 .net "spad_data_o", 15 0, v0x562fb45d5be0_0;  1 drivers
v0x562fb45d70a0_0 .net "spad_en_o", 0 0, v0x562fb459f3c0_0;  1 drivers
v0x562fb45d7170_0 .net "west_data_i", 15 0, o0x7fcdf4bcf6a8;  alias, 0 drivers
v0x562fb45d7210_0 .var "west_data_o", 15 0;
v0x562fb45d72f0_0 .net "west_enable_i", 0 0, o0x7fcdf4bcf708;  alias, 0 drivers
v0x562fb45d73b0_0 .var "west_enable_o", 0 0;
E_0x562fb450c0d0 .event anyedge, v0x562fb45d6bb0_0, v0x562fb45aa360_0;
E_0x562fb44e4760 .event anyedge, v0x562fb45d5be0_0, v0x562fb459f3c0_0;
E_0x562fb44e48e0 .event posedge, v0x562fb45b4b60_0;
E_0x562fb45bd5f0/0 .event anyedge, v0x562fb45d6960_0, v0x562fb45d67a0_0, v0x562fb45d6e30_0, v0x562fb45d6c70_0;
E_0x562fb45bd5f0/1 .event anyedge, v0x562fb45d72f0_0, v0x562fb45d7170_0, v0x562fb45d61e0_0, v0x562fb45d6080_0;
E_0x562fb45bd5f0 .event/or E_0x562fb45bd5f0/0, E_0x562fb45bd5f0/1;
S_0x562fb4559c80 .scope module, "router_iact_0" "router_iact" 4 119, 5 3 0, S_0x562fb4518d00;
 .timescale -9 -12;
    .port_info 0 /INPUT 1 "clk";
    .port_info 1 /INPUT 1 "reset";
    .port_info 2 /INPUT 16 "r_data_glb_iact";
    .port_info 3 /OUTPUT 10 "r_addr_glb_iact";
    .port_info 4 /OUTPUT 1 "read_req_glb_iact";
    .port_info 5 /OUTPUT 16 "w_data_spad";
    .port_info 6 /OUTPUT 1 "load_en_spad";
    .port_info 7 /INPUT 1 "load_spad_ctrl";
P_0x562fb4505240 .param/l "ADDR_BITWIDTH_GLB" 0 5 5, +C4<00000000000000000000000000001010>;
P_0x562fb4505280 .param/l "ADDR_BITWIDTH_SPAD" 0 5 6, +C4<00000000000000000000000000001001>;
P_0x562fb45052c0 .param/l "A_LOAD_ADDR" 0 5 14, +C4<00000000000000000000000000000000>;
P_0x562fb4505300 .param/l "A_READ_ADDR" 0 5 13, +C4<00000000000000000000000001100100>;
P_0x562fb4505340 .param/l "DATA_BITWIDTH" 0 5 4, +C4<00000000000000000000000000010000>;
P_0x562fb4505380 .param/l "IDLE" 1 5 35, C4<000>;
P_0x562fb45053c0 .param/l "READ_GLB" 1 5 36, C4<001>;
P_0x562fb4505400 .param/l "TOTAL_ELEMS" 1 5 40, +C4<00000000000000000000000000011001>;
P_0x562fb4505440 .param/l "WRITE_SPAD" 1 5 37, C4<010>;
P_0x562fb4505480 .param/l "X_dim" 0 5 8, +C4<00000000000000000000000000000101>;
P_0x562fb45054c0 .param/l "Y_dim" 0 5 9, +C4<00000000000000000000000000000011>;
P_0x562fb4505500 .param/l "act_size" 0 5 11, +C4<00000000000000000000000000000101>;
P_0x562fb4505540 .param/l "kernel_size" 0 5 10, +C4<00000000000000000000000000000011>;
v0x562fb45b4b60_0 .net "clk", 0 0, o0x7fcdf4bcf018;  alias, 0 drivers
v0x562fb45b54a0_0 .var "filt_count", 5 0;
v0x562fb459f3c0_0 .var "load_en_spad", 0 0;
v0x562fb459d190_0 .net "load_spad_ctrl", 0 0, L_0x562fb45b5300;  alias, 1 drivers
v0x562fb459d230_0 .var "r_addr_glb_iact", 9 0;
v0x562fb45aa360_0 .net "r_data_glb_iact", 15 0, v0x562fb45d5f80_0;  1 drivers
v0x562fb45aa400_0 .var "read_req_glb_iact", 0 0;
v0x562fb45d5a40_0 .net "reset", 0 0, o0x7fcdf4bcf168;  alias, 0 drivers
v0x562fb45d5b00_0 .var "state", 2 0;
v0x562fb45d5be0_0 .var "w_data_spad", 15 0;
E_0x562fb45bd5b0 .event posedge, v0x562fb45d5a40_0, v0x562fb45b4b60_0;
S_0x562fb45d77c0 .scope module, "psum" "router_generic_psum" 3 190, 6 3 0, S_0x562fb4521eb0;
 .timescale -9 -12;
    .port_info 0 /INPUT 1 "clk";
    .port_info 1 /INPUT 1 "reset";
    .port_info 2 /INPUT 4 "router_mode";
    .port_info 3 /INPUT 80 "north_data_i";
    .port_info 4 /INPUT 1 "north_enable_i";
    .port_info 5 /INPUT 80 "south_data_i";
    .port_info 6 /INPUT 1 "south_enable_i";
    .port_info 7 /INPUT 80 "west_data_i";
    .port_info 8 /INPUT 1 "west_enable_i";
    .port_info 9 /INPUT 80 "east_data_i";
    .port_info 10 /INPUT 1 "east_enable_i";
    .port_info 11 /OUTPUT 80 "north_data_o";
    .port_info 12 /OUTPUT 1 "north_enable_o";
    .port_info 13 /OUTPUT 80 "south_data_o";
    .port_info 14 /OUTPUT 1 "south_enable_o";
    .port_info 15 /OUTPUT 80 "east_data_o";
    .port_info 16 /OUTPUT 1 "east_enable_o";
    .port_info 17 /OUTPUT 80 "west_data_o_wide";
    .port_info 18 /OUTPUT 1 "west_enable_o_wide";
    .port_info 19 /OUTPUT 16 "psum_data_o";
    .port_info 20 /OUTPUT 1 "psum_enable_o";
    .port_info 21 /OUTPUT 10 "psum_write_addr";
P_0x562fb45d7970 .param/l "ADDR_BITWIDTH_GLB" 0 6 6, +C4<00000000000000000000000000001010>;
P_0x562fb45d79b0 .param/l "ADDR_BITWIDTH_SPAD" 0 6 7, +C4<00000000000000000000000000001001>;
P_0x562fb45d79f0 .param/l "CLOSED" 1 6 105, +C4<00000000000000000000000000001011>;
P_0x562fb45d7a30 .param/l "COMPUTE_DIR" 0 6 18, +C4<00000000000000000000000000000010>;
P_0x562fb45d7a70 .param/l "DATA_BITWIDTH" 0 6 5, +C4<00000000000000000000000000010000>;
P_0x562fb45d7ab0 .param/l "DIR_E" 1 6 62, +C4<00000000000000000000000000000011>;
P_0x562fb45d7af0 .param/l "DIR_N" 1 6 59, +C4<00000000000000000000000000000000>;
P_0x562fb45d7b30 .param/l "DIR_S" 1 6 60, +C4<00000000000000000000000000000001>;
P_0x562fb45d7b70 .param/l "DIR_W" 1 6 61, +C4<00000000000000000000000000000010>;
P_0x562fb45d7bb0 .param/l "EAST" 1 6 103, +C4<00000000000000000000000000000100>;
P_0x562fb45d7bf0 .param/l "EASTSOUTH" 1 6 104, +C4<00000000000000000000000000000110>;
P_0x562fb45d7c30 .param/l "IDLE" 1 6 141, C4<00>;
P_0x562fb45d7c70 .param/l "PSUM_LOAD_ADDR" 0 6 15, +C4<00000000000000000000000000000000>;
P_0x562fb45d7cb0 .param/l "PSUM_READ_ADDR" 0 6 14, +C4<00000000000000000000000000000000>;
P_0x562fb45d7cf0 .param/l "READ_PSUM" 1 6 142, C4<01>;
P_0x562fb45d7d30 .param/l "SOUTH" 1 6 102, +C4<00000000000000000000000000000010>;
P_0x562fb45d7d70 .param/l "WRITE_PSUM" 1 6 143, C4<10>;
P_0x562fb45d7db0 .param/l "X_dim" 0 6 9, +C4<00000000000000000000000000000101>;
P_0x562fb45d7df0 .param/l "Y_dim" 0 6 10, +C4<00000000000000000000000000000011>;
P_0x562fb45d7e30 .param/l "act_size" 0 6 12, +C4<00000000000000000000000000000101>;
P_0x562fb45d7e70 .param/l "kernel_size" 0 6 11, +C4<00000000000000000000000000000011>;
L_0x562fb45aa1c0 .functor BUFZ 80, o0x7fcdf4bcffd8, C4<00000000000000000000000000000000000000000000000000000000000000000000000000000000>, C4<00000000000000000000000000000000000000000000000000000000000000000000000000000000>, C4<00000000000000000000000000000000000000000000000000000000000000000000000000000000>;
L_0x562fb45e6600 .functor BUFZ 1, o0x7fcdf4bd0038, C4<0>, C4<0>, C4<0>;
v0x562fb45d8c00_0 .net "clk", 0 0, o0x7fcdf4bcf018;  alias, 0 drivers
v0x562fb45d8d10_0 .var "data_out", 79 0;
v0x562fb45d8df0_0 .var "data_out_valid", 0 0;
v0x562fb45d8e90_0 .net "east_data_i", 79 0, o0x7fcdf4bcfbb8;  alias, 0 drivers
v0x562fb45d8f70_0 .var "east_data_o", 79 0;
v0x562fb45d90a0_0 .net "east_enable_i", 0 0, o0x7fcdf4bcfc18;  alias, 0 drivers
v0x562fb45d9160_0 .var "east_enable_o", 0 0;
v0x562fb45d9220_0 .var "iter", 2 0;
v0x562fb45d9300_0 .net "north_data_i", 79 0, o0x7fcdf4bcfca8;  alias, 0 drivers
v0x562fb45d93e0_0 .var "north_data_o", 79 0;
v0x562fb45d94c0_0 .net "north_enable_i", 0 0, o0x7fcdf4bcfd08;  alias, 0 drivers
v0x562fb45d9580_0 .var "north_enable_o", 0 0;
v0x562fb45d9640_0 .var "psum_capture", 79 0;
v0x562fb45d9720_0 .var "psum_count", 4 0;
v0x562fb45d9800_0 .var "psum_data_o", 15 0;
v0x562fb45d98e0_0 .var "psum_enable_o", 0 0;
v0x562fb45d99a0_0 .net "psum_src_wide", 79 0, L_0x562fb45aa1c0;  1 drivers
v0x562fb45d9a80_0 .net "psum_trigger_level", 0 0, L_0x562fb45e6600;  1 drivers
v0x562fb45d9b40_0 .var "psum_write_addr", 9 0;
v0x562fb45d9c20_0 .net "reset", 0 0, o0x7fcdf4bcf168;  alias, 0 drivers
v0x562fb45d9cc0_0 .net "router_mode", 3 0, o0x7fcdf4bcfeb8;  alias, 0 drivers
o0x7fcdf4bcfee8 .functor BUFZ 80, C4<zzzzzzzzzzzzzzzzzzzzzzzzzzzzzzzzzzzzzzzzzzzzzzzzzzzzzzzzzzzzzzzzzzzzzzzzzzzzzzzz>; HiZ drive
v0x562fb45d9da0_0 .net "south_data_i", 79 0, o0x7fcdf4bcfee8;  0 drivers
v0x562fb45d9e80_0 .var "south_data_o", 79 0;
o0x7fcdf4bcff48 .functor BUFZ 1, C4<z>; HiZ drive
v0x562fb45d9f60_0 .net "south_enable_i", 0 0, o0x7fcdf4bcff48;  0 drivers
v0x562fb45da020_0 .var "south_enable_o", 0 0;
v0x562fb45da0e0_0 .var "state", 1 0;
v0x562fb45da1c0_0 .net "west_data_i", 79 0, o0x7fcdf4bcffd8;  alias, 0 drivers
v0x562fb45da2a0_0 .var "west_data_o_wide", 79 0;
v0x562fb45da380_0 .net "west_enable_i", 0 0, o0x7fcdf4bd0038;  alias, 0 drivers
v0x562fb45da440_0 .var "west_enable_o_wide", 0 0;
E_0x562fb45d8b30 .event anyedge, v0x562fb45d9cc0_0, v0x562fb45d8d10_0, v0x562fb45d8df0_0;
E_0x562fb45d8b90 .event anyedge, v0x562fb45d94c0_0, v0x562fb45d9300_0, v0x562fb45da380_0, v0x562fb45da1c0_0;
S_0x562fb45da7c0 .scope module, "wght" "router_generic_wght" 3 149, 7 3 0, S_0x562fb4521eb0;
 .timescale -9 -12;
    .port_info 0 /INPUT 1 "clk";
    .port_info 1 /INPUT 1 "reset";
    .port_info 2 /INPUT 4 "router_mode";
    .port_info 3 /OUTPUT 10 "glb_addr_read_wght";
    .port_info 4 /OUTPUT 1 "glb_req_read_wght";
    .port_info 5 /INPUT 16 "north_data_i";
    .port_info 6 /INPUT 1 "north_enable_i";
    .port_info 7 /INPUT 16 "south_data_i";
    .port_info 8 /INPUT 1 "south_enable_i";
    .port_info 9 /INPUT 16 "west_data_i";
    .port_info 10 /INPUT 1 "west_enable_i";
    .port_info 11 /INPUT 16 "east_data_i";
    .port_info 12 /INPUT 1 "east_enable_i";
    .port_info 13 /OUTPUT 16 "north_data_o";
    .port_info 14 /OUTPUT 1 "north_enable_o";
    .port_info 15 /OUTPUT 16 "south_data_o";
    .port_info 16 /OUTPUT 1 "south_enable_o";
    .port_info 17 /OUTPUT 16 "west_data_o";
    .port_info 18 /OUTPUT 1 "west_enable_o";
    .port_info 19 /OUTPUT 16 "east_data_o";
    .port_info 20 /OUTPUT 1 "east_enable_o";
P_0x562fb45da9a0 .param/l "ADDR_BITWIDTH_GLB" 0 7 6, +C4<00000000000000000000000000001010>;
P_0x562fb45da9e0 .param/l "ADDR_BITWIDTH_SPAD" 0 7 7, +C4<00000000000000000000000000001001>;
P_0x562fb45daa20 .param/l "ALL" 1 7 161, +C4<00000000000000000000000000000000>;
P_0x562fb45daa60 .param/l "CLOSED" 1 7 172, +C4<00000000000000000000000000001011>;
P_0x562fb45daaa0 .param/l "COMPUTE_DIR" 0 7 19, +C4<00000000000000000000000000000010>;
P_0x562fb45daae0 .param/l "DATA_BITWIDTH" 0 7 5, +C4<00000000000000000000000000010000>;
P_0x562fb45dab20 .param/l "EAST" 1 7 165, +C4<00000000000000000000000000000100>;
P_0x562fb45dab60 .param/l "EASTNORTH" 1 7 166, +C4<00000000000000000000000000000101>;
P_0x562fb45daba0 .param/l "EASTSOUTH" 1 7 167, +C4<00000000000000000000000000000110>;
P_0x562fb45dabe0 .param/l "EASTWEST" 1 7 168, +C4<00000000000000000000000000000111>;
P_0x562fb45dac20 .param/l "NORTH" 1 7 162, +C4<00000000000000000000000000000001>;
P_0x562fb45dac60 .param/l "SOUTH" 1 7 163, +C4<00000000000000000000000000000010>;
P_0x562fb45daca0 .param/l "WEST" 1 7 164, +C4<00000000000000000000000000000011>;
P_0x562fb45dace0 .param/l "WESTEAST" 1 7 171, +C4<00000000000000000000000000001010>;
P_0x562fb45dad20 .param/l "WESTNORTH" 1 7 169, +C4<00000000000000000000000000001000>;
P_0x562fb45dad60 .param/l "WESTSOUTH" 1 7 170, +C4<00000000000000000000000000001001>;
P_0x562fb45dada0 .param/l "W_LOAD_ADDR" 0 7 15, +C4<00000000000000000000000000000000>;
P_0x562fb45dade0 .param/l "W_READ_ADDR" 0 7 14, +C4<00000000000000000000000000000000>;
P_0x562fb45dae20 .param/l "X_dim" 0 7 9, +C4<00000000000000000000000000000101>;
P_0x562fb45dae60 .param/l "Y_dim" 0 7 10, +C4<00000000000000000000000000000011>;
P_0x562fb45daea0 .param/l "act_size" 0 7 12, +C4<00000000000000000000000000000101>;
P_0x562fb45daee0 .param/l "kernel_size" 0 7 11, +C4<00000000000000000000000000000011>;
L_0x562fb459f2a0 .functor NOT 1, v0x562fb45ddb30_0, C4<0>, C4<0>, C4<0>;
L_0x562fb459d070 .functor AND 1, v0x562fb45dda90_0, L_0x562fb459f2a0, C4<1>, C4<1>;
v0x562fb45dd370_0 .net *"_ivl_0", 0 0, L_0x562fb459f2a0;  1 drivers
v0x562fb45dd470_0 .net "clk", 0 0, o0x7fcdf4bcf018;  alias, 0 drivers
v0x562fb45dd530_0 .var "data_out", 15 0;
v0x562fb45dd600_0 .net "east_data_i", 15 0, o0x7fcdf4bd07e8;  alias, 0 drivers
v0x562fb45dd6a0_0 .var "east_data_o", 15 0;
v0x562fb45dd780_0 .net "east_enable_i", 0 0, o0x7fcdf4bd0848;  alias, 0 drivers
v0x562fb45dd840_0 .var "east_enable_o", 0 0;
v0x562fb45dd900_0 .net "glb_addr_read_wght", 9 0, v0x562fb45dcd40_0;  alias, 1 drivers
v0x562fb45dd9c0_0 .net "glb_req_read_wght", 0 0, v0x562fb45dcf50_0;  alias, 1 drivers
v0x562fb45dda90_0 .var "load_ff0", 0 0;
v0x562fb45ddb30_0 .var "load_ff1", 0 0;
v0x562fb45ddbd0_0 .net "load_spad_ctrl", 0 0, L_0x562fb459d070;  1 drivers
v0x562fb45ddca0_0 .var "load_spad_ctrl_c", 0 0;
v0x562fb45ddd40_0 .net "north_data_i", 15 0, o0x7fcdf4bd0938;  alias, 0 drivers
v0x562fb45dde20_0 .var "north_data_o", 15 0;
v0x562fb45ddf00_0 .net "north_enable_i", 0 0, o0x7fcdf4bd0998;  alias, 0 drivers
v0x562fb45ddfc0_0 .var "north_enable_o", 0 0;
v0x562fb45de190_0 .net "reset", 0 0, o0x7fcdf4bcf168;  alias, 0 drivers
v0x562fb45de230_0 .net "router_mode", 3 0, o0x7fcdf4bd09f8;  alias, 0 drivers
v0x562fb45de310_0 .net "south_data_i", 15 0, o0x7fcdf4bd0a28;  alias, 0 drivers
v0x562fb45de3f0_0 .var "south_data_o", 15 0;
v0x562fb45de4d0_0 .net "south_enable_i", 0 0, o0x7fcdf4bd0a88;  alias, 0 drivers
v0x562fb45de590_0 .var "south_enable_o", 0 0;
v0x562fb45de650_0 .net "spad_data_o", 15 0, v0x562fb45dd190_0;  1 drivers
v0x562fb45de740_0 .net "spad_en_o", 0 0, v0x562fb45dcbb0_0;  1 drivers
v0x562fb45de810_0 .net "west_data_i", 15 0, o0x7fcdf4bd0ae8;  alias, 0 drivers
v0x562fb45de8b0_0 .var "west_data_o", 15 0;
v0x562fb45de990_0 .net "west_enable_i", 0 0, o0x7fcdf4bd0b48;  alias, 0 drivers
v0x562fb45dea50_0 .var "west_enable_o", 0 0;
E_0x562fb45dbc00 .event anyedge, v0x562fb45de230_0, v0x562fb45dce70_0;
E_0x562fb45dbc60 .event anyedge, v0x562fb45dd190_0, v0x562fb45dcbb0_0;
E_0x562fb45dbcc0/0 .event anyedge, v0x562fb45ddf00_0, v0x562fb45ddd40_0, v0x562fb45de4d0_0, v0x562fb45de310_0;
E_0x562fb45dbcc0/1 .event anyedge, v0x562fb45de990_0, v0x562fb45de810_0, v0x562fb45dd780_0, v0x562fb45dd600_0;
E_0x562fb45dbcc0 .event/or E_0x562fb45dbcc0/0, E_0x562fb45dbcc0/1;
S_0x562fb45dbd50 .scope module, "router_weight_0" "router_weight" 7 119, 8 3 0, S_0x562fb45da7c0;
 .timescale -9 -12;
    .port_info 0 /INPUT 1 "clk";
    .port_info 1 /INPUT 1 "reset";
    .port_info 2 /INPUT 16 "r_data_glb_wght";
    .port_info 3 /OUTPUT 10 "r_addr_glb_wght";
    .port_info 4 /OUTPUT 1 "read_req_glb_wght";
    .port_info 5 /OUTPUT 16 "w_data_spad";
    .port_info 6 /OUTPUT 1 "load_en_spad";
    .port_info 7 /INPUT 1 "load_spad_ctrl";
P_0x562fb45dbf50 .param/l "ADDR_BITWIDTH_GLB" 0 8 5, +C4<00000000000000000000000000001010>;
P_0x562fb45dbf90 .param/l "ADDR_BITWIDTH_SPAD" 0 8 6, +C4<00000000000000000000000000001001>;
P_0x562fb45dbfd0 .param/l "DATA_BITWIDTH" 0 8 4, +C4<00000000000000000000000000010000>;
P_0x562fb45dc010 .param/l "IDLE" 1 8 35, C4<000>;
P_0x562fb45dc050 .param/l "READ_GLB" 1 8 36, C4<001>;
P_0x562fb45dc090 .param/l "TOTAL_WEIGHTS" 1 8 40, +C4<00000000000000000000000000001001>;
P_0x562fb45dc0d0 .param/l "WRITE_SPAD" 1 8 37, C4<010>;
P_0x562fb45dc110 .param/l "W_LOAD_ADDR" 0 8 14, +C4<00000000000000000000000000000000>;
P_0x562fb45dc150 .param/l "W_READ_ADDR" 0 8 13, +C4<00000000000000000000000000000000>;
P_0x562fb45dc190 .param/l "X_dim" 0 8 8, +C4<00000000000000000000000000000101>;
P_0x562fb45dc1d0 .param/l "Y_dim" 0 8 9, +C4<00000000000000000000000000000011>;
P_0x562fb45dc210 .param/l "act_size" 0 8 11, +C4<00000000000000000000000000000101>;
P_0x562fb45dc250 .param/l "kernel_size" 0 8 10, +C4<00000000000000000000000000000011>;
v0x562fb45dca30_0 .net "clk", 0 0, o0x7fcdf4bcf018;  alias, 0 drivers
v0x562fb45dcad0_0 .var "filt_count", 5 0;
v0x562fb45dcbb0_0 .var "load_en_spad", 0 0;
v0x562fb45dcc80_0 .net "load_spad_ctrl", 0 0, L_0x562fb459d070;  alias, 1 drivers
v0x562fb45dcd40_0 .var "r_addr_glb_wght", 9 0;
v0x562fb45dce70_0 .net "r_data_glb_wght", 15 0, v0x562fb45dd530_0;  1 drivers
v0x562fb45dcf50_0 .var "read_req_glb_wght", 0 0;
v0x562fb45dd010_0 .net "reset", 0 0, o0x7fcdf4bcf168;  alias, 0 drivers
v0x562fb45dd0b0_0 .var "state", 2 0;
v0x562fb45dd190_0 .var "w_data_spad", 15 0;
S_0x562fb4562d10 .scope module, "router_generic_psum_full_tb" "router_generic_psum_full_tb" 9 3;
 .timescale -9 -12;
P_0x562fb4562ea0 .param/l "ADDR_BITWIDTH" 0 9 9, +C4<00000000000000000000000000001010>;
P_0x562fb4562ee0 .param/l "DATA_BITWIDTH" 0 9 8, +C4<00000000000000000000000000010000>;
P_0x562fb4562f20 .param/l "X_dim" 0 9 10, +C4<00000000000000000000000000000101>;
v0x562fb45e5020_0 .var "clk", 0 0;
v0x562fb45e50e0_0 .var/i "cycles", 31 0;
v0x562fb45e51a0_0 .var/i "error_count", 31 0;
v0x562fb45e5290 .array "expected_psum", 4 0, 15 0;
v0x562fb45e5350_0 .net "psum_data_o", 15 0, v0x562fb45e3f80_0;  1 drivers
v0x562fb45e5410_0 .net "psum_enable_o", 0 0, v0x562fb45e4060_0;  1 drivers
v0x562fb45e54e0_0 .var/i "psum_seen", 31 0;
v0x562fb45e5580_0 .net "psum_write_addr", 9 0, v0x562fb45e42c0_0;  1 drivers
v0x562fb45e5670_0 .var "reset", 0 0;
v0x562fb45e5740_0 .var "router_mode", 3 0;
v0x562fb45e5810_0 .var "west_data_i", 79 0;
v0x562fb45e58e0_0 .var "west_enable_i", 0 0;
E_0x562fb45e1e50 .event posedge, v0x562fb45e3380_0;
S_0x562fb45e1ed0 .scope module, "dut" "router_generic_psum" 9 36, 6 3 0, S_0x562fb4562d10;
 .timescale -9 -12;
    .port_info 0 /INPUT 1 "clk";
    .port_info 1 /INPUT 1 "reset";
    .port_info 2 /INPUT 4 "router_mode";
    .port_info 3 /INPUT 80 "north_data_i";
    .port_info 4 /INPUT 1 "north_enable_i";
    .port_info 5 /INPUT 80 "south_data_i";
    .port_info 6 /INPUT 1 "south_enable_i";
    .port_info 7 /INPUT 80 "west_data_i";
    .port_info 8 /INPUT 1 "west_enable_i";
    .port_info 9 /INPUT 80 "east_data_i";
    .port_info 10 /INPUT 1 "east_enable_i";
    .port_info 11 /OUTPUT 80 "north_data_o";
    .port_info 12 /OUTPUT 1 "north_enable_o";
    .port_info 13 /OUTPUT 80 "south_data_o";
    .port_info 14 /OUTPUT 1 "south_enable_o";
    .port_info 15 /OUTPUT 80 "east_data_o";
    .port_info 16 /OUTPUT 1 "east_enable_o";
    .port_info 17 /OUTPUT 80 "west_data_o_wide";
    .port_info 18 /OUTPUT 1 "west_enable_o_wide";
    .port_info 19 /OUTPUT 16 "psum_data_o";
    .port_info 20 /OUTPUT 1 "psum_enable_o";
    .port_info 21 /OUTPUT 10 "psum_write_addr";
P_0x562fb45e20d0 .param/l "ADDR_BITWIDTH_GLB" 0 6 6, +C4<00000000000000000000000000001010>;
P_0x562fb45e2110 .param/l "ADDR_BITWIDTH_SPAD" 0 6 7, +C4<00000000000000000000000000001001>;
P_0x562fb45e2150 .param/l "CLOSED" 1 6 105, +C4<00000000000000000000000000001011>;
P_0x562fb45e2190 .param/l "COMPUTE_DIR" 0 6 18, +C4<00000000000000000000000000000011>;
P_0x562fb45e21d0 .param/l "DATA_BITWIDTH" 0 6 5, +C4<00000000000000000000000000010000>;
P_0x562fb45e2210 .param/l "DIR_E" 1 6 62, +C4<00000000000000000000000000000011>;
P_0x562fb45e2250 .param/l "DIR_N" 1 6 59, +C4<00000000000000000000000000000000>;
P_0x562fb45e2290 .param/l "DIR_S" 1 6 60, +C4<00000000000000000000000000000001>;
P_0x562fb45e22d0 .param/l "DIR_W" 1 6 61, +C4<00000000000000000000000000000010>;
P_0x562fb45e2310 .param/l "EAST" 1 6 103, +C4<00000000000000000000000000000100>;
P_0x562fb45e2350 .param/l "EASTSOUTH" 1 6 104, +C4<00000000000000000000000000000110>;
P_0x562fb45e2390 .param/l "IDLE" 1 6 141, C4<00>;
P_0x562fb45e23d0 .param/l "PSUM_LOAD_ADDR" 0 6 15, +C4<00000000000000000000000000000000>;
P_0x562fb45e2410 .param/l "PSUM_READ_ADDR" 0 6 14, +C4<00000000000000000000000000000000>;
P_0x562fb45e2450 .param/l "READ_PSUM" 1 6 142, C4<01>;
P_0x562fb45e2490 .param/l "SOUTH" 1 6 102, +C4<00000000000000000000000000000010>;
P_0x562fb45e24d0 .param/l "WRITE_PSUM" 1 6 143, C4<10>;
P_0x562fb45e2510 .param/l "X_dim" 0 6 9, +C4<00000000000000000000000000000101>;
P_0x562fb45e2550 .param/l "Y_dim" 0 6 10, +C4<00000000000000000000000000000011>;
P_0x562fb45e2590 .param/l "act_size" 0 6 12, +C4<00000000000000000000000000000101>;
P_0x562fb45e25d0 .param/l "kernel_size" 0 6 11, +C4<00000000000000000000000000000011>;
o0x7fcdf4bd19e8 .functor BUFZ 80, C4<zzzzzzzzzzzzzzzzzzzzzzzzzzzzzzzzzzzzzzzzzzzzzzzzzzzzzzzzzzzzzzzzzzzzzzzzzzzzzzzz>; HiZ drive
L_0x562fb45e66e0 .functor BUFZ 80, o0x7fcdf4bd19e8, C4<00000000000000000000000000000000000000000000000000000000000000000000000000000000>, C4<00000000000000000000000000000000000000000000000000000000000000000000000000000000>, C4<00000000000000000000000000000000000000000000000000000000000000000000000000000000>;
o0x7fcdf4bd1a48 .functor BUFZ 1, C4<z>; HiZ drive
L_0x562fb45e6780 .functor BUFZ 1, o0x7fcdf4bd1a48, C4<0>, C4<0>, C4<0>;
v0x562fb45e3380_0 .net "clk", 0 0, v0x562fb45e5020_0;  1 drivers
v0x562fb45e3460_0 .var "data_out", 79 0;
v0x562fb45e3540_0 .var "data_out_valid", 0 0;
v0x562fb45e3610_0 .net "east_data_i", 79 0, o0x7fcdf4bd19e8;  0 drivers
v0x562fb45e36f0_0 .var "east_data_o", 79 0;
v0x562fb45e3820_0 .net "east_enable_i", 0 0, o0x7fcdf4bd1a48;  0 drivers
v0x562fb45e38e0_0 .var "east_enable_o", 0 0;
v0x562fb45e39a0_0 .var "iter", 2 0;
o0x7fcdf4bd1ad8 .functor BUFZ 80, C4<zzzzzzzzzzzzzzzzzzzzzzzzzzzzzzzzzzzzzzzzzzzzzzzzzzzzzzzzzzzzzzzzzzzzzzzzzzzzzzzz>; HiZ drive
v0x562fb45e3a80_0 .net "north_data_i", 79 0, o0x7fcdf4bd1ad8;  0 drivers
v0x562fb45e3b60_0 .var "north_data_o", 79 0;
o0x7fcdf4bd1b38 .functor BUFZ 1, C4<z>; HiZ drive
v0x562fb45e3c40_0 .net "north_enable_i", 0 0, o0x7fcdf4bd1b38;  0 drivers
v0x562fb45e3d00_0 .var "north_enable_o", 0 0;
v0x562fb45e3dc0_0 .var "psum_capture", 79 0;
v0x562fb45e3ea0_0 .var "psum_count", 4 0;
v0x562fb45e3f80_0 .var "psum_data_o", 15 0;
v0x562fb45e4060_0 .var "psum_enable_o", 0 0;
v0x562fb45e4120_0 .net "psum_src_wide", 79 0, L_0x562fb45e66e0;  1 drivers
v0x562fb45e4200_0 .net "psum_trigger_level", 0 0, L_0x562fb45e6780;  1 drivers
v0x562fb45e42c0_0 .var "psum_write_addr", 9 0;
v0x562fb45e43a0_0 .net "reset", 0 0, v0x562fb45e5670_0;  1 drivers
v0x562fb45e4460_0 .net "router_mode", 3 0, v0x562fb45e5740_0;  1 drivers
o0x7fcdf4bd1d48 .functor BUFZ 80, C4<zzzzzzzzzzzzzzzzzzzzzzzzzzzzzzzzzzzzzzzzzzzzzzzzzzzzzzzzzzzzzzzzzzzzzzzzzzzzzzzz>; HiZ drive
v0x562fb45e4540_0 .net "south_data_i", 79 0, o0x7fcdf4bd1d48;  0 drivers
v0x562fb45e4620_0 .var "south_data_o", 79 0;
o0x7fcdf4bd1da8 .functor BUFZ 1, C4<z>; HiZ drive
v0x562fb45e4700_0 .net "south_enable_i", 0 0, o0x7fcdf4bd1da8;  0 drivers
v0x562fb45e47c0_0 .var "south_enable_o", 0 0;
v0x562fb45e4880_0 .var "state", 1 0;
v0x562fb45e4960_0 .net "west_data_i", 79 0, v0x562fb45e5810_0;  1 drivers
v0x562fb45e4a40_0 .var "west_data_o_wide", 79 0;
v0x562fb45e4b20_0 .net "west_enable_i", 0 0, v0x562fb45e58e0_0;  1 drivers
v0x562fb45e4be0_0 .var "west_enable_o_wide", 0 0;
E_0x562fb45e3250 .event posedge, v0x562fb45e43a0_0, v0x562fb45e3380_0;
E_0x562fb45e32b0 .event anyedge, v0x562fb45e4460_0, v0x562fb45e3460_0, v0x562fb45e3540_0;
E_0x562fb45e3310 .event anyedge, v0x562fb45e3c40_0, v0x562fb45e3a80_0, v0x562fb45e4b20_0, v0x562fb45e4960_0;
S_0x562fb4518b70 .scope module, "router_psum" "router_psum" 10 3;
 .timescale -9 -12;
    .port_info 0 /INPUT 1 "clk";
    .port_info 1 /INPUT 1 "reset";
    .port_info 2 /INPUT 80 "r_data_spad_psum";
    .port_info 3 /OUTPUT 10 "w_addr_glb_psum";
    .port_info 4 /OUTPUT 1 "write_en_glb_psum";
    .port_info 5 /OUTPUT 16 "w_data_glb_psum";
    .port_info 6 /INPUT 1 "write_psum_ctrl";
P_0x562fb4538e70 .param/l "ADDR_BITWIDTH_GLB" 0 10 5, +C4<00000000000000000000000000001010>;
P_0x562fb4538eb0 .param/l "ADDR_BITWIDTH_SPAD" 0 10 6, +C4<00000000000000000000000000001001>;
P_0x562fb4538ef0 .param/l "DATA_BITWIDTH" 0 10 4, +C4<00000000000000000000000000010000>;
P_0x562fb4538f30 .param/l "IDLE" 1 10 34, C4<000>;
P_0x562fb4538f70 .param/l "PSUM_LOAD_ADDR" 0 10 14, +C4<00000000000000000000000000000000>;
P_0x562fb4538fb0 .param/l "PSUM_READ_ADDR" 0 10 13, +C4<00000000000000000000000000000000>;
P_0x562fb4538ff0 .param/l "READ_PSUM" 1 10 35, C4<001>;
P_0x562fb4539030 .param/l "WRITE_GLB" 1 10 36, C4<010>;
P_0x562fb4539070 .param/l "X_dim" 0 10 8, +C4<00000000000000000000000000000101>;
P_0x562fb45390b0 .param/l "Y_dim" 0 10 9, +C4<00000000000000000000000000000011>;
P_0x562fb45390f0 .param/l "act_size" 0 10 11, +C4<00000000000000000000000000000101>;
P_0x562fb4539130 .param/l "kernel_size" 0 10 10, +C4<00000000000000000000000000000011>;
o0x7fcdf4bd23a8 .functor BUFZ 1, C4<z>; HiZ drive
v0x562fb45e59f0_0 .net "clk", 0 0, o0x7fcdf4bd23a8;  0 drivers
v0x562fb45e5ab0_0 .var "iter", 2 0;
v0x562fb45e5b90_0 .var "pe_psum", 79 0;
v0x562fb45e5c80_0 .var "psum_count", 4 0;
o0x7fcdf4bd2468 .functor BUFZ 80, C4<zzzzzzzzzzzzzzzzzzzzzzzzzzzzzzzzzzzzzzzzzzzzzzzzzzzzzzzzzzzzzzzzzzzzzzzzzzzzzzzz>; HiZ drive
v0x562fb45e5d60_0 .net "r_data_spad_psum", 79 0, o0x7fcdf4bd2468;  0 drivers
o0x7fcdf4bd2498 .functor BUFZ 1, C4<z>; HiZ drive
v0x562fb45e5e40_0 .net "reset", 0 0, o0x7fcdf4bd2498;  0 drivers
v0x562fb45e5f00_0 .var "state", 2 0;
v0x562fb45e5fe0_0 .var "w_addr_glb_psum", 9 0;
v0x562fb45e60c0_0 .var "w_data_glb_psum", 15 0;
v0x562fb45e61a0_0 .var "write_en_glb_psum", 0 0;
o0x7fcdf4bd2588 .functor BUFZ 1, C4<z>; HiZ drive
v0x562fb45e6260_0 .net "write_psum_ctrl", 0 0, o0x7fcdf4bd2588;  0 drivers
E_0x562fb45e59b0 .event posedge, v0x562fb45e5e40_0, v0x562fb45e59f0_0;
    .scope S_0x562fb4559c80;
T_0 ;
    %wait E_0x562fb45bd5b0;
    %load/vec4 v0x562fb45d5a40_0;
    %flag_set/vec4 8;
    %jmp/0xz  T_0.0, 8;
    %pushi/vec4 0, 0, 1;
    %assign/vec4 v0x562fb45aa400_0, 0;
    %pushi/vec4 0, 0, 10;
    %assign/vec4 v0x562fb459d230_0, 0;
    %pushi/vec4 0, 0, 1;
    %assign/vec4 v0x562fb459f3c0_0, 0;
    %pushi/vec4 0, 0, 16;
    %assign/vec4 v0x562fb45d5be0_0, 0;
    %pushi/vec4 0, 0, 6;
    %assign/vec4 v0x562fb45b54a0_0, 0;
    %pushi/vec4 0, 0, 3;
    %assign/vec4 v0x562fb45d5b00_0, 0;
    %jmp T_0.1;
T_0.0 ;
    %pushi/vec4 0, 0, 1;
    %assign/vec4 v0x562fb459f3c0_0, 0;
    %load/vec4 v0x562fb45d5b00_0;
    %dup/vec4;
    %pushi/vec4 0, 0, 3;
    %cmp/u;
    %jmp/1 T_0.2, 6;
    %dup/vec4;
    %pushi/vec4 1, 0, 3;
    %cmp/u;
    %jmp/1 T_0.3, 6;
    %dup/vec4;
    %pushi/vec4 2, 0, 3;
    %cmp/u;
    %jmp/1 T_0.4, 6;
    %pushi/vec4 0, 0, 3;
    %assign/vec4 v0x562fb45d5b00_0, 0;
    %jmp T_0.6;
T_0.2 ;
    %pushi/vec4 0, 0, 1;
    %assign/vec4 v0x562fb45aa400_0, 0;
    %pushi/vec4 0, 0, 6;
    %assign/vec4 v0x562fb45b54a0_0, 0;
    %load/vec4 v0x562fb459d190_0;
    %flag_set/vec4 8;
    %jmp/0xz  T_0.7, 8;
    %pushi/vec4 1, 0, 1;
    %assign/vec4 v0x562fb45aa400_0, 0;
    %pushi/vec4 100, 0, 10;
    %assign/vec4 v0x562fb459d230_0, 0;
    %pushi/vec4 1, 0, 3;
    %assign/vec4 v0x562fb45d5b00_0, 0;
T_0.7 ;
    %jmp T_0.6;
T_0.3 ;
    %load/vec4 v0x562fb45aa360_0;
    %assign/vec4 v0x562fb45d5be0_0, 0;
    %pushi/vec4 2, 0, 3;
    %assign/vec4 v0x562fb45d5b00_0, 0;
    %jmp T_0.6;
T_0.4 ;
    %pushi/vec4 1, 0, 1;
    %assign/vec4 v0x562fb459f3c0_0, 0;
    %load/vec4 v0x562fb45b54a0_0;
    %pad/u 32;
    %cmpi/e 24, 0, 32;
    %jmp/0xz  T_0.9, 4;
    %pushi/vec4 0, 0, 1;
    %assign/vec4 v0x562fb45aa400_0, 0;
    %pushi/vec4 0, 0, 6;
    %assign/vec4 v0x562fb45b54a0_0, 0;
    %pushi/vec4 0, 0, 3;
    %assign/vec4 v0x562fb45d5b00_0, 0;
    %jmp T_0.10;
T_0.9 ;
    %load/vec4 v0x562fb45b54a0_0;
    %addi 1, 0, 6;
    %assign/vec4 v0x562fb45b54a0_0, 0;
    %load/vec4 v0x562fb459d230_0;
    %addi 1, 0, 10;
    %assign/vec4 v0x562fb459d230_0, 0;
    %pushi/vec4 1, 0, 3;
    %assign/vec4 v0x562fb45d5b00_0, 0;
T_0.10 ;
    %jmp T_0.6;
T_0.6 ;
    %pop/vec4 1;
T_0.1 ;
    %jmp T_0;
    .thread T_0;
    .scope S_0x562fb4518d00;
T_1 ;
    %wait E_0x562fb45bd5f0;
    %load/vec4 v0x562fb45d6960_0;
    %flag_set/vec4 8;
    %jmp/0xz  T_1.0, 8;
    %load/vec4 v0x562fb45d67a0_0;
    %store/vec4 v0x562fb45d5f80_0, 0, 16;
    %pushi/vec4 1, 0, 1;
    %store/vec4 v0x562fb45d6700_0, 0, 1;
    %jmp T_1.1;
T_1.0 ;
    %load/vec4 v0x562fb45d6e30_0;
    %flag_set/vec4 8;
    %jmp/0xz  T_1.2, 8;
    %load/vec4 v0x562fb45d6c70_0;
    %store/vec4 v0x562fb45d5f80_0, 0, 16;
    %pushi/vec4 1, 0, 1;
    %store/vec4 v0x562fb45d6700_0, 0, 1;
    %jmp T_1.3;
T_1.2 ;
    %load/vec4 v0x562fb45d72f0_0;
    %flag_set/vec4 8;
    %jmp/0xz  T_1.4, 8;
    %load/vec4 v0x562fb45d7170_0;
    %store/vec4 v0x562fb45d5f80_0, 0, 16;
    %pushi/vec4 1, 0, 1;
    %store/vec4 v0x562fb45d6700_0, 0, 1;
    %jmp T_1.5;
T_1.4 ;
    %load/vec4 v0x562fb45d61e0_0;
    %flag_set/vec4 8;
    %jmp/0xz  T_1.6, 8;
    %load/vec4 v0x562fb45d6080_0;
    %store/vec4 v0x562fb45d5f80_0, 0, 16;
    %pushi/vec4 1, 0, 1;
    %store/vec4 v0x562fb45d6700_0, 0, 1;
    %jmp T_1.7;
T_1.6 ;
    %pushi/vec4 0, 0, 16;
    %store/vec4 v0x562fb45d5f80_0, 0, 16;
    %pushi/vec4 0, 0, 1;
    %store/vec4 v0x562fb45d6700_0, 0, 1;
T_1.7 ;
T_1.5 ;
T_1.3 ;
T_1.1 ;
    %jmp T_1;
    .thread T_1, $push;
    .scope S_0x562fb4518d00;
T_2 ;
    %wait E_0x562fb44e48e0;
    %load/vec4 v0x562fb45d6ae0_0;
    %flag_set/vec4 8;
    %jmp/0xz  T_2.0, 8;
    %pushi/vec4 0, 0, 1;
    %assign/vec4 v0x562fb45d65c0_0, 0;
    %pushi/vec4 0, 0, 1;
    %assign/vec4 v0x562fb45d6660_0, 0;
    %jmp T_2.1;
T_2.0 ;
    %load/vec4 v0x562fb45d6700_0;
    %assign/vec4 v0x562fb45d65c0_0, 0;
    %load/vec4 v0x562fb45d65c0_0;
    %assign/vec4 v0x562fb45d6660_0, 0;
T_2.1 ;
    %jmp T_2;
    .thread T_2;
    .scope S_0x562fb4518d00;
T_3 ;
    %wait E_0x562fb44e4760;
    %pushi/vec4 0, 0, 16;
    %store/vec4 v0x562fb45d6880_0, 0, 16;
    %pushi/vec4 0, 0, 16;
    %store/vec4 v0x562fb45d6d50_0, 0, 16;
    %pushi/vec4 0, 0, 16;
    %store/vec4 v0x562fb45d7210_0, 0, 16;
    %pushi/vec4 0, 0, 16;
    %store/vec4 v0x562fb45d6120_0, 0, 16;
    %pushi/vec4 0, 0, 1;
    %store/vec4 v0x562fb45d6a20_0, 0, 1;
    %pushi/vec4 0, 0, 1;
    %store/vec4 v0x562fb45d6ef0_0, 0, 1;
    %pushi/vec4 0, 0, 1;
    %store/vec4 v0x562fb45d73b0_0, 0, 1;
    %pushi/vec4 0, 0, 1;
    %store/vec4 v0x562fb45d62a0_0, 0, 1;
    %pushi/vec4 2, 0, 32;
    %dup/vec4;
    %pushi/vec4 0, 0, 32;
    %cmp/u;
    %jmp/1 T_3.0, 6;
    %dup/vec4;
    %pushi/vec4 1, 0, 32;
    %cmp/u;
    %jmp/1 T_3.1, 6;
    %dup/vec4;
    %pushi/vec4 2, 0, 32;
    %cmp/u;
    %jmp/1 T_3.2, 6;
    %dup/vec4;
    %pushi/vec4 3, 0, 32;
    %cmp/u;
    %jmp/1 T_3.3, 6;
    %jmp T_3.4;
T_3.0 ;
    %load/vec4 v0x562fb45d6fb0_0;
    %store/vec4 v0x562fb45d6880_0, 0, 16;
    %load/vec4 v0x562fb45d70a0_0;
    %store/vec4 v0x562fb45d6a20_0, 0, 1;
    %jmp T_3.4;
T_3.1 ;
    %load/vec4 v0x562fb45d6fb0_0;
    %store/vec4 v0x562fb45d6d50_0, 0, 16;
    %load/vec4 v0x562fb45d70a0_0;
    %store/vec4 v0x562fb45d6ef0_0, 0, 1;
    %jmp T_3.4;
T_3.2 ;
    %load/vec4 v0x562fb45d6fb0_0;
    %store/vec4 v0x562fb45d7210_0, 0, 16;
    %load/vec4 v0x562fb45d70a0_0;
    %store/vec4 v0x562fb45d73b0_0, 0, 1;
    %jmp T_3.4;
T_3.3 ;
    %load/vec4 v0x562fb45d6fb0_0;
    %store/vec4 v0x562fb45d6120_0, 0, 16;
    %load/vec4 v0x562fb45d70a0_0;
    %store/vec4 v0x562fb45d62a0_0, 0, 1;
    %jmp T_3.4;
T_3.4 ;
    %pop/vec4 1;
    %jmp T_3;
    .thread T_3, $push;
    .scope S_0x562fb4518d00;
T_4 ;
    %wait E_0x562fb450c0d0;
    %load/vec4 v0x562fb45d6bb0_0;
    %pad/u 32;
    %cmpi/e 11, 0, 32;
    %jmp/0xz  T_4.0, 4;
    %jmp T_4.1;
T_4.0 ;
    %load/vec4 v0x562fb45d6bb0_0;
    %dup/vec4;
    %pushi/vec4 0, 0, 4;
    %cmp/u;
    %jmp/1 T_4.2, 6;
    %dup/vec4;
    %pushi/vec4 1, 0, 4;
    %cmp/u;
    %jmp/1 T_4.3, 6;
    %dup/vec4;
    %pushi/vec4 2, 0, 4;
    %cmp/u;
    %jmp/1 T_4.4, 6;
    %dup/vec4;
    %pushi/vec4 4, 0, 4;
    %cmp/u;
    %jmp/1 T_4.5, 6;
    %dup/vec4;
    %pushi/vec4 5, 0, 4;
    %cmp/u;
    %jmp/1 T_4.6, 6;
    %dup/vec4;
    %pushi/vec4 6, 0, 4;
    %cmp/u;
    %jmp/1 T_4.7, 6;
    %dup/vec4;
    %pushi/vec4 8, 0, 4;
    %cmp/u;
    %jmp/1 T_4.8, 6;
    %dup/vec4;
    %pushi/vec4 9, 0, 4;
    %cmp/u;
    %jmp/1 T_4.9, 6;
    %dup/vec4;
    %pushi/vec4 10, 0, 4;
    %cmp/u;
    %jmp/1 T_4.10, 6;
    %jmp T_4.11;
T_4.2 ;
    %load/vec4 v0x562fb45d5f80_0;
    %store/vec4 v0x562fb45d6880_0, 0, 16;
    %pushi/vec4 1, 0, 1;
    %store/vec4 v0x562fb45d6a20_0, 0, 1;
    %load/vec4 v0x562fb45d5f80_0;
    %store/vec4 v0x562fb45d6d50_0, 0, 16;
    %pushi/vec4 1, 0, 1;
    %store/vec4 v0x562fb45d6ef0_0, 0, 1;
    %load/vec4 v0x562fb45d5f80_0;
    %store/vec4 v0x562fb45d6120_0, 0, 16;
    %pushi/vec4 1, 0, 1;
    %store/vec4 v0x562fb45d62a0_0, 0, 1;
    %jmp T_4.11;
T_4.3 ;
    %load/vec4 v0x562fb45d5f80_0;
    %store/vec4 v0x562fb45d6880_0, 0, 16;
    %pushi/vec4 1, 0, 1;
    %store/vec4 v0x562fb45d6a20_0, 0, 1;
    %jmp T_4.11;
T_4.4 ;
    %load/vec4 v0x562fb45d5f80_0;
    %store/vec4 v0x562fb45d6d50_0, 0, 16;
    %pushi/vec4 1, 0, 1;
    %store/vec4 v0x562fb45d6ef0_0, 0, 1;
    %jmp T_4.11;
T_4.5 ;
    %load/vec4 v0x562fb45d5f80_0;
    %store/vec4 v0x562fb45d6120_0, 0, 16;
    %pushi/vec4 1, 0, 1;
    %store/vec4 v0x562fb45d62a0_0, 0, 1;
    %jmp T_4.11;
T_4.6 ;
    %load/vec4 v0x562fb45d5f80_0;
    %store/vec4 v0x562fb45d6120_0, 0, 16;
    %pushi/vec4 1, 0, 1;
    %store/vec4 v0x562fb45d62a0_0, 0, 1;
    %load/vec4 v0x562fb45d5f80_0;
    %store/vec4 v0x562fb45d6880_0, 0, 16;
    %pushi/vec4 1, 0, 1;
    %store/vec4 v0x562fb45d6a20_0, 0, 1;
    %jmp T_4.11;
T_4.7 ;
    %load/vec4 v0x562fb45d5f80_0;
    %store/vec4 v0x562fb45d6120_0, 0, 16;
    %pushi/vec4 1, 0, 1;
    %store/vec4 v0x562fb45d62a0_0, 0, 1;
    %load/vec4 v0x562fb45d5f80_0;
    %store/vec4 v0x562fb45d6d50_0, 0, 16;
    %pushi/vec4 1, 0, 1;
    %store/vec4 v0x562fb45d6ef0_0, 0, 1;
    %jmp T_4.11;
T_4.8 ;
    %load/vec4 v0x562fb45d5f80_0;
    %store/vec4 v0x562fb45d7210_0, 0, 16;
    %pushi/vec4 1, 0, 1;
    %store/vec4 v0x562fb45d73b0_0, 0, 1;
    %load/vec4 v0x562fb45d5f80_0;
    %store/vec4 v0x562fb45d6880_0, 0, 16;
    %pushi/vec4 1, 0, 1;
    %store/vec4 v0x562fb45d6a20_0, 0, 1;
    %jmp T_4.11;
T_4.9 ;
    %load/vec4 v0x562fb45d5f80_0;
    %store/vec4 v0x562fb45d7210_0, 0, 16;
    %pushi/vec4 1, 0, 1;
    %store/vec4 v0x562fb45d73b0_0, 0, 1;
    %load/vec4 v0x562fb45d5f80_0;
    %store/vec4 v0x562fb45d6d50_0, 0, 16;
    %pushi/vec4 1, 0, 1;
    %store/vec4 v0x562fb45d6ef0_0, 0, 1;
    %jmp T_4.11;
T_4.10 ;
    %load/vec4 v0x562fb45d5f80_0;
    %store/vec4 v0x562fb45d7210_0, 0, 16;
    %pushi/vec4 1, 0, 1;
    %store/vec4 v0x562fb45d73b0_0, 0, 1;
    %load/vec4 v0x562fb45d5f80_0;
    %store/vec4 v0x562fb45d6120_0, 0, 16;
    %pushi/vec4 1, 0, 1;
    %store/vec4 v0x562fb45d62a0_0, 0, 1;
    %jmp T_4.11;
T_4.11 ;
    %pop/vec4 1;
T_4.1 ;
    %jmp T_4;
    .thread T_4, $push;
    .scope S_0x562fb45dbd50;
T_5 ;
    %wait E_0x562fb45bd5b0;
    %load/vec4 v0x562fb45dd010_0;
    %flag_set/vec4 8;
    %jmp/0xz  T_5.0, 8;
    %pushi/vec4 0, 0, 1;
    %assign/vec4 v0x562fb45dcf50_0, 0;
    %pushi/vec4 0, 0, 10;
    %assign/vec4 v0x562fb45dcd40_0, 0;
    %pushi/vec4 0, 0, 1;
    %assign/vec4 v0x562fb45dcbb0_0, 0;
    %pushi/vec4 0, 0, 16;
    %assign/vec4 v0x562fb45dd190_0, 0;
    %pushi/vec4 0, 0, 6;
    %assign/vec4 v0x562fb45dcad0_0, 0;
    %pushi/vec4 0, 0, 3;
    %assign/vec4 v0x562fb45dd0b0_0, 0;
    %jmp T_5.1;
T_5.0 ;
    %pushi/vec4 0, 0, 1;
    %assign/vec4 v0x562fb45dcbb0_0, 0;
    %load/vec4 v0x562fb45dd0b0_0;
    %dup/vec4;
    %pushi/vec4 0, 0, 3;
    %cmp/u;
    %jmp/1 T_5.2, 6;
    %dup/vec4;
    %pushi/vec4 1, 0, 3;
    %cmp/u;
    %jmp/1 T_5.3, 6;
    %dup/vec4;
    %pushi/vec4 2, 0, 3;
    %cmp/u;
    %jmp/1 T_5.4, 6;
    %pushi/vec4 0, 0, 3;
    %assign/vec4 v0x562fb45dd0b0_0, 0;
    %jmp T_5.6;
T_5.2 ;
    %pushi/vec4 0, 0, 1;
    %assign/vec4 v0x562fb45dcf50_0, 0;
    %pushi/vec4 0, 0, 6;
    %assign/vec4 v0x562fb45dcad0_0, 0;
    %load/vec4 v0x562fb45dcc80_0;
    %flag_set/vec4 8;
    %jmp/0xz  T_5.7, 8;
    %pushi/vec4 1, 0, 1;
    %assign/vec4 v0x562fb45dcf50_0, 0;
    %pushi/vec4 0, 0, 10;
    %assign/vec4 v0x562fb45dcd40_0, 0;
    %pushi/vec4 1, 0, 3;
    %assign/vec4 v0x562fb45dd0b0_0, 0;
T_5.7 ;
    %jmp T_5.6;
T_5.3 ;
    %load/vec4 v0x562fb45dce70_0;
    %assign/vec4 v0x562fb45dd190_0, 0;
    %pushi/vec4 2, 0, 3;
    %assign/vec4 v0x562fb45dd0b0_0, 0;
    %jmp T_5.6;
T_5.4 ;
    %pushi/vec4 1, 0, 1;
    %assign/vec4 v0x562fb45dcbb0_0, 0;
    %load/vec4 v0x562fb45dcad0_0;
    %pad/u 32;
    %cmpi/e 8, 0, 32;
    %jmp/0xz  T_5.9, 4;
    %pushi/vec4 0, 0, 1;
    %assign/vec4 v0x562fb45dcf50_0, 0;
    %pushi/vec4 0, 0, 6;
    %assign/vec4 v0x562fb45dcad0_0, 0;
    %pushi/vec4 0, 0, 3;
    %assign/vec4 v0x562fb45dd0b0_0, 0;
    %jmp T_5.10;
T_5.9 ;
    %load/vec4 v0x562fb45dcad0_0;
    %addi 1, 0, 6;
    %assign/vec4 v0x562fb45dcad0_0, 0;
    %load/vec4 v0x562fb45dcd40_0;
    %addi 1, 0, 10;
    %assign/vec4 v0x562fb45dcd40_0, 0;
    %pushi/vec4 1, 0, 3;
    %assign/vec4 v0x562fb45dd0b0_0, 0;
T_5.10 ;
    %jmp T_5.6;
T_5.6 ;
    %pop/vec4 1;
T_5.1 ;
    %jmp T_5;
    .thread T_5;
    .scope S_0x562fb45da7c0;
T_6 ;
    %wait E_0x562fb45dbcc0;
    %load/vec4 v0x562fb45ddf00_0;
    %flag_set/vec4 8;
    %jmp/0xz  T_6.0, 8;
    %load/vec4 v0x562fb45ddd40_0;
    %store/vec4 v0x562fb45dd530_0, 0, 16;
    %pushi/vec4 1, 0, 1;
    %store/vec4 v0x562fb45ddca0_0, 0, 1;
    %jmp T_6.1;
T_6.0 ;
    %load/vec4 v0x562fb45de4d0_0;
    %flag_set/vec4 8;
    %jmp/0xz  T_6.2, 8;
    %load/vec4 v0x562fb45de310_0;
    %store/vec4 v0x562fb45dd530_0, 0, 16;
    %pushi/vec4 1, 0, 1;
    %store/vec4 v0x562fb45ddca0_0, 0, 1;
    %jmp T_6.3;
T_6.2 ;
    %load/vec4 v0x562fb45de990_0;
    %flag_set/vec4 8;
    %jmp/0xz  T_6.4, 8;
    %load/vec4 v0x562fb45de810_0;
    %store/vec4 v0x562fb45dd530_0, 0, 16;
    %pushi/vec4 1, 0, 1;
    %store/vec4 v0x562fb45ddca0_0, 0, 1;
    %jmp T_6.5;
T_6.4 ;
    %load/vec4 v0x562fb45dd780_0;
    %flag_set/vec4 8;
    %jmp/0xz  T_6.6, 8;
    %load/vec4 v0x562fb45dd600_0;
    %store/vec4 v0x562fb45dd530_0, 0, 16;
    %pushi/vec4 1, 0, 1;
    %store/vec4 v0x562fb45ddca0_0, 0, 1;
    %jmp T_6.7;
T_6.6 ;
    %pushi/vec4 0, 0, 16;
    %store/vec4 v0x562fb45dd530_0, 0, 16;
    %pushi/vec4 0, 0, 1;
    %store/vec4 v0x562fb45ddca0_0, 0, 1;
T_6.7 ;
T_6.5 ;
T_6.3 ;
T_6.1 ;
    %jmp T_6;
    .thread T_6, $push;
    .scope S_0x562fb45da7c0;
T_7 ;
    %wait E_0x562fb44e48e0;
    %load/vec4 v0x562fb45de190_0;
    %flag_set/vec4 8;
    %jmp/0xz  T_7.0, 8;
    %pushi/vec4 0, 0, 1;
    %assign/vec4 v0x562fb45dda90_0, 0;
    %pushi/vec4 0, 0, 1;
    %assign/vec4 v0x562fb45ddb30_0, 0;
    %jmp T_7.1;
T_7.0 ;
    %load/vec4 v0x562fb45ddca0_0;
    %assign/vec4 v0x562fb45dda90_0, 0;
    %load/vec4 v0x562fb45dda90_0;
    %assign/vec4 v0x562fb45ddb30_0, 0;
T_7.1 ;
    %jmp T_7;
    .thread T_7;
    .scope S_0x562fb45da7c0;
T_8 ;
    %wait E_0x562fb45dbc60;
    %pushi/vec4 0, 0, 16;
    %store/vec4 v0x562fb45dde20_0, 0, 16;
    %pushi/vec4 0, 0, 16;
    %store/vec4 v0x562fb45de3f0_0, 0, 16;
    %pushi/vec4 0, 0, 16;
    %store/vec4 v0x562fb45de8b0_0, 0, 16;
    %pushi/vec4 0, 0, 16;
    %store/vec4 v0x562fb45dd6a0_0, 0, 16;
    %pushi/vec4 0, 0, 1;
    %store/vec4 v0x562fb45ddfc0_0, 0, 1;
    %pushi/vec4 0, 0, 1;
    %store/vec4 v0x562fb45de590_0, 0, 1;
    %pushi/vec4 0, 0, 1;
    %store/vec4 v0x562fb45dea50_0, 0, 1;
    %pushi/vec4 0, 0, 1;
    %store/vec4 v0x562fb45dd840_0, 0, 1;
    %pushi/vec4 2, 0, 32;
    %dup/vec4;
    %pushi/vec4 0, 0, 32;
    %cmp/u;
    %jmp/1 T_8.0, 6;
    %dup/vec4;
    %pushi/vec4 1, 0, 32;
    %cmp/u;
    %jmp/1 T_8.1, 6;
    %dup/vec4;
    %pushi/vec4 2, 0, 32;
    %cmp/u;
    %jmp/1 T_8.2, 6;
    %dup/vec4;
    %pushi/vec4 3, 0, 32;
    %cmp/u;
    %jmp/1 T_8.3, 6;
    %jmp T_8.4;
T_8.0 ;
    %load/vec4 v0x562fb45de650_0;
    %store/vec4 v0x562fb45dde20_0, 0, 16;
    %load/vec4 v0x562fb45de740_0;
    %store/vec4 v0x562fb45ddfc0_0, 0, 1;
    %jmp T_8.4;
T_8.1 ;
    %load/vec4 v0x562fb45de650_0;
    %store/vec4 v0x562fb45de3f0_0, 0, 16;
    %load/vec4 v0x562fb45de740_0;
    %store/vec4 v0x562fb45de590_0, 0, 1;
    %jmp T_8.4;
T_8.2 ;
    %load/vec4 v0x562fb45de650_0;
    %store/vec4 v0x562fb45de8b0_0, 0, 16;
    %load/vec4 v0x562fb45de740_0;
    %store/vec4 v0x562fb45dea50_0, 0, 1;
    %jmp T_8.4;
T_8.3 ;
    %load/vec4 v0x562fb45de650_0;
    %store/vec4 v0x562fb45dd6a0_0, 0, 16;
    %load/vec4 v0x562fb45de740_0;
    %store/vec4 v0x562fb45dd840_0, 0, 1;
    %jmp T_8.4;
T_8.4 ;
    %pop/vec4 1;
    %jmp T_8;
    .thread T_8, $push;
    .scope S_0x562fb45da7c0;
T_9 ;
    %wait E_0x562fb45dbc00;
    %load/vec4 v0x562fb45de230_0;
    %pad/u 32;
    %cmpi/e 11, 0, 32;
    %jmp/0xz  T_9.0, 4;
    %jmp T_9.1;
T_9.0 ;
    %load/vec4 v0x562fb45de230_0;
    %dup/vec4;
    %pushi/vec4 0, 0, 4;
    %cmp/u;
    %jmp/1 T_9.2, 6;
    %dup/vec4;
    %pushi/vec4 1, 0, 4;
    %cmp/u;
    %jmp/1 T_9.3, 6;
    %dup/vec4;
    %pushi/vec4 2, 0, 4;
    %cmp/u;
    %jmp/1 T_9.4, 6;
    %dup/vec4;
    %pushi/vec4 4, 0, 4;
    %cmp/u;
    %jmp/1 T_9.5, 6;
    %dup/vec4;
    %pushi/vec4 5, 0, 4;
    %cmp/u;
    %jmp/1 T_9.6, 6;
    %dup/vec4;
    %pushi/vec4 6, 0, 4;
    %cmp/u;
    %jmp/1 T_9.7, 6;
    %dup/vec4;
    %pushi/vec4 8, 0, 4;
    %cmp/u;
    %jmp/1 T_9.8, 6;
    %dup/vec4;
    %pushi/vec4 9, 0, 4;
    %cmp/u;
    %jmp/1 T_9.9, 6;
    %dup/vec4;
    %pushi/vec4 10, 0, 4;
    %cmp/u;
    %jmp/1 T_9.10, 6;
    %jmp T_9.11;
T_9.2 ;
    %load/vec4 v0x562fb45dd530_0;
    %store/vec4 v0x562fb45dde20_0, 0, 16;
    %pushi/vec4 1, 0, 1;
    %store/vec4 v0x562fb45ddfc0_0, 0, 1;
    %load/vec4 v0x562fb45dd530_0;
    %store/vec4 v0x562fb45de3f0_0, 0, 16;
    %pushi/vec4 1, 0, 1;
    %store/vec4 v0x562fb45de590_0, 0, 1;
    %load/vec4 v0x562fb45dd530_0;
    %store/vec4 v0x562fb45dd6a0_0, 0, 16;
    %pushi/vec4 1, 0, 1;
    %store/vec4 v0x562fb45dd840_0, 0, 1;
    %jmp T_9.11;
T_9.3 ;
    %load/vec4 v0x562fb45dd530_0;
    %store/vec4 v0x562fb45dde20_0, 0, 16;
    %pushi/vec4 1, 0, 1;
    %store/vec4 v0x562fb45ddfc0_0, 0, 1;
    %jmp T_9.11;
T_9.4 ;
    %load/vec4 v0x562fb45dd530_0;
    %store/vec4 v0x562fb45de3f0_0, 0, 16;
    %pushi/vec4 1, 0, 1;
    %store/vec4 v0x562fb45de590_0, 0, 1;
    %jmp T_9.11;
T_9.5 ;
    %load/vec4 v0x562fb45dd530_0;
    %store/vec4 v0x562fb45dd6a0_0, 0, 16;
    %pushi/vec4 1, 0, 1;
    %store/vec4 v0x562fb45dd840_0, 0, 1;
    %jmp T_9.11;
T_9.6 ;
    %load/vec4 v0x562fb45dd530_0;
    %store/vec4 v0x562fb45dd6a0_0, 0, 16;
    %pushi/vec4 1, 0, 1;
    %store/vec4 v0x562fb45dd840_0, 0, 1;
    %load/vec4 v0x562fb45dd530_0;
    %store/vec4 v0x562fb45dde20_0, 0, 16;
    %pushi/vec4 1, 0, 1;
    %store/vec4 v0x562fb45ddfc0_0, 0, 1;
    %jmp T_9.11;
T_9.7 ;
    %load/vec4 v0x562fb45dd530_0;
    %store/vec4 v0x562fb45dd6a0_0, 0, 16;
    %pushi/vec4 1, 0, 1;
    %store/vec4 v0x562fb45dd840_0, 0, 1;
    %load/vec4 v0x562fb45dd530_0;
    %store/vec4 v0x562fb45de3f0_0, 0, 16;
    %pushi/vec4 1, 0, 1;
    %store/vec4 v0x562fb45de590_0, 0, 1;
    %jmp T_9.11;
T_9.8 ;
    %load/vec4 v0x562fb45dd530_0;
    %store/vec4 v0x562fb45de8b0_0, 0, 16;
    %pushi/vec4 1, 0, 1;
    %store/vec4 v0x562fb45dea50_0, 0, 1;
    %load/vec4 v0x562fb45dd530_0;
    %store/vec4 v0x562fb45dde20_0, 0, 16;
    %pushi/vec4 1, 0, 1;
    %store/vec4 v0x562fb45ddfc0_0, 0, 1;
    %jmp T_9.11;
T_9.9 ;
    %load/vec4 v0x562fb45dd530_0;
    %store/vec4 v0x562fb45de8b0_0, 0, 16;
    %pushi/vec4 1, 0, 1;
    %store/vec4 v0x562fb45dea50_0, 0, 1;
    %load/vec4 v0x562fb45dd530_0;
    %store/vec4 v0x562fb45de3f0_0, 0, 16;
    %pushi/vec4 1, 0, 1;
    %store/vec4 v0x562fb45de590_0, 0, 1;
    %jmp T_9.11;
T_9.10 ;
    %load/vec4 v0x562fb45dd530_0;
    %store/vec4 v0x562fb45de8b0_0, 0, 16;
    %pushi/vec4 1, 0, 1;
    %store/vec4 v0x562fb45dea50_0, 0, 1;
    %load/vec4 v0x562fb45dd530_0;
    %store/vec4 v0x562fb45dd6a0_0, 0, 16;
    %pushi/vec4 1, 0, 1;
    %store/vec4 v0x562fb45dd840_0, 0, 1;
    %jmp T_9.11;
T_9.11 ;
    %pop/vec4 1;
T_9.1 ;
    %jmp T_9;
    .thread T_9, $push;
    .scope S_0x562fb45d77c0;
T_10 ;
    %wait E_0x562fb45d8b90;
    %load/vec4 v0x562fb45d94c0_0;
    %flag_set/vec4 8;
    %jmp/0xz  T_10.0, 8;
    %load/vec4 v0x562fb45d9300_0;
    %store/vec4 v0x562fb45d8d10_0, 0, 80;
    %pushi/vec4 1, 0, 1;
    %store/vec4 v0x562fb45d8df0_0, 0, 1;
    %jmp T_10.1;
T_10.0 ;
    %load/vec4 v0x562fb45da380_0;
    %flag_set/vec4 8;
    %jmp/0xz  T_10.2, 8;
    %load/vec4 v0x562fb45da1c0_0;
    %store/vec4 v0x562fb45d8d10_0, 0, 80;
    %pushi/vec4 1, 0, 1;
    %store/vec4 v0x562fb45d8df0_0, 0, 1;
    %jmp T_10.3;
T_10.2 ;
    %pushi/vec4 0, 0, 80;
    %store/vec4 v0x562fb45d8d10_0, 0, 80;
    %pushi/vec4 0, 0, 1;
    %store/vec4 v0x562fb45d8df0_0, 0, 1;
T_10.3 ;
T_10.1 ;
    %jmp T_10;
    .thread T_10, $push;
    .scope S_0x562fb45d77c0;
T_11 ;
    %wait E_0x562fb45d8b30;
    %pushi/vec4 0, 0, 80;
    %store/vec4 v0x562fb45d93e0_0, 0, 80;
    %pushi/vec4 0, 0, 1;
    %store/vec4 v0x562fb45d9580_0, 0, 1;
    %pushi/vec4 0, 0, 80;
    %store/vec4 v0x562fb45d9e80_0, 0, 80;
    %pushi/vec4 0, 0, 1;
    %store/vec4 v0x562fb45da020_0, 0, 1;
    %pushi/vec4 0, 0, 80;
    %store/vec4 v0x562fb45d8f70_0, 0, 80;
    %pushi/vec4 0, 0, 1;
    %store/vec4 v0x562fb45d9160_0, 0, 1;
    %pushi/vec4 0, 0, 80;
    %store/vec4 v0x562fb45da2a0_0, 0, 80;
    %pushi/vec4 0, 0, 1;
    %store/vec4 v0x562fb45da440_0, 0, 1;
    %load/vec4 v0x562fb45d9cc0_0;
    %dup/vec4;
    %pushi/vec4 2, 0, 4;
    %cmp/u;
    %jmp/1 T_11.0, 6;
    %dup/vec4;
    %pushi/vec4 4, 0, 4;
    %cmp/u;
    %jmp/1 T_11.1, 6;
    %dup/vec4;
    %pushi/vec4 6, 0, 4;
    %cmp/u;
    %jmp/1 T_11.2, 6;
    %dup/vec4;
    %pushi/vec4 11, 0, 4;
    %cmp/u;
    %jmp/1 T_11.3, 6;
    %jmp T_11.4;
T_11.0 ;
    %load/vec4 v0x562fb45d8d10_0;
    %store/vec4 v0x562fb45d9e80_0, 0, 80;
    %load/vec4 v0x562fb45d8df0_0;
    %store/vec4 v0x562fb45da020_0, 0, 1;
    %jmp T_11.4;
T_11.1 ;
    %load/vec4 v0x562fb45d8d10_0;
    %store/vec4 v0x562fb45d8f70_0, 0, 80;
    %load/vec4 v0x562fb45d8df0_0;
    %store/vec4 v0x562fb45d9160_0, 0, 1;
    %jmp T_11.4;
T_11.2 ;
    %load/vec4 v0x562fb45d8d10_0;
    %store/vec4 v0x562fb45d8f70_0, 0, 80;
    %load/vec4 v0x562fb45d8d10_0;
    %store/vec4 v0x562fb45d9e80_0, 0, 80;
    %load/vec4 v0x562fb45d8df0_0;
    %store/vec4 v0x562fb45d9160_0, 0, 1;
    %load/vec4 v0x562fb45d8df0_0;
    %store/vec4 v0x562fb45da020_0, 0, 1;
    %jmp T_11.4;
T_11.3 ;
    %jmp T_11.4;
T_11.4 ;
    %pop/vec4 1;
    %jmp T_11;
    .thread T_11, $push;
    .scope S_0x562fb45d77c0;
T_12 ;
    %wait E_0x562fb45bd5b0;
    %load/vec4 v0x562fb45d9c20_0;
    %flag_set/vec4 8;
    %jmp/0xz  T_12.0, 8;
    %pushi/vec4 0, 0, 2;
    %assign/vec4 v0x562fb45da0e0_0, 0;
    %pushi/vec4 0, 0, 5;
    %assign/vec4 v0x562fb45d9720_0, 0;
    %pushi/vec4 0, 0, 3;
    %assign/vec4 v0x562fb45d9220_0, 0;
    %pushi/vec4 0, 0, 80;
    %assign/vec4 v0x562fb45d9640_0, 0;
    %pushi/vec4 0, 0, 16;
    %assign/vec4 v0x562fb45d9800_0, 0;
    %pushi/vec4 0, 0, 1;
    %assign/vec4 v0x562fb45d98e0_0, 0;
    %pushi/vec4 0, 0, 10;
    %assign/vec4 v0x562fb45d9b40_0, 0;
    %jmp T_12.1;
T_12.0 ;
    %pushi/vec4 0, 0, 1;
    %assign/vec4 v0x562fb45d98e0_0, 0;
    %load/vec4 v0x562fb45da0e0_0;
    %dup/vec4;
    %pushi/vec4 0, 0, 2;
    %cmp/u;
    %jmp/1 T_12.2, 6;
    %dup/vec4;
    %pushi/vec4 1, 0, 2;
    %cmp/u;
    %jmp/1 T_12.3, 6;
    %dup/vec4;
    %pushi/vec4 2, 0, 2;
    %cmp/u;
    %jmp/1 T_12.4, 6;
    %jmp T_12.5;
T_12.2 ;
    %pushi/vec4 0, 0, 5;
    %assign/vec4 v0x562fb45d9720_0, 0;
    %pushi/vec4 0, 0, 10;
    %assign/vec4 v0x562fb45d9b40_0, 0;
    %load/vec4 v0x562fb45d9a80_0;
    %flag_set/vec4 8;
    %jmp/0xz  T_12.6, 8;
    %pushi/vec4 1, 0, 2;
    %assign/vec4 v0x562fb45da0e0_0, 0;
T_12.6 ;
    %jmp T_12.5;
T_12.3 ;
    %load/vec4 v0x562fb45d99a0_0;
    %assign/vec4 v0x562fb45d9640_0, 0;
    %pushi/vec4 0, 0, 5;
    %assign/vec4 v0x562fb45d9720_0, 0;
    %pushi/vec4 2, 0, 2;
    %assign/vec4 v0x562fb45da0e0_0, 0;
    %jmp T_12.5;
T_12.4 ;
    %pushi/vec4 1, 0, 1;
    %assign/vec4 v0x562fb45d98e0_0, 0;
    %load/vec4 v0x562fb45d9640_0;
    %load/vec4 v0x562fb45d9720_0;
    %pad/u 32;
    %addi 1, 0, 32;
    %muli 16, 0, 32;
    %subi 1, 0, 32;
    %pad/u 34;
    %subi 15, 0, 34;
    %part/s 16;
    %assign/vec4 v0x562fb45d9800_0, 0;
    %load/vec4 v0x562fb45d9720_0;
    %pad/u 32;
    %cmpi/e 0, 0, 32;
    %jmp/0xz  T_12.8, 4;
    %pushi/vec4 0, 0, 32;
    %load/vec4 v0x562fb45d9220_0;
    %pad/u 32;
    %muli 5, 0, 32;
    %add;
    %pad/u 10;
    %assign/vec4 v0x562fb45d9b40_0, 0;
    %jmp T_12.9;
T_12.8 ;
    %load/vec4 v0x562fb45d9b40_0;
    %addi 1, 0, 10;
    %assign/vec4 v0x562fb45d9b40_0, 0;
T_12.9 ;
    %load/vec4 v0x562fb45d9720_0;
    %pad/u 32;
    %cmpi/e 4, 0, 32;
    %jmp/0xz  T_12.10, 4;
    %pushi/vec4 0, 0, 5;
    %assign/vec4 v0x562fb45d9720_0, 0;
    %load/vec4 v0x562fb45d9220_0;
    %addi 1, 0, 3;
    %assign/vec4 v0x562fb45d9220_0, 0;
    %pushi/vec4 0, 0, 2;
    %assign/vec4 v0x562fb45da0e0_0, 0;
    %jmp T_12.11;
T_12.10 ;
    %load/vec4 v0x562fb45d9720_0;
    %addi 1, 0, 5;
    %assign/vec4 v0x562fb45d9720_0, 0;
T_12.11 ;
    %jmp T_12.5;
T_12.5 ;
    %pop/vec4 1;
T_12.1 ;
    %jmp T_12;
    .thread T_12;
    .scope S_0x562fb45e1ed0;
T_13 ;
    %wait E_0x562fb45e3310;
    %load/vec4 v0x562fb45e3c40_0;
    %flag_set/vec4 8;
    %jmp/0xz  T_13.0, 8;
    %load/vec4 v0x562fb45e3a80_0;
    %store/vec4 v0x562fb45e3460_0, 0, 80;
    %pushi/vec4 1, 0, 1;
    %store/vec4 v0x562fb45e3540_0, 0, 1;
    %jmp T_13.1;
T_13.0 ;
    %load/vec4 v0x562fb45e4b20_0;
    %flag_set/vec4 8;
    %jmp/0xz  T_13.2, 8;
    %load/vec4 v0x562fb45e4960_0;
    %store/vec4 v0x562fb45e3460_0, 0, 80;
    %pushi/vec4 1, 0, 1;
    %store/vec4 v0x562fb45e3540_0, 0, 1;
    %jmp T_13.3;
T_13.2 ;
    %pushi/vec4 0, 0, 80;
    %store/vec4 v0x562fb45e3460_0, 0, 80;
    %pushi/vec4 0, 0, 1;
    %store/vec4 v0x562fb45e3540_0, 0, 1;
T_13.3 ;
T_13.1 ;
    %jmp T_13;
    .thread T_13, $push;
    .scope S_0x562fb45e1ed0;
T_14 ;
    %wait E_0x562fb45e32b0;
    %pushi/vec4 0, 0, 80;
    %store/vec4 v0x562fb45e3b60_0, 0, 80;
    %pushi/vec4 0, 0, 1;
    %store/vec4 v0x562fb45e3d00_0, 0, 1;
    %pushi/vec4 0, 0, 80;
    %store/vec4 v0x562fb45e4620_0, 0, 80;
    %pushi/vec4 0, 0, 1;
    %store/vec4 v0x562fb45e47c0_0, 0, 1;
    %pushi/vec4 0, 0, 80;
    %store/vec4 v0x562fb45e36f0_0, 0, 80;
    %pushi/vec4 0, 0, 1;
    %store/vec4 v0x562fb45e38e0_0, 0, 1;
    %pushi/vec4 0, 0, 80;
    %store/vec4 v0x562fb45e4a40_0, 0, 80;
    %pushi/vec4 0, 0, 1;
    %store/vec4 v0x562fb45e4be0_0, 0, 1;
    %load/vec4 v0x562fb45e4460_0;
    %dup/vec4;
    %pushi/vec4 2, 0, 4;
    %cmp/u;
    %jmp/1 T_14.0, 6;
    %dup/vec4;
    %pushi/vec4 4, 0, 4;
    %cmp/u;
    %jmp/1 T_14.1, 6;
    %dup/vec4;
    %pushi/vec4 6, 0, 4;
    %cmp/u;
    %jmp/1 T_14.2, 6;
    %dup/vec4;
    %pushi/vec4 11, 0, 4;
    %cmp/u;
    %jmp/1 T_14.3, 6;
    %jmp T_14.4;
T_14.0 ;
    %load/vec4 v0x562fb45e3460_0;
    %store/vec4 v0x562fb45e4620_0, 0, 80;
    %load/vec4 v0x562fb45e3540_0;
    %store/vec4 v0x562fb45e47c0_0, 0, 1;
    %jmp T_14.4;
T_14.1 ;
    %jmp T_14.4;
T_14.2 ;
    %load/vec4 v0x562fb45e3460_0;
    %store/vec4 v0x562fb45e4620_0, 0, 80;
    %load/vec4 v0x562fb45e3540_0;
    %store/vec4 v0x562fb45e38e0_0, 0, 1;
    %load/vec4 v0x562fb45e3540_0;
    %store/vec4 v0x562fb45e47c0_0, 0, 1;
    %jmp T_14.4;
T_14.3 ;
    %jmp T_14.4;
T_14.4 ;
    %pop/vec4 1;
    %jmp T_14;
    .thread T_14, $push;
    .scope S_0x562fb45e1ed0;
T_15 ;
    %wait E_0x562fb45e3250;
    %load/vec4 v0x562fb45e43a0_0;
    %flag_set/vec4 8;
    %jmp/0xz  T_15.0, 8;
    %pushi/vec4 0, 0, 2;
    %assign/vec4 v0x562fb45e4880_0, 0;
    %pushi/vec4 0, 0, 5;
    %assign/vec4 v0x562fb45e3ea0_0, 0;
    %pushi/vec4 0, 0, 3;
    %assign/vec4 v0x562fb45e39a0_0, 0;
    %pushi/vec4 0, 0, 80;
    %assign/vec4 v0x562fb45e3dc0_0, 0;
    %pushi/vec4 0, 0, 16;
    %assign/vec4 v0x562fb45e3f80_0, 0;
    %pushi/vec4 0, 0, 1;
    %assign/vec4 v0x562fb45e4060_0, 0;
    %pushi/vec4 0, 0, 10;
    %assign/vec4 v0x562fb45e42c0_0, 0;
    %jmp T_15.1;
T_15.0 ;
    %pushi/vec4 0, 0, 1;
    %assign/vec4 v0x562fb45e4060_0, 0;
    %load/vec4 v0x562fb45e4880_0;
    %dup/vec4;
    %pushi/vec4 0, 0, 2;
    %cmp/u;
    %jmp/1 T_15.2, 6;
    %dup/vec4;
    %pushi/vec4 1, 0, 2;
    %cmp/u;
    %jmp/1 T_15.3, 6;
    %dup/vec4;
    %pushi/vec4 2, 0, 2;
    %cmp/u;
    %jmp/1 T_15.4, 6;
    %jmp T_15.5;
T_15.2 ;
    %pushi/vec4 0, 0, 5;
    %assign/vec4 v0x562fb45e3ea0_0, 0;
    %pushi/vec4 0, 0, 10;
    %assign/vec4 v0x562fb45e42c0_0, 0;
    %load/vec4 v0x562fb45e4200_0;
    %flag_set/vec4 8;
    %jmp/0xz  T_15.6, 8;
    %pushi/vec4 1, 0, 2;
    %assign/vec4 v0x562fb45e4880_0, 0;
T_15.6 ;
    %jmp T_15.5;
T_15.3 ;
    %load/vec4 v0x562fb45e4120_0;
    %assign/vec4 v0x562fb45e3dc0_0, 0;
    %pushi/vec4 0, 0, 5;
    %assign/vec4 v0x562fb45e3ea0_0, 0;
    %pushi/vec4 2, 0, 2;
    %assign/vec4 v0x562fb45e4880_0, 0;
    %jmp T_15.5;
T_15.4 ;
    %pushi/vec4 1, 0, 1;
    %assign/vec4 v0x562fb45e4060_0, 0;
    %load/vec4 v0x562fb45e3dc0_0;
    %load/vec4 v0x562fb45e3ea0_0;
    %pad/u 32;
    %addi 1, 0, 32;
    %muli 16, 0, 32;
    %subi 1, 0, 32;
    %pad/u 34;
    %subi 15, 0, 34;
    %part/s 16;
    %assign/vec4 v0x562fb45e3f80_0, 0;
    %load/vec4 v0x562fb45e3ea0_0;
    %pad/u 32;
    %cmpi/e 0, 0, 32;
    %jmp/0xz  T_15.8, 4;
    %pushi/vec4 0, 0, 32;
    %load/vec4 v0x562fb45e39a0_0;
    %pad/u 32;
    %muli 5, 0, 32;
    %add;
    %pad/u 10;
    %assign/vec4 v0x562fb45e42c0_0, 0;
    %jmp T_15.9;
T_15.8 ;
    %load/vec4 v0x562fb45e42c0_0;
    %addi 1, 0, 10;
    %assign/vec4 v0x562fb45e42c0_0, 0;
T_15.9 ;
    %load/vec4 v0x562fb45e3ea0_0;
    %pad/u 32;
    %cmpi/e 4, 0, 32;
    %jmp/0xz  T_15.10, 4;
    %pushi/vec4 0, 0, 5;
    %assign/vec4 v0x562fb45e3ea0_0, 0;
    %load/vec4 v0x562fb45e39a0_0;
    %addi 1, 0, 3;
    %assign/vec4 v0x562fb45e39a0_0, 0;
    %pushi/vec4 0, 0, 2;
    %assign/vec4 v0x562fb45e4880_0, 0;
    %jmp T_15.11;
T_15.10 ;
    %load/vec4 v0x562fb45e3ea0_0;
    %addi 1, 0, 5;
    %assign/vec4 v0x562fb45e3ea0_0, 0;
T_15.11 ;
    %jmp T_15.5;
T_15.5 ;
    %pop/vec4 1;
T_15.1 ;
    %jmp T_15;
    .thread T_15;
    .scope S_0x562fb4562d10;
T_16 ;
    %delay 5000, 0;
    %load/vec4 v0x562fb45e5020_0;
    %inv;
    %store/vec4 v0x562fb45e5020_0, 0, 1;
    %jmp T_16;
    .thread T_16;
    .scope S_0x562fb4562d10;
T_17 ;
    %vpi_call/w 9 54 "$dumpfile", "router_generic_psum_full.vcd" {0 0 0};
    %vpi_call/w 9 55 "$dumpvars", 32'sb00000000000000000000000000000000, S_0x562fb4562d10 {0 0 0};
    %end;
    .thread T_17;
    .scope S_0x562fb4562d10;
T_18 ;
    %pushi/vec4 0, 0, 1;
    %store/vec4 v0x562fb45e5020_0, 0, 1;
    %pushi/vec4 1, 0, 1;
    %store/vec4 v0x562fb45e5670_0, 0, 1;
    %pushi/vec4 0, 0, 32;
    %store/vec4 v0x562fb45e51a0_0, 0, 32;
    %pushi/vec4 2, 0, 4;
    %store/vec4 v0x562fb45e5740_0, 0, 4;
    %pushi/vec4 0, 0, 80;
    %store/vec4 v0x562fb45e5810_0, 0, 80;
    %pushi/vec4 0, 0, 1;
    %store/vec4 v0x562fb45e58e0_0, 0, 1;
    %pushi/vec4 1, 0, 16;
    %ix/load 4, 0, 0;
    %flag_set/imm 4, 0;
    %store/vec4a v0x562fb45e5290, 4, 0;
    %pushi/vec4 2, 0, 16;
    %ix/load 4, 1, 0;
    %flag_set/imm 4, 0;
    %store/vec4a v0x562fb45e5290, 4, 0;
    %pushi/vec4 3, 0, 16;
    %ix/load 4, 2, 0;
    %flag_set/imm 4, 0;
    %store/vec4a v0x562fb45e5290, 4, 0;
    %pushi/vec4 4, 0, 16;
    %ix/load 4, 3, 0;
    %flag_set/imm 4, 0;
    %store/vec4a v0x562fb45e5290, 4, 0;
    %pushi/vec4 5, 0, 16;
    %ix/load 4, 4, 0;
    %flag_set/imm 4, 0;
    %store/vec4a v0x562fb45e5290, 4, 0;
    %delay 20000, 0;
    %pushi/vec4 0, 0, 1;
    %store/vec4 v0x562fb45e5670_0, 0, 1;
    %load/vec4 v0x562fb45e5410_0;
    %pad/u 32;
    %cmpi/ne 0, 0, 32;
    %jmp/0xz  T_18.0, 6;
    %vpi_call/w 9 91 "$display", "\342\235\214 ERROR: psum_enable_o active after reset" {0 0 0};
    %load/vec4 v0x562fb45e51a0_0;
    %addi 1, 0, 32;
    %store/vec4 v0x562fb45e51a0_0, 0, 32;
T_18.0 ;
    %vpi_call/w 9 98 "$display", "TEST: PSUM drain" {0 0 0};
    %ix/load 4, 4, 0;
    %flag_set/imm 4, 0;
    %load/vec4a v0x562fb45e5290, 4;
    %ix/load 4, 3, 0;
    %flag_set/imm 4, 0;
    %load/vec4a v0x562fb45e5290, 4;
    %concat/vec4; draw_concat_vec4
    %ix/load 4, 2, 0;
    %flag_set/imm 4, 0;
    %load/vec4a v0x562fb45e5290, 4;
    %concat/vec4; draw_concat_vec4
    %ix/load 4, 1, 0;
    %flag_set/imm 4, 0;
    %load/vec4a v0x562fb45e5290, 4;
    %concat/vec4; draw_concat_vec4
    %ix/load 4, 0, 0;
    %flag_set/imm 4, 0;
    %load/vec4a v0x562fb45e5290, 4;
    %concat/vec4; draw_concat_vec4
    %store/vec4 v0x562fb45e5810_0, 0, 80;
    %pushi/vec4 1, 0, 1;
    %store/vec4 v0x562fb45e58e0_0, 0, 1;
    %pushi/vec4 2, 0, 32;
T_18.2 %dup/vec4;
    %pushi/vec4 0, 0, 32;
    %cmp/s;
    %jmp/1xz T_18.3, 5;
    %jmp/1 T_18.3, 4;
    %pushi/vec4 1, 0, 32;
    %sub;
    %wait E_0x562fb45e1e50;
    %jmp T_18.2;
T_18.3 ;
    %pop/vec4 1;
    %pushi/vec4 0, 0, 1;
    %store/vec4 v0x562fb45e58e0_0, 0, 1;
    %pushi/vec4 0, 0, 32;
    %store/vec4 v0x562fb45e54e0_0, 0, 32;
    %pushi/vec4 0, 0, 32;
    %store/vec4 v0x562fb45e50e0_0, 0, 32;
T_18.4 ;
    %load/vec4 v0x562fb45e54e0_0;
    %cmpi/s 5, 0, 32;
    %flag_get/vec4 5;
    %jmp/0 T_18.6, 5;
    %load/vec4 v0x562fb45e50e0_0;
    %cmpi/s 50, 0, 32;
    %flag_get/vec4 5;
    %and;
T_18.6;
    %flag_set/vec4 8;
    %jmp/0xz T_18.5, 8;
    %wait E_0x562fb45e1e50;
    %load/vec4 v0x562fb45e50e0_0;
    %addi 1, 0, 32;
    %store/vec4 v0x562fb45e50e0_0, 0, 32;
    %load/vec4 v0x562fb45e5410_0;
    %flag_set/vec4 8;
    %jmp/0xz  T_18.7, 8;
    %load/vec4 v0x562fb45e5350_0;
    %ix/getv/s 4, v0x562fb45e54e0_0;
    %load/vec4a v0x562fb45e5290, 4;
    %cmp/ne;
    %jmp/0xz  T_18.9, 6;
    %vpi_call/w 9 124 "$display", "\342\235\214 ERROR: PSUM data mismatch @ index %0d. Expected %h, Got %h", v0x562fb45e54e0_0, &A<v0x562fb45e5290, v0x562fb45e54e0_0 >, v0x562fb45e5350_0 {0 0 0};
    %load/vec4 v0x562fb45e51a0_0;
    %addi 1, 0, 32;
    %store/vec4 v0x562fb45e51a0_0, 0, 32;
T_18.9 ;
    %load/vec4 v0x562fb45e5580_0;
    %pad/u 32;
    %load/vec4 v0x562fb45e54e0_0;
    %cmp/ne;
    %jmp/0xz  T_18.11, 6;
    %vpi_call/w 9 133 "$display", "\342\235\214 ERROR: PSUM addr mismatch @ index %0d. Expected %0d, Got %0d", v0x562fb45e54e0_0, v0x562fb45e54e0_0, v0x562fb45e5580_0 {0 0 0};
    %load/vec4 v0x562fb45e51a0_0;
    %addi 1, 0, 32;
    %store/vec4 v0x562fb45e51a0_0, 0, 32;
T_18.11 ;
    %load/vec4 v0x562fb45e54e0_0;
    %addi 1, 0, 32;
    %store/vec4 v0x562fb45e54e0_0, 0, 32;
T_18.7 ;
    %jmp T_18.4;
T_18.5 ;
    %load/vec4 v0x562fb45e54e0_0;
    %cmpi/s 5, 0, 32;
    %jmp/0xz  T_18.13, 5;
    %vpi_call/w 9 146 "$display", "\342\235\214 ERROR: PSUM drain incomplete. Expected %0d outputs, got %0d", P_0x562fb4562f20, v0x562fb45e54e0_0 {0 0 0};
    %load/vec4 v0x562fb45e51a0_0;
    %addi 1, 0, 32;
    %store/vec4 v0x562fb45e51a0_0, 0, 32;
T_18.13 ;
    %pushi/vec4 10, 0, 32;
T_18.15 %dup/vec4;
    %pushi/vec4 0, 0, 32;
    %cmp/s;
    %jmp/1xz T_18.16, 5;
    %jmp/1 T_18.16, 4;
    %pushi/vec4 1, 0, 32;
    %sub;
    %wait E_0x562fb45e1e50;
    %load/vec4 v0x562fb45e5410_0;
    %flag_set/vec4 8;
    %jmp/0xz  T_18.17, 8;
    %vpi_call/w 9 159 "$display", "\342\235\214 ERROR: Spurious PSUM output after completion" {0 0 0};
    %load/vec4 v0x562fb45e51a0_0;
    %addi 1, 0, 32;
    %store/vec4 v0x562fb45e51a0_0, 0, 32;
T_18.17 ;
    %jmp T_18.15;
T_18.16 ;
    %pop/vec4 1;
    %delay 20000, 0;
    %load/vec4 v0x562fb45e51a0_0;
    %cmpi/e 0, 0, 32;
    %jmp/0xz  T_18.19, 4;
    %vpi_call/w 9 169 "$display", "\012\342\234\205 PASS: router_generic_psum is FULLY FUNCTIONAL\012" {0 0 0};
    %jmp T_18.20;
T_18.19 ;
    %vpi_call/w 9 171 "$display", "\012\342\235\214 FAIL: %0d ERRORS detected in router_generic_psum\012", v0x562fb45e51a0_0 {0 0 0};
T_18.20 ;
    %vpi_call/w 9 174 "$finish" {0 0 0};
    %end;
    .thread T_18;
    .scope S_0x562fb4518b70;
T_19 ;
    %wait E_0x562fb45e59b0;
    %load/vec4 v0x562fb45e5e40_0;
    %flag_set/vec4 8;
    %jmp/0xz  T_19.0, 8;
    %pushi/vec4 0, 0, 10;
    %assign/vec4 v0x562fb45e5fe0_0, 0;
    %pushi/vec4 0, 0, 16;
    %assign/vec4 v0x562fb45e60c0_0, 0;
    %pushi/vec4 0, 0, 1;
    %assign/vec4 v0x562fb45e61a0_0, 0;
    %pushi/vec4 0, 0, 5;
    %assign/vec4 v0x562fb45e5c80_0, 0;
    %pushi/vec4 0, 0, 80;
    %assign/vec4 v0x562fb45e5b90_0, 0;
    %pushi/vec4 0, 0, 3;
    %assign/vec4 v0x562fb45e5ab0_0, 0;
    %pushi/vec4 0, 0, 3;
    %assign/vec4 v0x562fb45e5f00_0, 0;
    %jmp T_19.1;
T_19.0 ;
    %pushi/vec4 0, 0, 1;
    %assign/vec4 v0x562fb45e61a0_0, 0;
    %load/vec4 v0x562fb45e5f00_0;
    %dup/vec4;
    %pushi/vec4 0, 0, 3;
    %cmp/u;
    %jmp/1 T_19.2, 6;
    %dup/vec4;
    %pushi/vec4 1, 0, 3;
    %cmp/u;
    %jmp/1 T_19.3, 6;
    %dup/vec4;
    %pushi/vec4 2, 0, 3;
    %cmp/u;
    %jmp/1 T_19.4, 6;
    %pushi/vec4 0, 0, 3;
    %assign/vec4 v0x562fb45e5f00_0, 0;
    %jmp T_19.6;
T_19.2 ;
    %pushi/vec4 0, 0, 5;
    %assign/vec4 v0x562fb45e5c80_0, 0;
    %pushi/vec4 0, 0, 10;
    %assign/vec4 v0x562fb45e5fe0_0, 0;
    %load/vec4 v0x562fb45e6260_0;
    %flag_set/vec4 8;
    %jmp/0xz  T_19.7, 8;
    %pushi/vec4 1, 0, 3;
    %assign/vec4 v0x562fb45e5f00_0, 0;
T_19.7 ;
    %jmp T_19.6;
T_19.3 ;
    %load/vec4 v0x562fb45e5d60_0;
    %assign/vec4 v0x562fb45e5b90_0, 0;
    %pushi/vec4 0, 0, 5;
    %assign/vec4 v0x562fb45e5c80_0, 0;
    %pushi/vec4 2, 0, 3;
    %assign/vec4 v0x562fb45e5f00_0, 0;
    %jmp T_19.6;
T_19.4 ;
    %pushi/vec4 1, 0, 1;
    %assign/vec4 v0x562fb45e61a0_0, 0;
    %load/vec4 v0x562fb45e5b90_0;
    %load/vec4 v0x562fb45e5c80_0;
    %pad/u 32;
    %addi 1, 0, 32;
    %muli 16, 0, 32;
    %subi 1, 0, 32;
    %pad/u 34;
    %subi 15, 0, 34;
    %part/s 16;
    %assign/vec4 v0x562fb45e60c0_0, 0;
    %load/vec4 v0x562fb45e5c80_0;
    %pad/u 32;
    %cmpi/e 0, 0, 32;
    %jmp/0xz  T_19.9, 4;
    %pushi/vec4 0, 0, 32;
    %load/vec4 v0x562fb45e5ab0_0;
    %pad/u 32;
    %muli 5, 0, 32;
    %add;
    %pad/u 10;
    %assign/vec4 v0x562fb45e5fe0_0, 0;
    %jmp T_19.10;
T_19.9 ;
    %load/vec4 v0x562fb45e5fe0_0;
    %addi 1, 0, 10;
    %assign/vec4 v0x562fb45e5fe0_0, 0;
T_19.10 ;
    %load/vec4 v0x562fb45e5c80_0;
    %pad/u 32;
    %cmpi/e 4, 0, 32;
    %jmp/0xz  T_19.11, 4;
    %pushi/vec4 0, 0, 5;
    %assign/vec4 v0x562fb45e5c80_0, 0;
    %load/vec4 v0x562fb45e5ab0_0;
    %addi 1, 0, 3;
    %assign/vec4 v0x562fb45e5ab0_0, 0;
    %pushi/vec4 0, 0, 3;
    %assign/vec4 v0x562fb45e5f00_0, 0;
    %jmp T_19.12;
T_19.11 ;
    %load/vec4 v0x562fb45e5c80_0;
    %addi 1, 0, 5;
    %assign/vec4 v0x562fb45e5c80_0, 0;
T_19.12 ;
    %jmp T_19.6;
T_19.6 ;
    %pop/vec4 1;
T_19.1 ;
    %jmp T_19;
    .thread T_19;
# The file index is used to find the file name in the following table.
:file_names 11;
    "N/A";
    "<interactive>";
    "-";
    "rtl/router_cluster_wpsum_generic.v";
    "rtl/router_iact_generic.v";
    "rtl/router_iact.v";
    "rtl/router_psum_generic.v";
    "rtl/router_weight_generic.v";
    "rtl/router_weight.v";
    "testbench/router_wpsum_self_assert.v";
    "rtl/router_psum.v";
