#! /usr/bin/vvp
:ivl_version "12.0 (stable)" "(v12_0-dirty)";
:ivl_delay_selection "TYPICAL";
:vpi_time_precision - 12;
:vpi_module "/usr/lib/ivl/system.vpi";
:vpi_module "/usr/lib/ivl/vhdl_sys.vpi";
:vpi_module "/usr/lib/ivl/vhdl_textio.vpi";
:vpi_module "/usr/lib/ivl/v2005_math.vpi";
:vpi_module "/usr/lib/ivl/va_math.vpi";
:vpi_module "/usr/lib/ivl/v2009.vpi";
S_0x5626255ffe00 .scope package, "$unit" "$unit" 2 1;
 .timescale 0 0;
S_0x5626255f4ea0 .scope module, "router_psum_tb" "router_psum_tb" 3 3;
 .timescale -9 -12;
P_0x5626255f0ae0 .param/l "ADDR_GLB" 1 3 9, +C4<00000000000000000000000000001010>;
P_0x5626255f0b20 .param/l "CLOSED" 1 3 16, C4<1011>;
P_0x5626255f0b60 .param/l "DATA_W" 1 3 8, +C4<00000000000000000000000000010000>;
P_0x5626255f0ba0 .param/l "PSUM_LOAD_ADDR" 1 3 14, +C4<00000000000000000000000000000000>;
P_0x5626255f0be0 .param/l "TOTAL_PS" 1 3 11, +C4<00000000000000000000000000000101>;
P_0x5626255f0c20 .param/l "X_dim" 1 3 10, +C4<00000000000000000000000000000101>;
v0x56262564b750_0 .var "clk", 0 0;
v0x56262564b810_0 .var "eE", 79 0;
v0x56262564b8d0_0 .var "eN", 79 0;
v0x56262564b9d0_0 .var "eS", 79 0;
v0x56262564baa0_0 .var "eW", 79 0;
v0x56262564bb90_0 .var "en_eE", 0 0;
v0x56262564bc60_0 .var "en_eN", 0 0;
v0x56262564bd30_0 .var "en_eS", 0 0;
v0x56262564be00_0 .var "en_eW", 0 0;
v0x56262564bed0_0 .var "en_nE", 0 0;
v0x56262564bfa0_0 .var "en_nN", 0 0;
v0x56262564c070_0 .var "en_nS", 0 0;
v0x56262564c140_0 .var "en_nW", 0 0;
v0x56262564c210_0 .var "en_sE", 0 0;
v0x56262564c2e0_0 .var "en_sN", 0 0;
v0x56262564c3b0_0 .var "en_sS", 0 0;
v0x56262564c480_0 .var "en_sW", 0 0;
v0x56262564c550_0 .var "en_wE", 0 0;
v0x56262564c620_0 .var "en_wN", 0 0;
v0x56262564c6f0_0 .var "en_wS", 0 0;
v0x56262564c7c0_0 .var "en_wW", 0 0;
v0x56262564c890 .array "exp_vals", 4 0, 15 0;
v0x56262564c930_0 .var/i "i", 31 0;
v0x56262564c9d0_0 .var/i "idx", 31 0;
v0x56262564ca70_0 .var "nE", 79 0;
v0x56262564cb40_0 .var "nN", 79 0;
v0x56262564cc10_0 .var "nS", 79 0;
v0x56262564cce0_0 .var "nW", 79 0;
v0x56262564cdb0_0 .net "oE_eE", 79 0, v0x56262563afe0_0;  1 drivers
v0x56262564ce80_0 .net "oE_nE", 79 0, v0x56262563b3b0_0;  1 drivers
v0x56262564cf50_0 .net "oE_sE", 79 0, v0x56262563bff0_0;  1 drivers
v0x56262564d020_0 .net "oE_wE", 79 0, v0x56262563c330_0;  1 drivers
v0x56262564d0f0_0 .net "oN_eN", 79 0, v0x56262563fb20_0;  1 drivers
v0x56262564d3d0_0 .net "oN_nN", 79 0, v0x56262563fef0_0;  1 drivers
v0x56262564d4a0_0 .net "oN_sN", 79 0, v0x562625640bd0_0;  1 drivers
v0x56262564d570_0 .net "oN_wN", 79 0, v0x562625640f10_0;  1 drivers
v0x56262564d640_0 .net "oS_eS", 79 0, v0x562625644a40_0;  1 drivers
v0x56262564d710_0 .net "oS_nS", 79 0, v0x562625644e10_0;  1 drivers
v0x56262564d7e0_0 .net "oS_sS", 79 0, v0x562625645b10_0;  1 drivers
v0x56262564d8b0_0 .net "oS_wS", 79 0, v0x562625645e50_0;  1 drivers
v0x56262564d980_0 .net "oW_eW", 79 0, v0x562625649870_0;  1 drivers
v0x56262564da50_0 .net "oW_nW", 79 0, v0x562625649c40_0;  1 drivers
v0x56262564db20_0 .net "oW_sW", 79 0, v0x56262564a940_0;  1 drivers
v0x56262564dbf0_0 .net "oW_wW", 79 0, v0x56262564ac80_0;  1 drivers
v0x56262564dcc0_0 .net "oeE_eE", 0 0, v0x56262563b180_0;  1 drivers
v0x56262564dd90_0 .net "oeE_nE", 0 0, v0x56262563b550_0;  1 drivers
v0x56262564de60_0 .net "oeE_sE", 0 0, v0x56262563c190_0;  1 drivers
v0x56262564df30_0 .net "oeE_wE", 0 0, v0x56262563c4d0_0;  1 drivers
v0x56262564e000_0 .net "oeN_eN", 0 0, v0x56262563fcc0_0;  1 drivers
v0x56262564e0d0_0 .net "oeN_nN", 0 0, v0x562625640090_0;  1 drivers
v0x56262564e1a0_0 .net "oeN_sN", 0 0, v0x562625640d70_0;  1 drivers
v0x56262564e270_0 .net "oeN_wN", 0 0, v0x5626256410b0_0;  1 drivers
v0x56262564e340_0 .net "oeS_eS", 0 0, v0x562625644be0_0;  1 drivers
v0x56262564e410_0 .net "oeS_nS", 0 0, v0x562625644fb0_0;  1 drivers
v0x56262564e4e0_0 .net "oeS_sS", 0 0, v0x562625645cb0_0;  1 drivers
v0x56262564e5b0_0 .net "oeS_wS", 0 0, v0x562625645ff0_0;  1 drivers
v0x56262564e680_0 .net "oeW_eW", 0 0, v0x562625649a10_0;  1 drivers
v0x56262564e750_0 .net "oeW_nW", 0 0, v0x562625649de0_0;  1 drivers
v0x56262564e820_0 .net "oeW_sW", 0 0, v0x56262564aae0_0;  1 drivers
v0x56262564e8f0_0 .net "oeW_wW", 0 0, v0x56262564ae20_0;  1 drivers
v0x56262564e9c0_0 .net "psumE_addr", 9 0, L_0x562625651660;  1 drivers
v0x56262564ea90_0 .net "psumE_data", 15 0, L_0x562625651400;  1 drivers
v0x56262564eb60_0 .net "psumE_en", 0 0, L_0x562625651510;  1 drivers
v0x56262564ec30_0 .net "psumN_addr", 9 0, L_0x5626255f4340;  1 drivers
v0x56262564ed00_0 .net "psumN_data", 15 0, L_0x5626255ff2a0;  1 drivers
v0x56262564f1e0_0 .net "psumN_en", 0 0, L_0x5626255f5670;  1 drivers
v0x56262564f2b0_0 .net "psumS_addr", 9 0, L_0x5626256508e0;  1 drivers
v0x56262564f380_0 .net "psumS_data", 15 0, L_0x562625650680;  1 drivers
v0x56262564f450_0 .net "psumS_en", 0 0, L_0x562625650790;  1 drivers
v0x56262564f520_0 .net "psumW_addr", 9 0, L_0x562625650fa0;  1 drivers
v0x56262564f5f0_0 .net "psumW_data", 15 0, L_0x562625650d40;  1 drivers
v0x56262564f6c0_0 .net "psumW_en", 0 0, L_0x562625650e50;  1 drivers
v0x56262564f790_0 .var "reset", 0 0;
v0x56262564f830_0 .var "router_mode", 3 0;
v0x56262564f8d0_0 .var "sE", 79 0;
v0x56262564f9a0_0 .var "sN", 79 0;
v0x56262564fa70_0 .var "sS", 79 0;
v0x56262564fb40_0 .var "sW", 79 0;
v0x56262564fc10_0 .var "wE", 79 0;
v0x56262564fce0_0 .var "wN", 79 0;
v0x56262564fdb0_0 .var "wS", 79 0;
v0x56262564fe80_0 .var "wW", 79 0;
v0x56262564ff50_0 .var "wide_psums", 79 0;
S_0x56262561f210 .scope module, "dutE" "router_generic_psum" 3 162, 4 3 0, S_0x5626255f4ea0;
 .timescale -9 -12;
    .port_info 0 /INPUT 1 "clk";
    .port_info 1 /INPUT 1 "reset";
    .port_info 2 /INPUT 4 "router_mode";
    .port_info 3 /INPUT 80 "north_data_i";
    .port_info 4 /INPUT 1 "north_enable_i";
    .port_info 5 /INPUT 80 "south_data_i";
    .port_info 6 /INPUT 1 "south_enable_i";
    .port_info 7 /INPUT 80 "west_data_i";
    .port_info 8 /INPUT 1 "west_enable_i";
    .port_info 9 /INPUT 80 "east_data_i";
    .port_info 10 /INPUT 1 "east_enable_i";
    .port_info 11 /OUTPUT 80 "north_data_o";
    .port_info 12 /OUTPUT 1 "north_enable_o";
    .port_info 13 /OUTPUT 80 "south_data_o";
    .port_info 14 /OUTPUT 1 "south_enable_o";
    .port_info 15 /OUTPUT 80 "east_data_o";
    .port_info 16 /OUTPUT 1 "east_enable_o";
    .port_info 17 /OUTPUT 80 "west_data_o_wide";
    .port_info 18 /OUTPUT 1 "west_enable_o_wide";
    .port_info 19 /OUTPUT 16 "psum_data_o";
    .port_info 20 /OUTPUT 1 "psum_enable_o";
    .port_info 21 /OUTPUT 10 "psum_write_addr";
P_0x562625620b40 .param/l "ADDR_BITWIDTH_GLB" 0 4 6, +C4<00000000000000000000000000001010>;
P_0x562625620b80 .param/l "ADDR_BITWIDTH_SPAD" 0 4 7, +C4<00000000000000000000000000001001>;
P_0x562625620bc0 .param/l "ALL" 1 4 156, +C4<00000000000000000000000000000000>;
P_0x562625620c00 .param/l "CLOSED" 1 4 167, +C4<00000000000000000000000000001011>;
P_0x562625620c40 .param/l "COMPUTE_DIR" 0 4 18, +C4<00000000000000000000000000000011>;
P_0x562625620c80 .param/l "DATA_BITWIDTH" 0 4 5, +C4<00000000000000000000000000010000>;
P_0x562625620cc0 .param/l "DIR_E" 1 4 65, +C4<00000000000000000000000000000011>;
P_0x562625620d00 .param/l "DIR_N" 1 4 62, +C4<00000000000000000000000000000000>;
P_0x562625620d40 .param/l "DIR_S" 1 4 63, +C4<00000000000000000000000000000001>;
P_0x562625620d80 .param/l "DIR_W" 1 4 64, +C4<00000000000000000000000000000010>;
P_0x562625620dc0 .param/l "EAST" 1 4 160, +C4<00000000000000000000000000000100>;
P_0x562625620e00 .param/l "EASTNORTH" 1 4 161, +C4<00000000000000000000000000000101>;
P_0x562625620e40 .param/l "EASTSOUTH" 1 4 162, +C4<00000000000000000000000000000110>;
P_0x562625620e80 .param/l "EASTWEST" 1 4 163, +C4<00000000000000000000000000000111>;
P_0x562625620ec0 .param/l "NORTH" 1 4 157, +C4<00000000000000000000000000000001>;
P_0x562625620f00 .param/l "PSUM_LOAD_ADDR" 0 4 15, +C4<00000000000000000000000000000000>;
P_0x562625620f40 .param/l "PSUM_READ_ADDR" 0 4 14, +C4<00000000000000000000000000000000>;
P_0x562625620f80 .param/l "SOUTH" 1 4 158, +C4<00000000000000000000000000000010>;
P_0x562625620fc0 .param/l "WEST" 1 4 159, +C4<00000000000000000000000000000011>;
P_0x562625621000 .param/l "WESTEAST" 1 4 166, +C4<00000000000000000000000000001010>;
P_0x562625621040 .param/l "WESTNORTH" 1 4 164, +C4<00000000000000000000000000001000>;
P_0x562625621080 .param/l "WESTSOUTH" 1 4 165, +C4<00000000000000000000000000001001>;
P_0x5626256210c0 .param/l "X_dim" 0 4 9, +C4<00000000000000000000000000000101>;
P_0x562625621100 .param/l "Y_dim" 0 4 10, +C4<00000000000000000000000000000011>;
P_0x562625621140 .param/l "act_size" 0 4 12, +C4<00000000000000000000000000000101>;
P_0x562625621180 .param/l "kernel_size" 0 4 11, +C4<00000000000000000000000000000011>;
L_0x5626256510b0 .functor BUFZ 80, v0x56262564b810_0, C4<00000000000000000000000000000000000000000000000000000000000000000000000000000000>, C4<00000000000000000000000000000000000000000000000000000000000000000000000000000000>, C4<00000000000000000000000000000000000000000000000000000000000000000000000000000000>;
L_0x5626256511c0 .functor BUFZ 1, v0x56262564bb90_0, C4<0>, C4<0>, C4<0>;
L_0x562625651280 .functor NOT 1, v0x56262563ba30_0, C4<0>, C4<0>, C4<0>;
L_0x5626256512f0 .functor AND 1, v0x56262563b970_0, L_0x562625651280, C4<1>, C4<1>;
L_0x562625651400 .functor BUFZ 16, v0x56262563a8c0_0, C4<0000000000000000>, C4<0000000000000000>, C4<0000000000000000>;
L_0x562625651510 .functor BUFZ 1, v0x56262563a9a0_0, C4<0>, C4<0>, C4<0>;
L_0x562625651660 .functor BUFZ 10, v0x56262563a7e0_0, C4<0000000000>, C4<0000000000>, C4<0000000000>;
v0x56262563ac00_0 .net *"_ivl_4", 0 0, L_0x562625651280;  1 drivers
v0x56262563ad00_0 .net "clk", 0 0, v0x56262564b750_0;  1 drivers
v0x56262563adc0_0 .var "data_out", 79 0;
v0x56262563ae60_0 .var "data_out_valid", 0 0;
v0x56262563af00_0 .net "east_data_i", 79 0, v0x56262564b810_0;  1 drivers
v0x56262563afe0_0 .var "east_data_o", 79 0;
v0x56262563b0c0_0 .net "east_enable_i", 0 0, v0x56262564bb90_0;  1 drivers
v0x56262563b180_0 .var "east_enable_o", 0 0;
v0x56262563b240_0 .net "north_data_i", 79 0, v0x56262564ca70_0;  1 drivers
v0x56262563b3b0_0 .var "north_data_o", 79 0;
v0x56262563b490_0 .net "north_enable_i", 0 0, v0x56262564bed0_0;  1 drivers
v0x56262563b550_0 .var "north_enable_o", 0 0;
v0x56262563b610_0 .net "psum_addr_int", 9 0, v0x56262563a7e0_0;  1 drivers
v0x56262563b6d0_0 .net "psum_data_int", 15 0, v0x56262563a8c0_0;  1 drivers
v0x56262563b770_0 .net "psum_data_o", 15 0, L_0x562625651400;  alias, 1 drivers
v0x56262563b830_0 .net "psum_en_int", 0 0, v0x56262563a9a0_0;  1 drivers
v0x56262563b8d0_0 .net "psum_enable_o", 0 0, L_0x562625651510;  alias, 1 drivers
v0x56262563b970_0 .var "psum_ff0", 0 0;
v0x56262563ba30_0 .var "psum_ff1", 0 0;
v0x56262563baf0_0 .net "psum_src_wide", 79 0, L_0x5626256510b0;  1 drivers
v0x56262563bbb0_0 .net "psum_trigger_level", 0 0, L_0x5626256511c0;  1 drivers
v0x56262563bc50_0 .net "psum_trigger_pulse", 0 0, L_0x5626256512f0;  1 drivers
v0x56262563bcf0_0 .net "psum_write_addr", 9 0, L_0x562625651660;  alias, 1 drivers
v0x56262563bdb0_0 .net "reset", 0 0, v0x56262564f790_0;  1 drivers
v0x56262563be50_0 .net "router_mode", 3 0, v0x56262564f830_0;  1 drivers
v0x56262563bf10_0 .net "south_data_i", 79 0, v0x56262564f8d0_0;  1 drivers
v0x56262563bff0_0 .var "south_data_o", 79 0;
v0x56262563c0d0_0 .net "south_enable_i", 0 0, v0x56262564c210_0;  1 drivers
v0x56262563c190_0 .var "south_enable_o", 0 0;
v0x56262563c250_0 .net "west_data_i", 79 0, v0x56262564fc10_0;  1 drivers
v0x56262563c330_0 .var "west_data_o_wide", 79 0;
v0x56262563c410_0 .net "west_enable_i", 0 0, v0x56262564c550_0;  1 drivers
v0x56262563c4d0_0 .var "west_enable_o_wide", 0 0;
E_0x5626255b34a0 .event anyedge, v0x56262563be50_0, v0x56262563adc0_0, v0x56262563ae60_0;
E_0x5626255b0af0/0 .event anyedge, v0x56262563b490_0, v0x56262563b240_0, v0x56262563c0d0_0, v0x56262563bf10_0;
E_0x5626255b0af0/1 .event anyedge, v0x56262563c410_0, v0x56262563c250_0, v0x56262563b0c0_0, v0x56262563af00_0;
E_0x5626255b0af0 .event/or E_0x5626255b0af0/0, E_0x5626255b0af0/1;
E_0x5626255b37c0 .event posedge, v0x56262560a3d0_0;
S_0x5626255a2ca0 .scope module, "psum_fsm" "router_psum" 4 116, 5 3 0, S_0x56262561f210;
 .timescale -9 -12;
    .port_info 0 /INPUT 1 "clk";
    .port_info 1 /INPUT 1 "reset";
    .port_info 2 /INPUT 80 "r_data_spad_psum";
    .port_info 3 /OUTPUT 10 "w_addr_glb_psum";
    .port_info 4 /OUTPUT 1 "write_en_glb_psum";
    .port_info 5 /OUTPUT 16 "w_data_glb_psum";
    .port_info 6 /INPUT 1 "write_psum_ctrl";
P_0x56262554a4c0 .param/l "ADDR_BITWIDTH_GLB" 0 5 5, +C4<00000000000000000000000000001010>;
P_0x56262554a500 .param/l "ADDR_BITWIDTH_SPAD" 0 5 6, +C4<00000000000000000000000000001001>;
P_0x56262554a540 .param/l "DATA_BITWIDTH" 0 5 4, +C4<00000000000000000000000000010000>;
P_0x56262554a580 .param/l "IDLE" 1 5 34, C4<000>;
P_0x56262554a5c0 .param/l "PSUM_LOAD_ADDR" 0 5 14, +C4<00000000000000000000000000000000>;
P_0x56262554a600 .param/l "PSUM_READ_ADDR" 0 5 13, +C4<00000000000000000000000000000000>;
P_0x56262554a640 .param/l "READ_PSUM" 1 5 35, C4<001>;
P_0x56262554a680 .param/l "WRITE_GLB" 1 5 36, C4<010>;
P_0x56262554a6c0 .param/l "X_dim" 0 5 8, +C4<00000000000000000000000000000101>;
P_0x56262554a700 .param/l "Y_dim" 0 5 9, +C4<00000000000000000000000000000011>;
P_0x56262554a740 .param/l "act_size" 0 5 11, +C4<00000000000000000000000000000101>;
P_0x56262554a780 .param/l "kernel_size" 0 5 10, +C4<00000000000000000000000000000011>;
v0x56262560a3d0_0 .net "clk", 0 0, v0x56262564b750_0;  alias, 1 drivers
v0x5626256006f0_0 .var "iter", 2 0;
v0x5626255ff3c0_0 .var "pe_psum", 79 0;
v0x5626255ff460_0 .var "psum_count", 4 0;
v0x5626255f5790_0 .net "r_data_spad_psum", 79 0, L_0x5626256510b0;  alias, 1 drivers
v0x5626255f4460_0 .net "reset", 0 0, v0x56262564f790_0;  alias, 1 drivers
v0x5626255f4500_0 .var "state", 2 0;
v0x56262563a7e0_0 .var "w_addr_glb_psum", 9 0;
v0x56262563a8c0_0 .var "w_data_glb_psum", 15 0;
v0x56262563a9a0_0 .var "write_en_glb_psum", 0 0;
v0x56262563aa60_0 .net "write_psum_ctrl", 0 0, L_0x5626256512f0;  alias, 1 drivers
E_0x56262561e750 .event posedge, v0x5626255f4460_0, v0x56262560a3d0_0;
S_0x56262563c850 .scope module, "dutN" "router_generic_psum" 3 102, 4 3 0, S_0x5626255f4ea0;
 .timescale -9 -12;
    .port_info 0 /INPUT 1 "clk";
    .port_info 1 /INPUT 1 "reset";
    .port_info 2 /INPUT 4 "router_mode";
    .port_info 3 /INPUT 80 "north_data_i";
    .port_info 4 /INPUT 1 "north_enable_i";
    .port_info 5 /INPUT 80 "south_data_i";
    .port_info 6 /INPUT 1 "south_enable_i";
    .port_info 7 /INPUT 80 "west_data_i";
    .port_info 8 /INPUT 1 "west_enable_i";
    .port_info 9 /INPUT 80 "east_data_i";
    .port_info 10 /INPUT 1 "east_enable_i";
    .port_info 11 /OUTPUT 80 "north_data_o";
    .port_info 12 /OUTPUT 1 "north_enable_o";
    .port_info 13 /OUTPUT 80 "south_data_o";
    .port_info 14 /OUTPUT 1 "south_enable_o";
    .port_info 15 /OUTPUT 80 "east_data_o";
    .port_info 16 /OUTPUT 1 "east_enable_o";
    .port_info 17 /OUTPUT 80 "west_data_o_wide";
    .port_info 18 /OUTPUT 1 "west_enable_o_wide";
    .port_info 19 /OUTPUT 16 "psum_data_o";
    .port_info 20 /OUTPUT 1 "psum_enable_o";
    .port_info 21 /OUTPUT 10 "psum_write_addr";
P_0x56262563ca00 .param/l "ADDR_BITWIDTH_GLB" 0 4 6, +C4<00000000000000000000000000001010>;
P_0x56262563ca40 .param/l "ADDR_BITWIDTH_SPAD" 0 4 7, +C4<00000000000000000000000000001001>;
P_0x56262563ca80 .param/l "ALL" 1 4 156, +C4<00000000000000000000000000000000>;
P_0x56262563cac0 .param/l "CLOSED" 1 4 167, +C4<00000000000000000000000000001011>;
P_0x56262563cb00 .param/l "COMPUTE_DIR" 0 4 18, +C4<00000000000000000000000000000000>;
P_0x56262563cb40 .param/l "DATA_BITWIDTH" 0 4 5, +C4<00000000000000000000000000010000>;
P_0x56262563cb80 .param/l "DIR_E" 1 4 65, +C4<00000000000000000000000000000011>;
P_0x56262563cbc0 .param/l "DIR_N" 1 4 62, +C4<00000000000000000000000000000000>;
P_0x56262563cc00 .param/l "DIR_S" 1 4 63, +C4<00000000000000000000000000000001>;
P_0x56262563cc40 .param/l "DIR_W" 1 4 64, +C4<00000000000000000000000000000010>;
P_0x56262563cc80 .param/l "EAST" 1 4 160, +C4<00000000000000000000000000000100>;
P_0x56262563ccc0 .param/l "EASTNORTH" 1 4 161, +C4<00000000000000000000000000000101>;
P_0x56262563cd00 .param/l "EASTSOUTH" 1 4 162, +C4<00000000000000000000000000000110>;
P_0x56262563cd40 .param/l "EASTWEST" 1 4 163, +C4<00000000000000000000000000000111>;
P_0x56262563cd80 .param/l "NORTH" 1 4 157, +C4<00000000000000000000000000000001>;
P_0x56262563cdc0 .param/l "PSUM_LOAD_ADDR" 0 4 15, +C4<00000000000000000000000000000000>;
P_0x56262563ce00 .param/l "PSUM_READ_ADDR" 0 4 14, +C4<00000000000000000000000000000000>;
P_0x56262563ce40 .param/l "SOUTH" 1 4 158, +C4<00000000000000000000000000000010>;
P_0x56262563ce80 .param/l "WEST" 1 4 159, +C4<00000000000000000000000000000011>;
P_0x56262563cec0 .param/l "WESTEAST" 1 4 166, +C4<00000000000000000000000000001010>;
P_0x56262563cf00 .param/l "WESTNORTH" 1 4 164, +C4<00000000000000000000000000001000>;
P_0x56262563cf40 .param/l "WESTSOUTH" 1 4 165, +C4<00000000000000000000000000001001>;
P_0x56262563cf80 .param/l "X_dim" 0 4 9, +C4<00000000000000000000000000000101>;
P_0x56262563cfc0 .param/l "Y_dim" 0 4 10, +C4<00000000000000000000000000000011>;
P_0x56262563d000 .param/l "act_size" 0 4 12, +C4<00000000000000000000000000000101>;
P_0x56262563d040 .param/l "kernel_size" 0 4 11, +C4<00000000000000000000000000000011>;
L_0x5626255ec720 .functor BUFZ 80, v0x56262564cb40_0, C4<00000000000000000000000000000000000000000000000000000000000000000000000000000000>, C4<00000000000000000000000000000000000000000000000000000000000000000000000000000000>, C4<00000000000000000000000000000000000000000000000000000000000000000000000000000000>;
L_0x56262560b540 .functor BUFZ 1, v0x56262564bfa0_0, C4<0>, C4<0>, C4<0>;
L_0x56262560a210 .functor NOT 1, v0x5626256405a0_0, C4<0>, C4<0>, C4<0>;
L_0x5626256005d0 .functor AND 1, v0x5626256404e0_0, L_0x56262560a210, C4<1>, C4<1>;
L_0x5626255ff2a0 .functor BUFZ 16, v0x56262563f3a0_0, C4<0000000000000000>, C4<0000000000000000>, C4<0000000000000000>;
L_0x5626255f5670 .functor BUFZ 1, v0x56262563f480_0, C4<0>, C4<0>, C4<0>;
L_0x5626255f4340 .functor BUFZ 10, v0x56262563f2c0_0, C4<0000000000>, C4<0000000000>, C4<0000000000>;
v0x56262563f720_0 .net *"_ivl_4", 0 0, L_0x56262560a210;  1 drivers
v0x56262563f820_0 .net "clk", 0 0, v0x56262564b750_0;  alias, 1 drivers
v0x56262563f8e0_0 .var "data_out", 79 0;
v0x56262563f980_0 .var "data_out_valid", 0 0;
v0x56262563fa40_0 .net "east_data_i", 79 0, v0x56262564b8d0_0;  1 drivers
v0x56262563fb20_0 .var "east_data_o", 79 0;
v0x56262563fc00_0 .net "east_enable_i", 0 0, v0x56262564bc60_0;  1 drivers
v0x56262563fcc0_0 .var "east_enable_o", 0 0;
v0x56262563fd80_0 .net "north_data_i", 79 0, v0x56262564cb40_0;  1 drivers
v0x56262563fef0_0 .var "north_data_o", 79 0;
v0x56262563ffd0_0 .net "north_enable_i", 0 0, v0x56262564bfa0_0;  1 drivers
v0x562625640090_0 .var "north_enable_o", 0 0;
v0x562625640150_0 .net "psum_addr_int", 9 0, v0x56262563f2c0_0;  1 drivers
v0x562625640210_0 .net "psum_data_int", 15 0, v0x56262563f3a0_0;  1 drivers
v0x5626256402b0_0 .net "psum_data_o", 15 0, L_0x5626255ff2a0;  alias, 1 drivers
v0x562625640370_0 .net "psum_en_int", 0 0, v0x56262563f480_0;  1 drivers
v0x562625640440_0 .net "psum_enable_o", 0 0, L_0x5626255f5670;  alias, 1 drivers
v0x5626256404e0_0 .var "psum_ff0", 0 0;
v0x5626256405a0_0 .var "psum_ff1", 0 0;
v0x562625640660_0 .net "psum_src_wide", 79 0, L_0x5626255ec720;  1 drivers
v0x562625640750_0 .net "psum_trigger_level", 0 0, L_0x56262560b540;  1 drivers
v0x5626256407f0_0 .net "psum_trigger_pulse", 0 0, L_0x5626256005d0;  1 drivers
v0x5626256408c0_0 .net "psum_write_addr", 9 0, L_0x5626255f4340;  alias, 1 drivers
v0x562625640980_0 .net "reset", 0 0, v0x56262564f790_0;  alias, 1 drivers
v0x562625640a20_0 .net "router_mode", 3 0, v0x56262564f830_0;  alias, 1 drivers
v0x562625640b10_0 .net "south_data_i", 79 0, v0x56262564f9a0_0;  1 drivers
v0x562625640bd0_0 .var "south_data_o", 79 0;
v0x562625640cb0_0 .net "south_enable_i", 0 0, v0x56262564c2e0_0;  1 drivers
v0x562625640d70_0 .var "south_enable_o", 0 0;
v0x562625640e30_0 .net "west_data_i", 79 0, v0x56262564fce0_0;  1 drivers
v0x562625640f10_0 .var "west_data_o_wide", 79 0;
v0x562625640ff0_0 .net "west_enable_i", 0 0, v0x56262564c620_0;  1 drivers
v0x5626256410b0_0 .var "west_enable_o_wide", 0 0;
E_0x56262556e760 .event anyedge, v0x56262563be50_0, v0x56262563f8e0_0, v0x56262563f980_0;
E_0x56262563dfd0/0 .event anyedge, v0x56262563ffd0_0, v0x56262563fd80_0, v0x562625640cb0_0, v0x562625640b10_0;
E_0x56262563dfd0/1 .event anyedge, v0x562625640ff0_0, v0x562625640e30_0, v0x56262563fc00_0, v0x56262563fa40_0;
E_0x56262563dfd0 .event/or E_0x56262563dfd0/0, E_0x56262563dfd0/1;
S_0x56262563e060 .scope module, "psum_fsm" "router_psum" 4 116, 5 3 0, S_0x56262563c850;
 .timescale -9 -12;
    .port_info 0 /INPUT 1 "clk";
    .port_info 1 /INPUT 1 "reset";
    .port_info 2 /INPUT 80 "r_data_spad_psum";
    .port_info 3 /OUTPUT 10 "w_addr_glb_psum";
    .port_info 4 /OUTPUT 1 "write_en_glb_psum";
    .port_info 5 /OUTPUT 16 "w_data_glb_psum";
    .port_info 6 /INPUT 1 "write_psum_ctrl";
P_0x56262563e260 .param/l "ADDR_BITWIDTH_GLB" 0 5 5, +C4<00000000000000000000000000001010>;
P_0x56262563e2a0 .param/l "ADDR_BITWIDTH_SPAD" 0 5 6, +C4<00000000000000000000000000001001>;
P_0x56262563e2e0 .param/l "DATA_BITWIDTH" 0 5 4, +C4<00000000000000000000000000010000>;
P_0x56262563e320 .param/l "IDLE" 1 5 34, C4<000>;
P_0x56262563e360 .param/l "PSUM_LOAD_ADDR" 0 5 14, +C4<00000000000000000000000000000000>;
P_0x56262563e3a0 .param/l "PSUM_READ_ADDR" 0 5 13, +C4<00000000000000000000000000000000>;
P_0x56262563e3e0 .param/l "READ_PSUM" 1 5 35, C4<001>;
P_0x56262563e420 .param/l "WRITE_GLB" 1 5 36, C4<010>;
P_0x56262563e460 .param/l "X_dim" 0 5 8, +C4<00000000000000000000000000000101>;
P_0x56262563e4a0 .param/l "Y_dim" 0 5 9, +C4<00000000000000000000000000000011>;
P_0x56262563e4e0 .param/l "act_size" 0 5 11, +C4<00000000000000000000000000000101>;
P_0x56262563e520 .param/l "kernel_size" 0 5 10, +C4<00000000000000000000000000000011>;
v0x56262563ec50_0 .net "clk", 0 0, v0x56262564b750_0;  alias, 1 drivers
v0x56262563ed40_0 .var "iter", 2 0;
v0x56262563ee20_0 .var "pe_psum", 79 0;
v0x56262563eee0_0 .var "psum_count", 4 0;
v0x56262563efc0_0 .net "r_data_spad_psum", 79 0, L_0x5626255ec720;  alias, 1 drivers
v0x56262563f0f0_0 .net "reset", 0 0, v0x56262564f790_0;  alias, 1 drivers
v0x56262563f1e0_0 .var "state", 2 0;
v0x56262563f2c0_0 .var "w_addr_glb_psum", 9 0;
v0x56262563f3a0_0 .var "w_data_glb_psum", 15 0;
v0x56262563f480_0 .var "write_en_glb_psum", 0 0;
v0x56262563f540_0 .net "write_psum_ctrl", 0 0, L_0x5626256005d0;  alias, 1 drivers
S_0x562625641700 .scope module, "dutS" "router_generic_psum" 3 122, 4 3 0, S_0x5626255f4ea0;
 .timescale -9 -12;
    .port_info 0 /INPUT 1 "clk";
    .port_info 1 /INPUT 1 "reset";
    .port_info 2 /INPUT 4 "router_mode";
    .port_info 3 /INPUT 80 "north_data_i";
    .port_info 4 /INPUT 1 "north_enable_i";
    .port_info 5 /INPUT 80 "south_data_i";
    .port_info 6 /INPUT 1 "south_enable_i";
    .port_info 7 /INPUT 80 "west_data_i";
    .port_info 8 /INPUT 1 "west_enable_i";
    .port_info 9 /INPUT 80 "east_data_i";
    .port_info 10 /INPUT 1 "east_enable_i";
    .port_info 11 /OUTPUT 80 "north_data_o";
    .port_info 12 /OUTPUT 1 "north_enable_o";
    .port_info 13 /OUTPUT 80 "south_data_o";
    .port_info 14 /OUTPUT 1 "south_enable_o";
    .port_info 15 /OUTPUT 80 "east_data_o";
    .port_info 16 /OUTPUT 1 "east_enable_o";
    .port_info 17 /OUTPUT 80 "west_data_o_wide";
    .port_info 18 /OUTPUT 1 "west_enable_o_wide";
    .port_info 19 /OUTPUT 16 "psum_data_o";
    .port_info 20 /OUTPUT 1 "psum_enable_o";
    .port_info 21 /OUTPUT 10 "psum_write_addr";
P_0x5626256418c0 .param/l "ADDR_BITWIDTH_GLB" 0 4 6, +C4<00000000000000000000000000001010>;
P_0x562625641900 .param/l "ADDR_BITWIDTH_SPAD" 0 4 7, +C4<00000000000000000000000000001001>;
P_0x562625641940 .param/l "ALL" 1 4 156, +C4<00000000000000000000000000000000>;
P_0x562625641980 .param/l "CLOSED" 1 4 167, +C4<00000000000000000000000000001011>;
P_0x5626256419c0 .param/l "COMPUTE_DIR" 0 4 18, +C4<00000000000000000000000000000001>;
P_0x562625641a00 .param/l "DATA_BITWIDTH" 0 4 5, +C4<00000000000000000000000000010000>;
P_0x562625641a40 .param/l "DIR_E" 1 4 65, +C4<00000000000000000000000000000011>;
P_0x562625641a80 .param/l "DIR_N" 1 4 62, +C4<00000000000000000000000000000000>;
P_0x562625641ac0 .param/l "DIR_S" 1 4 63, +C4<00000000000000000000000000000001>;
P_0x562625641b00 .param/l "DIR_W" 1 4 64, +C4<00000000000000000000000000000010>;
P_0x562625641b40 .param/l "EAST" 1 4 160, +C4<00000000000000000000000000000100>;
P_0x562625641b80 .param/l "EASTNORTH" 1 4 161, +C4<00000000000000000000000000000101>;
P_0x562625641bc0 .param/l "EASTSOUTH" 1 4 162, +C4<00000000000000000000000000000110>;
P_0x562625641c00 .param/l "EASTWEST" 1 4 163, +C4<00000000000000000000000000000111>;
P_0x562625641c40 .param/l "NORTH" 1 4 157, +C4<00000000000000000000000000000001>;
P_0x562625641c80 .param/l "PSUM_LOAD_ADDR" 0 4 15, +C4<00000000000000000000000000000000>;
P_0x562625641cc0 .param/l "PSUM_READ_ADDR" 0 4 14, +C4<00000000000000000000000000000000>;
P_0x562625641d00 .param/l "SOUTH" 1 4 158, +C4<00000000000000000000000000000010>;
P_0x562625641d40 .param/l "WEST" 1 4 159, +C4<00000000000000000000000000000011>;
P_0x562625641d80 .param/l "WESTEAST" 1 4 166, +C4<00000000000000000000000000001010>;
P_0x562625641dc0 .param/l "WESTNORTH" 1 4 164, +C4<00000000000000000000000000001000>;
P_0x562625641e00 .param/l "WESTSOUTH" 1 4 165, +C4<00000000000000000000000000001001>;
P_0x562625641e40 .param/l "X_dim" 0 4 9, +C4<00000000000000000000000000000101>;
P_0x562625641e80 .param/l "Y_dim" 0 4 10, +C4<00000000000000000000000000000011>;
P_0x562625641ec0 .param/l "act_size" 0 4 12, +C4<00000000000000000000000000000101>;
P_0x562625641f00 .param/l "kernel_size" 0 4 11, +C4<00000000000000000000000000000011>;
L_0x562625650330 .functor BUFZ 80, v0x56262564fa70_0, C4<00000000000000000000000000000000000000000000000000000000000000000000000000000000>, C4<00000000000000000000000000000000000000000000000000000000000000000000000000000000>, C4<00000000000000000000000000000000000000000000000000000000000000000000000000000000>;
L_0x562625650440 .functor BUFZ 1, v0x56262564c3b0_0, C4<0>, C4<0>, C4<0>;
L_0x562625650500 .functor NOT 1, v0x5626256454f0_0, C4<0>, C4<0>, C4<0>;
L_0x562625650570 .functor AND 1, v0x562625645430_0, L_0x562625650500, C4<1>, C4<1>;
L_0x562625650680 .functor BUFZ 16, v0x562625644230_0, C4<0000000000000000>, C4<0000000000000000>, C4<0000000000000000>;
L_0x562625650790 .functor BUFZ 1, v0x5626256443a0_0, C4<0>, C4<0>, C4<0>;
L_0x5626256508e0 .functor BUFZ 10, v0x562625644150_0, C4<0000000000>, C4<0000000000>, C4<0000000000>;
v0x562625644640_0 .net *"_ivl_4", 0 0, L_0x562625650500;  1 drivers
v0x562625644740_0 .net "clk", 0 0, v0x56262564b750_0;  alias, 1 drivers
v0x562625644800_0 .var "data_out", 79 0;
v0x5626256448a0_0 .var "data_out_valid", 0 0;
v0x562625644960_0 .net "east_data_i", 79 0, v0x56262564b9d0_0;  1 drivers
v0x562625644a40_0 .var "east_data_o", 79 0;
v0x562625644b20_0 .net "east_enable_i", 0 0, v0x56262564bd30_0;  1 drivers
v0x562625644be0_0 .var "east_enable_o", 0 0;
v0x562625644ca0_0 .net "north_data_i", 79 0, v0x56262564cc10_0;  1 drivers
v0x562625644e10_0 .var "north_data_o", 79 0;
v0x562625644ef0_0 .net "north_enable_i", 0 0, v0x56262564c070_0;  1 drivers
v0x562625644fb0_0 .var "north_enable_o", 0 0;
v0x562625645070_0 .net "psum_addr_int", 9 0, v0x562625644150_0;  1 drivers
v0x562625645130_0 .net "psum_data_int", 15 0, v0x562625644230_0;  1 drivers
v0x562625645200_0 .net "psum_data_o", 15 0, L_0x562625650680;  alias, 1 drivers
v0x5626256452c0_0 .net "psum_en_int", 0 0, v0x5626256443a0_0;  1 drivers
v0x562625645390_0 .net "psum_enable_o", 0 0, L_0x562625650790;  alias, 1 drivers
v0x562625645430_0 .var "psum_ff0", 0 0;
v0x5626256454f0_0 .var "psum_ff1", 0 0;
v0x5626256455b0_0 .net "psum_src_wide", 79 0, L_0x562625650330;  1 drivers
v0x5626256456a0_0 .net "psum_trigger_level", 0 0, L_0x562625650440;  1 drivers
v0x562625645740_0 .net "psum_trigger_pulse", 0 0, L_0x562625650570;  1 drivers
v0x562625645810_0 .net "psum_write_addr", 9 0, L_0x5626256508e0;  alias, 1 drivers
v0x5626256458d0_0 .net "reset", 0 0, v0x56262564f790_0;  alias, 1 drivers
v0x562625645970_0 .net "router_mode", 3 0, v0x56262564f830_0;  alias, 1 drivers
v0x562625645a30_0 .net "south_data_i", 79 0, v0x56262564fa70_0;  1 drivers
v0x562625645b10_0 .var "south_data_o", 79 0;
v0x562625645bf0_0 .net "south_enable_i", 0 0, v0x56262564c3b0_0;  1 drivers
v0x562625645cb0_0 .var "south_enable_o", 0 0;
v0x562625645d70_0 .net "west_data_i", 79 0, v0x56262564fdb0_0;  1 drivers
v0x562625645e50_0 .var "west_data_o_wide", 79 0;
v0x562625645f30_0 .net "west_enable_i", 0 0, v0x56262564c6f0_0;  1 drivers
v0x562625645ff0_0 .var "west_enable_o_wide", 0 0;
E_0x56262563eb60 .event anyedge, v0x56262563be50_0, v0x562625644800_0, v0x5626256448a0_0;
E_0x562625642e90/0 .event anyedge, v0x562625644ef0_0, v0x562625644ca0_0, v0x562625645bf0_0, v0x562625645a30_0;
E_0x562625642e90/1 .event anyedge, v0x562625645f30_0, v0x562625645d70_0, v0x562625644b20_0, v0x562625644960_0;
E_0x562625642e90 .event/or E_0x562625642e90/0, E_0x562625642e90/1;
S_0x562625642f20 .scope module, "psum_fsm" "router_psum" 4 116, 5 3 0, S_0x562625641700;
 .timescale -9 -12;
    .port_info 0 /INPUT 1 "clk";
    .port_info 1 /INPUT 1 "reset";
    .port_info 2 /INPUT 80 "r_data_spad_psum";
    .port_info 3 /OUTPUT 10 "w_addr_glb_psum";
    .port_info 4 /OUTPUT 1 "write_en_glb_psum";
    .port_info 5 /OUTPUT 16 "w_data_glb_psum";
    .port_info 6 /INPUT 1 "write_psum_ctrl";
P_0x562625643120 .param/l "ADDR_BITWIDTH_GLB" 0 5 5, +C4<00000000000000000000000000001010>;
P_0x562625643160 .param/l "ADDR_BITWIDTH_SPAD" 0 5 6, +C4<00000000000000000000000000001001>;
P_0x5626256431a0 .param/l "DATA_BITWIDTH" 0 5 4, +C4<00000000000000000000000000010000>;
P_0x5626256431e0 .param/l "IDLE" 1 5 34, C4<000>;
P_0x562625643220 .param/l "PSUM_LOAD_ADDR" 0 5 14, +C4<00000000000000000000000000000000>;
P_0x562625643260 .param/l "PSUM_READ_ADDR" 0 5 13, +C4<00000000000000000000000000000000>;
P_0x5626256432a0 .param/l "READ_PSUM" 1 5 35, C4<001>;
P_0x5626256432e0 .param/l "WRITE_GLB" 1 5 36, C4<010>;
P_0x562625643320 .param/l "X_dim" 0 5 8, +C4<00000000000000000000000000000101>;
P_0x562625643360 .param/l "Y_dim" 0 5 9, +C4<00000000000000000000000000000011>;
P_0x5626256433a0 .param/l "act_size" 0 5 11, +C4<00000000000000000000000000000101>;
P_0x5626256433e0 .param/l "kernel_size" 0 5 10, +C4<00000000000000000000000000000011>;
v0x562625643b10_0 .net "clk", 0 0, v0x56262564b750_0;  alias, 1 drivers
v0x562625643bb0_0 .var "iter", 2 0;
v0x562625643c90_0 .var "pe_psum", 79 0;
v0x562625643d80_0 .var "psum_count", 4 0;
v0x562625643e60_0 .net "r_data_spad_psum", 79 0, L_0x562625650330;  alias, 1 drivers
v0x562625643f40_0 .net "reset", 0 0, v0x56262564f790_0;  alias, 1 drivers
v0x562625644070_0 .var "state", 2 0;
v0x562625644150_0 .var "w_addr_glb_psum", 9 0;
v0x562625644230_0 .var "w_data_glb_psum", 15 0;
v0x5626256443a0_0 .var "write_en_glb_psum", 0 0;
v0x562625644460_0 .net "write_psum_ctrl", 0 0, L_0x562625650570;  alias, 1 drivers
S_0x562625646640 .scope module, "dutW" "router_generic_psum" 3 142, 4 3 0, S_0x5626255f4ea0;
 .timescale -9 -12;
    .port_info 0 /INPUT 1 "clk";
    .port_info 1 /INPUT 1 "reset";
    .port_info 2 /INPUT 4 "router_mode";
    .port_info 3 /INPUT 80 "north_data_i";
    .port_info 4 /INPUT 1 "north_enable_i";
    .port_info 5 /INPUT 80 "south_data_i";
    .port_info 6 /INPUT 1 "south_enable_i";
    .port_info 7 /INPUT 80 "west_data_i";
    .port_info 8 /INPUT 1 "west_enable_i";
    .port_info 9 /INPUT 80 "east_data_i";
    .port_info 10 /INPUT 1 "east_enable_i";
    .port_info 11 /OUTPUT 80 "north_data_o";
    .port_info 12 /OUTPUT 1 "north_enable_o";
    .port_info 13 /OUTPUT 80 "south_data_o";
    .port_info 14 /OUTPUT 1 "south_enable_o";
    .port_info 15 /OUTPUT 80 "east_data_o";
    .port_info 16 /OUTPUT 1 "east_enable_o";
    .port_info 17 /OUTPUT 80 "west_data_o_wide";
    .port_info 18 /OUTPUT 1 "west_enable_o_wide";
    .port_info 19 /OUTPUT 16 "psum_data_o";
    .port_info 20 /OUTPUT 1 "psum_enable_o";
    .port_info 21 /OUTPUT 10 "psum_write_addr";
P_0x5626256467d0 .param/l "ADDR_BITWIDTH_GLB" 0 4 6, +C4<00000000000000000000000000001010>;
P_0x562625646810 .param/l "ADDR_BITWIDTH_SPAD" 0 4 7, +C4<00000000000000000000000000001001>;
P_0x562625646850 .param/l "ALL" 1 4 156, +C4<00000000000000000000000000000000>;
P_0x562625646890 .param/l "CLOSED" 1 4 167, +C4<00000000000000000000000000001011>;
P_0x5626256468d0 .param/l "COMPUTE_DIR" 0 4 18, +C4<00000000000000000000000000000010>;
P_0x562625646910 .param/l "DATA_BITWIDTH" 0 4 5, +C4<00000000000000000000000000010000>;
P_0x562625646950 .param/l "DIR_E" 1 4 65, +C4<00000000000000000000000000000011>;
P_0x562625646990 .param/l "DIR_N" 1 4 62, +C4<00000000000000000000000000000000>;
P_0x5626256469d0 .param/l "DIR_S" 1 4 63, +C4<00000000000000000000000000000001>;
P_0x562625646a10 .param/l "DIR_W" 1 4 64, +C4<00000000000000000000000000000010>;
P_0x562625646a50 .param/l "EAST" 1 4 160, +C4<00000000000000000000000000000100>;
P_0x562625646a90 .param/l "EASTNORTH" 1 4 161, +C4<00000000000000000000000000000101>;
P_0x562625646ad0 .param/l "EASTSOUTH" 1 4 162, +C4<00000000000000000000000000000110>;
P_0x562625646b10 .param/l "EASTWEST" 1 4 163, +C4<00000000000000000000000000000111>;
P_0x562625646b50 .param/l "NORTH" 1 4 157, +C4<00000000000000000000000000000001>;
P_0x562625646b90 .param/l "PSUM_LOAD_ADDR" 0 4 15, +C4<00000000000000000000000000000000>;
P_0x562625646bd0 .param/l "PSUM_READ_ADDR" 0 4 14, +C4<00000000000000000000000000000000>;
P_0x562625646c10 .param/l "SOUTH" 1 4 158, +C4<00000000000000000000000000000010>;
P_0x562625646c50 .param/l "WEST" 1 4 159, +C4<00000000000000000000000000000011>;
P_0x562625646c90 .param/l "WESTEAST" 1 4 166, +C4<00000000000000000000000000001010>;
P_0x562625646cd0 .param/l "WESTNORTH" 1 4 164, +C4<00000000000000000000000000001000>;
P_0x562625646d10 .param/l "WESTSOUTH" 1 4 165, +C4<00000000000000000000000000001001>;
P_0x562625646d50 .param/l "X_dim" 0 4 9, +C4<00000000000000000000000000000101>;
P_0x562625646d90 .param/l "Y_dim" 0 4 10, +C4<00000000000000000000000000000011>;
P_0x562625646dd0 .param/l "act_size" 0 4 12, +C4<00000000000000000000000000000101>;
P_0x562625646e10 .param/l "kernel_size" 0 4 11, +C4<00000000000000000000000000000011>;
L_0x5626256509f0 .functor BUFZ 80, v0x56262564fe80_0, C4<00000000000000000000000000000000000000000000000000000000000000000000000000000000>, C4<00000000000000000000000000000000000000000000000000000000000000000000000000000000>, C4<00000000000000000000000000000000000000000000000000000000000000000000000000000000>;
L_0x562625650b00 .functor BUFZ 1, v0x56262564c7c0_0, C4<0>, C4<0>, C4<0>;
L_0x562625650bc0 .functor NOT 1, v0x56262564a320_0, C4<0>, C4<0>, C4<0>;
L_0x562625650c30 .functor AND 1, v0x56262564a260_0, L_0x562625650bc0, C4<1>, C4<1>;
L_0x562625650d40 .functor BUFZ 16, v0x5626256490f0_0, C4<0000000000000000>, C4<0000000000000000>, C4<0000000000000000>;
L_0x562625650e50 .functor BUFZ 1, v0x5626256491d0_0, C4<0>, C4<0>, C4<0>;
L_0x562625650fa0 .functor BUFZ 10, v0x562625649010_0, C4<0000000000>, C4<0000000000>, C4<0000000000>;
v0x562625649470_0 .net *"_ivl_4", 0 0, L_0x562625650bc0;  1 drivers
v0x562625649570_0 .net "clk", 0 0, v0x56262564b750_0;  alias, 1 drivers
v0x562625649630_0 .var "data_out", 79 0;
v0x5626256496d0_0 .var "data_out_valid", 0 0;
v0x562625649790_0 .net "east_data_i", 79 0, v0x56262564baa0_0;  1 drivers
v0x562625649870_0 .var "east_data_o", 79 0;
v0x562625649950_0 .net "east_enable_i", 0 0, v0x56262564be00_0;  1 drivers
v0x562625649a10_0 .var "east_enable_o", 0 0;
v0x562625649ad0_0 .net "north_data_i", 79 0, v0x56262564cce0_0;  1 drivers
v0x562625649c40_0 .var "north_data_o", 79 0;
v0x562625649d20_0 .net "north_enable_i", 0 0, v0x56262564c140_0;  1 drivers
v0x562625649de0_0 .var "north_enable_o", 0 0;
v0x562625649ea0_0 .net "psum_addr_int", 9 0, v0x562625649010_0;  1 drivers
v0x562625649f60_0 .net "psum_data_int", 15 0, v0x5626256490f0_0;  1 drivers
v0x56262564a030_0 .net "psum_data_o", 15 0, L_0x562625650d40;  alias, 1 drivers
v0x56262564a0f0_0 .net "psum_en_int", 0 0, v0x5626256491d0_0;  1 drivers
v0x56262564a1c0_0 .net "psum_enable_o", 0 0, L_0x562625650e50;  alias, 1 drivers
v0x56262564a260_0 .var "psum_ff0", 0 0;
v0x56262564a320_0 .var "psum_ff1", 0 0;
v0x56262564a3e0_0 .net "psum_src_wide", 79 0, L_0x5626256509f0;  1 drivers
v0x56262564a4d0_0 .net "psum_trigger_level", 0 0, L_0x562625650b00;  1 drivers
v0x56262564a570_0 .net "psum_trigger_pulse", 0 0, L_0x562625650c30;  1 drivers
v0x56262564a640_0 .net "psum_write_addr", 9 0, L_0x562625650fa0;  alias, 1 drivers
v0x56262564a700_0 .net "reset", 0 0, v0x56262564f790_0;  alias, 1 drivers
v0x56262564a7a0_0 .net "router_mode", 3 0, v0x56262564f830_0;  alias, 1 drivers
v0x56262564a860_0 .net "south_data_i", 79 0, v0x56262564fb40_0;  1 drivers
v0x56262564a940_0 .var "south_data_o", 79 0;
v0x56262564aa20_0 .net "south_enable_i", 0 0, v0x56262564c480_0;  1 drivers
v0x56262564aae0_0 .var "south_enable_o", 0 0;
v0x56262564aba0_0 .net "west_data_i", 79 0, v0x56262564fe80_0;  1 drivers
v0x56262564ac80_0 .var "west_data_o_wide", 79 0;
v0x56262564ad60_0 .net "west_enable_i", 0 0, v0x56262564c7c0_0;  1 drivers
v0x56262564ae20_0 .var "west_enable_o_wide", 0 0;
E_0x562625643a20 .event anyedge, v0x56262563be50_0, v0x562625649630_0, v0x5626256496d0_0;
E_0x562625647d90/0 .event anyedge, v0x562625649d20_0, v0x562625649ad0_0, v0x56262564aa20_0, v0x56262564a860_0;
E_0x562625647d90/1 .event anyedge, v0x56262564ad60_0, v0x56262564aba0_0, v0x562625649950_0, v0x562625649790_0;
E_0x562625647d90 .event/or E_0x562625647d90/0, E_0x562625647d90/1;
S_0x562625647e20 .scope module, "psum_fsm" "router_psum" 4 116, 5 3 0, S_0x562625646640;
 .timescale -9 -12;
    .port_info 0 /INPUT 1 "clk";
    .port_info 1 /INPUT 1 "reset";
    .port_info 2 /INPUT 80 "r_data_spad_psum";
    .port_info 3 /OUTPUT 10 "w_addr_glb_psum";
    .port_info 4 /OUTPUT 1 "write_en_glb_psum";
    .port_info 5 /OUTPUT 16 "w_data_glb_psum";
    .port_info 6 /INPUT 1 "write_psum_ctrl";
P_0x562625648020 .param/l "ADDR_BITWIDTH_GLB" 0 5 5, +C4<00000000000000000000000000001010>;
P_0x562625648060 .param/l "ADDR_BITWIDTH_SPAD" 0 5 6, +C4<00000000000000000000000000001001>;
P_0x5626256480a0 .param/l "DATA_BITWIDTH" 0 5 4, +C4<00000000000000000000000000010000>;
P_0x5626256480e0 .param/l "IDLE" 1 5 34, C4<000>;
P_0x562625648120 .param/l "PSUM_LOAD_ADDR" 0 5 14, +C4<00000000000000000000000000000000>;
P_0x562625648160 .param/l "PSUM_READ_ADDR" 0 5 13, +C4<00000000000000000000000000000000>;
P_0x5626256481a0 .param/l "READ_PSUM" 1 5 35, C4<001>;
P_0x5626256481e0 .param/l "WRITE_GLB" 1 5 36, C4<010>;
P_0x562625648220 .param/l "X_dim" 0 5 8, +C4<00000000000000000000000000000101>;
P_0x562625648260 .param/l "Y_dim" 0 5 9, +C4<00000000000000000000000000000011>;
P_0x5626256482a0 .param/l "act_size" 0 5 11, +C4<00000000000000000000000000000101>;
P_0x5626256482e0 .param/l "kernel_size" 0 5 10, +C4<00000000000000000000000000000011>;
v0x562625648a10_0 .net "clk", 0 0, v0x56262564b750_0;  alias, 1 drivers
v0x562625648ab0_0 .var "iter", 2 0;
v0x562625648b90_0 .var "pe_psum", 79 0;
v0x562625648c80_0 .var "psum_count", 4 0;
v0x562625648d60_0 .net "r_data_spad_psum", 79 0, L_0x5626256509f0;  alias, 1 drivers
v0x562625648e90_0 .net "reset", 0 0, v0x56262564f790_0;  alias, 1 drivers
v0x562625648f30_0 .var "state", 2 0;
v0x562625649010_0 .var "w_addr_glb_psum", 9 0;
v0x5626256490f0_0 .var "w_data_glb_psum", 15 0;
v0x5626256491d0_0 .var "write_en_glb_psum", 0 0;
v0x562625649290_0 .net "write_psum_ctrl", 0 0, L_0x562625650c30;  alias, 1 drivers
S_0x56262564b470 .scope task, "run_test" "run_test" 3 187, 3 187 0, S_0x5626255f4ea0;
 .timescale -9 -12;
v0x56262564b650_0 .var/i "dir", 31 0;
TD_router_psum_tb.run_test ;
    %vpi_call/w 3 191 "$display", "--- Testing compute direction %0d ---", v0x56262564b650_0 {0 0 0};
    %pushi/vec4 1, 0, 1;
    %store/vec4 v0x56262564f790_0, 0, 1;
    %pushi/vec4 0, 0, 80;
    %store/vec4 v0x56262564cb40_0, 0, 80;
    %pushi/vec4 0, 0, 80;
    %store/vec4 v0x56262564f9a0_0, 0, 80;
    %pushi/vec4 0, 0, 80;
    %store/vec4 v0x56262564fce0_0, 0, 80;
    %pushi/vec4 0, 0, 80;
    %store/vec4 v0x56262564b8d0_0, 0, 80;
    %pushi/vec4 0, 0, 80;
    %store/vec4 v0x56262564cc10_0, 0, 80;
    %pushi/vec4 0, 0, 80;
    %store/vec4 v0x56262564fa70_0, 0, 80;
    %pushi/vec4 0, 0, 80;
    %store/vec4 v0x56262564fdb0_0, 0, 80;
    %pushi/vec4 0, 0, 80;
    %store/vec4 v0x56262564b9d0_0, 0, 80;
    %pushi/vec4 0, 0, 80;
    %store/vec4 v0x56262564cce0_0, 0, 80;
    %pushi/vec4 0, 0, 80;
    %store/vec4 v0x56262564fb40_0, 0, 80;
    %pushi/vec4 0, 0, 80;
    %store/vec4 v0x56262564fe80_0, 0, 80;
    %pushi/vec4 0, 0, 80;
    %store/vec4 v0x56262564baa0_0, 0, 80;
    %pushi/vec4 0, 0, 80;
    %store/vec4 v0x56262564ca70_0, 0, 80;
    %pushi/vec4 0, 0, 80;
    %store/vec4 v0x56262564f8d0_0, 0, 80;
    %pushi/vec4 0, 0, 80;
    %store/vec4 v0x56262564fc10_0, 0, 80;
    %pushi/vec4 0, 0, 80;
    %store/vec4 v0x56262564b810_0, 0, 80;
    %pushi/vec4 0, 0, 1;
    %store/vec4 v0x56262564bfa0_0, 0, 1;
    %pushi/vec4 0, 0, 1;
    %store/vec4 v0x56262564c2e0_0, 0, 1;
    %pushi/vec4 0, 0, 1;
    %store/vec4 v0x56262564c620_0, 0, 1;
    %pushi/vec4 0, 0, 1;
    %store/vec4 v0x56262564bc60_0, 0, 1;
    %pushi/vec4 0, 0, 1;
    %store/vec4 v0x56262564c070_0, 0, 1;
    %pushi/vec4 0, 0, 1;
    %store/vec4 v0x56262564c3b0_0, 0, 1;
    %pushi/vec4 0, 0, 1;
    %store/vec4 v0x56262564c6f0_0, 0, 1;
    %pushi/vec4 0, 0, 1;
    %store/vec4 v0x56262564bd30_0, 0, 1;
    %pushi/vec4 0, 0, 1;
    %store/vec4 v0x56262564c140_0, 0, 1;
    %pushi/vec4 0, 0, 1;
    %store/vec4 v0x56262564c480_0, 0, 1;
    %pushi/vec4 0, 0, 1;
    %store/vec4 v0x56262564c7c0_0, 0, 1;
    %pushi/vec4 0, 0, 1;
    %store/vec4 v0x56262564be00_0, 0, 1;
    %pushi/vec4 0, 0, 1;
    %store/vec4 v0x56262564bed0_0, 0, 1;
    %pushi/vec4 0, 0, 1;
    %store/vec4 v0x56262564c210_0, 0, 1;
    %pushi/vec4 0, 0, 1;
    %store/vec4 v0x56262564c550_0, 0, 1;
    %pushi/vec4 0, 0, 1;
    %store/vec4 v0x56262564bb90_0, 0, 1;
    %pushi/vec4 3, 0, 32;
T_0.0 %dup/vec4;
    %pushi/vec4 0, 0, 32;
    %cmp/s;
    %jmp/1xz T_0.1, 5;
    %jmp/1 T_0.1, 4;
    %pushi/vec4 1, 0, 32;
    %sub;
    %wait E_0x5626255b37c0;
    %jmp T_0.0;
T_0.1 ;
    %pop/vec4 1;
    %pushi/vec4 0, 0, 1;
    %store/vec4 v0x56262564f790_0, 0, 1;
    %pushi/vec4 2, 0, 32;
T_0.2 %dup/vec4;
    %pushi/vec4 0, 0, 32;
    %cmp/s;
    %jmp/1xz T_0.3, 5;
    %jmp/1 T_0.3, 4;
    %pushi/vec4 1, 0, 32;
    %sub;
    %wait E_0x5626255b37c0;
    %jmp T_0.2;
T_0.3 ;
    %pop/vec4 1;
    %load/vec4 v0x56262564b650_0;
    %dup/vec4;
    %pushi/vec4 0, 0, 32;
    %cmp/u;
    %jmp/1 T_0.4, 6;
    %dup/vec4;
    %pushi/vec4 1, 0, 32;
    %cmp/u;
    %jmp/1 T_0.5, 6;
    %dup/vec4;
    %pushi/vec4 2, 0, 32;
    %cmp/u;
    %jmp/1 T_0.6, 6;
    %dup/vec4;
    %pushi/vec4 3, 0, 32;
    %cmp/u;
    %jmp/1 T_0.7, 6;
    %jmp T_0.8;
T_0.4 ;
    %load/vec4 v0x56262564ff50_0;
    %store/vec4 v0x56262564cb40_0, 0, 80;
    %pushi/vec4 1, 0, 1;
    %store/vec4 v0x56262564bfa0_0, 0, 1;
    %jmp T_0.8;
T_0.5 ;
    %load/vec4 v0x56262564ff50_0;
    %store/vec4 v0x56262564fa70_0, 0, 80;
    %pushi/vec4 1, 0, 1;
    %store/vec4 v0x56262564c3b0_0, 0, 1;
    %jmp T_0.8;
T_0.6 ;
    %load/vec4 v0x56262564ff50_0;
    %store/vec4 v0x56262564fe80_0, 0, 80;
    %pushi/vec4 1, 0, 1;
    %store/vec4 v0x56262564c7c0_0, 0, 1;
    %jmp T_0.8;
T_0.7 ;
    %load/vec4 v0x56262564ff50_0;
    %store/vec4 v0x56262564b810_0, 0, 80;
    %pushi/vec4 1, 0, 1;
    %store/vec4 v0x56262564bb90_0, 0, 1;
    %jmp T_0.8;
T_0.8 ;
    %pop/vec4 1;
    %pushi/vec4 0, 0, 32;
    %store/vec4 v0x56262564c9d0_0, 0, 32;
T_0.9 ;
    %load/vec4 v0x56262564c9d0_0;
    %cmpi/s 5, 0, 32;
    %jmp/0xz T_0.10, 5;
    %wait E_0x5626255b37c0;
    %load/vec4 v0x56262564b650_0;
    %dup/vec4;
    %pushi/vec4 0, 0, 32;
    %cmp/u;
    %jmp/1 T_0.11, 6;
    %dup/vec4;
    %pushi/vec4 1, 0, 32;
    %cmp/u;
    %jmp/1 T_0.12, 6;
    %dup/vec4;
    %pushi/vec4 2, 0, 32;
    %cmp/u;
    %jmp/1 T_0.13, 6;
    %dup/vec4;
    %pushi/vec4 3, 0, 32;
    %cmp/u;
    %jmp/1 T_0.14, 6;
    %jmp T_0.15;
T_0.11 ;
    %load/vec4 v0x56262564f1e0_0;
    %flag_set/vec4 8;
    %jmp/0xz  T_0.16, 8;
    %load/vec4 v0x56262564ed00_0;
    %ix/getv/s 4, v0x56262564c9d0_0;
    %load/vec4a v0x56262564c890, 4;
    %cmp/ne;
    %jmp/0xz  T_0.18, 6;
    %vpi_call/w 3 224 "$display", "\342\235\214 N idx=%0d got=%h exp=%h", v0x56262564c9d0_0, v0x56262564ed00_0, &A<v0x56262564c890, v0x56262564c9d0_0 > {0 0 0};
T_0.18 ;
    ; show_stmt_assign_vector: Get l-value for compressed += operand
    %load/vec4 v0x56262564c9d0_0;
    %pushi/vec4 1, 0, 32;
    %add;
    %store/vec4 v0x56262564c9d0_0, 0, 32;
T_0.16 ;
    %jmp T_0.15;
T_0.12 ;
    %load/vec4 v0x56262564f450_0;
    %flag_set/vec4 8;
    %jmp/0xz  T_0.20, 8;
    %load/vec4 v0x56262564f380_0;
    %ix/getv/s 4, v0x56262564c9d0_0;
    %load/vec4a v0x56262564c890, 4;
    %cmp/ne;
    %jmp/0xz  T_0.22, 6;
    %vpi_call/w 3 230 "$display", "\342\235\214 S idx=%0d got=%h exp=%h", v0x56262564c9d0_0, v0x56262564f380_0, &A<v0x56262564c890, v0x56262564c9d0_0 > {0 0 0};
T_0.22 ;
    ; show_stmt_assign_vector: Get l-value for compressed += operand
    %load/vec4 v0x56262564c9d0_0;
    %pushi/vec4 1, 0, 32;
    %add;
    %store/vec4 v0x56262564c9d0_0, 0, 32;
T_0.20 ;
    %jmp T_0.15;
T_0.13 ;
    %load/vec4 v0x56262564f6c0_0;
    %flag_set/vec4 8;
    %jmp/0xz  T_0.24, 8;
    %load/vec4 v0x56262564f5f0_0;
    %ix/getv/s 4, v0x56262564c9d0_0;
    %load/vec4a v0x56262564c890, 4;
    %cmp/ne;
    %jmp/0xz  T_0.26, 6;
    %vpi_call/w 3 236 "$display", "\342\235\214 W idx=%0d got=%h exp=%h", v0x56262564c9d0_0, v0x56262564f5f0_0, &A<v0x56262564c890, v0x56262564c9d0_0 > {0 0 0};
T_0.26 ;
    ; show_stmt_assign_vector: Get l-value for compressed += operand
    %load/vec4 v0x56262564c9d0_0;
    %pushi/vec4 1, 0, 32;
    %add;
    %store/vec4 v0x56262564c9d0_0, 0, 32;
T_0.24 ;
    %jmp T_0.15;
T_0.14 ;
    %load/vec4 v0x56262564eb60_0;
    %flag_set/vec4 8;
    %jmp/0xz  T_0.28, 8;
    %load/vec4 v0x56262564ea90_0;
    %ix/getv/s 4, v0x56262564c9d0_0;
    %load/vec4a v0x56262564c890, 4;
    %cmp/ne;
    %jmp/0xz  T_0.30, 6;
    %vpi_call/w 3 242 "$display", "\342\235\214 E idx=%0d got=%h exp=%h", v0x56262564c9d0_0, v0x56262564ea90_0, &A<v0x56262564c890, v0x56262564c9d0_0 > {0 0 0};
T_0.30 ;
    ; show_stmt_assign_vector: Get l-value for compressed += operand
    %load/vec4 v0x56262564c9d0_0;
    %pushi/vec4 1, 0, 32;
    %add;
    %store/vec4 v0x56262564c9d0_0, 0, 32;
T_0.28 ;
    %jmp T_0.15;
T_0.15 ;
    %pop/vec4 1;
    %jmp T_0.9;
T_0.10 ;
    %vpi_call/w 3 249 "$display", "\342\234\224 Direction %0d PASS\012", v0x56262564b650_0 {0 0 0};
    %end;
    .scope S_0x56262563e060;
T_1 ;
    %wait E_0x56262561e750;
    %load/vec4 v0x56262563f0f0_0;
    %flag_set/vec4 8;
    %jmp/0xz  T_1.0, 8;
    %pushi/vec4 0, 0, 10;
    %assign/vec4 v0x56262563f2c0_0, 0;
    %pushi/vec4 0, 0, 16;
    %assign/vec4 v0x56262563f3a0_0, 0;
    %pushi/vec4 0, 0, 1;
    %assign/vec4 v0x56262563f480_0, 0;
    %pushi/vec4 0, 0, 5;
    %assign/vec4 v0x56262563eee0_0, 0;
    %pushi/vec4 0, 0, 80;
    %assign/vec4 v0x56262563ee20_0, 0;
    %pushi/vec4 0, 0, 3;
    %assign/vec4 v0x56262563ed40_0, 0;
    %pushi/vec4 0, 0, 3;
    %assign/vec4 v0x56262563f1e0_0, 0;
    %jmp T_1.1;
T_1.0 ;
    %pushi/vec4 0, 0, 1;
    %assign/vec4 v0x56262563f480_0, 0;
    %load/vec4 v0x56262563f1e0_0;
    %dup/vec4;
    %pushi/vec4 0, 0, 3;
    %cmp/u;
    %jmp/1 T_1.2, 6;
    %dup/vec4;
    %pushi/vec4 1, 0, 3;
    %cmp/u;
    %jmp/1 T_1.3, 6;
    %dup/vec4;
    %pushi/vec4 2, 0, 3;
    %cmp/u;
    %jmp/1 T_1.4, 6;
    %pushi/vec4 0, 0, 3;
    %assign/vec4 v0x56262563f1e0_0, 0;
    %jmp T_1.6;
T_1.2 ;
    %pushi/vec4 0, 0, 5;
    %assign/vec4 v0x56262563eee0_0, 0;
    %pushi/vec4 0, 0, 10;
    %assign/vec4 v0x56262563f2c0_0, 0;
    %load/vec4 v0x56262563f540_0;
    %flag_set/vec4 8;
    %jmp/0xz  T_1.7, 8;
    %pushi/vec4 1, 0, 3;
    %assign/vec4 v0x56262563f1e0_0, 0;
T_1.7 ;
    %jmp T_1.6;
T_1.3 ;
    %load/vec4 v0x56262563efc0_0;
    %assign/vec4 v0x56262563ee20_0, 0;
    %pushi/vec4 0, 0, 5;
    %assign/vec4 v0x56262563eee0_0, 0;
    %pushi/vec4 2, 0, 3;
    %assign/vec4 v0x56262563f1e0_0, 0;
    %jmp T_1.6;
T_1.4 ;
    %pushi/vec4 1, 0, 1;
    %assign/vec4 v0x56262563f480_0, 0;
    %load/vec4 v0x56262563ee20_0;
    %load/vec4 v0x56262563eee0_0;
    %pad/u 32;
    %addi 1, 0, 32;
    %muli 16, 0, 32;
    %subi 1, 0, 32;
    %pad/u 34;
    %subi 15, 0, 34;
    %part/s 16;
    %assign/vec4 v0x56262563f3a0_0, 0;
    %load/vec4 v0x56262563eee0_0;
    %pad/u 32;
    %cmpi/e 0, 0, 32;
    %jmp/0xz  T_1.9, 4;
    %pushi/vec4 0, 0, 32;
    %load/vec4 v0x56262563ed40_0;
    %pad/u 32;
    %muli 5, 0, 32;
    %add;
    %pad/u 10;
    %assign/vec4 v0x56262563f2c0_0, 0;
    %jmp T_1.10;
T_1.9 ;
    %load/vec4 v0x56262563f2c0_0;
    %addi 1, 0, 10;
    %assign/vec4 v0x56262563f2c0_0, 0;
T_1.10 ;
    %load/vec4 v0x56262563eee0_0;
    %pad/u 32;
    %cmpi/e 4, 0, 32;
    %jmp/0xz  T_1.11, 4;
    %pushi/vec4 0, 0, 5;
    %assign/vec4 v0x56262563eee0_0, 0;
    %load/vec4 v0x56262563ed40_0;
    %addi 1, 0, 3;
    %assign/vec4 v0x56262563ed40_0, 0;
    %pushi/vec4 0, 0, 3;
    %assign/vec4 v0x56262563f1e0_0, 0;
    %jmp T_1.12;
T_1.11 ;
    %load/vec4 v0x56262563eee0_0;
    %addi 1, 0, 5;
    %assign/vec4 v0x56262563eee0_0, 0;
T_1.12 ;
    %jmp T_1.6;
T_1.6 ;
    %pop/vec4 1;
T_1.1 ;
    %jmp T_1;
    .thread T_1;
    .scope S_0x56262563c850;
T_2 ;
    %wait E_0x5626255b37c0;
    %load/vec4 v0x562625640980_0;
    %flag_set/vec4 8;
    %jmp/0xz  T_2.0, 8;
    %pushi/vec4 0, 0, 1;
    %assign/vec4 v0x5626256404e0_0, 0;
    %pushi/vec4 0, 0, 1;
    %assign/vec4 v0x5626256405a0_0, 0;
    %jmp T_2.1;
T_2.0 ;
    %load/vec4 v0x562625640750_0;
    %assign/vec4 v0x5626256404e0_0, 0;
    %load/vec4 v0x5626256404e0_0;
    %assign/vec4 v0x5626256405a0_0, 0;
T_2.1 ;
    %jmp T_2;
    .thread T_2;
    .scope S_0x56262563c850;
T_3 ;
    %wait E_0x56262563dfd0;
    %load/vec4 v0x56262563ffd0_0;
    %flag_set/vec4 8;
    %jmp/0xz  T_3.0, 8;
    %load/vec4 v0x56262563fd80_0;
    %store/vec4 v0x56262563f8e0_0, 0, 80;
    %pushi/vec4 1, 0, 1;
    %store/vec4 v0x56262563f980_0, 0, 1;
    %jmp T_3.1;
T_3.0 ;
    %load/vec4 v0x562625640cb0_0;
    %flag_set/vec4 8;
    %jmp/0xz  T_3.2, 8;
    %load/vec4 v0x562625640b10_0;
    %store/vec4 v0x56262563f8e0_0, 0, 80;
    %pushi/vec4 1, 0, 1;
    %store/vec4 v0x56262563f980_0, 0, 1;
    %jmp T_3.3;
T_3.2 ;
    %load/vec4 v0x562625640ff0_0;
    %flag_set/vec4 8;
    %jmp/0xz  T_3.4, 8;
    %load/vec4 v0x562625640e30_0;
    %store/vec4 v0x56262563f8e0_0, 0, 80;
    %pushi/vec4 1, 0, 1;
    %store/vec4 v0x56262563f980_0, 0, 1;
    %jmp T_3.5;
T_3.4 ;
    %load/vec4 v0x56262563fc00_0;
    %flag_set/vec4 8;
    %jmp/0xz  T_3.6, 8;
    %load/vec4 v0x56262563fa40_0;
    %store/vec4 v0x56262563f8e0_0, 0, 80;
    %pushi/vec4 1, 0, 1;
    %store/vec4 v0x56262563f980_0, 0, 1;
    %jmp T_3.7;
T_3.6 ;
    %pushi/vec4 0, 0, 80;
    %store/vec4 v0x56262563f8e0_0, 0, 80;
    %pushi/vec4 0, 0, 1;
    %store/vec4 v0x56262563f980_0, 0, 1;
T_3.7 ;
T_3.5 ;
T_3.3 ;
T_3.1 ;
    %jmp T_3;
    .thread T_3, $push;
    .scope S_0x56262563c850;
T_4 ;
    %wait E_0x56262556e760;
    %pushi/vec4 0, 0, 80;
    %store/vec4 v0x56262563fef0_0, 0, 80;
    %pushi/vec4 0, 0, 1;
    %store/vec4 v0x562625640090_0, 0, 1;
    %pushi/vec4 0, 0, 80;
    %store/vec4 v0x562625640bd0_0, 0, 80;
    %pushi/vec4 0, 0, 1;
    %store/vec4 v0x562625640d70_0, 0, 1;
    %pushi/vec4 0, 0, 80;
    %store/vec4 v0x56262563fb20_0, 0, 80;
    %pushi/vec4 0, 0, 1;
    %store/vec4 v0x56262563fcc0_0, 0, 1;
    %pushi/vec4 0, 0, 80;
    %store/vec4 v0x562625640f10_0, 0, 80;
    %pushi/vec4 0, 0, 1;
    %store/vec4 v0x5626256410b0_0, 0, 1;
    %load/vec4 v0x562625640a20_0;
    %dup/vec4;
    %pushi/vec4 0, 0, 4;
    %cmp/u;
    %jmp/1 T_4.0, 6;
    %dup/vec4;
    %pushi/vec4 1, 0, 4;
    %cmp/u;
    %jmp/1 T_4.1, 6;
    %dup/vec4;
    %pushi/vec4 2, 0, 4;
    %cmp/u;
    %jmp/1 T_4.2, 6;
    %dup/vec4;
    %pushi/vec4 4, 0, 4;
    %cmp/u;
    %jmp/1 T_4.3, 6;
    %dup/vec4;
    %pushi/vec4 3, 0, 4;
    %cmp/u;
    %jmp/1 T_4.4, 6;
    %dup/vec4;
    %pushi/vec4 5, 0, 4;
    %cmp/u;
    %jmp/1 T_4.5, 6;
    %dup/vec4;
    %pushi/vec4 6, 0, 4;
    %cmp/u;
    %jmp/1 T_4.6, 6;
    %dup/vec4;
    %pushi/vec4 7, 0, 4;
    %cmp/u;
    %jmp/1 T_4.7, 6;
    %dup/vec4;
    %pushi/vec4 8, 0, 4;
    %cmp/u;
    %jmp/1 T_4.8, 6;
    %dup/vec4;
    %pushi/vec4 9, 0, 4;
    %cmp/u;
    %jmp/1 T_4.9, 6;
    %dup/vec4;
    %pushi/vec4 10, 0, 4;
    %cmp/u;
    %jmp/1 T_4.10, 6;
    %dup/vec4;
    %pushi/vec4 11, 0, 4;
    %cmp/u;
    %jmp/1 T_4.11, 6;
    %jmp T_4.12;
T_4.0 ;
    %load/vec4 v0x56262563f8e0_0;
    %store/vec4 v0x562625640bd0_0, 0, 80;
    %load/vec4 v0x56262563f980_0;
    %store/vec4 v0x562625640d70_0, 0, 1;
    %load/vec4 v0x56262563f8e0_0;
    %store/vec4 v0x56262563fb20_0, 0, 80;
    %load/vec4 v0x56262563f980_0;
    %store/vec4 v0x56262563fcc0_0, 0, 1;
    %load/vec4 v0x56262563f8e0_0;
    %store/vec4 v0x562625640f10_0, 0, 80;
    %load/vec4 v0x56262563f980_0;
    %store/vec4 v0x5626256410b0_0, 0, 1;
    %jmp T_4.12;
T_4.1 ;
    %jmp T_4.12;
T_4.2 ;
    %load/vec4 v0x56262563f8e0_0;
    %store/vec4 v0x562625640bd0_0, 0, 80;
    %load/vec4 v0x56262563f980_0;
    %store/vec4 v0x562625640d70_0, 0, 1;
    %jmp T_4.12;
T_4.3 ;
    %load/vec4 v0x56262563f8e0_0;
    %store/vec4 v0x56262563fb20_0, 0, 80;
    %load/vec4 v0x56262563f980_0;
    %store/vec4 v0x56262563fcc0_0, 0, 1;
    %jmp T_4.12;
T_4.4 ;
    %load/vec4 v0x56262563f8e0_0;
    %store/vec4 v0x562625640f10_0, 0, 80;
    %load/vec4 v0x56262563f980_0;
    %store/vec4 v0x5626256410b0_0, 0, 1;
    %jmp T_4.12;
T_4.5 ;
    %load/vec4 v0x56262563f8e0_0;
    %store/vec4 v0x56262563fb20_0, 0, 80;
    %load/vec4 v0x56262563f980_0;
    %store/vec4 v0x56262563fcc0_0, 0, 1;
    %load/vec4 v0x56262563f980_0;
    %store/vec4 v0x562625640090_0, 0, 1;
    %jmp T_4.12;
T_4.6 ;
    %load/vec4 v0x56262563f8e0_0;
    %store/vec4 v0x56262563fb20_0, 0, 80;
    %load/vec4 v0x56262563f8e0_0;
    %store/vec4 v0x562625640bd0_0, 0, 80;
    %load/vec4 v0x56262563f980_0;
    %store/vec4 v0x56262563fcc0_0, 0, 1;
    %load/vec4 v0x56262563f980_0;
    %store/vec4 v0x562625640d70_0, 0, 1;
    %jmp T_4.12;
T_4.7 ;
    %load/vec4 v0x56262563f8e0_0;
    %store/vec4 v0x56262563fb20_0, 0, 80;
    %load/vec4 v0x56262563f8e0_0;
    %store/vec4 v0x562625640f10_0, 0, 80;
    %load/vec4 v0x56262563f980_0;
    %store/vec4 v0x56262563fcc0_0, 0, 1;
    %load/vec4 v0x56262563f980_0;
    %store/vec4 v0x5626256410b0_0, 0, 1;
    %jmp T_4.12;
T_4.8 ;
    %load/vec4 v0x56262563f8e0_0;
    %store/vec4 v0x562625640f10_0, 0, 80;
    %load/vec4 v0x56262563f980_0;
    %store/vec4 v0x5626256410b0_0, 0, 1;
    %load/vec4 v0x56262563f980_0;
    %store/vec4 v0x562625640090_0, 0, 1;
    %jmp T_4.12;
T_4.9 ;
    %load/vec4 v0x56262563f8e0_0;
    %store/vec4 v0x562625640f10_0, 0, 80;
    %load/vec4 v0x56262563f8e0_0;
    %store/vec4 v0x562625640bd0_0, 0, 80;
    %load/vec4 v0x56262563f980_0;
    %store/vec4 v0x5626256410b0_0, 0, 1;
    %load/vec4 v0x56262563f980_0;
    %store/vec4 v0x562625640d70_0, 0, 1;
    %jmp T_4.12;
T_4.10 ;
    %load/vec4 v0x56262563f8e0_0;
    %store/vec4 v0x562625640f10_0, 0, 80;
    %load/vec4 v0x56262563f8e0_0;
    %store/vec4 v0x56262563fb20_0, 0, 80;
    %load/vec4 v0x56262563f980_0;
    %store/vec4 v0x5626256410b0_0, 0, 1;
    %load/vec4 v0x56262563f980_0;
    %store/vec4 v0x56262563fcc0_0, 0, 1;
    %jmp T_4.12;
T_4.11 ;
    %jmp T_4.12;
T_4.12 ;
    %pop/vec4 1;
    %jmp T_4;
    .thread T_4, $push;
    .scope S_0x562625642f20;
T_5 ;
    %wait E_0x56262561e750;
    %load/vec4 v0x562625643f40_0;
    %flag_set/vec4 8;
    %jmp/0xz  T_5.0, 8;
    %pushi/vec4 0, 0, 10;
    %assign/vec4 v0x562625644150_0, 0;
    %pushi/vec4 0, 0, 16;
    %assign/vec4 v0x562625644230_0, 0;
    %pushi/vec4 0, 0, 1;
    %assign/vec4 v0x5626256443a0_0, 0;
    %pushi/vec4 0, 0, 5;
    %assign/vec4 v0x562625643d80_0, 0;
    %pushi/vec4 0, 0, 80;
    %assign/vec4 v0x562625643c90_0, 0;
    %pushi/vec4 0, 0, 3;
    %assign/vec4 v0x562625643bb0_0, 0;
    %pushi/vec4 0, 0, 3;
    %assign/vec4 v0x562625644070_0, 0;
    %jmp T_5.1;
T_5.0 ;
    %pushi/vec4 0, 0, 1;
    %assign/vec4 v0x5626256443a0_0, 0;
    %load/vec4 v0x562625644070_0;
    %dup/vec4;
    %pushi/vec4 0, 0, 3;
    %cmp/u;
    %jmp/1 T_5.2, 6;
    %dup/vec4;
    %pushi/vec4 1, 0, 3;
    %cmp/u;
    %jmp/1 T_5.3, 6;
    %dup/vec4;
    %pushi/vec4 2, 0, 3;
    %cmp/u;
    %jmp/1 T_5.4, 6;
    %pushi/vec4 0, 0, 3;
    %assign/vec4 v0x562625644070_0, 0;
    %jmp T_5.6;
T_5.2 ;
    %pushi/vec4 0, 0, 5;
    %assign/vec4 v0x562625643d80_0, 0;
    %pushi/vec4 0, 0, 10;
    %assign/vec4 v0x562625644150_0, 0;
    %load/vec4 v0x562625644460_0;
    %flag_set/vec4 8;
    %jmp/0xz  T_5.7, 8;
    %pushi/vec4 1, 0, 3;
    %assign/vec4 v0x562625644070_0, 0;
T_5.7 ;
    %jmp T_5.6;
T_5.3 ;
    %load/vec4 v0x562625643e60_0;
    %assign/vec4 v0x562625643c90_0, 0;
    %pushi/vec4 0, 0, 5;
    %assign/vec4 v0x562625643d80_0, 0;
    %pushi/vec4 2, 0, 3;
    %assign/vec4 v0x562625644070_0, 0;
    %jmp T_5.6;
T_5.4 ;
    %pushi/vec4 1, 0, 1;
    %assign/vec4 v0x5626256443a0_0, 0;
    %load/vec4 v0x562625643c90_0;
    %load/vec4 v0x562625643d80_0;
    %pad/u 32;
    %addi 1, 0, 32;
    %muli 16, 0, 32;
    %subi 1, 0, 32;
    %pad/u 34;
    %subi 15, 0, 34;
    %part/s 16;
    %assign/vec4 v0x562625644230_0, 0;
    %load/vec4 v0x562625643d80_0;
    %pad/u 32;
    %cmpi/e 0, 0, 32;
    %jmp/0xz  T_5.9, 4;
    %pushi/vec4 0, 0, 32;
    %load/vec4 v0x562625643bb0_0;
    %pad/u 32;
    %muli 5, 0, 32;
    %add;
    %pad/u 10;
    %assign/vec4 v0x562625644150_0, 0;
    %jmp T_5.10;
T_5.9 ;
    %load/vec4 v0x562625644150_0;
    %addi 1, 0, 10;
    %assign/vec4 v0x562625644150_0, 0;
T_5.10 ;
    %load/vec4 v0x562625643d80_0;
    %pad/u 32;
    %cmpi/e 4, 0, 32;
    %jmp/0xz  T_5.11, 4;
    %pushi/vec4 0, 0, 5;
    %assign/vec4 v0x562625643d80_0, 0;
    %load/vec4 v0x562625643bb0_0;
    %addi 1, 0, 3;
    %assign/vec4 v0x562625643bb0_0, 0;
    %pushi/vec4 0, 0, 3;
    %assign/vec4 v0x562625644070_0, 0;
    %jmp T_5.12;
T_5.11 ;
    %load/vec4 v0x562625643d80_0;
    %addi 1, 0, 5;
    %assign/vec4 v0x562625643d80_0, 0;
T_5.12 ;
    %jmp T_5.6;
T_5.6 ;
    %pop/vec4 1;
T_5.1 ;
    %jmp T_5;
    .thread T_5;
    .scope S_0x562625641700;
T_6 ;
    %wait E_0x5626255b37c0;
    %load/vec4 v0x5626256458d0_0;
    %flag_set/vec4 8;
    %jmp/0xz  T_6.0, 8;
    %pushi/vec4 0, 0, 1;
    %assign/vec4 v0x562625645430_0, 0;
    %pushi/vec4 0, 0, 1;
    %assign/vec4 v0x5626256454f0_0, 0;
    %jmp T_6.1;
T_6.0 ;
    %load/vec4 v0x5626256456a0_0;
    %assign/vec4 v0x562625645430_0, 0;
    %load/vec4 v0x562625645430_0;
    %assign/vec4 v0x5626256454f0_0, 0;
T_6.1 ;
    %jmp T_6;
    .thread T_6;
    .scope S_0x562625641700;
T_7 ;
    %wait E_0x562625642e90;
    %load/vec4 v0x562625644ef0_0;
    %flag_set/vec4 8;
    %jmp/0xz  T_7.0, 8;
    %load/vec4 v0x562625644ca0_0;
    %store/vec4 v0x562625644800_0, 0, 80;
    %pushi/vec4 1, 0, 1;
    %store/vec4 v0x5626256448a0_0, 0, 1;
    %jmp T_7.1;
T_7.0 ;
    %load/vec4 v0x562625645bf0_0;
    %flag_set/vec4 8;
    %jmp/0xz  T_7.2, 8;
    %load/vec4 v0x562625645a30_0;
    %store/vec4 v0x562625644800_0, 0, 80;
    %pushi/vec4 1, 0, 1;
    %store/vec4 v0x5626256448a0_0, 0, 1;
    %jmp T_7.3;
T_7.2 ;
    %load/vec4 v0x562625645f30_0;
    %flag_set/vec4 8;
    %jmp/0xz  T_7.4, 8;
    %load/vec4 v0x562625645d70_0;
    %store/vec4 v0x562625644800_0, 0, 80;
    %pushi/vec4 1, 0, 1;
    %store/vec4 v0x5626256448a0_0, 0, 1;
    %jmp T_7.5;
T_7.4 ;
    %load/vec4 v0x562625644b20_0;
    %flag_set/vec4 8;
    %jmp/0xz  T_7.6, 8;
    %load/vec4 v0x562625644960_0;
    %store/vec4 v0x562625644800_0, 0, 80;
    %pushi/vec4 1, 0, 1;
    %store/vec4 v0x5626256448a0_0, 0, 1;
    %jmp T_7.7;
T_7.6 ;
    %pushi/vec4 0, 0, 80;
    %store/vec4 v0x562625644800_0, 0, 80;
    %pushi/vec4 0, 0, 1;
    %store/vec4 v0x5626256448a0_0, 0, 1;
T_7.7 ;
T_7.5 ;
T_7.3 ;
T_7.1 ;
    %jmp T_7;
    .thread T_7, $push;
    .scope S_0x562625641700;
T_8 ;
    %wait E_0x56262563eb60;
    %pushi/vec4 0, 0, 80;
    %store/vec4 v0x562625644e10_0, 0, 80;
    %pushi/vec4 0, 0, 1;
    %store/vec4 v0x562625644fb0_0, 0, 1;
    %pushi/vec4 0, 0, 80;
    %store/vec4 v0x562625645b10_0, 0, 80;
    %pushi/vec4 0, 0, 1;
    %store/vec4 v0x562625645cb0_0, 0, 1;
    %pushi/vec4 0, 0, 80;
    %store/vec4 v0x562625644a40_0, 0, 80;
    %pushi/vec4 0, 0, 1;
    %store/vec4 v0x562625644be0_0, 0, 1;
    %pushi/vec4 0, 0, 80;
    %store/vec4 v0x562625645e50_0, 0, 80;
    %pushi/vec4 0, 0, 1;
    %store/vec4 v0x562625645ff0_0, 0, 1;
    %load/vec4 v0x562625645970_0;
    %dup/vec4;
    %pushi/vec4 0, 0, 4;
    %cmp/u;
    %jmp/1 T_8.0, 6;
    %dup/vec4;
    %pushi/vec4 1, 0, 4;
    %cmp/u;
    %jmp/1 T_8.1, 6;
    %dup/vec4;
    %pushi/vec4 2, 0, 4;
    %cmp/u;
    %jmp/1 T_8.2, 6;
    %dup/vec4;
    %pushi/vec4 4, 0, 4;
    %cmp/u;
    %jmp/1 T_8.3, 6;
    %dup/vec4;
    %pushi/vec4 3, 0, 4;
    %cmp/u;
    %jmp/1 T_8.4, 6;
    %dup/vec4;
    %pushi/vec4 5, 0, 4;
    %cmp/u;
    %jmp/1 T_8.5, 6;
    %dup/vec4;
    %pushi/vec4 6, 0, 4;
    %cmp/u;
    %jmp/1 T_8.6, 6;
    %dup/vec4;
    %pushi/vec4 7, 0, 4;
    %cmp/u;
    %jmp/1 T_8.7, 6;
    %dup/vec4;
    %pushi/vec4 8, 0, 4;
    %cmp/u;
    %jmp/1 T_8.8, 6;
    %dup/vec4;
    %pushi/vec4 9, 0, 4;
    %cmp/u;
    %jmp/1 T_8.9, 6;
    %dup/vec4;
    %pushi/vec4 10, 0, 4;
    %cmp/u;
    %jmp/1 T_8.10, 6;
    %dup/vec4;
    %pushi/vec4 11, 0, 4;
    %cmp/u;
    %jmp/1 T_8.11, 6;
    %jmp T_8.12;
T_8.0 ;
    %load/vec4 v0x562625644800_0;
    %store/vec4 v0x562625644e10_0, 0, 80;
    %load/vec4 v0x5626256448a0_0;
    %store/vec4 v0x562625644fb0_0, 0, 1;
    %load/vec4 v0x562625644800_0;
    %store/vec4 v0x562625644a40_0, 0, 80;
    %load/vec4 v0x5626256448a0_0;
    %store/vec4 v0x562625644be0_0, 0, 1;
    %load/vec4 v0x562625644800_0;
    %store/vec4 v0x562625645e50_0, 0, 80;
    %load/vec4 v0x5626256448a0_0;
    %store/vec4 v0x562625645ff0_0, 0, 1;
    %jmp T_8.12;
T_8.1 ;
    %load/vec4 v0x562625644800_0;
    %store/vec4 v0x562625644e10_0, 0, 80;
    %load/vec4 v0x5626256448a0_0;
    %store/vec4 v0x562625644fb0_0, 0, 1;
    %jmp T_8.12;
T_8.2 ;
    %jmp T_8.12;
T_8.3 ;
    %load/vec4 v0x562625644800_0;
    %store/vec4 v0x562625644a40_0, 0, 80;
    %load/vec4 v0x5626256448a0_0;
    %store/vec4 v0x562625644be0_0, 0, 1;
    %jmp T_8.12;
T_8.4 ;
    %load/vec4 v0x562625644800_0;
    %store/vec4 v0x562625645e50_0, 0, 80;
    %load/vec4 v0x5626256448a0_0;
    %store/vec4 v0x562625645ff0_0, 0, 1;
    %jmp T_8.12;
T_8.5 ;
    %load/vec4 v0x562625644800_0;
    %store/vec4 v0x562625644a40_0, 0, 80;
    %load/vec4 v0x562625644800_0;
    %store/vec4 v0x562625644e10_0, 0, 80;
    %load/vec4 v0x5626256448a0_0;
    %store/vec4 v0x562625644be0_0, 0, 1;
    %load/vec4 v0x5626256448a0_0;
    %store/vec4 v0x562625644fb0_0, 0, 1;
    %jmp T_8.12;
T_8.6 ;
    %load/vec4 v0x562625644800_0;
    %store/vec4 v0x562625644a40_0, 0, 80;
    %load/vec4 v0x5626256448a0_0;
    %store/vec4 v0x562625644be0_0, 0, 1;
    %load/vec4 v0x5626256448a0_0;
    %store/vec4 v0x562625645cb0_0, 0, 1;
    %jmp T_8.12;
T_8.7 ;
    %load/vec4 v0x562625644800_0;
    %store/vec4 v0x562625644a40_0, 0, 80;
    %load/vec4 v0x562625644800_0;
    %store/vec4 v0x562625645e50_0, 0, 80;
    %load/vec4 v0x5626256448a0_0;
    %store/vec4 v0x562625644be0_0, 0, 1;
    %load/vec4 v0x5626256448a0_0;
    %store/vec4 v0x562625645ff0_0, 0, 1;
    %jmp T_8.12;
T_8.8 ;
    %load/vec4 v0x562625644800_0;
    %store/vec4 v0x562625645e50_0, 0, 80;
    %load/vec4 v0x562625644800_0;
    %store/vec4 v0x562625644e10_0, 0, 80;
    %load/vec4 v0x5626256448a0_0;
    %store/vec4 v0x562625645ff0_0, 0, 1;
    %load/vec4 v0x5626256448a0_0;
    %store/vec4 v0x562625644fb0_0, 0, 1;
    %jmp T_8.12;
T_8.9 ;
    %load/vec4 v0x562625644800_0;
    %store/vec4 v0x562625645e50_0, 0, 80;
    %load/vec4 v0x5626256448a0_0;
    %store/vec4 v0x562625645ff0_0, 0, 1;
    %load/vec4 v0x5626256448a0_0;
    %store/vec4 v0x562625645cb0_0, 0, 1;
    %jmp T_8.12;
T_8.10 ;
    %load/vec4 v0x562625644800_0;
    %store/vec4 v0x562625645e50_0, 0, 80;
    %load/vec4 v0x562625644800_0;
    %store/vec4 v0x562625644a40_0, 0, 80;
    %load/vec4 v0x5626256448a0_0;
    %store/vec4 v0x562625645ff0_0, 0, 1;
    %load/vec4 v0x5626256448a0_0;
    %store/vec4 v0x562625644be0_0, 0, 1;
    %jmp T_8.12;
T_8.11 ;
    %jmp T_8.12;
T_8.12 ;
    %pop/vec4 1;
    %jmp T_8;
    .thread T_8, $push;
    .scope S_0x562625647e20;
T_9 ;
    %wait E_0x56262561e750;
    %load/vec4 v0x562625648e90_0;
    %flag_set/vec4 8;
    %jmp/0xz  T_9.0, 8;
    %pushi/vec4 0, 0, 10;
    %assign/vec4 v0x562625649010_0, 0;
    %pushi/vec4 0, 0, 16;
    %assign/vec4 v0x5626256490f0_0, 0;
    %pushi/vec4 0, 0, 1;
    %assign/vec4 v0x5626256491d0_0, 0;
    %pushi/vec4 0, 0, 5;
    %assign/vec4 v0x562625648c80_0, 0;
    %pushi/vec4 0, 0, 80;
    %assign/vec4 v0x562625648b90_0, 0;
    %pushi/vec4 0, 0, 3;
    %assign/vec4 v0x562625648ab0_0, 0;
    %pushi/vec4 0, 0, 3;
    %assign/vec4 v0x562625648f30_0, 0;
    %jmp T_9.1;
T_9.0 ;
    %pushi/vec4 0, 0, 1;
    %assign/vec4 v0x5626256491d0_0, 0;
    %load/vec4 v0x562625648f30_0;
    %dup/vec4;
    %pushi/vec4 0, 0, 3;
    %cmp/u;
    %jmp/1 T_9.2, 6;
    %dup/vec4;
    %pushi/vec4 1, 0, 3;
    %cmp/u;
    %jmp/1 T_9.3, 6;
    %dup/vec4;
    %pushi/vec4 2, 0, 3;
    %cmp/u;
    %jmp/1 T_9.4, 6;
    %pushi/vec4 0, 0, 3;
    %assign/vec4 v0x562625648f30_0, 0;
    %jmp T_9.6;
T_9.2 ;
    %pushi/vec4 0, 0, 5;
    %assign/vec4 v0x562625648c80_0, 0;
    %pushi/vec4 0, 0, 10;
    %assign/vec4 v0x562625649010_0, 0;
    %load/vec4 v0x562625649290_0;
    %flag_set/vec4 8;
    %jmp/0xz  T_9.7, 8;
    %pushi/vec4 1, 0, 3;
    %assign/vec4 v0x562625648f30_0, 0;
T_9.7 ;
    %jmp T_9.6;
T_9.3 ;
    %load/vec4 v0x562625648d60_0;
    %assign/vec4 v0x562625648b90_0, 0;
    %pushi/vec4 0, 0, 5;
    %assign/vec4 v0x562625648c80_0, 0;
    %pushi/vec4 2, 0, 3;
    %assign/vec4 v0x562625648f30_0, 0;
    %jmp T_9.6;
T_9.4 ;
    %pushi/vec4 1, 0, 1;
    %assign/vec4 v0x5626256491d0_0, 0;
    %load/vec4 v0x562625648b90_0;
    %load/vec4 v0x562625648c80_0;
    %pad/u 32;
    %addi 1, 0, 32;
    %muli 16, 0, 32;
    %subi 1, 0, 32;
    %pad/u 34;
    %subi 15, 0, 34;
    %part/s 16;
    %assign/vec4 v0x5626256490f0_0, 0;
    %load/vec4 v0x562625648c80_0;
    %pad/u 32;
    %cmpi/e 0, 0, 32;
    %jmp/0xz  T_9.9, 4;
    %pushi/vec4 0, 0, 32;
    %load/vec4 v0x562625648ab0_0;
    %pad/u 32;
    %muli 5, 0, 32;
    %add;
    %pad/u 10;
    %assign/vec4 v0x562625649010_0, 0;
    %jmp T_9.10;
T_9.9 ;
    %load/vec4 v0x562625649010_0;
    %addi 1, 0, 10;
    %assign/vec4 v0x562625649010_0, 0;
T_9.10 ;
    %load/vec4 v0x562625648c80_0;
    %pad/u 32;
    %cmpi/e 4, 0, 32;
    %jmp/0xz  T_9.11, 4;
    %pushi/vec4 0, 0, 5;
    %assign/vec4 v0x562625648c80_0, 0;
    %load/vec4 v0x562625648ab0_0;
    %addi 1, 0, 3;
    %assign/vec4 v0x562625648ab0_0, 0;
    %pushi/vec4 0, 0, 3;
    %assign/vec4 v0x562625648f30_0, 0;
    %jmp T_9.12;
T_9.11 ;
    %load/vec4 v0x562625648c80_0;
    %addi 1, 0, 5;
    %assign/vec4 v0x562625648c80_0, 0;
T_9.12 ;
    %jmp T_9.6;
T_9.6 ;
    %pop/vec4 1;
T_9.1 ;
    %jmp T_9;
    .thread T_9;
    .scope S_0x562625646640;
T_10 ;
    %wait E_0x5626255b37c0;
    %load/vec4 v0x56262564a700_0;
    %flag_set/vec4 8;
    %jmp/0xz  T_10.0, 8;
    %pushi/vec4 0, 0, 1;
    %assign/vec4 v0x56262564a260_0, 0;
    %pushi/vec4 0, 0, 1;
    %assign/vec4 v0x56262564a320_0, 0;
    %jmp T_10.1;
T_10.0 ;
    %load/vec4 v0x56262564a4d0_0;
    %assign/vec4 v0x56262564a260_0, 0;
    %load/vec4 v0x56262564a260_0;
    %assign/vec4 v0x56262564a320_0, 0;
T_10.1 ;
    %jmp T_10;
    .thread T_10;
    .scope S_0x562625646640;
T_11 ;
    %wait E_0x562625647d90;
    %load/vec4 v0x562625649d20_0;
    %flag_set/vec4 8;
    %jmp/0xz  T_11.0, 8;
    %load/vec4 v0x562625649ad0_0;
    %store/vec4 v0x562625649630_0, 0, 80;
    %pushi/vec4 1, 0, 1;
    %store/vec4 v0x5626256496d0_0, 0, 1;
    %jmp T_11.1;
T_11.0 ;
    %load/vec4 v0x56262564aa20_0;
    %flag_set/vec4 8;
    %jmp/0xz  T_11.2, 8;
    %load/vec4 v0x56262564a860_0;
    %store/vec4 v0x562625649630_0, 0, 80;
    %pushi/vec4 1, 0, 1;
    %store/vec4 v0x5626256496d0_0, 0, 1;
    %jmp T_11.3;
T_11.2 ;
    %load/vec4 v0x56262564ad60_0;
    %flag_set/vec4 8;
    %jmp/0xz  T_11.4, 8;
    %load/vec4 v0x56262564aba0_0;
    %store/vec4 v0x562625649630_0, 0, 80;
    %pushi/vec4 1, 0, 1;
    %store/vec4 v0x5626256496d0_0, 0, 1;
    %jmp T_11.5;
T_11.4 ;
    %load/vec4 v0x562625649950_0;
    %flag_set/vec4 8;
    %jmp/0xz  T_11.6, 8;
    %load/vec4 v0x562625649790_0;
    %store/vec4 v0x562625649630_0, 0, 80;
    %pushi/vec4 1, 0, 1;
    %store/vec4 v0x5626256496d0_0, 0, 1;
    %jmp T_11.7;
T_11.6 ;
    %pushi/vec4 0, 0, 80;
    %store/vec4 v0x562625649630_0, 0, 80;
    %pushi/vec4 0, 0, 1;
    %store/vec4 v0x5626256496d0_0, 0, 1;
T_11.7 ;
T_11.5 ;
T_11.3 ;
T_11.1 ;
    %jmp T_11;
    .thread T_11, $push;
    .scope S_0x562625646640;
T_12 ;
    %wait E_0x562625643a20;
    %pushi/vec4 0, 0, 80;
    %store/vec4 v0x562625649c40_0, 0, 80;
    %pushi/vec4 0, 0, 1;
    %store/vec4 v0x562625649de0_0, 0, 1;
    %pushi/vec4 0, 0, 80;
    %store/vec4 v0x56262564a940_0, 0, 80;
    %pushi/vec4 0, 0, 1;
    %store/vec4 v0x56262564aae0_0, 0, 1;
    %pushi/vec4 0, 0, 80;
    %store/vec4 v0x562625649870_0, 0, 80;
    %pushi/vec4 0, 0, 1;
    %store/vec4 v0x562625649a10_0, 0, 1;
    %pushi/vec4 0, 0, 80;
    %store/vec4 v0x56262564ac80_0, 0, 80;
    %pushi/vec4 0, 0, 1;
    %store/vec4 v0x56262564ae20_0, 0, 1;
    %load/vec4 v0x56262564a7a0_0;
    %dup/vec4;
    %pushi/vec4 0, 0, 4;
    %cmp/u;
    %jmp/1 T_12.0, 6;
    %dup/vec4;
    %pushi/vec4 1, 0, 4;
    %cmp/u;
    %jmp/1 T_12.1, 6;
    %dup/vec4;
    %pushi/vec4 2, 0, 4;
    %cmp/u;
    %jmp/1 T_12.2, 6;
    %dup/vec4;
    %pushi/vec4 4, 0, 4;
    %cmp/u;
    %jmp/1 T_12.3, 6;
    %dup/vec4;
    %pushi/vec4 3, 0, 4;
    %cmp/u;
    %jmp/1 T_12.4, 6;
    %dup/vec4;
    %pushi/vec4 5, 0, 4;
    %cmp/u;
    %jmp/1 T_12.5, 6;
    %dup/vec4;
    %pushi/vec4 6, 0, 4;
    %cmp/u;
    %jmp/1 T_12.6, 6;
    %dup/vec4;
    %pushi/vec4 7, 0, 4;
    %cmp/u;
    %jmp/1 T_12.7, 6;
    %dup/vec4;
    %pushi/vec4 8, 0, 4;
    %cmp/u;
    %jmp/1 T_12.8, 6;
    %dup/vec4;
    %pushi/vec4 9, 0, 4;
    %cmp/u;
    %jmp/1 T_12.9, 6;
    %dup/vec4;
    %pushi/vec4 10, 0, 4;
    %cmp/u;
    %jmp/1 T_12.10, 6;
    %dup/vec4;
    %pushi/vec4 11, 0, 4;
    %cmp/u;
    %jmp/1 T_12.11, 6;
    %jmp T_12.12;
T_12.0 ;
    %load/vec4 v0x562625649630_0;
    %store/vec4 v0x562625649c40_0, 0, 80;
    %load/vec4 v0x5626256496d0_0;
    %store/vec4 v0x562625649de0_0, 0, 1;
    %load/vec4 v0x562625649630_0;
    %store/vec4 v0x56262564a940_0, 0, 80;
    %load/vec4 v0x5626256496d0_0;
    %store/vec4 v0x56262564aae0_0, 0, 1;
    %load/vec4 v0x562625649630_0;
    %store/vec4 v0x562625649870_0, 0, 80;
    %load/vec4 v0x5626256496d0_0;
    %store/vec4 v0x562625649a10_0, 0, 1;
    %jmp T_12.12;
T_12.1 ;
    %load/vec4 v0x562625649630_0;
    %store/vec4 v0x562625649c40_0, 0, 80;
    %load/vec4 v0x5626256496d0_0;
    %store/vec4 v0x562625649de0_0, 0, 1;
    %jmp T_12.12;
T_12.2 ;
    %load/vec4 v0x562625649630_0;
    %store/vec4 v0x56262564a940_0, 0, 80;
    %load/vec4 v0x5626256496d0_0;
    %store/vec4 v0x56262564aae0_0, 0, 1;
    %jmp T_12.12;
T_12.3 ;
    %load/vec4 v0x562625649630_0;
    %store/vec4 v0x562625649870_0, 0, 80;
    %load/vec4 v0x5626256496d0_0;
    %store/vec4 v0x562625649a10_0, 0, 1;
    %jmp T_12.12;
T_12.4 ;
    %jmp T_12.12;
T_12.5 ;
    %load/vec4 v0x562625649630_0;
    %store/vec4 v0x562625649870_0, 0, 80;
    %load/vec4 v0x562625649630_0;
    %store/vec4 v0x562625649c40_0, 0, 80;
    %load/vec4 v0x5626256496d0_0;
    %store/vec4 v0x562625649a10_0, 0, 1;
    %load/vec4 v0x5626256496d0_0;
    %store/vec4 v0x562625649de0_0, 0, 1;
    %jmp T_12.12;
T_12.6 ;
    %load/vec4 v0x562625649630_0;
    %store/vec4 v0x562625649870_0, 0, 80;
    %load/vec4 v0x562625649630_0;
    %store/vec4 v0x56262564a940_0, 0, 80;
    %load/vec4 v0x5626256496d0_0;
    %store/vec4 v0x562625649a10_0, 0, 1;
    %load/vec4 v0x5626256496d0_0;
    %store/vec4 v0x56262564aae0_0, 0, 1;
    %jmp T_12.12;
T_12.7 ;
    %load/vec4 v0x562625649630_0;
    %store/vec4 v0x562625649870_0, 0, 80;
    %load/vec4 v0x5626256496d0_0;
    %store/vec4 v0x562625649a10_0, 0, 1;
    %load/vec4 v0x5626256496d0_0;
    %store/vec4 v0x56262564ae20_0, 0, 1;
    %jmp T_12.12;
T_12.8 ;
    %load/vec4 v0x562625649630_0;
    %store/vec4 v0x562625649c40_0, 0, 80;
    %load/vec4 v0x5626256496d0_0;
    %store/vec4 v0x56262564ae20_0, 0, 1;
    %load/vec4 v0x5626256496d0_0;
    %store/vec4 v0x562625649de0_0, 0, 1;
    %jmp T_12.12;
T_12.9 ;
    %load/vec4 v0x562625649630_0;
    %store/vec4 v0x56262564a940_0, 0, 80;
    %load/vec4 v0x5626256496d0_0;
    %store/vec4 v0x56262564ae20_0, 0, 1;
    %load/vec4 v0x5626256496d0_0;
    %store/vec4 v0x56262564aae0_0, 0, 1;
    %jmp T_12.12;
T_12.10 ;
    %load/vec4 v0x562625649630_0;
    %store/vec4 v0x562625649870_0, 0, 80;
    %load/vec4 v0x5626256496d0_0;
    %store/vec4 v0x56262564ae20_0, 0, 1;
    %load/vec4 v0x5626256496d0_0;
    %store/vec4 v0x562625649a10_0, 0, 1;
    %jmp T_12.12;
T_12.11 ;
    %jmp T_12.12;
T_12.12 ;
    %pop/vec4 1;
    %jmp T_12;
    .thread T_12, $push;
    .scope S_0x5626255a2ca0;
T_13 ;
    %wait E_0x56262561e750;
    %load/vec4 v0x5626255f4460_0;
    %flag_set/vec4 8;
    %jmp/0xz  T_13.0, 8;
    %pushi/vec4 0, 0, 10;
    %assign/vec4 v0x56262563a7e0_0, 0;
    %pushi/vec4 0, 0, 16;
    %assign/vec4 v0x56262563a8c0_0, 0;
    %pushi/vec4 0, 0, 1;
    %assign/vec4 v0x56262563a9a0_0, 0;
    %pushi/vec4 0, 0, 5;
    %assign/vec4 v0x5626255ff460_0, 0;
    %pushi/vec4 0, 0, 80;
    %assign/vec4 v0x5626255ff3c0_0, 0;
    %pushi/vec4 0, 0, 3;
    %assign/vec4 v0x5626256006f0_0, 0;
    %pushi/vec4 0, 0, 3;
    %assign/vec4 v0x5626255f4500_0, 0;
    %jmp T_13.1;
T_13.0 ;
    %pushi/vec4 0, 0, 1;
    %assign/vec4 v0x56262563a9a0_0, 0;
    %load/vec4 v0x5626255f4500_0;
    %dup/vec4;
    %pushi/vec4 0, 0, 3;
    %cmp/u;
    %jmp/1 T_13.2, 6;
    %dup/vec4;
    %pushi/vec4 1, 0, 3;
    %cmp/u;
    %jmp/1 T_13.3, 6;
    %dup/vec4;
    %pushi/vec4 2, 0, 3;
    %cmp/u;
    %jmp/1 T_13.4, 6;
    %pushi/vec4 0, 0, 3;
    %assign/vec4 v0x5626255f4500_0, 0;
    %jmp T_13.6;
T_13.2 ;
    %pushi/vec4 0, 0, 5;
    %assign/vec4 v0x5626255ff460_0, 0;
    %pushi/vec4 0, 0, 10;
    %assign/vec4 v0x56262563a7e0_0, 0;
    %load/vec4 v0x56262563aa60_0;
    %flag_set/vec4 8;
    %jmp/0xz  T_13.7, 8;
    %pushi/vec4 1, 0, 3;
    %assign/vec4 v0x5626255f4500_0, 0;
T_13.7 ;
    %jmp T_13.6;
T_13.3 ;
    %load/vec4 v0x5626255f5790_0;
    %assign/vec4 v0x5626255ff3c0_0, 0;
    %pushi/vec4 0, 0, 5;
    %assign/vec4 v0x5626255ff460_0, 0;
    %pushi/vec4 2, 0, 3;
    %assign/vec4 v0x5626255f4500_0, 0;
    %jmp T_13.6;
T_13.4 ;
    %pushi/vec4 1, 0, 1;
    %assign/vec4 v0x56262563a9a0_0, 0;
    %load/vec4 v0x5626255ff3c0_0;
    %load/vec4 v0x5626255ff460_0;
    %pad/u 32;
    %addi 1, 0, 32;
    %muli 16, 0, 32;
    %subi 1, 0, 32;
    %pad/u 34;
    %subi 15, 0, 34;
    %part/s 16;
    %assign/vec4 v0x56262563a8c0_0, 0;
    %load/vec4 v0x5626255ff460_0;
    %pad/u 32;
    %cmpi/e 0, 0, 32;
    %jmp/0xz  T_13.9, 4;
    %pushi/vec4 0, 0, 32;
    %load/vec4 v0x5626256006f0_0;
    %pad/u 32;
    %muli 5, 0, 32;
    %add;
    %pad/u 10;
    %assign/vec4 v0x56262563a7e0_0, 0;
    %jmp T_13.10;
T_13.9 ;
    %load/vec4 v0x56262563a7e0_0;
    %addi 1, 0, 10;
    %assign/vec4 v0x56262563a7e0_0, 0;
T_13.10 ;
    %load/vec4 v0x5626255ff460_0;
    %pad/u 32;
    %cmpi/e 4, 0, 32;
    %jmp/0xz  T_13.11, 4;
    %pushi/vec4 0, 0, 5;
    %assign/vec4 v0x5626255ff460_0, 0;
    %load/vec4 v0x5626256006f0_0;
    %addi 1, 0, 3;
    %assign/vec4 v0x5626256006f0_0, 0;
    %pushi/vec4 0, 0, 3;
    %assign/vec4 v0x5626255f4500_0, 0;
    %jmp T_13.12;
T_13.11 ;
    %load/vec4 v0x5626255ff460_0;
    %addi 1, 0, 5;
    %assign/vec4 v0x5626255ff460_0, 0;
T_13.12 ;
    %jmp T_13.6;
T_13.6 ;
    %pop/vec4 1;
T_13.1 ;
    %jmp T_13;
    .thread T_13;
    .scope S_0x56262561f210;
T_14 ;
    %wait E_0x5626255b37c0;
    %load/vec4 v0x56262563bdb0_0;
    %flag_set/vec4 8;
    %jmp/0xz  T_14.0, 8;
    %pushi/vec4 0, 0, 1;
    %assign/vec4 v0x56262563b970_0, 0;
    %pushi/vec4 0, 0, 1;
    %assign/vec4 v0x56262563ba30_0, 0;
    %jmp T_14.1;
T_14.0 ;
    %load/vec4 v0x56262563bbb0_0;
    %assign/vec4 v0x56262563b970_0, 0;
    %load/vec4 v0x56262563b970_0;
    %assign/vec4 v0x56262563ba30_0, 0;
T_14.1 ;
    %jmp T_14;
    .thread T_14;
    .scope S_0x56262561f210;
T_15 ;
    %wait E_0x5626255b0af0;
    %load/vec4 v0x56262563b490_0;
    %flag_set/vec4 8;
    %jmp/0xz  T_15.0, 8;
    %load/vec4 v0x56262563b240_0;
    %store/vec4 v0x56262563adc0_0, 0, 80;
    %pushi/vec4 1, 0, 1;
    %store/vec4 v0x56262563ae60_0, 0, 1;
    %jmp T_15.1;
T_15.0 ;
    %load/vec4 v0x56262563c0d0_0;
    %flag_set/vec4 8;
    %jmp/0xz  T_15.2, 8;
    %load/vec4 v0x56262563bf10_0;
    %store/vec4 v0x56262563adc0_0, 0, 80;
    %pushi/vec4 1, 0, 1;
    %store/vec4 v0x56262563ae60_0, 0, 1;
    %jmp T_15.3;
T_15.2 ;
    %load/vec4 v0x56262563c410_0;
    %flag_set/vec4 8;
    %jmp/0xz  T_15.4, 8;
    %load/vec4 v0x56262563c250_0;
    %store/vec4 v0x56262563adc0_0, 0, 80;
    %pushi/vec4 1, 0, 1;
    %store/vec4 v0x56262563ae60_0, 0, 1;
    %jmp T_15.5;
T_15.4 ;
    %load/vec4 v0x56262563b0c0_0;
    %flag_set/vec4 8;
    %jmp/0xz  T_15.6, 8;
    %load/vec4 v0x56262563af00_0;
    %store/vec4 v0x56262563adc0_0, 0, 80;
    %pushi/vec4 1, 0, 1;
    %store/vec4 v0x56262563ae60_0, 0, 1;
    %jmp T_15.7;
T_15.6 ;
    %pushi/vec4 0, 0, 80;
    %store/vec4 v0x56262563adc0_0, 0, 80;
    %pushi/vec4 0, 0, 1;
    %store/vec4 v0x56262563ae60_0, 0, 1;
T_15.7 ;
T_15.5 ;
T_15.3 ;
T_15.1 ;
    %jmp T_15;
    .thread T_15, $push;
    .scope S_0x56262561f210;
T_16 ;
    %wait E_0x5626255b34a0;
    %pushi/vec4 0, 0, 80;
    %store/vec4 v0x56262563b3b0_0, 0, 80;
    %pushi/vec4 0, 0, 1;
    %store/vec4 v0x56262563b550_0, 0, 1;
    %pushi/vec4 0, 0, 80;
    %store/vec4 v0x56262563bff0_0, 0, 80;
    %pushi/vec4 0, 0, 1;
    %store/vec4 v0x56262563c190_0, 0, 1;
    %pushi/vec4 0, 0, 80;
    %store/vec4 v0x56262563afe0_0, 0, 80;
    %pushi/vec4 0, 0, 1;
    %store/vec4 v0x56262563b180_0, 0, 1;
    %pushi/vec4 0, 0, 80;
    %store/vec4 v0x56262563c330_0, 0, 80;
    %pushi/vec4 0, 0, 1;
    %store/vec4 v0x56262563c4d0_0, 0, 1;
    %load/vec4 v0x56262563be50_0;
    %dup/vec4;
    %pushi/vec4 0, 0, 4;
    %cmp/u;
    %jmp/1 T_16.0, 6;
    %dup/vec4;
    %pushi/vec4 1, 0, 4;
    %cmp/u;
    %jmp/1 T_16.1, 6;
    %dup/vec4;
    %pushi/vec4 2, 0, 4;
    %cmp/u;
    %jmp/1 T_16.2, 6;
    %dup/vec4;
    %pushi/vec4 4, 0, 4;
    %cmp/u;
    %jmp/1 T_16.3, 6;
    %dup/vec4;
    %pushi/vec4 3, 0, 4;
    %cmp/u;
    %jmp/1 T_16.4, 6;
    %dup/vec4;
    %pushi/vec4 5, 0, 4;
    %cmp/u;
    %jmp/1 T_16.5, 6;
    %dup/vec4;
    %pushi/vec4 6, 0, 4;
    %cmp/u;
    %jmp/1 T_16.6, 6;
    %dup/vec4;
    %pushi/vec4 7, 0, 4;
    %cmp/u;
    %jmp/1 T_16.7, 6;
    %dup/vec4;
    %pushi/vec4 8, 0, 4;
    %cmp/u;
    %jmp/1 T_16.8, 6;
    %dup/vec4;
    %pushi/vec4 9, 0, 4;
    %cmp/u;
    %jmp/1 T_16.9, 6;
    %dup/vec4;
    %pushi/vec4 10, 0, 4;
    %cmp/u;
    %jmp/1 T_16.10, 6;
    %dup/vec4;
    %pushi/vec4 11, 0, 4;
    %cmp/u;
    %jmp/1 T_16.11, 6;
    %jmp T_16.12;
T_16.0 ;
    %load/vec4 v0x56262563adc0_0;
    %store/vec4 v0x56262563b3b0_0, 0, 80;
    %load/vec4 v0x56262563ae60_0;
    %store/vec4 v0x56262563b550_0, 0, 1;
    %load/vec4 v0x56262563adc0_0;
    %store/vec4 v0x56262563bff0_0, 0, 80;
    %load/vec4 v0x56262563ae60_0;
    %store/vec4 v0x56262563c190_0, 0, 1;
    %load/vec4 v0x56262563adc0_0;
    %store/vec4 v0x56262563c330_0, 0, 80;
    %load/vec4 v0x56262563ae60_0;
    %store/vec4 v0x56262563c4d0_0, 0, 1;
    %jmp T_16.12;
T_16.1 ;
    %load/vec4 v0x56262563adc0_0;
    %store/vec4 v0x56262563b3b0_0, 0, 80;
    %load/vec4 v0x56262563ae60_0;
    %store/vec4 v0x56262563b550_0, 0, 1;
    %jmp T_16.12;
T_16.2 ;
    %load/vec4 v0x56262563adc0_0;
    %store/vec4 v0x56262563bff0_0, 0, 80;
    %load/vec4 v0x56262563ae60_0;
    %store/vec4 v0x56262563c190_0, 0, 1;
    %jmp T_16.12;
T_16.3 ;
    %jmp T_16.12;
T_16.4 ;
    %load/vec4 v0x56262563adc0_0;
    %store/vec4 v0x56262563c330_0, 0, 80;
    %load/vec4 v0x56262563ae60_0;
    %store/vec4 v0x56262563c4d0_0, 0, 1;
    %jmp T_16.12;
T_16.5 ;
    %load/vec4 v0x56262563adc0_0;
    %store/vec4 v0x56262563b3b0_0, 0, 80;
    %load/vec4 v0x56262563ae60_0;
    %store/vec4 v0x56262563b180_0, 0, 1;
    %load/vec4 v0x56262563ae60_0;
    %store/vec4 v0x56262563b550_0, 0, 1;
    %jmp T_16.12;
T_16.6 ;
    %load/vec4 v0x56262563adc0_0;
    %store/vec4 v0x56262563bff0_0, 0, 80;
    %load/vec4 v0x56262563ae60_0;
    %store/vec4 v0x56262563b180_0, 0, 1;
    %load/vec4 v0x56262563ae60_0;
    %store/vec4 v0x56262563c190_0, 0, 1;
    %jmp T_16.12;
T_16.7 ;
    %load/vec4 v0x56262563adc0_0;
    %store/vec4 v0x56262563c330_0, 0, 80;
    %load/vec4 v0x56262563ae60_0;
    %store/vec4 v0x56262563b180_0, 0, 1;
    %load/vec4 v0x56262563ae60_0;
    %store/vec4 v0x56262563c4d0_0, 0, 1;
    %jmp T_16.12;
T_16.8 ;
    %load/vec4 v0x56262563adc0_0;
    %store/vec4 v0x56262563c330_0, 0, 80;
    %load/vec4 v0x56262563adc0_0;
    %store/vec4 v0x56262563b3b0_0, 0, 80;
    %load/vec4 v0x56262563ae60_0;
    %store/vec4 v0x56262563c4d0_0, 0, 1;
    %load/vec4 v0x56262563ae60_0;
    %store/vec4 v0x56262563b550_0, 0, 1;
    %jmp T_16.12;
T_16.9 ;
    %load/vec4 v0x56262563adc0_0;
    %store/vec4 v0x56262563c330_0, 0, 80;
    %load/vec4 v0x56262563adc0_0;
    %store/vec4 v0x56262563bff0_0, 0, 80;
    %load/vec4 v0x56262563ae60_0;
    %store/vec4 v0x56262563c4d0_0, 0, 1;
    %load/vec4 v0x56262563ae60_0;
    %store/vec4 v0x56262563c190_0, 0, 1;
    %jmp T_16.12;
T_16.10 ;
    %load/vec4 v0x56262563adc0_0;
    %store/vec4 v0x56262563c330_0, 0, 80;
    %load/vec4 v0x56262563ae60_0;
    %store/vec4 v0x56262563c4d0_0, 0, 1;
    %load/vec4 v0x56262563ae60_0;
    %store/vec4 v0x56262563b180_0, 0, 1;
    %jmp T_16.12;
T_16.11 ;
    %jmp T_16.12;
T_16.12 ;
    %pop/vec4 1;
    %jmp T_16;
    .thread T_16, $push;
    .scope S_0x5626255f4ea0;
T_17 ;
    %pushi/vec4 0, 0, 1;
    %store/vec4 v0x56262564b750_0, 0, 1;
    %end;
    .thread T_17, $init;
    .scope S_0x5626255f4ea0;
T_18 ;
    %delay 5000, 0;
    %load/vec4 v0x56262564b750_0;
    %inv;
    %store/vec4 v0x56262564b750_0, 0, 1;
    %jmp T_18;
    .thread T_18;
    .scope S_0x5626255f4ea0;
T_19 ;
    %pushi/vec4 0, 0, 32;
    %store/vec4 v0x56262564c930_0, 0, 32;
T_19.0 ;
    %load/vec4 v0x56262564c930_0;
    %cmpi/s 5, 0, 32;
    %jmp/0xz T_19.1, 5;
    %pushi/vec4 36864, 0, 32;
    %load/vec4 v0x56262564c930_0;
    %add;
    %pad/u 16;
    %ix/getv/s 4, v0x56262564c930_0;
    %store/vec4a v0x56262564c890, 4, 0;
    %load/vec4 v0x56262564c930_0;
    %addi 1, 0, 32;
    %store/vec4 v0x56262564c930_0, 0, 32;
    %jmp T_19.0;
T_19.1 ;
    %ix/load 4, 4, 0;
    %flag_set/imm 4, 0;
    %load/vec4a v0x56262564c890, 4;
    %ix/load 4, 3, 0;
    %flag_set/imm 4, 0;
    %load/vec4a v0x56262564c890, 4;
    %concat/vec4; draw_concat_vec4
    %ix/load 4, 2, 0;
    %flag_set/imm 4, 0;
    %load/vec4a v0x56262564c890, 4;
    %concat/vec4; draw_concat_vec4
    %ix/load 4, 1, 0;
    %flag_set/imm 4, 0;
    %load/vec4a v0x56262564c890, 4;
    %concat/vec4; draw_concat_vec4
    %ix/load 4, 0, 0;
    %flag_set/imm 4, 0;
    %load/vec4a v0x56262564c890, 4;
    %concat/vec4; draw_concat_vec4
    %store/vec4 v0x56262564ff50_0, 0, 80;
    %end;
    .thread T_19;
    .scope S_0x5626255f4ea0;
T_20 ;
    %vpi_call/w 3 258 "$display", "\012===============================================" {0 0 0};
    %vpi_call/w 3 259 "$display", "     PSUM ROUTER \342\200\223 ALL 4 DIRECTIONS" {0 0 0};
    %vpi_call/w 3 260 "$display", "===============================================" {0 0 0};
    %pushi/vec4 11, 0, 4;
    %store/vec4 v0x56262564f830_0, 0, 4;
    %pushi/vec4 0, 0, 32;
    %store/vec4 v0x56262564b650_0, 0, 32;
    %fork TD_router_psum_tb.run_test, S_0x56262564b470;
    %join;
    %pushi/vec4 1, 0, 32;
    %store/vec4 v0x56262564b650_0, 0, 32;
    %fork TD_router_psum_tb.run_test, S_0x56262564b470;
    %join;
    %pushi/vec4 2, 0, 32;
    %store/vec4 v0x56262564b650_0, 0, 32;
    %fork TD_router_psum_tb.run_test, S_0x56262564b470;
    %join;
    %pushi/vec4 3, 0, 32;
    %store/vec4 v0x56262564b650_0, 0, 32;
    %fork TD_router_psum_tb.run_test, S_0x56262564b470;
    %join;
    %vpi_call/w 3 269 "$display", "===============================================" {0 0 0};
    %vpi_call/w 3 270 "$display", " ALL PSUM ROUTES PASSED SUCCESSFULLY \360\237\216\211" {0 0 0};
    %vpi_call/w 3 271 "$display", "===============================================\012" {0 0 0};
    %vpi_call/w 3 273 "$finish" {0 0 0};
    %end;
    .thread T_20;
# The file index is used to find the file name in the following table.
:file_names 6;
    "N/A";
    "<interactive>";
    "-";
    "testbench/router_psum_tb.v";
    "rtl/router_psum_generic.v";
    "rtl/router_psum.v";
