#! /usr/bin/vvp
:ivl_version "12.0 (stable)" "(v12_0-dirty)";
:ivl_delay_selection "TYPICAL";
:vpi_time_precision - 12;
:vpi_module "/usr/lib/ivl/system.vpi";
:vpi_module "/usr/lib/ivl/vhdl_sys.vpi";
:vpi_module "/usr/lib/ivl/vhdl_textio.vpi";
:vpi_module "/usr/lib/ivl/v2005_math.vpi";
:vpi_module "/usr/lib/ivl/va_math.vpi";
:vpi_module "/usr/lib/ivl/v2009.vpi";
S_0x564102064240 .scope package, "$unit" "$unit" 2 1;
 .timescale 0 0;
S_0x564101fca4c0 .scope module, "router_generic_wght_tb" "router_generic_wght_tb" 3 3;
 .timescale -9 -12;
P_0x564101fca650 .param/l "ADDR_GLB" 1 3 9, +C4<00000000000000000000000000001010>;
P_0x564101fca690 .param/l "ADDR_SPAD" 1 3 10, +C4<00000000000000000000000000001001>;
P_0x564101fca6d0 .param/l "CLOSED" 1 3 23, C4<1011>;
P_0x564101fca710 .param/l "DATA_W" 1 3 8, +C4<00000000000000000000000000010000>;
P_0x564101fca750 .param/l "TOTAL_WEIGHTS" 1 3 21, +C4<0000000000000000000000000000000000000000000000000000000000001001>;
P_0x564101fca790 .param/l "W_LOAD_ADDR" 1 3 19, +C4<00000000000000000000000000000000>;
P_0x564101fca7d0 .param/l "W_READ_ADDR" 1 3 18, +C4<00000000000000000000000000000000>;
P_0x564101fca810 .param/l "X_dim" 1 3 12, +C4<00000000000000000000000000000101>;
P_0x564101fca850 .param/l "Y_dim" 1 3 13, +C4<00000000000000000000000000000011>;
P_0x564101fca890 .param/l "act_size" 1 3 15, +C4<00000000000000000000000000000101>;
P_0x564101fca8d0 .param/l "kernel_size" 1 3 14, +C4<00000000000000000000000000000011>;
v0x5641020c5da0_0 .net "addrE", 9 0, v0x564102069200_0;  1 drivers
v0x5641020c5e80_0 .net "addrN", 9 0, v0x5641020b9ac0_0;  1 drivers
v0x5641020c5f90_0 .net "addrS", 9 0, v0x5641020be8f0_0;  1 drivers
v0x5641020c6080_0 .net "addrW", 9 0, v0x5641020c3780_0;  1 drivers
v0x5641020c6190_0 .var "clk", 0 0;
v0x5641020c6280_0 .var "eE", 15 0;
v0x5641020c6340_0 .var "eN", 15 0;
v0x5641020c63e0_0 .var "eS", 15 0;
v0x5641020c6480_0 .var "eW", 15 0;
v0x5641020c6520_0 .var "en_eE", 0 0;
v0x5641020c65f0_0 .var "en_eN", 0 0;
v0x5641020c66c0_0 .var "en_eS", 0 0;
v0x5641020c6790_0 .var "en_eW", 0 0;
v0x5641020c6860_0 .var "en_nE", 0 0;
v0x5641020c6930_0 .var "en_nN", 0 0;
v0x5641020c6a00_0 .var "en_nS", 0 0;
v0x5641020c6ad0_0 .var "en_nW", 0 0;
v0x5641020c6cb0_0 .var "en_sE", 0 0;
v0x5641020c6d80_0 .var "en_sN", 0 0;
v0x5641020c6e50_0 .var "en_sS", 0 0;
v0x5641020c6f20_0 .var "en_sW", 0 0;
v0x5641020c6ff0_0 .var "en_wE", 0 0;
v0x5641020c70c0_0 .var "en_wN", 0 0;
v0x5641020c7190_0 .var "en_wS", 0 0;
v0x5641020c7260_0 .var "en_wW", 0 0;
v0x5641020c7330 .array "exp_vals", 8 0, 15 0;
v0x5641020c73d0_0 .var/i "i", 31 0;
v0x5641020c7470_0 .var/i "idx", 31 0;
v0x5641020c7510_0 .var "nE", 15 0;
v0x5641020c75e0_0 .var "nN", 15 0;
v0x5641020c76b0_0 .var "nS", 15 0;
v0x5641020c7780_0 .var "nW", 15 0;
v0x5641020c7850_0 .net "reqE", 0 0, v0x564102066d30_0;  1 drivers
v0x5641020c7b50_0 .net "reqN", 0 0, v0x5641020b9cd0_0;  1 drivers
v0x5641020c7c40_0 .net "reqS", 0 0, v0x5641020beab0_0;  1 drivers
v0x5641020c7d30_0 .net "reqW", 0 0, v0x5641020c3990_0;  1 drivers
v0x5641020c7e20_0 .var "reset", 0 0;
v0x5641020c7ec0_0 .var "router_mode", 3 0;
v0x5641020c7f60_0 .var "sE", 15 0;
v0x5641020c8000_0 .var "sN", 15 0;
v0x5641020c80a0_0 .var "sS", 15 0;
v0x5641020c8140_0 .var "sW", 15 0;
v0x5641020c81e0_0 .net "spadE_data", 15 0, L_0x5641020c9d30;  1 drivers
v0x5641020c82b0_0 .net "spadE_en", 0 0, L_0x5641020c9e40;  1 drivers
v0x5641020c8380_0 .net "spadN_data", 15 0, L_0x5641020702b0;  1 drivers
v0x5641020c8450_0 .net "spadN_en", 0 0, L_0x5641020690e0;  1 drivers
v0x5641020c8520_0 .net "spadS_data", 15 0, L_0x5641020c9170;  1 drivers
v0x5641020c85f0_0 .net "spadS_en", 0 0, L_0x5641020c9280;  1 drivers
v0x5641020c86c0_0 .net "spadW_data", 15 0, L_0x5641020c9740;  1 drivers
v0x5641020c8790_0 .net "spadW_en", 0 0, L_0x5641020c9850;  1 drivers
v0x5641020c8860_0 .var "wE", 15 0;
v0x5641020c8930_0 .var "wN", 15 0;
v0x5641020c8a00_0 .var "wS", 15 0;
v0x5641020c8ad0_0 .var "wW", 15 0;
v0x5641020c7330_0 .array/port v0x5641020c7330, 0;
v0x5641020c7330_1 .array/port v0x5641020c7330, 1;
E_0x564102030c70/0 .event anyedge, v0x564102066d30_0, v0x564102069200_0, v0x5641020c7330_0, v0x5641020c7330_1;
v0x5641020c7330_2 .array/port v0x5641020c7330, 2;
v0x5641020c7330_3 .array/port v0x5641020c7330, 3;
v0x5641020c7330_4 .array/port v0x5641020c7330, 4;
v0x5641020c7330_5 .array/port v0x5641020c7330, 5;
E_0x564102030c70/1 .event anyedge, v0x5641020c7330_2, v0x5641020c7330_3, v0x5641020c7330_4, v0x5641020c7330_5;
v0x5641020c7330_6 .array/port v0x5641020c7330, 6;
v0x5641020c7330_7 .array/port v0x5641020c7330, 7;
v0x5641020c7330_8 .array/port v0x5641020c7330, 8;
E_0x564102030c70/2 .event anyedge, v0x5641020c7330_6, v0x5641020c7330_7, v0x5641020c7330_8;
E_0x564102030c70 .event/or E_0x564102030c70/0, E_0x564102030c70/1, E_0x564102030c70/2;
E_0x564102038910/0 .event anyedge, v0x5641020c3990_0, v0x5641020c3780_0, v0x5641020c7330_0, v0x5641020c7330_1;
E_0x564102038910/1 .event anyedge, v0x5641020c7330_2, v0x5641020c7330_3, v0x5641020c7330_4, v0x5641020c7330_5;
E_0x564102038910/2 .event anyedge, v0x5641020c7330_6, v0x5641020c7330_7, v0x5641020c7330_8;
E_0x564102038910 .event/or E_0x564102038910/0, E_0x564102038910/1, E_0x564102038910/2;
E_0x564102038a90/0 .event anyedge, v0x5641020beab0_0, v0x5641020be8f0_0, v0x5641020c7330_0, v0x5641020c7330_1;
E_0x564102038a90/1 .event anyedge, v0x5641020c7330_2, v0x5641020c7330_3, v0x5641020c7330_4, v0x5641020c7330_5;
E_0x564102038a90/2 .event anyedge, v0x5641020c7330_6, v0x5641020c7330_7, v0x5641020c7330_8;
E_0x564102038a90 .event/or E_0x564102038a90/0, E_0x564102038a90/1, E_0x564102038a90/2;
E_0x564101fee7e0/0 .event anyedge, v0x5641020b9cd0_0, v0x5641020b9ac0_0, v0x5641020c7330_0, v0x5641020c7330_1;
E_0x564101fee7e0/1 .event anyedge, v0x5641020c7330_2, v0x5641020c7330_3, v0x5641020c7330_4, v0x5641020c7330_5;
E_0x564101fee7e0/2 .event anyedge, v0x5641020c7330_6, v0x5641020c7330_7, v0x5641020c7330_8;
E_0x564101fee7e0 .event/or E_0x564101fee7e0/0, E_0x564101fee7e0/1, E_0x564101fee7e0/2;
S_0x564102021df0 .scope module, "dutE" "router_generic_wght" 3 160, 4 3 0, S_0x564101fca4c0;
 .timescale -9 -12;
    .port_info 0 /INPUT 1 "clk";
    .port_info 1 /INPUT 1 "reset";
    .port_info 2 /INPUT 4 "router_mode";
    .port_info 3 /INPUT 16 "north_data_i";
    .port_info 4 /INPUT 1 "north_enable_i";
    .port_info 5 /INPUT 16 "south_data_i";
    .port_info 6 /INPUT 1 "south_enable_i";
    .port_info 7 /INPUT 16 "west_data_i";
    .port_info 8 /INPUT 1 "west_enable_i";
    .port_info 9 /INPUT 16 "east_data_i";
    .port_info 10 /INPUT 1 "east_enable_i";
    .port_info 11 /OUTPUT 16 "north_data_o";
    .port_info 12 /OUTPUT 1 "north_enable_o";
    .port_info 13 /OUTPUT 16 "south_data_o";
    .port_info 14 /OUTPUT 1 "south_enable_o";
    .port_info 15 /OUTPUT 16 "east_data_o";
    .port_info 16 /OUTPUT 1 "east_enable_o";
    .port_info 17 /OUTPUT 16 "west_data_o_routed";
    .port_info 18 /OUTPUT 1 "west_enable_o_routed";
    .port_info 19 /OUTPUT 16 "spad_wdata_o";
    .port_info 20 /OUTPUT 1 "spad_wenable_o";
    .port_info 21 /OUTPUT 10 "glb_addr_read_wght";
    .port_info 22 /OUTPUT 1 "glb_req_read_wght";
P_0x56410209a480 .param/l "ADDR_BITWIDTH_GLB" 0 4 6, +C4<00000000000000000000000000001010>;
P_0x56410209a4c0 .param/l "ADDR_BITWIDTH_SPAD" 0 4 7, +C4<00000000000000000000000000001001>;
P_0x56410209a500 .param/l "ALL" 1 4 165, +C4<00000000000000000000000000000000>;
P_0x56410209a540 .param/l "CLOSED" 1 4 176, +C4<00000000000000000000000000001011>;
P_0x56410209a580 .param/l "COMPUTE_DIR" 0 4 18, +C4<00000000000000000000000000000011>;
P_0x56410209a5c0 .param/l "DATA_BITWIDTH" 0 4 5, +C4<00000000000000000000000000010000>;
P_0x56410209a600 .param/l "DIR_E" 1 4 67, +C4<00000000000000000000000000000011>;
P_0x56410209a640 .param/l "DIR_N" 1 4 64, +C4<00000000000000000000000000000000>;
P_0x56410209a680 .param/l "DIR_S" 1 4 65, +C4<00000000000000000000000000000001>;
P_0x56410209a6c0 .param/l "DIR_W" 1 4 66, +C4<00000000000000000000000000000010>;
P_0x56410209a700 .param/l "EAST" 1 4 169, +C4<00000000000000000000000000000100>;
P_0x56410209a740 .param/l "EASTNORTH" 1 4 170, +C4<00000000000000000000000000000101>;
P_0x56410209a780 .param/l "EASTSOUTH" 1 4 171, +C4<00000000000000000000000000000110>;
P_0x56410209a7c0 .param/l "EASTWEST" 1 4 172, +C4<00000000000000000000000000000111>;
P_0x56410209a800 .param/l "NORTH" 1 4 166, +C4<00000000000000000000000000000001>;
P_0x56410209a840 .param/l "SOUTH" 1 4 167, +C4<00000000000000000000000000000010>;
P_0x56410209a880 .param/l "WEST" 1 4 168, +C4<00000000000000000000000000000011>;
P_0x56410209a8c0 .param/l "WESTEAST" 1 4 175, +C4<00000000000000000000000000001010>;
P_0x56410209a900 .param/l "WESTNORTH" 1 4 173, +C4<00000000000000000000000000001000>;
P_0x56410209a940 .param/l "WESTSOUTH" 1 4 174, +C4<00000000000000000000000000001001>;
P_0x56410209a980 .param/l "W_LOAD_ADDR" 0 4 15, +C4<00000000000000000000000000000000>;
P_0x56410209a9c0 .param/l "W_READ_ADDR" 0 4 14, +C4<00000000000000000000000000000000>;
P_0x56410209aa00 .param/l "X_dim" 0 4 9, +C4<00000000000000000000000000000101>;
P_0x56410209aa40 .param/l "Y_dim" 0 4 10, +C4<00000000000000000000000000000011>;
P_0x56410209aa80 .param/l "act_size" 0 4 12, +C4<00000000000000000000000000000101>;
P_0x56410209aac0 .param/l "kernel_size" 0 4 11, +C4<00000000000000000000000000000011>;
L_0x5641020c99a0 .functor BUFZ 16, v0x5641020c6280_0, C4<0000000000000000>, C4<0000000000000000>, C4<0000000000000000>;
L_0x5641020c9ad0 .functor BUFZ 1, v0x5641020c6520_0, C4<0>, C4<0>, C4<0>;
L_0x5641020c9bb0 .functor NOT 1, v0x5641020b6030_0, C4<0>, C4<0>, C4<0>;
L_0x5641020c9c20 .functor AND 1, v0x5641020b5f90_0, L_0x5641020c9bb0, C4<1>, C4<1>;
L_0x5641020c9d30 .functor BUFZ 16, v0x5641020b53f0_0, C4<0000000000000000>, C4<0000000000000000>, C4<0000000000000000>;
L_0x5641020c9e40 .functor BUFZ 1, v0x5641020703d0_0, C4<0>, C4<0>, C4<0>;
v0x5641020b55d0_0 .net *"_ivl_4", 0 0, L_0x5641020c9bb0;  1 drivers
v0x5641020b56d0_0 .net "clk", 0 0, v0x5641020c6190_0;  1 drivers
v0x5641020b5790_0 .net "compute_data_i", 15 0, L_0x5641020c99a0;  1 drivers
v0x5641020b5830_0 .net "compute_en", 0 0, L_0x5641020c9ad0;  1 drivers
v0x5641020b58d0_0 .var "data_en_out", 0 0;
v0x5641020b5970_0 .var "data_out", 15 0;
v0x5641020b5a30_0 .net "east_data_i", 15 0, v0x5641020c6280_0;  1 drivers
v0x5641020b5b10_0 .var "east_data_o", 15 0;
v0x5641020b5bf0_0 .net "east_enable_i", 0 0, v0x5641020c6520_0;  1 drivers
v0x5641020b5d40_0 .var "east_enable_o", 0 0;
v0x5641020b5e00_0 .net "glb_addr_read_wght", 9 0, v0x564102069200_0;  alias, 1 drivers
v0x5641020b5ec0_0 .net "glb_req_read_wght", 0 0, v0x564102066d30_0;  alias, 1 drivers
v0x5641020b5f90_0 .var "load_ff0", 0 0;
v0x5641020b6030_0 .var "load_ff1", 0 0;
v0x5641020b60d0_0 .net "load_spad_ctrl", 0 0, L_0x5641020c9c20;  1 drivers
v0x5641020b61a0_0 .net "north_data_i", 15 0, v0x5641020c7510_0;  1 drivers
v0x5641020b6260_0 .var "north_data_o", 15 0;
v0x5641020b6340_0 .net "north_enable_i", 0 0, v0x5641020c6860_0;  1 drivers
v0x5641020b6400_0 .var "north_enable_o", 0 0;
v0x5641020b64c0_0 .net "reset", 0 0, v0x5641020c7e20_0;  1 drivers
v0x5641020b6590_0 .net "router_mode", 3 0, v0x5641020c7ec0_0;  1 drivers
v0x5641020b6650_0 .net "south_data_i", 15 0, v0x5641020c7f60_0;  1 drivers
v0x5641020b6730_0 .var "south_data_o", 15 0;
v0x5641020b6810_0 .net "south_enable_i", 0 0, v0x5641020c6cb0_0;  1 drivers
v0x5641020b68d0_0 .var "south_enable_o", 0 0;
v0x5641020b6990_0 .net "spad_wdata_o", 15 0, L_0x5641020c9d30;  alias, 1 drivers
v0x5641020b6a70_0 .net "spad_wenable_o", 0 0, L_0x5641020c9e40;  alias, 1 drivers
v0x5641020b6b30_0 .net "west_data_i", 15 0, v0x5641020c8860_0;  1 drivers
v0x5641020b6c10_0 .var "west_data_o_routed", 15 0;
v0x5641020b6cf0_0 .net "west_enable_i", 0 0, v0x5641020c6ff0_0;  1 drivers
v0x5641020b6db0_0 .var "west_enable_o_routed", 0 0;
v0x5641020b6e70_0 .net "wght_spad_data", 15 0, v0x5641020b53f0_0;  1 drivers
v0x5641020b6f60_0 .net "wght_spad_en", 0 0, v0x5641020703d0_0;  1 drivers
E_0x564102098830 .event anyedge, v0x5641020b6590_0, v0x5641020b5970_0, v0x5641020b58d0_0;
E_0x564102098870 .event posedge, v0x564102079b60_0;
E_0x56410206cf80/0 .event anyedge, v0x5641020b6340_0, v0x5641020b61a0_0, v0x5641020b6810_0, v0x5641020b6650_0;
E_0x56410206cf80/1 .event anyedge, v0x5641020b6cf0_0, v0x5641020b6b30_0, v0x5641020b5bf0_0, v0x5641020b5a30_0;
E_0x56410206cf80 .event/or E_0x56410206cf80/0, E_0x56410206cf80/1;
S_0x56410202b110 .scope module, "weight_loader" "router_weight" 4 144, 5 3 0, S_0x564102021df0;
 .timescale -9 -12;
    .port_info 0 /INPUT 1 "clk";
    .port_info 1 /INPUT 1 "reset";
    .port_info 2 /INPUT 16 "r_data_glb_wght";
    .port_info 3 /OUTPUT 10 "r_addr_glb_wght";
    .port_info 4 /OUTPUT 1 "read_req_glb_wght";
    .port_info 5 /OUTPUT 16 "w_data_spad";
    .port_info 6 /OUTPUT 1 "load_en_spad";
    .port_info 7 /INPUT 1 "load_spad_ctrl";
P_0x56410209ab10 .param/l "ADDR_BITWIDTH_GLB" 0 5 5, +C4<00000000000000000000000000001010>;
P_0x56410209ab50 .param/l "ADDR_BITWIDTH_SPAD" 0 5 6, +C4<00000000000000000000000000001001>;
P_0x56410209ab90 .param/l "DATA_BITWIDTH" 0 5 4, +C4<00000000000000000000000000010000>;
P_0x56410209abd0 .param/l "IDLE" 1 5 35, C4<000>;
P_0x56410209ac10 .param/l "READ_GLB" 1 5 36, C4<001>;
P_0x56410209ac50 .param/l "TOTAL_WEIGHTS" 1 5 40, +C4<00000000000000000000000000001001>;
P_0x56410209ac90 .param/l "WRITE_SPAD" 1 5 37, C4<010>;
P_0x56410209acd0 .param/l "W_LOAD_ADDR" 0 5 14, +C4<00000000000000000000000000000000>;
P_0x56410209ad10 .param/l "W_READ_ADDR" 0 5 13, +C4<00000000000000000000000000000000>;
P_0x56410209ad50 .param/l "X_dim" 0 5 8, +C4<00000000000000000000000000000101>;
P_0x56410209ad90 .param/l "Y_dim" 0 5 9, +C4<00000000000000000000000000000011>;
P_0x56410209add0 .param/l "act_size" 0 5 11, +C4<00000000000000000000000000000101>;
P_0x56410209ae10 .param/l "kernel_size" 0 5 10, +C4<00000000000000000000000000000011>;
v0x564102079b60_0 .net "clk", 0 0, v0x5641020c6190_0;  alias, 1 drivers
v0x564102072a10_0 .var "filt_count", 5 0;
v0x5641020703d0_0 .var "load_en_spad", 0 0;
v0x564102070470_0 .net "load_spad_ctrl", 0 0, L_0x5641020c9c20;  alias, 1 drivers
v0x564102069200_0 .var "r_addr_glb_wght", 9 0;
v0x564102066c90_0 .net "r_data_glb_wght", 15 0, L_0x5641020c99a0;  alias, 1 drivers
v0x564102066d30_0 .var "read_req_glb_wght", 0 0;
v0x5641020b5250_0 .net "reset", 0 0, v0x5641020c7e20_0;  alias, 1 drivers
v0x5641020b5310_0 .var "state", 2 0;
v0x5641020b53f0_0 .var "w_data_spad", 15 0;
E_0x56410207a1b0 .event posedge, v0x5641020b5250_0, v0x564102079b60_0;
S_0x5641020b72d0 .scope module, "dutN" "router_generic_wght" 3 94, 4 3 0, S_0x564101fca4c0;
 .timescale -9 -12;
    .port_info 0 /INPUT 1 "clk";
    .port_info 1 /INPUT 1 "reset";
    .port_info 2 /INPUT 4 "router_mode";
    .port_info 3 /INPUT 16 "north_data_i";
    .port_info 4 /INPUT 1 "north_enable_i";
    .port_info 5 /INPUT 16 "south_data_i";
    .port_info 6 /INPUT 1 "south_enable_i";
    .port_info 7 /INPUT 16 "west_data_i";
    .port_info 8 /INPUT 1 "west_enable_i";
    .port_info 9 /INPUT 16 "east_data_i";
    .port_info 10 /INPUT 1 "east_enable_i";
    .port_info 11 /OUTPUT 16 "north_data_o";
    .port_info 12 /OUTPUT 1 "north_enable_o";
    .port_info 13 /OUTPUT 16 "south_data_o";
    .port_info 14 /OUTPUT 1 "south_enable_o";
    .port_info 15 /OUTPUT 16 "east_data_o";
    .port_info 16 /OUTPUT 1 "east_enable_o";
    .port_info 17 /OUTPUT 16 "west_data_o_routed";
    .port_info 18 /OUTPUT 1 "west_enable_o_routed";
    .port_info 19 /OUTPUT 16 "spad_wdata_o";
    .port_info 20 /OUTPUT 1 "spad_wenable_o";
    .port_info 21 /OUTPUT 10 "glb_addr_read_wght";
    .port_info 22 /OUTPUT 1 "glb_req_read_wght";
P_0x5641020b7480 .param/l "ADDR_BITWIDTH_GLB" 0 4 6, +C4<00000000000000000000000000001010>;
P_0x5641020b74c0 .param/l "ADDR_BITWIDTH_SPAD" 0 4 7, +C4<00000000000000000000000000001001>;
P_0x5641020b7500 .param/l "ALL" 1 4 165, +C4<00000000000000000000000000000000>;
P_0x5641020b7540 .param/l "CLOSED" 1 4 176, +C4<00000000000000000000000000001011>;
P_0x5641020b7580 .param/l "COMPUTE_DIR" 0 4 18, +C4<00000000000000000000000000000000>;
P_0x5641020b75c0 .param/l "DATA_BITWIDTH" 0 4 5, +C4<00000000000000000000000000010000>;
P_0x5641020b7600 .param/l "DIR_E" 1 4 67, +C4<00000000000000000000000000000011>;
P_0x5641020b7640 .param/l "DIR_N" 1 4 64, +C4<00000000000000000000000000000000>;
P_0x5641020b7680 .param/l "DIR_S" 1 4 65, +C4<00000000000000000000000000000001>;
P_0x5641020b76c0 .param/l "DIR_W" 1 4 66, +C4<00000000000000000000000000000010>;
P_0x5641020b7700 .param/l "EAST" 1 4 169, +C4<00000000000000000000000000000100>;
P_0x5641020b7740 .param/l "EASTNORTH" 1 4 170, +C4<00000000000000000000000000000101>;
P_0x5641020b7780 .param/l "EASTSOUTH" 1 4 171, +C4<00000000000000000000000000000110>;
P_0x5641020b77c0 .param/l "EASTWEST" 1 4 172, +C4<00000000000000000000000000000111>;
P_0x5641020b7800 .param/l "NORTH" 1 4 166, +C4<00000000000000000000000000000001>;
P_0x5641020b7840 .param/l "SOUTH" 1 4 167, +C4<00000000000000000000000000000010>;
P_0x5641020b7880 .param/l "WEST" 1 4 168, +C4<00000000000000000000000000000011>;
P_0x5641020b78c0 .param/l "WESTEAST" 1 4 175, +C4<00000000000000000000000000001010>;
P_0x5641020b7900 .param/l "WESTNORTH" 1 4 173, +C4<00000000000000000000000000001000>;
P_0x5641020b7940 .param/l "WESTSOUTH" 1 4 174, +C4<00000000000000000000000000001001>;
P_0x5641020b7980 .param/l "W_LOAD_ADDR" 0 4 15, +C4<00000000000000000000000000000000>;
P_0x5641020b79c0 .param/l "W_READ_ADDR" 0 4 14, +C4<00000000000000000000000000000000>;
P_0x5641020b7a00 .param/l "X_dim" 0 4 9, +C4<00000000000000000000000000000101>;
P_0x5641020b7a40 .param/l "Y_dim" 0 4 10, +C4<00000000000000000000000000000011>;
P_0x5641020b7a80 .param/l "act_size" 0 4 12, +C4<00000000000000000000000000000101>;
P_0x5641020b7ac0 .param/l "kernel_size" 0 4 11, +C4<00000000000000000000000000000011>;
L_0x5641020975b0 .functor BUFZ 16, v0x5641020c75e0_0, C4<0000000000000000>, C4<0000000000000000>, C4<0000000000000000>;
L_0x56410207bfe0 .functor BUFZ 1, v0x5641020c6930_0, C4<0>, C4<0>, C4<0>;
L_0x5641020799a0 .functor NOT 1, v0x5641020babc0_0, C4<0>, C4<0>, C4<0>;
L_0x5641020728f0 .functor AND 1, v0x5641020bab20_0, L_0x5641020799a0, C4<1>, C4<1>;
L_0x5641020702b0 .functor BUFZ 16, v0x5641020b9f60_0, C4<0000000000000000>, C4<0000000000000000>, C4<0000000000000000>;
L_0x5641020690e0 .functor BUFZ 1, v0x5641020b9960_0, C4<0>, C4<0>, C4<0>;
v0x5641020ba140_0 .net *"_ivl_4", 0 0, L_0x5641020799a0;  1 drivers
v0x5641020ba240_0 .net "clk", 0 0, v0x5641020c6190_0;  alias, 1 drivers
v0x5641020ba300_0 .net "compute_data_i", 15 0, L_0x5641020975b0;  1 drivers
v0x5641020ba3a0_0 .net "compute_en", 0 0, L_0x56410207bfe0;  1 drivers
v0x5641020ba440_0 .var "data_en_out", 0 0;
v0x5641020ba4e0_0 .var "data_out", 15 0;
v0x5641020ba5c0_0 .net "east_data_i", 15 0, v0x5641020c6340_0;  1 drivers
v0x5641020ba6a0_0 .var "east_data_o", 15 0;
v0x5641020ba780_0 .net "east_enable_i", 0 0, v0x5641020c65f0_0;  1 drivers
v0x5641020ba8d0_0 .var "east_enable_o", 0 0;
v0x5641020ba990_0 .net "glb_addr_read_wght", 9 0, v0x5641020b9ac0_0;  alias, 1 drivers
v0x5641020baa50_0 .net "glb_req_read_wght", 0 0, v0x5641020b9cd0_0;  alias, 1 drivers
v0x5641020bab20_0 .var "load_ff0", 0 0;
v0x5641020babc0_0 .var "load_ff1", 0 0;
v0x5641020bac60_0 .net "load_spad_ctrl", 0 0, L_0x5641020728f0;  1 drivers
v0x5641020bad30_0 .net "north_data_i", 15 0, v0x5641020c75e0_0;  1 drivers
v0x5641020badf0_0 .var "north_data_o", 15 0;
v0x5641020baed0_0 .net "north_enable_i", 0 0, v0x5641020c6930_0;  1 drivers
v0x5641020baf90_0 .var "north_enable_o", 0 0;
v0x5641020bb050_0 .net "reset", 0 0, v0x5641020c7e20_0;  alias, 1 drivers
v0x5641020bb0f0_0 .net "router_mode", 3 0, v0x5641020c7ec0_0;  alias, 1 drivers
v0x5641020bb1e0_0 .net "south_data_i", 15 0, v0x5641020c8000_0;  1 drivers
v0x5641020bb2a0_0 .var "south_data_o", 15 0;
v0x5641020bb380_0 .net "south_enable_i", 0 0, v0x5641020c6d80_0;  1 drivers
v0x5641020bb440_0 .var "south_enable_o", 0 0;
v0x5641020bb500_0 .net "spad_wdata_o", 15 0, L_0x5641020702b0;  alias, 1 drivers
v0x5641020bb5e0_0 .net "spad_wenable_o", 0 0, L_0x5641020690e0;  alias, 1 drivers
v0x5641020bb6a0_0 .net "west_data_i", 15 0, v0x5641020c8930_0;  1 drivers
v0x5641020bb780_0 .var "west_data_o_routed", 15 0;
v0x5641020bb860_0 .net "west_enable_i", 0 0, v0x5641020c70c0_0;  1 drivers
v0x5641020bb920_0 .var "west_enable_o_routed", 0 0;
v0x5641020bb9e0_0 .net "wght_spad_data", 15 0, v0x5641020b9f60_0;  1 drivers
v0x5641020bbad0_0 .net "wght_spad_en", 0 0, v0x5641020b9960_0;  1 drivers
E_0x564102077400 .event anyedge, v0x5641020b6590_0, v0x5641020ba4e0_0, v0x5641020ba440_0;
E_0x564102079630/0 .event anyedge, v0x5641020baed0_0, v0x5641020bad30_0, v0x5641020bb380_0, v0x5641020bb1e0_0;
E_0x564102079630/1 .event anyedge, v0x5641020bb860_0, v0x5641020bb6a0_0, v0x5641020ba780_0, v0x5641020ba5c0_0;
E_0x564102079630 .event/or E_0x564102079630/0, E_0x564102079630/1;
S_0x5641020b8ab0 .scope module, "weight_loader" "router_weight" 4 144, 5 3 0, S_0x5641020b72d0;
 .timescale -9 -12;
    .port_info 0 /INPUT 1 "clk";
    .port_info 1 /INPUT 1 "reset";
    .port_info 2 /INPUT 16 "r_data_glb_wght";
    .port_info 3 /OUTPUT 10 "r_addr_glb_wght";
    .port_info 4 /OUTPUT 1 "read_req_glb_wght";
    .port_info 5 /OUTPUT 16 "w_data_spad";
    .port_info 6 /OUTPUT 1 "load_en_spad";
    .port_info 7 /INPUT 1 "load_spad_ctrl";
P_0x5641020b8cb0 .param/l "ADDR_BITWIDTH_GLB" 0 5 5, +C4<00000000000000000000000000001010>;
P_0x5641020b8cf0 .param/l "ADDR_BITWIDTH_SPAD" 0 5 6, +C4<00000000000000000000000000001001>;
P_0x5641020b8d30 .param/l "DATA_BITWIDTH" 0 5 4, +C4<00000000000000000000000000010000>;
P_0x5641020b8d70 .param/l "IDLE" 1 5 35, C4<000>;
P_0x5641020b8db0 .param/l "READ_GLB" 1 5 36, C4<001>;
P_0x5641020b8df0 .param/l "TOTAL_WEIGHTS" 1 5 40, +C4<00000000000000000000000000001001>;
P_0x5641020b8e30 .param/l "WRITE_SPAD" 1 5 37, C4<010>;
P_0x5641020b8e70 .param/l "W_LOAD_ADDR" 0 5 14, +C4<00000000000000000000000000000000>;
P_0x5641020b8eb0 .param/l "W_READ_ADDR" 0 5 13, +C4<00000000000000000000000000000000>;
P_0x5641020b8ef0 .param/l "X_dim" 0 5 8, +C4<00000000000000000000000000000101>;
P_0x5641020b8f30 .param/l "Y_dim" 0 5 9, +C4<00000000000000000000000000000011>;
P_0x5641020b8f70 .param/l "act_size" 0 5 11, +C4<00000000000000000000000000000101>;
P_0x5641020b8fb0 .param/l "kernel_size" 0 5 10, +C4<00000000000000000000000000000011>;
v0x5641020b9790_0 .net "clk", 0 0, v0x5641020c6190_0;  alias, 1 drivers
v0x5641020b9880_0 .var "filt_count", 5 0;
v0x5641020b9960_0 .var "load_en_spad", 0 0;
v0x5641020b9a00_0 .net "load_spad_ctrl", 0 0, L_0x5641020728f0;  alias, 1 drivers
v0x5641020b9ac0_0 .var "r_addr_glb_wght", 9 0;
v0x5641020b9bf0_0 .net "r_data_glb_wght", 15 0, L_0x5641020975b0;  alias, 1 drivers
v0x5641020b9cd0_0 .var "read_req_glb_wght", 0 0;
v0x5641020b9d90_0 .net "reset", 0 0, v0x5641020c7e20_0;  alias, 1 drivers
v0x5641020b9e80_0 .var "state", 2 0;
v0x5641020b9f60_0 .var "w_data_spad", 15 0;
S_0x5641020bc110 .scope module, "dutS" "router_generic_wght" 3 116, 4 3 0, S_0x564101fca4c0;
 .timescale -9 -12;
    .port_info 0 /INPUT 1 "clk";
    .port_info 1 /INPUT 1 "reset";
    .port_info 2 /INPUT 4 "router_mode";
    .port_info 3 /INPUT 16 "north_data_i";
    .port_info 4 /INPUT 1 "north_enable_i";
    .port_info 5 /INPUT 16 "south_data_i";
    .port_info 6 /INPUT 1 "south_enable_i";
    .port_info 7 /INPUT 16 "west_data_i";
    .port_info 8 /INPUT 1 "west_enable_i";
    .port_info 9 /INPUT 16 "east_data_i";
    .port_info 10 /INPUT 1 "east_enable_i";
    .port_info 11 /OUTPUT 16 "north_data_o";
    .port_info 12 /OUTPUT 1 "north_enable_o";
    .port_info 13 /OUTPUT 16 "south_data_o";
    .port_info 14 /OUTPUT 1 "south_enable_o";
    .port_info 15 /OUTPUT 16 "east_data_o";
    .port_info 16 /OUTPUT 1 "east_enable_o";
    .port_info 17 /OUTPUT 16 "west_data_o_routed";
    .port_info 18 /OUTPUT 1 "west_enable_o_routed";
    .port_info 19 /OUTPUT 16 "spad_wdata_o";
    .port_info 20 /OUTPUT 1 "spad_wenable_o";
    .port_info 21 /OUTPUT 10 "glb_addr_read_wght";
    .port_info 22 /OUTPUT 1 "glb_req_read_wght";
P_0x5641020bc2d0 .param/l "ADDR_BITWIDTH_GLB" 0 4 6, +C4<00000000000000000000000000001010>;
P_0x5641020bc310 .param/l "ADDR_BITWIDTH_SPAD" 0 4 7, +C4<00000000000000000000000000001001>;
P_0x5641020bc350 .param/l "ALL" 1 4 165, +C4<00000000000000000000000000000000>;
P_0x5641020bc390 .param/l "CLOSED" 1 4 176, +C4<00000000000000000000000000001011>;
P_0x5641020bc3d0 .param/l "COMPUTE_DIR" 0 4 18, +C4<00000000000000000000000000000001>;
P_0x5641020bc410 .param/l "DATA_BITWIDTH" 0 4 5, +C4<00000000000000000000000000010000>;
P_0x5641020bc450 .param/l "DIR_E" 1 4 67, +C4<00000000000000000000000000000011>;
P_0x5641020bc490 .param/l "DIR_N" 1 4 64, +C4<00000000000000000000000000000000>;
P_0x5641020bc4d0 .param/l "DIR_S" 1 4 65, +C4<00000000000000000000000000000001>;
P_0x5641020bc510 .param/l "DIR_W" 1 4 66, +C4<00000000000000000000000000000010>;
P_0x5641020bc550 .param/l "EAST" 1 4 169, +C4<00000000000000000000000000000100>;
P_0x5641020bc590 .param/l "EASTNORTH" 1 4 170, +C4<00000000000000000000000000000101>;
P_0x5641020bc5d0 .param/l "EASTSOUTH" 1 4 171, +C4<00000000000000000000000000000110>;
P_0x5641020bc610 .param/l "EASTWEST" 1 4 172, +C4<00000000000000000000000000000111>;
P_0x5641020bc650 .param/l "NORTH" 1 4 166, +C4<00000000000000000000000000000001>;
P_0x5641020bc690 .param/l "SOUTH" 1 4 167, +C4<00000000000000000000000000000010>;
P_0x5641020bc6d0 .param/l "WEST" 1 4 168, +C4<00000000000000000000000000000011>;
P_0x5641020bc710 .param/l "WESTEAST" 1 4 175, +C4<00000000000000000000000000001010>;
P_0x5641020bc750 .param/l "WESTNORTH" 1 4 173, +C4<00000000000000000000000000001000>;
P_0x5641020bc790 .param/l "WESTSOUTH" 1 4 174, +C4<00000000000000000000000000001001>;
P_0x5641020bc7d0 .param/l "W_LOAD_ADDR" 0 4 15, +C4<00000000000000000000000000000000>;
P_0x5641020bc810 .param/l "W_READ_ADDR" 0 4 14, +C4<00000000000000000000000000000000>;
P_0x5641020bc850 .param/l "X_dim" 0 4 9, +C4<00000000000000000000000000000101>;
P_0x5641020bc890 .param/l "Y_dim" 0 4 10, +C4<00000000000000000000000000000011>;
P_0x5641020bc8d0 .param/l "act_size" 0 4 12, +C4<00000000000000000000000000000101>;
P_0x5641020bc910 .param/l "kernel_size" 0 4 11, +C4<00000000000000000000000000000011>;
L_0x564102066b70 .functor BUFZ 16, v0x5641020c80a0_0, C4<0000000000000000>, C4<0000000000000000>, C4<0000000000000000>;
L_0x5641020c8f30 .functor BUFZ 1, v0x5641020c6e50_0, C4<0>, C4<0>, C4<0>;
L_0x5641020c8ff0 .functor NOT 1, v0x5641020bfaa0_0, C4<0>, C4<0>, C4<0>;
L_0x5641020c9060 .functor AND 1, v0x5641020bfa00_0, L_0x5641020c8ff0, C4<1>, C4<1>;
L_0x5641020c9170 .functor BUFZ 16, v0x5641020bee10_0, C4<0000000000000000>, C4<0000000000000000>, C4<0000000000000000>;
L_0x5641020c9280 .functor BUFZ 1, v0x5641020be760_0, C4<0>, C4<0>, C4<0>;
v0x5641020beff0_0 .net *"_ivl_4", 0 0, L_0x5641020c8ff0;  1 drivers
v0x5641020bf0f0_0 .net "clk", 0 0, v0x5641020c6190_0;  alias, 1 drivers
v0x5641020bf1b0_0 .net "compute_data_i", 15 0, L_0x564102066b70;  1 drivers
v0x5641020bf280_0 .net "compute_en", 0 0, L_0x5641020c8f30;  1 drivers
v0x5641020bf320_0 .var "data_en_out", 0 0;
v0x5641020bf3c0_0 .var "data_out", 15 0;
v0x5641020bf4a0_0 .net "east_data_i", 15 0, v0x5641020c63e0_0;  1 drivers
v0x5641020bf580_0 .var "east_data_o", 15 0;
v0x5641020bf660_0 .net "east_enable_i", 0 0, v0x5641020c66c0_0;  1 drivers
v0x5641020bf7b0_0 .var "east_enable_o", 0 0;
v0x5641020bf870_0 .net "glb_addr_read_wght", 9 0, v0x5641020be8f0_0;  alias, 1 drivers
v0x5641020bf930_0 .net "glb_req_read_wght", 0 0, v0x5641020beab0_0;  alias, 1 drivers
v0x5641020bfa00_0 .var "load_ff0", 0 0;
v0x5641020bfaa0_0 .var "load_ff1", 0 0;
v0x5641020bfb40_0 .net "load_spad_ctrl", 0 0, L_0x5641020c9060;  1 drivers
v0x5641020bfc10_0 .net "north_data_i", 15 0, v0x5641020c76b0_0;  1 drivers
v0x5641020bfcd0_0 .var "north_data_o", 15 0;
v0x5641020bfdb0_0 .net "north_enable_i", 0 0, v0x5641020c6a00_0;  1 drivers
v0x5641020bfe70_0 .var "north_enable_o", 0 0;
v0x5641020bff30_0 .net "reset", 0 0, v0x5641020c7e20_0;  alias, 1 drivers
v0x5641020bffd0_0 .net "router_mode", 3 0, v0x5641020c7ec0_0;  alias, 1 drivers
v0x5641020c0090_0 .net "south_data_i", 15 0, v0x5641020c80a0_0;  1 drivers
v0x5641020c0170_0 .var "south_data_o", 15 0;
v0x5641020c0250_0 .net "south_enable_i", 0 0, v0x5641020c6e50_0;  1 drivers
v0x5641020c0310_0 .var "south_enable_o", 0 0;
v0x5641020c03d0_0 .net "spad_wdata_o", 15 0, L_0x5641020c9170;  alias, 1 drivers
v0x5641020c04b0_0 .net "spad_wenable_o", 0 0, L_0x5641020c9280;  alias, 1 drivers
v0x5641020c0570_0 .net "west_data_i", 15 0, v0x5641020c8a00_0;  1 drivers
v0x5641020c0650_0 .var "west_data_o_routed", 15 0;
v0x5641020c0730_0 .net "west_enable_i", 0 0, v0x5641020c7190_0;  1 drivers
v0x5641020c07f0_0 .var "west_enable_o_routed", 0 0;
v0x5641020c08b0_0 .net "wght_spad_data", 15 0, v0x5641020bee10_0;  1 drivers
v0x5641020c0970_0 .net "wght_spad_en", 0 0, v0x5641020be760_0;  1 drivers
E_0x564102083080 .event anyedge, v0x5641020b6590_0, v0x5641020bf3c0_0, v0x5641020bf320_0;
E_0x5641020767d0/0 .event anyedge, v0x5641020bfdb0_0, v0x5641020bfc10_0, v0x5641020c0250_0, v0x5641020c0090_0;
E_0x5641020767d0/1 .event anyedge, v0x5641020c0730_0, v0x5641020c0570_0, v0x5641020bf660_0, v0x5641020bf4a0_0;
E_0x5641020767d0 .event/or E_0x5641020767d0/0, E_0x5641020767d0/1;
S_0x5641020bd900 .scope module, "weight_loader" "router_weight" 4 144, 5 3 0, S_0x5641020bc110;
 .timescale -9 -12;
    .port_info 0 /INPUT 1 "clk";
    .port_info 1 /INPUT 1 "reset";
    .port_info 2 /INPUT 16 "r_data_glb_wght";
    .port_info 3 /OUTPUT 10 "r_addr_glb_wght";
    .port_info 4 /OUTPUT 1 "read_req_glb_wght";
    .port_info 5 /OUTPUT 16 "w_data_spad";
    .port_info 6 /OUTPUT 1 "load_en_spad";
    .port_info 7 /INPUT 1 "load_spad_ctrl";
P_0x5641020bdb00 .param/l "ADDR_BITWIDTH_GLB" 0 5 5, +C4<00000000000000000000000000001010>;
P_0x5641020bdb40 .param/l "ADDR_BITWIDTH_SPAD" 0 5 6, +C4<00000000000000000000000000001001>;
P_0x5641020bdb80 .param/l "DATA_BITWIDTH" 0 5 4, +C4<00000000000000000000000000010000>;
P_0x5641020bdbc0 .param/l "IDLE" 1 5 35, C4<000>;
P_0x5641020bdc00 .param/l "READ_GLB" 1 5 36, C4<001>;
P_0x5641020bdc40 .param/l "TOTAL_WEIGHTS" 1 5 40, +C4<00000000000000000000000000001001>;
P_0x5641020bdc80 .param/l "WRITE_SPAD" 1 5 37, C4<010>;
P_0x5641020bdcc0 .param/l "W_LOAD_ADDR" 0 5 14, +C4<00000000000000000000000000000000>;
P_0x5641020bdd00 .param/l "W_READ_ADDR" 0 5 13, +C4<00000000000000000000000000000000>;
P_0x5641020bdd40 .param/l "X_dim" 0 5 8, +C4<00000000000000000000000000000101>;
P_0x5641020bdd80 .param/l "Y_dim" 0 5 9, +C4<00000000000000000000000000000011>;
P_0x5641020bddc0 .param/l "act_size" 0 5 11, +C4<00000000000000000000000000000101>;
P_0x5641020bde00 .param/l "kernel_size" 0 5 10, +C4<00000000000000000000000000000011>;
v0x5641020be5e0_0 .net "clk", 0 0, v0x5641020c6190_0;  alias, 1 drivers
v0x5641020be680_0 .var "filt_count", 5 0;
v0x5641020be760_0 .var "load_en_spad", 0 0;
v0x5641020be830_0 .net "load_spad_ctrl", 0 0, L_0x5641020c9060;  alias, 1 drivers
v0x5641020be8f0_0 .var "r_addr_glb_wght", 9 0;
v0x5641020be9d0_0 .net "r_data_glb_wght", 15 0, L_0x564102066b70;  alias, 1 drivers
v0x5641020beab0_0 .var "read_req_glb_wght", 0 0;
v0x5641020beb70_0 .net "reset", 0 0, v0x5641020c7e20_0;  alias, 1 drivers
v0x5641020beca0_0 .var "state", 2 0;
v0x5641020bee10_0 .var "w_data_spad", 15 0;
S_0x5641020c0fb0 .scope module, "dutW" "router_generic_wght" 3 138, 4 3 0, S_0x564101fca4c0;
 .timescale -9 -12;
    .port_info 0 /INPUT 1 "clk";
    .port_info 1 /INPUT 1 "reset";
    .port_info 2 /INPUT 4 "router_mode";
    .port_info 3 /INPUT 16 "north_data_i";
    .port_info 4 /INPUT 1 "north_enable_i";
    .port_info 5 /INPUT 16 "south_data_i";
    .port_info 6 /INPUT 1 "south_enable_i";
    .port_info 7 /INPUT 16 "west_data_i";
    .port_info 8 /INPUT 1 "west_enable_i";
    .port_info 9 /INPUT 16 "east_data_i";
    .port_info 10 /INPUT 1 "east_enable_i";
    .port_info 11 /OUTPUT 16 "north_data_o";
    .port_info 12 /OUTPUT 1 "north_enable_o";
    .port_info 13 /OUTPUT 16 "south_data_o";
    .port_info 14 /OUTPUT 1 "south_enable_o";
    .port_info 15 /OUTPUT 16 "east_data_o";
    .port_info 16 /OUTPUT 1 "east_enable_o";
    .port_info 17 /OUTPUT 16 "west_data_o_routed";
    .port_info 18 /OUTPUT 1 "west_enable_o_routed";
    .port_info 19 /OUTPUT 16 "spad_wdata_o";
    .port_info 20 /OUTPUT 1 "spad_wenable_o";
    .port_info 21 /OUTPUT 10 "glb_addr_read_wght";
    .port_info 22 /OUTPUT 1 "glb_req_read_wght";
P_0x5641020c1140 .param/l "ADDR_BITWIDTH_GLB" 0 4 6, +C4<00000000000000000000000000001010>;
P_0x5641020c1180 .param/l "ADDR_BITWIDTH_SPAD" 0 4 7, +C4<00000000000000000000000000001001>;
P_0x5641020c11c0 .param/l "ALL" 1 4 165, +C4<00000000000000000000000000000000>;
P_0x5641020c1200 .param/l "CLOSED" 1 4 176, +C4<00000000000000000000000000001011>;
P_0x5641020c1240 .param/l "COMPUTE_DIR" 0 4 18, +C4<00000000000000000000000000000010>;
P_0x5641020c1280 .param/l "DATA_BITWIDTH" 0 4 5, +C4<00000000000000000000000000010000>;
P_0x5641020c12c0 .param/l "DIR_E" 1 4 67, +C4<00000000000000000000000000000011>;
P_0x5641020c1300 .param/l "DIR_N" 1 4 64, +C4<00000000000000000000000000000000>;
P_0x5641020c1340 .param/l "DIR_S" 1 4 65, +C4<00000000000000000000000000000001>;
P_0x5641020c1380 .param/l "DIR_W" 1 4 66, +C4<00000000000000000000000000000010>;
P_0x5641020c13c0 .param/l "EAST" 1 4 169, +C4<00000000000000000000000000000100>;
P_0x5641020c1400 .param/l "EASTNORTH" 1 4 170, +C4<00000000000000000000000000000101>;
P_0x5641020c1440 .param/l "EASTSOUTH" 1 4 171, +C4<00000000000000000000000000000110>;
P_0x5641020c1480 .param/l "EASTWEST" 1 4 172, +C4<00000000000000000000000000000111>;
P_0x5641020c14c0 .param/l "NORTH" 1 4 166, +C4<00000000000000000000000000000001>;
P_0x5641020c1500 .param/l "SOUTH" 1 4 167, +C4<00000000000000000000000000000010>;
P_0x5641020c1540 .param/l "WEST" 1 4 168, +C4<00000000000000000000000000000011>;
P_0x5641020c1580 .param/l "WESTEAST" 1 4 175, +C4<00000000000000000000000000001010>;
P_0x5641020c15c0 .param/l "WESTNORTH" 1 4 173, +C4<00000000000000000000000000001000>;
P_0x5641020c1600 .param/l "WESTSOUTH" 1 4 174, +C4<00000000000000000000000000001001>;
P_0x5641020c1640 .param/l "W_LOAD_ADDR" 0 4 15, +C4<00000000000000000000000000000000>;
P_0x5641020c1680 .param/l "W_READ_ADDR" 0 4 14, +C4<00000000000000000000000000000000>;
P_0x5641020c16c0 .param/l "X_dim" 0 4 9, +C4<00000000000000000000000000000101>;
P_0x5641020c1700 .param/l "Y_dim" 0 4 10, +C4<00000000000000000000000000000011>;
P_0x5641020c1740 .param/l "act_size" 0 4 12, +C4<00000000000000000000000000000101>;
P_0x5641020c1780 .param/l "kernel_size" 0 4 11, +C4<00000000000000000000000000000011>;
L_0x5641020c93d0 .functor BUFZ 16, v0x5641020c8ad0_0, C4<0000000000000000>, C4<0000000000000000>, C4<0000000000000000>;
L_0x5641020c94e0 .functor BUFZ 1, v0x5641020c7260_0, C4<0>, C4<0>, C4<0>;
L_0x5641020c95c0 .functor NOT 1, v0x5641020c4860_0, C4<0>, C4<0>, C4<0>;
L_0x5641020c9630 .functor AND 1, v0x5641020c47c0_0, L_0x5641020c95c0, C4<1>, C4<1>;
L_0x5641020c9740 .functor BUFZ 16, v0x5641020c3bd0_0, C4<0000000000000000>, C4<0000000000000000>, C4<0000000000000000>;
L_0x5641020c9850 .functor BUFZ 1, v0x5641020c35f0_0, C4<0>, C4<0>, C4<0>;
v0x5641020c3db0_0 .net *"_ivl_4", 0 0, L_0x5641020c95c0;  1 drivers
v0x5641020c3eb0_0 .net "clk", 0 0, v0x5641020c6190_0;  alias, 1 drivers
v0x5641020c3f70_0 .net "compute_data_i", 15 0, L_0x5641020c93d0;  1 drivers
v0x5641020c4040_0 .net "compute_en", 0 0, L_0x5641020c94e0;  1 drivers
v0x5641020c40e0_0 .var "data_en_out", 0 0;
v0x5641020c4180_0 .var "data_out", 15 0;
v0x5641020c4260_0 .net "east_data_i", 15 0, v0x5641020c6480_0;  1 drivers
v0x5641020c4340_0 .var "east_data_o", 15 0;
v0x5641020c4420_0 .net "east_enable_i", 0 0, v0x5641020c6790_0;  1 drivers
v0x5641020c4570_0 .var "east_enable_o", 0 0;
v0x5641020c4630_0 .net "glb_addr_read_wght", 9 0, v0x5641020c3780_0;  alias, 1 drivers
v0x5641020c46f0_0 .net "glb_req_read_wght", 0 0, v0x5641020c3990_0;  alias, 1 drivers
v0x5641020c47c0_0 .var "load_ff0", 0 0;
v0x5641020c4860_0 .var "load_ff1", 0 0;
v0x5641020c4900_0 .net "load_spad_ctrl", 0 0, L_0x5641020c9630;  1 drivers
v0x5641020c49d0_0 .net "north_data_i", 15 0, v0x5641020c7780_0;  1 drivers
v0x5641020c4a90_0 .var "north_data_o", 15 0;
v0x5641020c4b70_0 .net "north_enable_i", 0 0, v0x5641020c6ad0_0;  1 drivers
v0x5641020c4c30_0 .var "north_enable_o", 0 0;
v0x5641020c4cf0_0 .net "reset", 0 0, v0x5641020c7e20_0;  alias, 1 drivers
v0x5641020c4d90_0 .net "router_mode", 3 0, v0x5641020c7ec0_0;  alias, 1 drivers
v0x5641020c4e50_0 .net "south_data_i", 15 0, v0x5641020c8140_0;  1 drivers
v0x5641020c4f30_0 .var "south_data_o", 15 0;
v0x5641020c5010_0 .net "south_enable_i", 0 0, v0x5641020c6f20_0;  1 drivers
v0x5641020c50d0_0 .var "south_enable_o", 0 0;
v0x5641020c5190_0 .net "spad_wdata_o", 15 0, L_0x5641020c9740;  alias, 1 drivers
v0x5641020c5270_0 .net "spad_wenable_o", 0 0, L_0x5641020c9850;  alias, 1 drivers
v0x5641020c5330_0 .net "west_data_i", 15 0, v0x5641020c8ad0_0;  1 drivers
v0x5641020c5410_0 .var "west_data_o_routed", 15 0;
v0x5641020c54f0_0 .net "west_enable_i", 0 0, v0x5641020c7260_0;  1 drivers
v0x5641020c55b0_0 .var "west_enable_o_routed", 0 0;
v0x5641020c5670_0 .net "wght_spad_data", 15 0, v0x5641020c3bd0_0;  1 drivers
v0x5641020c5760_0 .net "wght_spad_en", 0 0, v0x5641020c35f0_0;  1 drivers
E_0x564102076830 .event anyedge, v0x5641020b6590_0, v0x5641020c4180_0, v0x5641020c40e0_0;
E_0x564102070700/0 .event anyedge, v0x5641020c4b70_0, v0x5641020c49d0_0, v0x5641020c5010_0, v0x5641020c4e50_0;
E_0x564102070700/1 .event anyedge, v0x5641020c54f0_0, v0x5641020c5330_0, v0x5641020c4420_0, v0x5641020c4260_0;
E_0x564102070700 .event/or E_0x564102070700/0, E_0x564102070700/1;
S_0x5641020c2790 .scope module, "weight_loader" "router_weight" 4 144, 5 3 0, S_0x5641020c0fb0;
 .timescale -9 -12;
    .port_info 0 /INPUT 1 "clk";
    .port_info 1 /INPUT 1 "reset";
    .port_info 2 /INPUT 16 "r_data_glb_wght";
    .port_info 3 /OUTPUT 10 "r_addr_glb_wght";
    .port_info 4 /OUTPUT 1 "read_req_glb_wght";
    .port_info 5 /OUTPUT 16 "w_data_spad";
    .port_info 6 /OUTPUT 1 "load_en_spad";
    .port_info 7 /INPUT 1 "load_spad_ctrl";
P_0x5641020c2990 .param/l "ADDR_BITWIDTH_GLB" 0 5 5, +C4<00000000000000000000000000001010>;
P_0x5641020c29d0 .param/l "ADDR_BITWIDTH_SPAD" 0 5 6, +C4<00000000000000000000000000001001>;
P_0x5641020c2a10 .param/l "DATA_BITWIDTH" 0 5 4, +C4<00000000000000000000000000010000>;
P_0x5641020c2a50 .param/l "IDLE" 1 5 35, C4<000>;
P_0x5641020c2a90 .param/l "READ_GLB" 1 5 36, C4<001>;
P_0x5641020c2ad0 .param/l "TOTAL_WEIGHTS" 1 5 40, +C4<00000000000000000000000000001001>;
P_0x5641020c2b10 .param/l "WRITE_SPAD" 1 5 37, C4<010>;
P_0x5641020c2b50 .param/l "W_LOAD_ADDR" 0 5 14, +C4<00000000000000000000000000000000>;
P_0x5641020c2b90 .param/l "W_READ_ADDR" 0 5 13, +C4<00000000000000000000000000000000>;
P_0x5641020c2bd0 .param/l "X_dim" 0 5 8, +C4<00000000000000000000000000000101>;
P_0x5641020c2c10 .param/l "Y_dim" 0 5 9, +C4<00000000000000000000000000000011>;
P_0x5641020c2c50 .param/l "act_size" 0 5 11, +C4<00000000000000000000000000000101>;
P_0x5641020c2c90 .param/l "kernel_size" 0 5 10, +C4<00000000000000000000000000000011>;
v0x5641020c3470_0 .net "clk", 0 0, v0x5641020c6190_0;  alias, 1 drivers
v0x5641020c3510_0 .var "filt_count", 5 0;
v0x5641020c35f0_0 .var "load_en_spad", 0 0;
v0x5641020c36c0_0 .net "load_spad_ctrl", 0 0, L_0x5641020c9630;  alias, 1 drivers
v0x5641020c3780_0 .var "r_addr_glb_wght", 9 0;
v0x5641020c38b0_0 .net "r_data_glb_wght", 15 0, L_0x5641020c93d0;  alias, 1 drivers
v0x5641020c3990_0 .var "read_req_glb_wght", 0 0;
v0x5641020c3a50_0 .net "reset", 0 0, v0x5641020c7e20_0;  alias, 1 drivers
v0x5641020c3af0_0 .var "state", 2 0;
v0x5641020c3bd0_0 .var "w_data_spad", 15 0;
    .scope S_0x5641020b8ab0;
T_0 ;
    %wait E_0x56410207a1b0;
    %load/vec4 v0x5641020b9d90_0;
    %flag_set/vec4 8;
    %jmp/0xz  T_0.0, 8;
    %pushi/vec4 0, 0, 1;
    %assign/vec4 v0x5641020b9cd0_0, 0;
    %pushi/vec4 0, 0, 10;
    %assign/vec4 v0x5641020b9ac0_0, 0;
    %pushi/vec4 0, 0, 1;
    %assign/vec4 v0x5641020b9960_0, 0;
    %pushi/vec4 0, 0, 16;
    %assign/vec4 v0x5641020b9f60_0, 0;
    %pushi/vec4 0, 0, 6;
    %assign/vec4 v0x5641020b9880_0, 0;
    %pushi/vec4 0, 0, 3;
    %assign/vec4 v0x5641020b9e80_0, 0;
    %jmp T_0.1;
T_0.0 ;
    %pushi/vec4 0, 0, 1;
    %assign/vec4 v0x5641020b9960_0, 0;
    %load/vec4 v0x5641020b9e80_0;
    %dup/vec4;
    %pushi/vec4 0, 0, 3;
    %cmp/u;
    %jmp/1 T_0.2, 6;
    %dup/vec4;
    %pushi/vec4 1, 0, 3;
    %cmp/u;
    %jmp/1 T_0.3, 6;
    %dup/vec4;
    %pushi/vec4 2, 0, 3;
    %cmp/u;
    %jmp/1 T_0.4, 6;
    %pushi/vec4 0, 0, 3;
    %assign/vec4 v0x5641020b9e80_0, 0;
    %jmp T_0.6;
T_0.2 ;
    %pushi/vec4 0, 0, 1;
    %assign/vec4 v0x5641020b9cd0_0, 0;
    %pushi/vec4 0, 0, 6;
    %assign/vec4 v0x5641020b9880_0, 0;
    %load/vec4 v0x5641020b9a00_0;
    %flag_set/vec4 8;
    %jmp/0xz  T_0.7, 8;
    %pushi/vec4 1, 0, 1;
    %assign/vec4 v0x5641020b9cd0_0, 0;
    %pushi/vec4 0, 0, 10;
    %assign/vec4 v0x5641020b9ac0_0, 0;
    %pushi/vec4 1, 0, 3;
    %assign/vec4 v0x5641020b9e80_0, 0;
T_0.7 ;
    %jmp T_0.6;
T_0.3 ;
    %load/vec4 v0x5641020b9bf0_0;
    %assign/vec4 v0x5641020b9f60_0, 0;
    %pushi/vec4 2, 0, 3;
    %assign/vec4 v0x5641020b9e80_0, 0;
    %jmp T_0.6;
T_0.4 ;
    %pushi/vec4 1, 0, 1;
    %assign/vec4 v0x5641020b9960_0, 0;
    %load/vec4 v0x5641020b9880_0;
    %pad/u 32;
    %cmpi/e 8, 0, 32;
    %jmp/0xz  T_0.9, 4;
    %pushi/vec4 0, 0, 1;
    %assign/vec4 v0x5641020b9cd0_0, 0;
    %pushi/vec4 0, 0, 6;
    %assign/vec4 v0x5641020b9880_0, 0;
    %pushi/vec4 0, 0, 3;
    %assign/vec4 v0x5641020b9e80_0, 0;
    %jmp T_0.10;
T_0.9 ;
    %load/vec4 v0x5641020b9880_0;
    %addi 1, 0, 6;
    %assign/vec4 v0x5641020b9880_0, 0;
    %load/vec4 v0x5641020b9ac0_0;
    %addi 1, 0, 10;
    %assign/vec4 v0x5641020b9ac0_0, 0;
    %pushi/vec4 1, 0, 3;
    %assign/vec4 v0x5641020b9e80_0, 0;
T_0.10 ;
    %jmp T_0.6;
T_0.6 ;
    %pop/vec4 1;
T_0.1 ;
    %jmp T_0;
    .thread T_0;
    .scope S_0x5641020b72d0;
T_1 ;
    %wait E_0x564102079630;
    %load/vec4 v0x5641020baed0_0;
    %flag_set/vec4 8;
    %jmp/0xz  T_1.0, 8;
    %load/vec4 v0x5641020bad30_0;
    %store/vec4 v0x5641020ba4e0_0, 0, 16;
    %pushi/vec4 1, 0, 1;
    %store/vec4 v0x5641020ba440_0, 0, 1;
    %jmp T_1.1;
T_1.0 ;
    %load/vec4 v0x5641020bb380_0;
    %flag_set/vec4 8;
    %jmp/0xz  T_1.2, 8;
    %load/vec4 v0x5641020bb1e0_0;
    %store/vec4 v0x5641020ba4e0_0, 0, 16;
    %pushi/vec4 1, 0, 1;
    %store/vec4 v0x5641020ba440_0, 0, 1;
    %jmp T_1.3;
T_1.2 ;
    %load/vec4 v0x5641020bb860_0;
    %flag_set/vec4 8;
    %jmp/0xz  T_1.4, 8;
    %load/vec4 v0x5641020bb6a0_0;
    %store/vec4 v0x5641020ba4e0_0, 0, 16;
    %pushi/vec4 1, 0, 1;
    %store/vec4 v0x5641020ba440_0, 0, 1;
    %jmp T_1.5;
T_1.4 ;
    %load/vec4 v0x5641020ba780_0;
    %flag_set/vec4 8;
    %jmp/0xz  T_1.6, 8;
    %load/vec4 v0x5641020ba5c0_0;
    %store/vec4 v0x5641020ba4e0_0, 0, 16;
    %pushi/vec4 1, 0, 1;
    %store/vec4 v0x5641020ba440_0, 0, 1;
    %jmp T_1.7;
T_1.6 ;
    %pushi/vec4 0, 0, 16;
    %store/vec4 v0x5641020ba4e0_0, 0, 16;
    %pushi/vec4 0, 0, 1;
    %store/vec4 v0x5641020ba440_0, 0, 1;
T_1.7 ;
T_1.5 ;
T_1.3 ;
T_1.1 ;
    %jmp T_1;
    .thread T_1, $push;
    .scope S_0x5641020b72d0;
T_2 ;
    %wait E_0x564102098870;
    %load/vec4 v0x5641020bb050_0;
    %flag_set/vec4 8;
    %jmp/0xz  T_2.0, 8;
    %pushi/vec4 0, 0, 1;
    %assign/vec4 v0x5641020bab20_0, 0;
    %pushi/vec4 0, 0, 1;
    %assign/vec4 v0x5641020babc0_0, 0;
    %jmp T_2.1;
T_2.0 ;
    %load/vec4 v0x5641020ba3a0_0;
    %assign/vec4 v0x5641020bab20_0, 0;
    %load/vec4 v0x5641020bab20_0;
    %assign/vec4 v0x5641020babc0_0, 0;
T_2.1 ;
    %jmp T_2;
    .thread T_2;
    .scope S_0x5641020b72d0;
T_3 ;
    %wait E_0x564102077400;
    %pushi/vec4 0, 0, 16;
    %store/vec4 v0x5641020badf0_0, 0, 16;
    %pushi/vec4 0, 0, 1;
    %store/vec4 v0x5641020baf90_0, 0, 1;
    %pushi/vec4 0, 0, 16;
    %store/vec4 v0x5641020bb2a0_0, 0, 16;
    %pushi/vec4 0, 0, 1;
    %store/vec4 v0x5641020bb440_0, 0, 1;
    %pushi/vec4 0, 0, 16;
    %store/vec4 v0x5641020ba6a0_0, 0, 16;
    %pushi/vec4 0, 0, 1;
    %store/vec4 v0x5641020ba8d0_0, 0, 1;
    %pushi/vec4 0, 0, 16;
    %store/vec4 v0x5641020bb780_0, 0, 16;
    %pushi/vec4 0, 0, 1;
    %store/vec4 v0x5641020bb920_0, 0, 1;
    %load/vec4 v0x5641020bb0f0_0;
    %dup/vec4;
    %pushi/vec4 0, 0, 4;
    %cmp/u;
    %jmp/1 T_3.0, 6;
    %dup/vec4;
    %pushi/vec4 1, 0, 4;
    %cmp/u;
    %jmp/1 T_3.1, 6;
    %dup/vec4;
    %pushi/vec4 2, 0, 4;
    %cmp/u;
    %jmp/1 T_3.2, 6;
    %dup/vec4;
    %pushi/vec4 4, 0, 4;
    %cmp/u;
    %jmp/1 T_3.3, 6;
    %dup/vec4;
    %pushi/vec4 3, 0, 4;
    %cmp/u;
    %jmp/1 T_3.4, 6;
    %dup/vec4;
    %pushi/vec4 5, 0, 4;
    %cmp/u;
    %jmp/1 T_3.5, 6;
    %dup/vec4;
    %pushi/vec4 6, 0, 4;
    %cmp/u;
    %jmp/1 T_3.6, 6;
    %dup/vec4;
    %pushi/vec4 7, 0, 4;
    %cmp/u;
    %jmp/1 T_3.7, 6;
    %dup/vec4;
    %pushi/vec4 8, 0, 4;
    %cmp/u;
    %jmp/1 T_3.8, 6;
    %dup/vec4;
    %pushi/vec4 9, 0, 4;
    %cmp/u;
    %jmp/1 T_3.9, 6;
    %dup/vec4;
    %pushi/vec4 10, 0, 4;
    %cmp/u;
    %jmp/1 T_3.10, 6;
    %dup/vec4;
    %pushi/vec4 11, 0, 4;
    %cmp/u;
    %jmp/1 T_3.11, 6;
    %jmp T_3.12;
T_3.0 ;
    %load/vec4 v0x5641020ba4e0_0;
    %store/vec4 v0x5641020bb2a0_0, 0, 16;
    %load/vec4 v0x5641020ba440_0;
    %store/vec4 v0x5641020bb440_0, 0, 1;
    %load/vec4 v0x5641020ba4e0_0;
    %store/vec4 v0x5641020ba6a0_0, 0, 16;
    %load/vec4 v0x5641020ba440_0;
    %store/vec4 v0x5641020ba8d0_0, 0, 1;
    %load/vec4 v0x5641020ba4e0_0;
    %store/vec4 v0x5641020bb780_0, 0, 16;
    %load/vec4 v0x5641020ba440_0;
    %store/vec4 v0x5641020bb920_0, 0, 1;
    %jmp T_3.12;
T_3.1 ;
    %jmp T_3.12;
T_3.2 ;
    %load/vec4 v0x5641020ba4e0_0;
    %store/vec4 v0x5641020bb2a0_0, 0, 16;
    %load/vec4 v0x5641020ba440_0;
    %store/vec4 v0x5641020bb440_0, 0, 1;
    %jmp T_3.12;
T_3.3 ;
    %load/vec4 v0x5641020ba4e0_0;
    %store/vec4 v0x5641020ba6a0_0, 0, 16;
    %load/vec4 v0x5641020ba440_0;
    %store/vec4 v0x5641020ba8d0_0, 0, 1;
    %jmp T_3.12;
T_3.4 ;
    %load/vec4 v0x5641020ba4e0_0;
    %store/vec4 v0x5641020bb780_0, 0, 16;
    %load/vec4 v0x5641020ba440_0;
    %store/vec4 v0x5641020bb920_0, 0, 1;
    %jmp T_3.12;
T_3.5 ;
    %load/vec4 v0x5641020ba4e0_0;
    %store/vec4 v0x5641020ba6a0_0, 0, 16;
    %load/vec4 v0x5641020ba440_0;
    %store/vec4 v0x5641020ba8d0_0, 0, 1;
    %jmp T_3.12;
T_3.6 ;
    %load/vec4 v0x5641020ba4e0_0;
    %store/vec4 v0x5641020ba6a0_0, 0, 16;
    %load/vec4 v0x5641020ba440_0;
    %store/vec4 v0x5641020ba8d0_0, 0, 1;
    %load/vec4 v0x5641020ba4e0_0;
    %store/vec4 v0x5641020bb2a0_0, 0, 16;
    %load/vec4 v0x5641020ba440_0;
    %store/vec4 v0x5641020bb440_0, 0, 1;
    %jmp T_3.12;
T_3.7 ;
    %load/vec4 v0x5641020ba4e0_0;
    %store/vec4 v0x5641020ba6a0_0, 0, 16;
    %load/vec4 v0x5641020ba440_0;
    %store/vec4 v0x5641020ba8d0_0, 0, 1;
    %load/vec4 v0x5641020ba4e0_0;
    %store/vec4 v0x5641020bb780_0, 0, 16;
    %load/vec4 v0x5641020ba440_0;
    %store/vec4 v0x5641020bb920_0, 0, 1;
    %jmp T_3.12;
T_3.8 ;
    %load/vec4 v0x5641020ba4e0_0;
    %store/vec4 v0x5641020bb780_0, 0, 16;
    %load/vec4 v0x5641020ba440_0;
    %store/vec4 v0x5641020bb920_0, 0, 1;
    %jmp T_3.12;
T_3.9 ;
    %load/vec4 v0x5641020ba4e0_0;
    %store/vec4 v0x5641020bb780_0, 0, 16;
    %load/vec4 v0x5641020ba440_0;
    %store/vec4 v0x5641020bb920_0, 0, 1;
    %load/vec4 v0x5641020ba4e0_0;
    %store/vec4 v0x5641020bb2a0_0, 0, 16;
    %load/vec4 v0x5641020ba440_0;
    %store/vec4 v0x5641020bb440_0, 0, 1;
    %jmp T_3.12;
T_3.10 ;
    %load/vec4 v0x5641020ba4e0_0;
    %store/vec4 v0x5641020bb780_0, 0, 16;
    %load/vec4 v0x5641020ba440_0;
    %store/vec4 v0x5641020bb920_0, 0, 1;
    %load/vec4 v0x5641020ba4e0_0;
    %store/vec4 v0x5641020ba6a0_0, 0, 16;
    %load/vec4 v0x5641020ba440_0;
    %store/vec4 v0x5641020ba8d0_0, 0, 1;
    %jmp T_3.12;
T_3.11 ;
    %jmp T_3.12;
T_3.12 ;
    %pop/vec4 1;
    %jmp T_3;
    .thread T_3, $push;
    .scope S_0x5641020bd900;
T_4 ;
    %wait E_0x56410207a1b0;
    %load/vec4 v0x5641020beb70_0;
    %flag_set/vec4 8;
    %jmp/0xz  T_4.0, 8;
    %pushi/vec4 0, 0, 1;
    %assign/vec4 v0x5641020beab0_0, 0;
    %pushi/vec4 0, 0, 10;
    %assign/vec4 v0x5641020be8f0_0, 0;
    %pushi/vec4 0, 0, 1;
    %assign/vec4 v0x5641020be760_0, 0;
    %pushi/vec4 0, 0, 16;
    %assign/vec4 v0x5641020bee10_0, 0;
    %pushi/vec4 0, 0, 6;
    %assign/vec4 v0x5641020be680_0, 0;
    %pushi/vec4 0, 0, 3;
    %assign/vec4 v0x5641020beca0_0, 0;
    %jmp T_4.1;
T_4.0 ;
    %pushi/vec4 0, 0, 1;
    %assign/vec4 v0x5641020be760_0, 0;
    %load/vec4 v0x5641020beca0_0;
    %dup/vec4;
    %pushi/vec4 0, 0, 3;
    %cmp/u;
    %jmp/1 T_4.2, 6;
    %dup/vec4;
    %pushi/vec4 1, 0, 3;
    %cmp/u;
    %jmp/1 T_4.3, 6;
    %dup/vec4;
    %pushi/vec4 2, 0, 3;
    %cmp/u;
    %jmp/1 T_4.4, 6;
    %pushi/vec4 0, 0, 3;
    %assign/vec4 v0x5641020beca0_0, 0;
    %jmp T_4.6;
T_4.2 ;
    %pushi/vec4 0, 0, 1;
    %assign/vec4 v0x5641020beab0_0, 0;
    %pushi/vec4 0, 0, 6;
    %assign/vec4 v0x5641020be680_0, 0;
    %load/vec4 v0x5641020be830_0;
    %flag_set/vec4 8;
    %jmp/0xz  T_4.7, 8;
    %pushi/vec4 1, 0, 1;
    %assign/vec4 v0x5641020beab0_0, 0;
    %pushi/vec4 0, 0, 10;
    %assign/vec4 v0x5641020be8f0_0, 0;
    %pushi/vec4 1, 0, 3;
    %assign/vec4 v0x5641020beca0_0, 0;
T_4.7 ;
    %jmp T_4.6;
T_4.3 ;
    %load/vec4 v0x5641020be9d0_0;
    %assign/vec4 v0x5641020bee10_0, 0;
    %pushi/vec4 2, 0, 3;
    %assign/vec4 v0x5641020beca0_0, 0;
    %jmp T_4.6;
T_4.4 ;
    %pushi/vec4 1, 0, 1;
    %assign/vec4 v0x5641020be760_0, 0;
    %load/vec4 v0x5641020be680_0;
    %pad/u 32;
    %cmpi/e 8, 0, 32;
    %jmp/0xz  T_4.9, 4;
    %pushi/vec4 0, 0, 1;
    %assign/vec4 v0x5641020beab0_0, 0;
    %pushi/vec4 0, 0, 6;
    %assign/vec4 v0x5641020be680_0, 0;
    %pushi/vec4 0, 0, 3;
    %assign/vec4 v0x5641020beca0_0, 0;
    %jmp T_4.10;
T_4.9 ;
    %load/vec4 v0x5641020be680_0;
    %addi 1, 0, 6;
    %assign/vec4 v0x5641020be680_0, 0;
    %load/vec4 v0x5641020be8f0_0;
    %addi 1, 0, 10;
    %assign/vec4 v0x5641020be8f0_0, 0;
    %pushi/vec4 1, 0, 3;
    %assign/vec4 v0x5641020beca0_0, 0;
T_4.10 ;
    %jmp T_4.6;
T_4.6 ;
    %pop/vec4 1;
T_4.1 ;
    %jmp T_4;
    .thread T_4;
    .scope S_0x5641020bc110;
T_5 ;
    %wait E_0x5641020767d0;
    %load/vec4 v0x5641020bfdb0_0;
    %flag_set/vec4 8;
    %jmp/0xz  T_5.0, 8;
    %load/vec4 v0x5641020bfc10_0;
    %store/vec4 v0x5641020bf3c0_0, 0, 16;
    %pushi/vec4 1, 0, 1;
    %store/vec4 v0x5641020bf320_0, 0, 1;
    %jmp T_5.1;
T_5.0 ;
    %load/vec4 v0x5641020c0250_0;
    %flag_set/vec4 8;
    %jmp/0xz  T_5.2, 8;
    %load/vec4 v0x5641020c0090_0;
    %store/vec4 v0x5641020bf3c0_0, 0, 16;
    %pushi/vec4 1, 0, 1;
    %store/vec4 v0x5641020bf320_0, 0, 1;
    %jmp T_5.3;
T_5.2 ;
    %load/vec4 v0x5641020c0730_0;
    %flag_set/vec4 8;
    %jmp/0xz  T_5.4, 8;
    %load/vec4 v0x5641020c0570_0;
    %store/vec4 v0x5641020bf3c0_0, 0, 16;
    %pushi/vec4 1, 0, 1;
    %store/vec4 v0x5641020bf320_0, 0, 1;
    %jmp T_5.5;
T_5.4 ;
    %load/vec4 v0x5641020bf660_0;
    %flag_set/vec4 8;
    %jmp/0xz  T_5.6, 8;
    %load/vec4 v0x5641020bf4a0_0;
    %store/vec4 v0x5641020bf3c0_0, 0, 16;
    %pushi/vec4 1, 0, 1;
    %store/vec4 v0x5641020bf320_0, 0, 1;
    %jmp T_5.7;
T_5.6 ;
    %pushi/vec4 0, 0, 16;
    %store/vec4 v0x5641020bf3c0_0, 0, 16;
    %pushi/vec4 0, 0, 1;
    %store/vec4 v0x5641020bf320_0, 0, 1;
T_5.7 ;
T_5.5 ;
T_5.3 ;
T_5.1 ;
    %jmp T_5;
    .thread T_5, $push;
    .scope S_0x5641020bc110;
T_6 ;
    %wait E_0x564102098870;
    %load/vec4 v0x5641020bff30_0;
    %flag_set/vec4 8;
    %jmp/0xz  T_6.0, 8;
    %pushi/vec4 0, 0, 1;
    %assign/vec4 v0x5641020bfa00_0, 0;
    %pushi/vec4 0, 0, 1;
    %assign/vec4 v0x5641020bfaa0_0, 0;
    %jmp T_6.1;
T_6.0 ;
    %load/vec4 v0x5641020bf280_0;
    %assign/vec4 v0x5641020bfa00_0, 0;
    %load/vec4 v0x5641020bfa00_0;
    %assign/vec4 v0x5641020bfaa0_0, 0;
T_6.1 ;
    %jmp T_6;
    .thread T_6;
    .scope S_0x5641020bc110;
T_7 ;
    %wait E_0x564102083080;
    %pushi/vec4 0, 0, 16;
    %store/vec4 v0x5641020bfcd0_0, 0, 16;
    %pushi/vec4 0, 0, 1;
    %store/vec4 v0x5641020bfe70_0, 0, 1;
    %pushi/vec4 0, 0, 16;
    %store/vec4 v0x5641020c0170_0, 0, 16;
    %pushi/vec4 0, 0, 1;
    %store/vec4 v0x5641020c0310_0, 0, 1;
    %pushi/vec4 0, 0, 16;
    %store/vec4 v0x5641020bf580_0, 0, 16;
    %pushi/vec4 0, 0, 1;
    %store/vec4 v0x5641020bf7b0_0, 0, 1;
    %pushi/vec4 0, 0, 16;
    %store/vec4 v0x5641020c0650_0, 0, 16;
    %pushi/vec4 0, 0, 1;
    %store/vec4 v0x5641020c07f0_0, 0, 1;
    %load/vec4 v0x5641020bffd0_0;
    %dup/vec4;
    %pushi/vec4 0, 0, 4;
    %cmp/u;
    %jmp/1 T_7.0, 6;
    %dup/vec4;
    %pushi/vec4 1, 0, 4;
    %cmp/u;
    %jmp/1 T_7.1, 6;
    %dup/vec4;
    %pushi/vec4 2, 0, 4;
    %cmp/u;
    %jmp/1 T_7.2, 6;
    %dup/vec4;
    %pushi/vec4 4, 0, 4;
    %cmp/u;
    %jmp/1 T_7.3, 6;
    %dup/vec4;
    %pushi/vec4 3, 0, 4;
    %cmp/u;
    %jmp/1 T_7.4, 6;
    %dup/vec4;
    %pushi/vec4 5, 0, 4;
    %cmp/u;
    %jmp/1 T_7.5, 6;
    %dup/vec4;
    %pushi/vec4 6, 0, 4;
    %cmp/u;
    %jmp/1 T_7.6, 6;
    %dup/vec4;
    %pushi/vec4 7, 0, 4;
    %cmp/u;
    %jmp/1 T_7.7, 6;
    %dup/vec4;
    %pushi/vec4 8, 0, 4;
    %cmp/u;
    %jmp/1 T_7.8, 6;
    %dup/vec4;
    %pushi/vec4 9, 0, 4;
    %cmp/u;
    %jmp/1 T_7.9, 6;
    %dup/vec4;
    %pushi/vec4 10, 0, 4;
    %cmp/u;
    %jmp/1 T_7.10, 6;
    %dup/vec4;
    %pushi/vec4 11, 0, 4;
    %cmp/u;
    %jmp/1 T_7.11, 6;
    %jmp T_7.12;
T_7.0 ;
    %load/vec4 v0x5641020bf3c0_0;
    %store/vec4 v0x5641020bfcd0_0, 0, 16;
    %load/vec4 v0x5641020bf320_0;
    %store/vec4 v0x5641020bfe70_0, 0, 1;
    %load/vec4 v0x5641020bf3c0_0;
    %store/vec4 v0x5641020bf580_0, 0, 16;
    %load/vec4 v0x5641020bf320_0;
    %store/vec4 v0x5641020bf7b0_0, 0, 1;
    %load/vec4 v0x5641020bf3c0_0;
    %store/vec4 v0x5641020c0650_0, 0, 16;
    %load/vec4 v0x5641020bf320_0;
    %store/vec4 v0x5641020c07f0_0, 0, 1;
    %jmp T_7.12;
T_7.1 ;
    %load/vec4 v0x5641020bf3c0_0;
    %store/vec4 v0x5641020bfcd0_0, 0, 16;
    %load/vec4 v0x5641020bf320_0;
    %store/vec4 v0x5641020bfe70_0, 0, 1;
    %jmp T_7.12;
T_7.2 ;
    %jmp T_7.12;
T_7.3 ;
    %load/vec4 v0x5641020bf3c0_0;
    %store/vec4 v0x5641020bf580_0, 0, 16;
    %load/vec4 v0x5641020bf320_0;
    %store/vec4 v0x5641020bf7b0_0, 0, 1;
    %jmp T_7.12;
T_7.4 ;
    %load/vec4 v0x5641020bf3c0_0;
    %store/vec4 v0x5641020c0650_0, 0, 16;
    %load/vec4 v0x5641020bf320_0;
    %store/vec4 v0x5641020c07f0_0, 0, 1;
    %jmp T_7.12;
T_7.5 ;
    %load/vec4 v0x5641020bf3c0_0;
    %store/vec4 v0x5641020bf580_0, 0, 16;
    %load/vec4 v0x5641020bf320_0;
    %store/vec4 v0x5641020bf7b0_0, 0, 1;
    %load/vec4 v0x5641020bf3c0_0;
    %store/vec4 v0x5641020bfcd0_0, 0, 16;
    %load/vec4 v0x5641020bf320_0;
    %store/vec4 v0x5641020bfe70_0, 0, 1;
    %jmp T_7.12;
T_7.6 ;
    %load/vec4 v0x5641020bf3c0_0;
    %store/vec4 v0x5641020bf580_0, 0, 16;
    %load/vec4 v0x5641020bf320_0;
    %store/vec4 v0x5641020bf7b0_0, 0, 1;
    %jmp T_7.12;
T_7.7 ;
    %load/vec4 v0x5641020bf3c0_0;
    %store/vec4 v0x5641020bf580_0, 0, 16;
    %load/vec4 v0x5641020bf320_0;
    %store/vec4 v0x5641020bf7b0_0, 0, 1;
    %load/vec4 v0x5641020bf3c0_0;
    %store/vec4 v0x5641020c0650_0, 0, 16;
    %load/vec4 v0x5641020bf320_0;
    %store/vec4 v0x5641020c07f0_0, 0, 1;
    %jmp T_7.12;
T_7.8 ;
    %load/vec4 v0x5641020bf3c0_0;
    %store/vec4 v0x5641020c0650_0, 0, 16;
    %load/vec4 v0x5641020bf320_0;
    %store/vec4 v0x5641020c07f0_0, 0, 1;
    %load/vec4 v0x5641020bf3c0_0;
    %store/vec4 v0x5641020bfcd0_0, 0, 16;
    %load/vec4 v0x5641020bf320_0;
    %store/vec4 v0x5641020bfe70_0, 0, 1;
    %jmp T_7.12;
T_7.9 ;
    %load/vec4 v0x5641020bf3c0_0;
    %store/vec4 v0x5641020c0650_0, 0, 16;
    %load/vec4 v0x5641020bf320_0;
    %store/vec4 v0x5641020c07f0_0, 0, 1;
    %jmp T_7.12;
T_7.10 ;
    %load/vec4 v0x5641020bf3c0_0;
    %store/vec4 v0x5641020c0650_0, 0, 16;
    %load/vec4 v0x5641020bf320_0;
    %store/vec4 v0x5641020c07f0_0, 0, 1;
    %load/vec4 v0x5641020bf3c0_0;
    %store/vec4 v0x5641020bf580_0, 0, 16;
    %load/vec4 v0x5641020bf320_0;
    %store/vec4 v0x5641020bf7b0_0, 0, 1;
    %jmp T_7.12;
T_7.11 ;
    %jmp T_7.12;
T_7.12 ;
    %pop/vec4 1;
    %jmp T_7;
    .thread T_7, $push;
    .scope S_0x5641020c2790;
T_8 ;
    %wait E_0x56410207a1b0;
    %load/vec4 v0x5641020c3a50_0;
    %flag_set/vec4 8;
    %jmp/0xz  T_8.0, 8;
    %pushi/vec4 0, 0, 1;
    %assign/vec4 v0x5641020c3990_0, 0;
    %pushi/vec4 0, 0, 10;
    %assign/vec4 v0x5641020c3780_0, 0;
    %pushi/vec4 0, 0, 1;
    %assign/vec4 v0x5641020c35f0_0, 0;
    %pushi/vec4 0, 0, 16;
    %assign/vec4 v0x5641020c3bd0_0, 0;
    %pushi/vec4 0, 0, 6;
    %assign/vec4 v0x5641020c3510_0, 0;
    %pushi/vec4 0, 0, 3;
    %assign/vec4 v0x5641020c3af0_0, 0;
    %jmp T_8.1;
T_8.0 ;
    %pushi/vec4 0, 0, 1;
    %assign/vec4 v0x5641020c35f0_0, 0;
    %load/vec4 v0x5641020c3af0_0;
    %dup/vec4;
    %pushi/vec4 0, 0, 3;
    %cmp/u;
    %jmp/1 T_8.2, 6;
    %dup/vec4;
    %pushi/vec4 1, 0, 3;
    %cmp/u;
    %jmp/1 T_8.3, 6;
    %dup/vec4;
    %pushi/vec4 2, 0, 3;
    %cmp/u;
    %jmp/1 T_8.4, 6;
    %pushi/vec4 0, 0, 3;
    %assign/vec4 v0x5641020c3af0_0, 0;
    %jmp T_8.6;
T_8.2 ;
    %pushi/vec4 0, 0, 1;
    %assign/vec4 v0x5641020c3990_0, 0;
    %pushi/vec4 0, 0, 6;
    %assign/vec4 v0x5641020c3510_0, 0;
    %load/vec4 v0x5641020c36c0_0;
    %flag_set/vec4 8;
    %jmp/0xz  T_8.7, 8;
    %pushi/vec4 1, 0, 1;
    %assign/vec4 v0x5641020c3990_0, 0;
    %pushi/vec4 0, 0, 10;
    %assign/vec4 v0x5641020c3780_0, 0;
    %pushi/vec4 1, 0, 3;
    %assign/vec4 v0x5641020c3af0_0, 0;
T_8.7 ;
    %jmp T_8.6;
T_8.3 ;
    %load/vec4 v0x5641020c38b0_0;
    %assign/vec4 v0x5641020c3bd0_0, 0;
    %pushi/vec4 2, 0, 3;
    %assign/vec4 v0x5641020c3af0_0, 0;
    %jmp T_8.6;
T_8.4 ;
    %pushi/vec4 1, 0, 1;
    %assign/vec4 v0x5641020c35f0_0, 0;
    %load/vec4 v0x5641020c3510_0;
    %pad/u 32;
    %cmpi/e 8, 0, 32;
    %jmp/0xz  T_8.9, 4;
    %pushi/vec4 0, 0, 1;
    %assign/vec4 v0x5641020c3990_0, 0;
    %pushi/vec4 0, 0, 6;
    %assign/vec4 v0x5641020c3510_0, 0;
    %pushi/vec4 0, 0, 3;
    %assign/vec4 v0x5641020c3af0_0, 0;
    %jmp T_8.10;
T_8.9 ;
    %load/vec4 v0x5641020c3510_0;
    %addi 1, 0, 6;
    %assign/vec4 v0x5641020c3510_0, 0;
    %load/vec4 v0x5641020c3780_0;
    %addi 1, 0, 10;
    %assign/vec4 v0x5641020c3780_0, 0;
    %pushi/vec4 1, 0, 3;
    %assign/vec4 v0x5641020c3af0_0, 0;
T_8.10 ;
    %jmp T_8.6;
T_8.6 ;
    %pop/vec4 1;
T_8.1 ;
    %jmp T_8;
    .thread T_8;
    .scope S_0x5641020c0fb0;
T_9 ;
    %wait E_0x564102070700;
    %load/vec4 v0x5641020c4b70_0;
    %flag_set/vec4 8;
    %jmp/0xz  T_9.0, 8;
    %load/vec4 v0x5641020c49d0_0;
    %store/vec4 v0x5641020c4180_0, 0, 16;
    %pushi/vec4 1, 0, 1;
    %store/vec4 v0x5641020c40e0_0, 0, 1;
    %jmp T_9.1;
T_9.0 ;
    %load/vec4 v0x5641020c5010_0;
    %flag_set/vec4 8;
    %jmp/0xz  T_9.2, 8;
    %load/vec4 v0x5641020c4e50_0;
    %store/vec4 v0x5641020c4180_0, 0, 16;
    %pushi/vec4 1, 0, 1;
    %store/vec4 v0x5641020c40e0_0, 0, 1;
    %jmp T_9.3;
T_9.2 ;
    %load/vec4 v0x5641020c54f0_0;
    %flag_set/vec4 8;
    %jmp/0xz  T_9.4, 8;
    %load/vec4 v0x5641020c5330_0;
    %store/vec4 v0x5641020c4180_0, 0, 16;
    %pushi/vec4 1, 0, 1;
    %store/vec4 v0x5641020c40e0_0, 0, 1;
    %jmp T_9.5;
T_9.4 ;
    %load/vec4 v0x5641020c4420_0;
    %flag_set/vec4 8;
    %jmp/0xz  T_9.6, 8;
    %load/vec4 v0x5641020c4260_0;
    %store/vec4 v0x5641020c4180_0, 0, 16;
    %pushi/vec4 1, 0, 1;
    %store/vec4 v0x5641020c40e0_0, 0, 1;
    %jmp T_9.7;
T_9.6 ;
    %pushi/vec4 0, 0, 16;
    %store/vec4 v0x5641020c4180_0, 0, 16;
    %pushi/vec4 0, 0, 1;
    %store/vec4 v0x5641020c40e0_0, 0, 1;
T_9.7 ;
T_9.5 ;
T_9.3 ;
T_9.1 ;
    %jmp T_9;
    .thread T_9, $push;
    .scope S_0x5641020c0fb0;
T_10 ;
    %wait E_0x564102098870;
    %load/vec4 v0x5641020c4cf0_0;
    %flag_set/vec4 8;
    %jmp/0xz  T_10.0, 8;
    %pushi/vec4 0, 0, 1;
    %assign/vec4 v0x5641020c47c0_0, 0;
    %pushi/vec4 0, 0, 1;
    %assign/vec4 v0x5641020c4860_0, 0;
    %jmp T_10.1;
T_10.0 ;
    %load/vec4 v0x5641020c4040_0;
    %assign/vec4 v0x5641020c47c0_0, 0;
    %load/vec4 v0x5641020c47c0_0;
    %assign/vec4 v0x5641020c4860_0, 0;
T_10.1 ;
    %jmp T_10;
    .thread T_10;
    .scope S_0x5641020c0fb0;
T_11 ;
    %wait E_0x564102076830;
    %pushi/vec4 0, 0, 16;
    %store/vec4 v0x5641020c4a90_0, 0, 16;
    %pushi/vec4 0, 0, 1;
    %store/vec4 v0x5641020c4c30_0, 0, 1;
    %pushi/vec4 0, 0, 16;
    %store/vec4 v0x5641020c4f30_0, 0, 16;
    %pushi/vec4 0, 0, 1;
    %store/vec4 v0x5641020c50d0_0, 0, 1;
    %pushi/vec4 0, 0, 16;
    %store/vec4 v0x5641020c4340_0, 0, 16;
    %pushi/vec4 0, 0, 1;
    %store/vec4 v0x5641020c4570_0, 0, 1;
    %pushi/vec4 0, 0, 16;
    %store/vec4 v0x5641020c5410_0, 0, 16;
    %pushi/vec4 0, 0, 1;
    %store/vec4 v0x5641020c55b0_0, 0, 1;
    %load/vec4 v0x5641020c4d90_0;
    %dup/vec4;
    %pushi/vec4 0, 0, 4;
    %cmp/u;
    %jmp/1 T_11.0, 6;
    %dup/vec4;
    %pushi/vec4 1, 0, 4;
    %cmp/u;
    %jmp/1 T_11.1, 6;
    %dup/vec4;
    %pushi/vec4 2, 0, 4;
    %cmp/u;
    %jmp/1 T_11.2, 6;
    %dup/vec4;
    %pushi/vec4 4, 0, 4;
    %cmp/u;
    %jmp/1 T_11.3, 6;
    %dup/vec4;
    %pushi/vec4 3, 0, 4;
    %cmp/u;
    %jmp/1 T_11.4, 6;
    %dup/vec4;
    %pushi/vec4 5, 0, 4;
    %cmp/u;
    %jmp/1 T_11.5, 6;
    %dup/vec4;
    %pushi/vec4 6, 0, 4;
    %cmp/u;
    %jmp/1 T_11.6, 6;
    %dup/vec4;
    %pushi/vec4 7, 0, 4;
    %cmp/u;
    %jmp/1 T_11.7, 6;
    %dup/vec4;
    %pushi/vec4 8, 0, 4;
    %cmp/u;
    %jmp/1 T_11.8, 6;
    %dup/vec4;
    %pushi/vec4 9, 0, 4;
    %cmp/u;
    %jmp/1 T_11.9, 6;
    %dup/vec4;
    %pushi/vec4 10, 0, 4;
    %cmp/u;
    %jmp/1 T_11.10, 6;
    %dup/vec4;
    %pushi/vec4 11, 0, 4;
    %cmp/u;
    %jmp/1 T_11.11, 6;
    %jmp T_11.12;
T_11.0 ;
    %load/vec4 v0x5641020c4180_0;
    %store/vec4 v0x5641020c4a90_0, 0, 16;
    %load/vec4 v0x5641020c40e0_0;
    %store/vec4 v0x5641020c4c30_0, 0, 1;
    %load/vec4 v0x5641020c4180_0;
    %store/vec4 v0x5641020c4f30_0, 0, 16;
    %load/vec4 v0x5641020c40e0_0;
    %store/vec4 v0x5641020c50d0_0, 0, 1;
    %load/vec4 v0x5641020c4180_0;
    %store/vec4 v0x5641020c4340_0, 0, 16;
    %load/vec4 v0x5641020c40e0_0;
    %store/vec4 v0x5641020c4570_0, 0, 1;
    %jmp T_11.12;
T_11.1 ;
    %load/vec4 v0x5641020c4180_0;
    %store/vec4 v0x5641020c4a90_0, 0, 16;
    %load/vec4 v0x5641020c40e0_0;
    %store/vec4 v0x5641020c4c30_0, 0, 1;
    %jmp T_11.12;
T_11.2 ;
    %load/vec4 v0x5641020c4180_0;
    %store/vec4 v0x5641020c4f30_0, 0, 16;
    %load/vec4 v0x5641020c40e0_0;
    %store/vec4 v0x5641020c50d0_0, 0, 1;
    %jmp T_11.12;
T_11.3 ;
    %load/vec4 v0x5641020c4180_0;
    %store/vec4 v0x5641020c4340_0, 0, 16;
    %load/vec4 v0x5641020c40e0_0;
    %store/vec4 v0x5641020c4570_0, 0, 1;
    %jmp T_11.12;
T_11.4 ;
    %jmp T_11.12;
T_11.5 ;
    %load/vec4 v0x5641020c4180_0;
    %store/vec4 v0x5641020c4340_0, 0, 16;
    %load/vec4 v0x5641020c40e0_0;
    %store/vec4 v0x5641020c4570_0, 0, 1;
    %load/vec4 v0x5641020c4180_0;
    %store/vec4 v0x5641020c4a90_0, 0, 16;
    %load/vec4 v0x5641020c40e0_0;
    %store/vec4 v0x5641020c4c30_0, 0, 1;
    %jmp T_11.12;
T_11.6 ;
    %load/vec4 v0x5641020c4180_0;
    %store/vec4 v0x5641020c4340_0, 0, 16;
    %load/vec4 v0x5641020c40e0_0;
    %store/vec4 v0x5641020c4570_0, 0, 1;
    %load/vec4 v0x5641020c4180_0;
    %store/vec4 v0x5641020c4f30_0, 0, 16;
    %load/vec4 v0x5641020c40e0_0;
    %store/vec4 v0x5641020c50d0_0, 0, 1;
    %jmp T_11.12;
T_11.7 ;
    %load/vec4 v0x5641020c4180_0;
    %store/vec4 v0x5641020c4340_0, 0, 16;
    %load/vec4 v0x5641020c40e0_0;
    %store/vec4 v0x5641020c4570_0, 0, 1;
    %jmp T_11.12;
T_11.8 ;
    %load/vec4 v0x5641020c4180_0;
    %store/vec4 v0x5641020c4a90_0, 0, 16;
    %load/vec4 v0x5641020c40e0_0;
    %store/vec4 v0x5641020c4c30_0, 0, 1;
    %jmp T_11.12;
T_11.9 ;
    %load/vec4 v0x5641020c4180_0;
    %store/vec4 v0x5641020c4f30_0, 0, 16;
    %load/vec4 v0x5641020c40e0_0;
    %store/vec4 v0x5641020c50d0_0, 0, 1;
    %jmp T_11.12;
T_11.10 ;
    %load/vec4 v0x5641020c4180_0;
    %store/vec4 v0x5641020c4340_0, 0, 16;
    %load/vec4 v0x5641020c40e0_0;
    %store/vec4 v0x5641020c4570_0, 0, 1;
    %jmp T_11.12;
T_11.11 ;
    %jmp T_11.12;
T_11.12 ;
    %pop/vec4 1;
    %jmp T_11;
    .thread T_11, $push;
    .scope S_0x56410202b110;
T_12 ;
    %wait E_0x56410207a1b0;
    %load/vec4 v0x5641020b5250_0;
    %flag_set/vec4 8;
    %jmp/0xz  T_12.0, 8;
    %pushi/vec4 0, 0, 1;
    %assign/vec4 v0x564102066d30_0, 0;
    %pushi/vec4 0, 0, 10;
    %assign/vec4 v0x564102069200_0, 0;
    %pushi/vec4 0, 0, 1;
    %assign/vec4 v0x5641020703d0_0, 0;
    %pushi/vec4 0, 0, 16;
    %assign/vec4 v0x5641020b53f0_0, 0;
    %pushi/vec4 0, 0, 6;
    %assign/vec4 v0x564102072a10_0, 0;
    %pushi/vec4 0, 0, 3;
    %assign/vec4 v0x5641020b5310_0, 0;
    %jmp T_12.1;
T_12.0 ;
    %pushi/vec4 0, 0, 1;
    %assign/vec4 v0x5641020703d0_0, 0;
    %load/vec4 v0x5641020b5310_0;
    %dup/vec4;
    %pushi/vec4 0, 0, 3;
    %cmp/u;
    %jmp/1 T_12.2, 6;
    %dup/vec4;
    %pushi/vec4 1, 0, 3;
    %cmp/u;
    %jmp/1 T_12.3, 6;
    %dup/vec4;
    %pushi/vec4 2, 0, 3;
    %cmp/u;
    %jmp/1 T_12.4, 6;
    %pushi/vec4 0, 0, 3;
    %assign/vec4 v0x5641020b5310_0, 0;
    %jmp T_12.6;
T_12.2 ;
    %pushi/vec4 0, 0, 1;
    %assign/vec4 v0x564102066d30_0, 0;
    %pushi/vec4 0, 0, 6;
    %assign/vec4 v0x564102072a10_0, 0;
    %load/vec4 v0x564102070470_0;
    %flag_set/vec4 8;
    %jmp/0xz  T_12.7, 8;
    %pushi/vec4 1, 0, 1;
    %assign/vec4 v0x564102066d30_0, 0;
    %pushi/vec4 0, 0, 10;
    %assign/vec4 v0x564102069200_0, 0;
    %pushi/vec4 1, 0, 3;
    %assign/vec4 v0x5641020b5310_0, 0;
T_12.7 ;
    %jmp T_12.6;
T_12.3 ;
    %load/vec4 v0x564102066c90_0;
    %assign/vec4 v0x5641020b53f0_0, 0;
    %pushi/vec4 2, 0, 3;
    %assign/vec4 v0x5641020b5310_0, 0;
    %jmp T_12.6;
T_12.4 ;
    %pushi/vec4 1, 0, 1;
    %assign/vec4 v0x5641020703d0_0, 0;
    %load/vec4 v0x564102072a10_0;
    %pad/u 32;
    %cmpi/e 8, 0, 32;
    %jmp/0xz  T_12.9, 4;
    %pushi/vec4 0, 0, 1;
    %assign/vec4 v0x564102066d30_0, 0;
    %pushi/vec4 0, 0, 6;
    %assign/vec4 v0x564102072a10_0, 0;
    %pushi/vec4 0, 0, 3;
    %assign/vec4 v0x5641020b5310_0, 0;
    %jmp T_12.10;
T_12.9 ;
    %load/vec4 v0x564102072a10_0;
    %addi 1, 0, 6;
    %assign/vec4 v0x564102072a10_0, 0;
    %load/vec4 v0x564102069200_0;
    %addi 1, 0, 10;
    %assign/vec4 v0x564102069200_0, 0;
    %pushi/vec4 1, 0, 3;
    %assign/vec4 v0x5641020b5310_0, 0;
T_12.10 ;
    %jmp T_12.6;
T_12.6 ;
    %pop/vec4 1;
T_12.1 ;
    %jmp T_12;
    .thread T_12;
    .scope S_0x564102021df0;
T_13 ;
    %wait E_0x56410206cf80;
    %load/vec4 v0x5641020b6340_0;
    %flag_set/vec4 8;
    %jmp/0xz  T_13.0, 8;
    %load/vec4 v0x5641020b61a0_0;
    %store/vec4 v0x5641020b5970_0, 0, 16;
    %pushi/vec4 1, 0, 1;
    %store/vec4 v0x5641020b58d0_0, 0, 1;
    %jmp T_13.1;
T_13.0 ;
    %load/vec4 v0x5641020b6810_0;
    %flag_set/vec4 8;
    %jmp/0xz  T_13.2, 8;
    %load/vec4 v0x5641020b6650_0;
    %store/vec4 v0x5641020b5970_0, 0, 16;
    %pushi/vec4 1, 0, 1;
    %store/vec4 v0x5641020b58d0_0, 0, 1;
    %jmp T_13.3;
T_13.2 ;
    %load/vec4 v0x5641020b6cf0_0;
    %flag_set/vec4 8;
    %jmp/0xz  T_13.4, 8;
    %load/vec4 v0x5641020b6b30_0;
    %store/vec4 v0x5641020b5970_0, 0, 16;
    %pushi/vec4 1, 0, 1;
    %store/vec4 v0x5641020b58d0_0, 0, 1;
    %jmp T_13.5;
T_13.4 ;
    %load/vec4 v0x5641020b5bf0_0;
    %flag_set/vec4 8;
    %jmp/0xz  T_13.6, 8;
    %load/vec4 v0x5641020b5a30_0;
    %store/vec4 v0x5641020b5970_0, 0, 16;
    %pushi/vec4 1, 0, 1;
    %store/vec4 v0x5641020b58d0_0, 0, 1;
    %jmp T_13.7;
T_13.6 ;
    %pushi/vec4 0, 0, 16;
    %store/vec4 v0x5641020b5970_0, 0, 16;
    %pushi/vec4 0, 0, 1;
    %store/vec4 v0x5641020b58d0_0, 0, 1;
T_13.7 ;
T_13.5 ;
T_13.3 ;
T_13.1 ;
    %jmp T_13;
    .thread T_13, $push;
    .scope S_0x564102021df0;
T_14 ;
    %wait E_0x564102098870;
    %load/vec4 v0x5641020b64c0_0;
    %flag_set/vec4 8;
    %jmp/0xz  T_14.0, 8;
    %pushi/vec4 0, 0, 1;
    %assign/vec4 v0x5641020b5f90_0, 0;
    %pushi/vec4 0, 0, 1;
    %assign/vec4 v0x5641020b6030_0, 0;
    %jmp T_14.1;
T_14.0 ;
    %load/vec4 v0x5641020b5830_0;
    %assign/vec4 v0x5641020b5f90_0, 0;
    %load/vec4 v0x5641020b5f90_0;
    %assign/vec4 v0x5641020b6030_0, 0;
T_14.1 ;
    %jmp T_14;
    .thread T_14;
    .scope S_0x564102021df0;
T_15 ;
    %wait E_0x564102098830;
    %pushi/vec4 0, 0, 16;
    %store/vec4 v0x5641020b6260_0, 0, 16;
    %pushi/vec4 0, 0, 1;
    %store/vec4 v0x5641020b6400_0, 0, 1;
    %pushi/vec4 0, 0, 16;
    %store/vec4 v0x5641020b6730_0, 0, 16;
    %pushi/vec4 0, 0, 1;
    %store/vec4 v0x5641020b68d0_0, 0, 1;
    %pushi/vec4 0, 0, 16;
    %store/vec4 v0x5641020b5b10_0, 0, 16;
    %pushi/vec4 0, 0, 1;
    %store/vec4 v0x5641020b5d40_0, 0, 1;
    %pushi/vec4 0, 0, 16;
    %store/vec4 v0x5641020b6c10_0, 0, 16;
    %pushi/vec4 0, 0, 1;
    %store/vec4 v0x5641020b6db0_0, 0, 1;
    %load/vec4 v0x5641020b6590_0;
    %dup/vec4;
    %pushi/vec4 0, 0, 4;
    %cmp/u;
    %jmp/1 T_15.0, 6;
    %dup/vec4;
    %pushi/vec4 1, 0, 4;
    %cmp/u;
    %jmp/1 T_15.1, 6;
    %dup/vec4;
    %pushi/vec4 2, 0, 4;
    %cmp/u;
    %jmp/1 T_15.2, 6;
    %dup/vec4;
    %pushi/vec4 4, 0, 4;
    %cmp/u;
    %jmp/1 T_15.3, 6;
    %dup/vec4;
    %pushi/vec4 3, 0, 4;
    %cmp/u;
    %jmp/1 T_15.4, 6;
    %dup/vec4;
    %pushi/vec4 5, 0, 4;
    %cmp/u;
    %jmp/1 T_15.5, 6;
    %dup/vec4;
    %pushi/vec4 6, 0, 4;
    %cmp/u;
    %jmp/1 T_15.6, 6;
    %dup/vec4;
    %pushi/vec4 7, 0, 4;
    %cmp/u;
    %jmp/1 T_15.7, 6;
    %dup/vec4;
    %pushi/vec4 8, 0, 4;
    %cmp/u;
    %jmp/1 T_15.8, 6;
    %dup/vec4;
    %pushi/vec4 9, 0, 4;
    %cmp/u;
    %jmp/1 T_15.9, 6;
    %dup/vec4;
    %pushi/vec4 10, 0, 4;
    %cmp/u;
    %jmp/1 T_15.10, 6;
    %dup/vec4;
    %pushi/vec4 11, 0, 4;
    %cmp/u;
    %jmp/1 T_15.11, 6;
    %jmp T_15.12;
T_15.0 ;
    %load/vec4 v0x5641020b5970_0;
    %store/vec4 v0x5641020b6260_0, 0, 16;
    %load/vec4 v0x5641020b58d0_0;
    %store/vec4 v0x5641020b6400_0, 0, 1;
    %load/vec4 v0x5641020b5970_0;
    %store/vec4 v0x5641020b6730_0, 0, 16;
    %load/vec4 v0x5641020b58d0_0;
    %store/vec4 v0x5641020b68d0_0, 0, 1;
    %load/vec4 v0x5641020b5970_0;
    %store/vec4 v0x5641020b6c10_0, 0, 16;
    %load/vec4 v0x5641020b58d0_0;
    %store/vec4 v0x5641020b6db0_0, 0, 1;
    %jmp T_15.12;
T_15.1 ;
    %load/vec4 v0x5641020b5970_0;
    %store/vec4 v0x5641020b6260_0, 0, 16;
    %load/vec4 v0x5641020b58d0_0;
    %store/vec4 v0x5641020b6400_0, 0, 1;
    %jmp T_15.12;
T_15.2 ;
    %load/vec4 v0x5641020b5970_0;
    %store/vec4 v0x5641020b6730_0, 0, 16;
    %load/vec4 v0x5641020b58d0_0;
    %store/vec4 v0x5641020b68d0_0, 0, 1;
    %jmp T_15.12;
T_15.3 ;
    %jmp T_15.12;
T_15.4 ;
    %load/vec4 v0x5641020b5970_0;
    %store/vec4 v0x5641020b6c10_0, 0, 16;
    %load/vec4 v0x5641020b58d0_0;
    %store/vec4 v0x5641020b6db0_0, 0, 1;
    %jmp T_15.12;
T_15.5 ;
    %load/vec4 v0x5641020b5970_0;
    %store/vec4 v0x5641020b6260_0, 0, 16;
    %load/vec4 v0x5641020b58d0_0;
    %store/vec4 v0x5641020b6400_0, 0, 1;
    %jmp T_15.12;
T_15.6 ;
    %load/vec4 v0x5641020b5970_0;
    %store/vec4 v0x5641020b6730_0, 0, 16;
    %load/vec4 v0x5641020b58d0_0;
    %store/vec4 v0x5641020b68d0_0, 0, 1;
    %jmp T_15.12;
T_15.7 ;
    %load/vec4 v0x5641020b5970_0;
    %store/vec4 v0x5641020b6c10_0, 0, 16;
    %load/vec4 v0x5641020b58d0_0;
    %store/vec4 v0x5641020b6db0_0, 0, 1;
    %jmp T_15.12;
T_15.8 ;
    %load/vec4 v0x5641020b5970_0;
    %store/vec4 v0x5641020b6c10_0, 0, 16;
    %load/vec4 v0x5641020b58d0_0;
    %store/vec4 v0x5641020b6db0_0, 0, 1;
    %load/vec4 v0x5641020b5970_0;
    %store/vec4 v0x5641020b6260_0, 0, 16;
    %load/vec4 v0x5641020b58d0_0;
    %store/vec4 v0x5641020b6400_0, 0, 1;
    %jmp T_15.12;
T_15.9 ;
    %load/vec4 v0x5641020b5970_0;
    %store/vec4 v0x5641020b6c10_0, 0, 16;
    %load/vec4 v0x5641020b58d0_0;
    %store/vec4 v0x5641020b6db0_0, 0, 1;
    %load/vec4 v0x5641020b5970_0;
    %store/vec4 v0x5641020b6730_0, 0, 16;
    %load/vec4 v0x5641020b58d0_0;
    %store/vec4 v0x5641020b68d0_0, 0, 1;
    %jmp T_15.12;
T_15.10 ;
    %load/vec4 v0x5641020b5970_0;
    %store/vec4 v0x5641020b6c10_0, 0, 16;
    %load/vec4 v0x5641020b58d0_0;
    %store/vec4 v0x5641020b6db0_0, 0, 1;
    %jmp T_15.12;
T_15.11 ;
    %jmp T_15.12;
T_15.12 ;
    %pop/vec4 1;
    %jmp T_15;
    .thread T_15, $push;
    .scope S_0x564101fca4c0;
T_16 ;
    %pushi/vec4 0, 0, 1;
    %store/vec4 v0x5641020c6190_0, 0, 1;
    %end;
    .thread T_16, $init;
    .scope S_0x564101fca4c0;
T_17 ;
    %delay 5000, 0;
    %load/vec4 v0x5641020c6190_0;
    %inv;
    %store/vec4 v0x5641020c6190_0, 0, 1;
    %jmp T_17;
    .thread T_17;
    .scope S_0x564101fca4c0;
T_18 ;
    %pushi/vec4 0, 0, 32;
    %store/vec4 v0x5641020c73d0_0, 0, 32;
T_18.0 ;
    %load/vec4 v0x5641020c73d0_0;
    %pad/s 64;
    %cmpi/s 9, 0, 64;
    %jmp/0xz T_18.1, 5;
    %pushi/vec4 28672, 0, 32;
    %load/vec4 v0x5641020c73d0_0;
    %add;
    %pad/u 16;
    %ix/getv/s 4, v0x5641020c73d0_0;
    %store/vec4a v0x5641020c7330, 4, 0;
    %load/vec4 v0x5641020c73d0_0;
    %addi 1, 0, 32;
    %store/vec4 v0x5641020c73d0_0, 0, 32;
    %jmp T_18.0;
T_18.1 ;
    %end;
    .thread T_18;
    .scope S_0x564101fca4c0;
T_19 ;
    %wait E_0x564101fee7e0;
    %pushi/vec4 0, 0, 16;
    %store/vec4 v0x5641020c75e0_0, 0, 16;
    %pushi/vec4 0, 0, 16;
    %store/vec4 v0x5641020c8000_0, 0, 16;
    %pushi/vec4 0, 0, 16;
    %store/vec4 v0x5641020c8930_0, 0, 16;
    %pushi/vec4 0, 0, 16;
    %store/vec4 v0x5641020c6340_0, 0, 16;
    %load/vec4 v0x5641020c7b50_0;
    %flag_set/vec4 8;
    %jmp/0xz  T_19.0, 8;
    %load/vec4 v0x5641020c5e80_0;
    %pad/u 32;
    %subi 0, 0, 32;
    %ix/vec4 4;
    %load/vec4a v0x5641020c7330, 4;
    %store/vec4 v0x5641020c75e0_0, 0, 16;
T_19.0 ;
    %jmp T_19;
    .thread T_19, $push;
    .scope S_0x564101fca4c0;
T_20 ;
    %wait E_0x564102038a90;
    %pushi/vec4 0, 0, 16;
    %store/vec4 v0x5641020c76b0_0, 0, 16;
    %pushi/vec4 0, 0, 16;
    %store/vec4 v0x5641020c80a0_0, 0, 16;
    %pushi/vec4 0, 0, 16;
    %store/vec4 v0x5641020c8a00_0, 0, 16;
    %pushi/vec4 0, 0, 16;
    %store/vec4 v0x5641020c63e0_0, 0, 16;
    %load/vec4 v0x5641020c7c40_0;
    %flag_set/vec4 8;
    %jmp/0xz  T_20.0, 8;
    %load/vec4 v0x5641020c5f90_0;
    %pad/u 32;
    %subi 0, 0, 32;
    %ix/vec4 4;
    %load/vec4a v0x5641020c7330, 4;
    %store/vec4 v0x5641020c80a0_0, 0, 16;
T_20.0 ;
    %jmp T_20;
    .thread T_20, $push;
    .scope S_0x564101fca4c0;
T_21 ;
    %wait E_0x564102038910;
    %pushi/vec4 0, 0, 16;
    %store/vec4 v0x5641020c7780_0, 0, 16;
    %pushi/vec4 0, 0, 16;
    %store/vec4 v0x5641020c8140_0, 0, 16;
    %pushi/vec4 0, 0, 16;
    %store/vec4 v0x5641020c8ad0_0, 0, 16;
    %pushi/vec4 0, 0, 16;
    %store/vec4 v0x5641020c6480_0, 0, 16;
    %load/vec4 v0x5641020c7d30_0;
    %flag_set/vec4 8;
    %jmp/0xz  T_21.0, 8;
    %load/vec4 v0x5641020c6080_0;
    %pad/u 32;
    %subi 0, 0, 32;
    %ix/vec4 4;
    %load/vec4a v0x5641020c7330, 4;
    %store/vec4 v0x5641020c8ad0_0, 0, 16;
T_21.0 ;
    %jmp T_21;
    .thread T_21, $push;
    .scope S_0x564101fca4c0;
T_22 ;
    %wait E_0x564102030c70;
    %pushi/vec4 0, 0, 16;
    %store/vec4 v0x5641020c7510_0, 0, 16;
    %pushi/vec4 0, 0, 16;
    %store/vec4 v0x5641020c7f60_0, 0, 16;
    %pushi/vec4 0, 0, 16;
    %store/vec4 v0x5641020c8860_0, 0, 16;
    %pushi/vec4 0, 0, 16;
    %store/vec4 v0x5641020c6280_0, 0, 16;
    %load/vec4 v0x5641020c7850_0;
    %flag_set/vec4 8;
    %jmp/0xz  T_22.0, 8;
    %load/vec4 v0x5641020c5da0_0;
    %pad/u 32;
    %subi 0, 0, 32;
    %ix/vec4 4;
    %load/vec4a v0x5641020c7330, 4;
    %store/vec4 v0x5641020c6280_0, 0, 16;
T_22.0 ;
    %jmp T_22;
    .thread T_22, $push;
    .scope S_0x564101fca4c0;
T_23 ;
    %vpi_call/w 3 213 "$display", "\012================================================" {0 0 0};
    %vpi_call/w 3 214 "$display", "     WEIGHT ROUTER \342\200\223 ALL 4 DIRECTIONS TEST" {0 0 0};
    %vpi_call/w 3 215 "$display", "================================================\012" {0 0 0};
    %pushi/vec4 11, 0, 4;
    %store/vec4 v0x5641020c7ec0_0, 0, 4;
    %pushi/vec4 1, 0, 1;
    %store/vec4 v0x5641020c7e20_0, 0, 1;
    %pushi/vec4 0, 0, 1;
    %store/vec4 v0x5641020c6930_0, 0, 1;
    %pushi/vec4 0, 0, 1;
    %store/vec4 v0x5641020c6d80_0, 0, 1;
    %pushi/vec4 0, 0, 1;
    %store/vec4 v0x5641020c70c0_0, 0, 1;
    %pushi/vec4 0, 0, 1;
    %store/vec4 v0x5641020c65f0_0, 0, 1;
    %pushi/vec4 0, 0, 1;
    %store/vec4 v0x5641020c6a00_0, 0, 1;
    %pushi/vec4 0, 0, 1;
    %store/vec4 v0x5641020c6e50_0, 0, 1;
    %pushi/vec4 0, 0, 1;
    %store/vec4 v0x5641020c7190_0, 0, 1;
    %pushi/vec4 0, 0, 1;
    %store/vec4 v0x5641020c66c0_0, 0, 1;
    %pushi/vec4 0, 0, 1;
    %store/vec4 v0x5641020c6ad0_0, 0, 1;
    %pushi/vec4 0, 0, 1;
    %store/vec4 v0x5641020c6f20_0, 0, 1;
    %pushi/vec4 0, 0, 1;
    %store/vec4 v0x5641020c7260_0, 0, 1;
    %pushi/vec4 0, 0, 1;
    %store/vec4 v0x5641020c6790_0, 0, 1;
    %pushi/vec4 0, 0, 1;
    %store/vec4 v0x5641020c6860_0, 0, 1;
    %pushi/vec4 0, 0, 1;
    %store/vec4 v0x5641020c6cb0_0, 0, 1;
    %pushi/vec4 0, 0, 1;
    %store/vec4 v0x5641020c6ff0_0, 0, 1;
    %pushi/vec4 0, 0, 1;
    %store/vec4 v0x5641020c6520_0, 0, 1;
    %pushi/vec4 5, 0, 32;
T_23.0 %dup/vec4;
    %pushi/vec4 0, 0, 32;
    %cmp/s;
    %jmp/1xz T_23.1, 5;
    %jmp/1 T_23.1, 4;
    %pushi/vec4 1, 0, 32;
    %sub;
    %wait E_0x564102098870;
    %jmp T_23.0;
T_23.1 ;
    %pop/vec4 1;
    %pushi/vec4 0, 0, 1;
    %store/vec4 v0x5641020c7e20_0, 0, 1;
    %pushi/vec4 2, 0, 32;
T_23.2 %dup/vec4;
    %pushi/vec4 0, 0, 32;
    %cmp/s;
    %jmp/1xz T_23.3, 5;
    %jmp/1 T_23.3, 4;
    %pushi/vec4 1, 0, 32;
    %sub;
    %wait E_0x564102098870;
    %jmp T_23.2;
T_23.3 ;
    %pop/vec4 1;
    %vpi_call/w 3 230 "$display", "--- Testing NORTH compute (0) ---" {0 0 0};
    %pushi/vec4 0, 0, 32;
    %store/vec4 v0x5641020c7470_0, 0, 32;
    %pushi/vec4 1, 0, 1;
    %store/vec4 v0x5641020c6930_0, 0, 1;
T_23.4 ;
    %load/vec4 v0x5641020c7470_0;
    %pad/s 64;
    %cmpi/s 9, 0, 64;
    %jmp/0xz T_23.5, 5;
    %wait E_0x564102098870;
    %load/vec4 v0x5641020c8450_0;
    %flag_set/vec4 8;
    %jmp/0xz  T_23.6, 8;
    %load/vec4 v0x5641020c8380_0;
    %ix/getv/s 4, v0x5641020c7470_0;
    %load/vec4a v0x5641020c7330, 4;
    %cmp/ne;
    %jmp/0xz  T_23.8, 6;
    %vpi_call/w 3 238 "$display", "\342\235\214 FAIL NORTH idx=%0d got=%h exp=%h", v0x5641020c7470_0, v0x5641020c8380_0, &A<v0x5641020c7330, v0x5641020c7470_0 > {0 0 0};
    %vpi_call/w 3 240 "$finish" {0 0 0};
T_23.8 ;
    ; show_stmt_assign_vector: Get l-value for compressed += operand
    %load/vec4 v0x5641020c7470_0;
    %pushi/vec4 1, 0, 32;
    %add;
    %store/vec4 v0x5641020c7470_0, 0, 32;
T_23.6 ;
    %jmp T_23.4;
T_23.5 ;
    %pushi/vec4 0, 0, 1;
    %store/vec4 v0x5641020c6930_0, 0, 1;
    %vpi_call/w 3 247 "$display", "\342\234\224 NORTH PASS\012" {0 0 0};
    %vpi_call/w 3 250 "$display", "--- Testing SOUTH compute (1) ---" {0 0 0};
    %pushi/vec4 1, 0, 1;
    %store/vec4 v0x5641020c7e20_0, 0, 1;
    %pushi/vec4 3, 0, 32;
T_23.10 %dup/vec4;
    %pushi/vec4 0, 0, 32;
    %cmp/s;
    %jmp/1xz T_23.11, 5;
    %jmp/1 T_23.11, 4;
    %pushi/vec4 1, 0, 32;
    %sub;
    %wait E_0x564102098870;
    %jmp T_23.10;
T_23.11 ;
    %pop/vec4 1;
    %pushi/vec4 0, 0, 1;
    %store/vec4 v0x5641020c7e20_0, 0, 1;
    %pushi/vec4 2, 0, 32;
T_23.12 %dup/vec4;
    %pushi/vec4 0, 0, 32;
    %cmp/s;
    %jmp/1xz T_23.13, 5;
    %jmp/1 T_23.13, 4;
    %pushi/vec4 1, 0, 32;
    %sub;
    %wait E_0x564102098870;
    %jmp T_23.12;
T_23.13 ;
    %pop/vec4 1;
    %pushi/vec4 0, 0, 32;
    %store/vec4 v0x5641020c7470_0, 0, 32;
    %pushi/vec4 1, 0, 1;
    %store/vec4 v0x5641020c6e50_0, 0, 1;
T_23.14 ;
    %load/vec4 v0x5641020c7470_0;
    %pad/s 64;
    %cmpi/s 9, 0, 64;
    %jmp/0xz T_23.15, 5;
    %wait E_0x564102098870;
    %load/vec4 v0x5641020c85f0_0;
    %flag_set/vec4 8;
    %jmp/0xz  T_23.16, 8;
    %load/vec4 v0x5641020c8520_0;
    %ix/getv/s 4, v0x5641020c7470_0;
    %load/vec4a v0x5641020c7330, 4;
    %cmp/ne;
    %jmp/0xz  T_23.18, 6;
    %vpi_call/w 3 259 "$display", "\342\235\214 FAIL SOUTH idx=%0d got=%h exp=%h", v0x5641020c7470_0, v0x5641020c8520_0, &A<v0x5641020c7330, v0x5641020c7470_0 > {0 0 0};
    %vpi_call/w 3 261 "$finish" {0 0 0};
T_23.18 ;
    ; show_stmt_assign_vector: Get l-value for compressed += operand
    %load/vec4 v0x5641020c7470_0;
    %pushi/vec4 1, 0, 32;
    %add;
    %store/vec4 v0x5641020c7470_0, 0, 32;
T_23.16 ;
    %jmp T_23.14;
T_23.15 ;
    %pushi/vec4 0, 0, 1;
    %store/vec4 v0x5641020c6e50_0, 0, 1;
    %vpi_call/w 3 268 "$display", "\342\234\224 SOUTH PASS\012" {0 0 0};
    %vpi_call/w 3 271 "$display", "--- Testing WEST compute (2) ---" {0 0 0};
    %pushi/vec4 1, 0, 1;
    %store/vec4 v0x5641020c7e20_0, 0, 1;
    %pushi/vec4 3, 0, 32;
T_23.20 %dup/vec4;
    %pushi/vec4 0, 0, 32;
    %cmp/s;
    %jmp/1xz T_23.21, 5;
    %jmp/1 T_23.21, 4;
    %pushi/vec4 1, 0, 32;
    %sub;
    %wait E_0x564102098870;
    %jmp T_23.20;
T_23.21 ;
    %pop/vec4 1;
    %pushi/vec4 0, 0, 1;
    %store/vec4 v0x5641020c7e20_0, 0, 1;
    %pushi/vec4 2, 0, 32;
T_23.22 %dup/vec4;
    %pushi/vec4 0, 0, 32;
    %cmp/s;
    %jmp/1xz T_23.23, 5;
    %jmp/1 T_23.23, 4;
    %pushi/vec4 1, 0, 32;
    %sub;
    %wait E_0x564102098870;
    %jmp T_23.22;
T_23.23 ;
    %pop/vec4 1;
    %pushi/vec4 0, 0, 32;
    %store/vec4 v0x5641020c7470_0, 0, 32;
    %pushi/vec4 1, 0, 1;
    %store/vec4 v0x5641020c7260_0, 0, 1;
T_23.24 ;
    %load/vec4 v0x5641020c7470_0;
    %pad/s 64;
    %cmpi/s 9, 0, 64;
    %jmp/0xz T_23.25, 5;
    %wait E_0x564102098870;
    %load/vec4 v0x5641020c8790_0;
    %flag_set/vec4 8;
    %jmp/0xz  T_23.26, 8;
    %load/vec4 v0x5641020c86c0_0;
    %ix/getv/s 4, v0x5641020c7470_0;
    %load/vec4a v0x5641020c7330, 4;
    %cmp/ne;
    %jmp/0xz  T_23.28, 6;
    %vpi_call/w 3 280 "$display", "\342\235\214 FAIL WEST idx=%0d got=%h exp=%h", v0x5641020c7470_0, v0x5641020c86c0_0, &A<v0x5641020c7330, v0x5641020c7470_0 > {0 0 0};
    %vpi_call/w 3 282 "$finish" {0 0 0};
T_23.28 ;
    ; show_stmt_assign_vector: Get l-value for compressed += operand
    %load/vec4 v0x5641020c7470_0;
    %pushi/vec4 1, 0, 32;
    %add;
    %store/vec4 v0x5641020c7470_0, 0, 32;
T_23.26 ;
    %jmp T_23.24;
T_23.25 ;
    %pushi/vec4 0, 0, 1;
    %store/vec4 v0x5641020c7260_0, 0, 1;
    %vpi_call/w 3 289 "$display", "\342\234\224 WEST PASS\012" {0 0 0};
    %vpi_call/w 3 292 "$display", "--- Testing EAST compute (3) ---" {0 0 0};
    %pushi/vec4 1, 0, 1;
    %store/vec4 v0x5641020c7e20_0, 0, 1;
    %pushi/vec4 3, 0, 32;
T_23.30 %dup/vec4;
    %pushi/vec4 0, 0, 32;
    %cmp/s;
    %jmp/1xz T_23.31, 5;
    %jmp/1 T_23.31, 4;
    %pushi/vec4 1, 0, 32;
    %sub;
    %wait E_0x564102098870;
    %jmp T_23.30;
T_23.31 ;
    %pop/vec4 1;
    %pushi/vec4 0, 0, 1;
    %store/vec4 v0x5641020c7e20_0, 0, 1;
    %pushi/vec4 2, 0, 32;
T_23.32 %dup/vec4;
    %pushi/vec4 0, 0, 32;
    %cmp/s;
    %jmp/1xz T_23.33, 5;
    %jmp/1 T_23.33, 4;
    %pushi/vec4 1, 0, 32;
    %sub;
    %wait E_0x564102098870;
    %jmp T_23.32;
T_23.33 ;
    %pop/vec4 1;
    %pushi/vec4 0, 0, 32;
    %store/vec4 v0x5641020c7470_0, 0, 32;
    %pushi/vec4 1, 0, 1;
    %store/vec4 v0x5641020c6520_0, 0, 1;
T_23.34 ;
    %load/vec4 v0x5641020c7470_0;
    %pad/s 64;
    %cmpi/s 9, 0, 64;
    %jmp/0xz T_23.35, 5;
    %wait E_0x564102098870;
    %load/vec4 v0x5641020c82b0_0;
    %flag_set/vec4 8;
    %jmp/0xz  T_23.36, 8;
    %load/vec4 v0x5641020c81e0_0;
    %ix/getv/s 4, v0x5641020c7470_0;
    %load/vec4a v0x5641020c7330, 4;
    %cmp/ne;
    %jmp/0xz  T_23.38, 6;
    %vpi_call/w 3 301 "$display", "\342\235\214 FAIL EAST idx=%0d got=%h exp=%h", v0x5641020c7470_0, v0x5641020c81e0_0, &A<v0x5641020c7330, v0x5641020c7470_0 > {0 0 0};
    %vpi_call/w 3 303 "$finish" {0 0 0};
T_23.38 ;
    ; show_stmt_assign_vector: Get l-value for compressed += operand
    %load/vec4 v0x5641020c7470_0;
    %pushi/vec4 1, 0, 32;
    %add;
    %store/vec4 v0x5641020c7470_0, 0, 32;
T_23.36 ;
    %jmp T_23.34;
T_23.35 ;
    %pushi/vec4 0, 0, 1;
    %store/vec4 v0x5641020c6520_0, 0, 1;
    %vpi_call/w 3 310 "$display", "\342\234\224 EAST PASS\012" {0 0 0};
    %vpi_call/w 3 312 "$display", "================================================" {0 0 0};
    %vpi_call/w 3 313 "$display", "  ALL 4 WEIGHT DIRECTIONS PASSED! \360\237\216\211" {0 0 0};
    %vpi_call/w 3 314 "$display", "================================================\012" {0 0 0};
    %vpi_call/w 3 316 "$finish" {0 0 0};
    %end;
    .thread T_23;
# The file index is used to find the file name in the following table.
:file_names 6;
    "N/A";
    "<interactive>";
    "-";
    "testbench/router_weight_tb.v";
    "rtl/router_weight_generic.v";
    "rtl/router_weight.v";
