#! /usr/bin/vvp
:ivl_version "12.0 (stable)" "(v12_0-dirty)";
:ivl_delay_selection "TYPICAL";
:vpi_time_precision - 12;
:vpi_module "/usr/lib/ivl/system.vpi";
:vpi_module "/usr/lib/ivl/vhdl_sys.vpi";
:vpi_module "/usr/lib/ivl/vhdl_textio.vpi";
:vpi_module "/usr/lib/ivl/v2005_math.vpi";
:vpi_module "/usr/lib/ivl/va_math.vpi";
:vpi_module "/usr/lib/ivl/v2009.vpi";
S_0x55a48ba376a0 .scope package, "$unit" "$unit" 2 1;
 .timescale 0 0;
S_0x55a48ba96f60 .scope module, "router_generic_iact_tb" "router_generic_iact_tb" 3 3;
 .timescale -9 -12;
P_0x55a48ba970f0 .param/l "ADDR_BITWIDTH_GLB" 1 3 9, +C4<00000000000000000000000000001010>;
P_0x55a48ba97130 .param/l "ADDR_BITWIDTH_SPAD" 1 3 10, +C4<00000000000000000000000000001001>;
P_0x55a48ba97170 .param/l "A_LOAD_ADDR" 1 3 18, +C4<00000000000000000000000000000000>;
P_0x55a48ba971b0 .param/l "A_READ_ADDR" 1 3 17, +C4<00000000000000000000000001100100>;
P_0x55a48ba971f0 .param/l "CLOSED" 1 3 23, C4<1011>;
P_0x55a48ba97230 .param/l "DATA_BITWIDTH" 1 3 8, +C4<00000000000000000000000000010000>;
P_0x55a48ba97270 .param/l "TOTAL_ELEMS" 1 3 20, +C4<0000000000000000000000000000000000000000000000000000000000011001>;
P_0x55a48ba972b0 .param/l "X_dim" 1 3 12, +C4<00000000000000000000000000000101>;
P_0x55a48ba972f0 .param/l "Y_dim" 1 3 13, +C4<00000000000000000000000000000011>;
P_0x55a48ba97330 .param/l "act_size" 1 3 15, +C4<00000000000000000000000000000101>;
P_0x55a48ba97370 .param/l "kernel_size" 1 3 14, +C4<00000000000000000000000000000011>;
v0x55a48bb3b1a0_0 .var "clk", 0 0;
v0x55a48bb3b370_0 .var "east_data_i_E", 15 0;
v0x55a48bb3b460_0 .var "east_data_i_N", 15 0;
v0x55a48bb3b560_0 .var "east_data_i_S", 15 0;
v0x55a48bb3b630_0 .var "east_data_i_W", 15 0;
v0x55a48bb3b6d0_0 .net "east_data_o_E", 15 0, v0x55a48bb2c850_0;  1 drivers
v0x55a48bb3b7a0_0 .net "east_data_o_N", 15 0, v0x55a48bb30c50_0;  1 drivers
v0x55a48bb3b870_0 .net "east_data_o_S", 15 0, v0x55a48bb35370_0;  1 drivers
v0x55a48bb3b940_0 .net "east_data_o_W", 15 0, v0x55a48bb39970_0;  1 drivers
v0x55a48bb3ba10_0 .var "east_enable_i_E", 0 0;
v0x55a48bb3bae0_0 .var "east_enable_i_N", 0 0;
v0x55a48bb3bbb0_0 .var "east_enable_i_S", 0 0;
v0x55a48bb3bc80_0 .var "east_enable_i_W", 0 0;
v0x55a48bb3bd50_0 .net "east_enable_o_E", 0 0, v0x55a48bb2c9d0_0;  1 drivers
v0x55a48bb3be20_0 .net "east_enable_o_N", 0 0, v0x55a48bb30df0_0;  1 drivers
v0x55a48bb3bef0_0 .net "east_enable_o_S", 0 0, v0x55a48bb35510_0;  1 drivers
v0x55a48bb3bfc0_0 .net "east_enable_o_W", 0 0, v0x55a48bb39b10_0;  1 drivers
v0x55a48bb3c1a0 .array "expected_vals", 24 0, 15 0;
v0x55a48bb3c510_0 .net "glb_addr_E", 9 0, v0x55a48bad8050_0;  1 drivers
v0x55a48bb3c5d0_0 .net "glb_addr_N", 9 0, v0x55a48bb302d0_0;  1 drivers
v0x55a48bb3c6e0_0 .net "glb_addr_S", 9 0, v0x55a48bb34940_0;  1 drivers
v0x55a48bb3c7f0_0 .net "glb_addr_W", 9 0, v0x55a48bb39010_0;  1 drivers
v0x55a48bb3c900_0 .net "glb_req_E", 0 0, v0x55a48bad60a0_0;  1 drivers
v0x55a48bb3c9f0_0 .net "glb_req_N", 0 0, v0x55a48bb304e0_0;  1 drivers
v0x55a48bb3cae0_0 .net "glb_req_S", 0 0, v0x55a48bb34b00_0;  1 drivers
v0x55a48bb3cbd0_0 .net "glb_req_W", 0 0, v0x55a48bb39220_0;  1 drivers
v0x55a48bb3ccc0_0 .var/i "i", 31 0;
v0x55a48bb3cda0_0 .var/i "idx", 31 0;
v0x55a48bb3ce80_0 .var/i "idxE", 31 0;
v0x55a48bb3cf60_0 .var/i "idxN", 31 0;
v0x55a48bb3d040_0 .var/i "idxS", 31 0;
v0x55a48bb3d120_0 .var/i "idxW", 31 0;
v0x55a48bb3d200_0 .var "north_data_i_E", 15 0;
v0x55a48bb3d2c0_0 .var "north_data_i_N", 15 0;
v0x55a48bb3d360_0 .var "north_data_i_S", 15 0;
v0x55a48bb3d400_0 .var "north_data_i_W", 15 0;
v0x55a48bb3d4a0_0 .net "north_data_o_E", 15 0, v0x55a48bb2cfe0_0;  1 drivers
v0x55a48bb3d540_0 .net "north_data_o_N", 15 0, v0x55a48bb31460_0;  1 drivers
v0x55a48bb3d5e0_0 .net "north_data_o_S", 15 0, v0x55a48bb35b80_0;  1 drivers
v0x55a48bb3d680_0 .net "north_data_o_W", 15 0, v0x55a48bb3a180_0;  1 drivers
v0x55a48bb3d720_0 .var "north_enable_i_E", 0 0;
v0x55a48bb3d7f0_0 .var "north_enable_i_N", 0 0;
v0x55a48bb3d8c0_0 .var "north_enable_i_S", 0 0;
v0x55a48bb3d990_0 .var "north_enable_i_W", 0 0;
v0x55a48bb3da60_0 .net "north_enable_o_E", 0 0, v0x55a48bb2d180_0;  1 drivers
v0x55a48bb3db30_0 .net "north_enable_o_N", 0 0, v0x55a48bb31600_0;  1 drivers
v0x55a48bb3dc00_0 .net "north_enable_o_S", 0 0, v0x55a48bb35d20_0;  1 drivers
v0x55a48bb3dcd0_0 .net "north_enable_o_W", 0 0, v0x55a48bb3a320_0;  1 drivers
v0x55a48bb3dda0_0 .var "reset", 0 0;
v0x55a48bb3de40_0 .var "router_mode", 3 0;
v0x55a48bb3dee0_0 .var "south_data_i_E", 15 0;
v0x55a48bb3dfb0_0 .var "south_data_i_N", 15 0;
v0x55a48bb3e080_0 .var "south_data_i_S", 15 0;
v0x55a48bb3e150_0 .var "south_data_i_W", 15 0;
v0x55a48bb3e220_0 .net "south_data_o_E", 15 0, v0x55a48bb2d480_0;  1 drivers
v0x55a48bb3e2f0_0 .net "south_data_o_N", 15 0, v0x55a48bb31a20_0;  1 drivers
v0x55a48bb3e3c0_0 .net "south_data_o_S", 15 0, v0x55a48bb36130_0;  1 drivers
v0x55a48bb3e490_0 .net "south_data_o_W", 15 0, v0x55a48bb3a730_0;  1 drivers
v0x55a48bb3e560_0 .var "south_enable_i_E", 0 0;
v0x55a48bb3e630_0 .var "south_enable_i_N", 0 0;
v0x55a48bb3e700_0 .var "south_enable_i_S", 0 0;
v0x55a48bb3e7d0_0 .var "south_enable_i_W", 0 0;
v0x55a48bb3e8a0_0 .net "south_enable_o_E", 0 0, v0x55a48bb2d620_0;  1 drivers
v0x55a48bb3e970_0 .net "south_enable_o_N", 0 0, v0x55a48bb31bc0_0;  1 drivers
v0x55a48bb3ea40_0 .net "south_enable_o_S", 0 0, v0x55a48bb362d0_0;  1 drivers
v0x55a48bb3ef20_0 .net "south_enable_o_W", 0 0, v0x55a48bb3a8d0_0;  1 drivers
v0x55a48bb3eff0_0 .var "west_data_i_E", 15 0;
v0x55a48bb3f0c0_0 .var "west_data_i_N", 15 0;
v0x55a48bb3f190_0 .var "west_data_i_S", 15 0;
v0x55a48bb3f260_0 .var "west_data_i_W", 15 0;
v0x55a48bb3f330_0 .net "west_data_o_E", 15 0, v0x55a48bb2d910_0;  1 drivers
v0x55a48bb3f400_0 .net "west_data_o_N", 15 0, v0x55a48bb31ee0_0;  1 drivers
v0x55a48bb3f4d0_0 .net "west_data_o_S", 15 0, v0x55a48bb365c0_0;  1 drivers
v0x55a48bb3f5a0_0 .net "west_data_o_W", 15 0, v0x55a48bb3abf0_0;  1 drivers
v0x55a48bb3f670_0 .var "west_enable_i_E", 0 0;
v0x55a48bb3f740_0 .var "west_enable_i_N", 0 0;
v0x55a48bb3f810_0 .var "west_enable_i_S", 0 0;
v0x55a48bb3f8e0_0 .var "west_enable_i_W", 0 0;
v0x55a48bb3f9b0_0 .net "west_enable_o_E", 0 0, v0x55a48bb2dab0_0;  1 drivers
v0x55a48bb3fa80_0 .net "west_enable_o_N", 0 0, v0x55a48bb32080_0;  1 drivers
v0x55a48bb3fb50_0 .net "west_enable_o_S", 0 0, v0x55a48bb36760_0;  1 drivers
v0x55a48bb3fc20_0 .net "west_enable_o_W", 0 0, v0x55a48bb3ad90_0;  1 drivers
v0x55a48bb3c1a0_0 .array/port v0x55a48bb3c1a0, 0;
E_0x55a48baa59e0/0 .event anyedge, v0x55a48bad60a0_0, v0x55a48bad8050_0, v0x55a48bb3ce80_0, v0x55a48bb3c1a0_0;
v0x55a48bb3c1a0_1 .array/port v0x55a48bb3c1a0, 1;
v0x55a48bb3c1a0_2 .array/port v0x55a48bb3c1a0, 2;
v0x55a48bb3c1a0_3 .array/port v0x55a48bb3c1a0, 3;
v0x55a48bb3c1a0_4 .array/port v0x55a48bb3c1a0, 4;
E_0x55a48baa59e0/1 .event anyedge, v0x55a48bb3c1a0_1, v0x55a48bb3c1a0_2, v0x55a48bb3c1a0_3, v0x55a48bb3c1a0_4;
v0x55a48bb3c1a0_5 .array/port v0x55a48bb3c1a0, 5;
v0x55a48bb3c1a0_6 .array/port v0x55a48bb3c1a0, 6;
v0x55a48bb3c1a0_7 .array/port v0x55a48bb3c1a0, 7;
v0x55a48bb3c1a0_8 .array/port v0x55a48bb3c1a0, 8;
E_0x55a48baa59e0/2 .event anyedge, v0x55a48bb3c1a0_5, v0x55a48bb3c1a0_6, v0x55a48bb3c1a0_7, v0x55a48bb3c1a0_8;
v0x55a48bb3c1a0_9 .array/port v0x55a48bb3c1a0, 9;
v0x55a48bb3c1a0_10 .array/port v0x55a48bb3c1a0, 10;
v0x55a48bb3c1a0_11 .array/port v0x55a48bb3c1a0, 11;
v0x55a48bb3c1a0_12 .array/port v0x55a48bb3c1a0, 12;
E_0x55a48baa59e0/3 .event anyedge, v0x55a48bb3c1a0_9, v0x55a48bb3c1a0_10, v0x55a48bb3c1a0_11, v0x55a48bb3c1a0_12;
v0x55a48bb3c1a0_13 .array/port v0x55a48bb3c1a0, 13;
v0x55a48bb3c1a0_14 .array/port v0x55a48bb3c1a0, 14;
v0x55a48bb3c1a0_15 .array/port v0x55a48bb3c1a0, 15;
v0x55a48bb3c1a0_16 .array/port v0x55a48bb3c1a0, 16;
E_0x55a48baa59e0/4 .event anyedge, v0x55a48bb3c1a0_13, v0x55a48bb3c1a0_14, v0x55a48bb3c1a0_15, v0x55a48bb3c1a0_16;
v0x55a48bb3c1a0_17 .array/port v0x55a48bb3c1a0, 17;
v0x55a48bb3c1a0_18 .array/port v0x55a48bb3c1a0, 18;
v0x55a48bb3c1a0_19 .array/port v0x55a48bb3c1a0, 19;
v0x55a48bb3c1a0_20 .array/port v0x55a48bb3c1a0, 20;
E_0x55a48baa59e0/5 .event anyedge, v0x55a48bb3c1a0_17, v0x55a48bb3c1a0_18, v0x55a48bb3c1a0_19, v0x55a48bb3c1a0_20;
v0x55a48bb3c1a0_21 .array/port v0x55a48bb3c1a0, 21;
v0x55a48bb3c1a0_22 .array/port v0x55a48bb3c1a0, 22;
v0x55a48bb3c1a0_23 .array/port v0x55a48bb3c1a0, 23;
v0x55a48bb3c1a0_24 .array/port v0x55a48bb3c1a0, 24;
E_0x55a48baa59e0/6 .event anyedge, v0x55a48bb3c1a0_21, v0x55a48bb3c1a0_22, v0x55a48bb3c1a0_23, v0x55a48bb3c1a0_24;
E_0x55a48baa59e0 .event/or E_0x55a48baa59e0/0, E_0x55a48baa59e0/1, E_0x55a48baa59e0/2, E_0x55a48baa59e0/3, E_0x55a48baa59e0/4, E_0x55a48baa59e0/5, E_0x55a48baa59e0/6;
E_0x55a48baa3d30/0 .event anyedge, v0x55a48bb39220_0, v0x55a48bb39010_0, v0x55a48bb3d120_0, v0x55a48bb3c1a0_0;
E_0x55a48baa3d30/1 .event anyedge, v0x55a48bb3c1a0_1, v0x55a48bb3c1a0_2, v0x55a48bb3c1a0_3, v0x55a48bb3c1a0_4;
E_0x55a48baa3d30/2 .event anyedge, v0x55a48bb3c1a0_5, v0x55a48bb3c1a0_6, v0x55a48bb3c1a0_7, v0x55a48bb3c1a0_8;
E_0x55a48baa3d30/3 .event anyedge, v0x55a48bb3c1a0_9, v0x55a48bb3c1a0_10, v0x55a48bb3c1a0_11, v0x55a48bb3c1a0_12;
E_0x55a48baa3d30/4 .event anyedge, v0x55a48bb3c1a0_13, v0x55a48bb3c1a0_14, v0x55a48bb3c1a0_15, v0x55a48bb3c1a0_16;
E_0x55a48baa3d30/5 .event anyedge, v0x55a48bb3c1a0_17, v0x55a48bb3c1a0_18, v0x55a48bb3c1a0_19, v0x55a48bb3c1a0_20;
E_0x55a48baa3d30/6 .event anyedge, v0x55a48bb3c1a0_21, v0x55a48bb3c1a0_22, v0x55a48bb3c1a0_23, v0x55a48bb3c1a0_24;
E_0x55a48baa3d30 .event/or E_0x55a48baa3d30/0, E_0x55a48baa3d30/1, E_0x55a48baa3d30/2, E_0x55a48baa3d30/3, E_0x55a48baa3d30/4, E_0x55a48baa3d30/5, E_0x55a48baa3d30/6;
E_0x55a48baa5d00/0 .event anyedge, v0x55a48bb34b00_0, v0x55a48bb34940_0, v0x55a48bb3d040_0, v0x55a48bb3c1a0_0;
E_0x55a48baa5d00/1 .event anyedge, v0x55a48bb3c1a0_1, v0x55a48bb3c1a0_2, v0x55a48bb3c1a0_3, v0x55a48bb3c1a0_4;
E_0x55a48baa5d00/2 .event anyedge, v0x55a48bb3c1a0_5, v0x55a48bb3c1a0_6, v0x55a48bb3c1a0_7, v0x55a48bb3c1a0_8;
E_0x55a48baa5d00/3 .event anyedge, v0x55a48bb3c1a0_9, v0x55a48bb3c1a0_10, v0x55a48bb3c1a0_11, v0x55a48bb3c1a0_12;
E_0x55a48baa5d00/4 .event anyedge, v0x55a48bb3c1a0_13, v0x55a48bb3c1a0_14, v0x55a48bb3c1a0_15, v0x55a48bb3c1a0_16;
E_0x55a48baa5d00/5 .event anyedge, v0x55a48bb3c1a0_17, v0x55a48bb3c1a0_18, v0x55a48bb3c1a0_19, v0x55a48bb3c1a0_20;
E_0x55a48baa5d00/6 .event anyedge, v0x55a48bb3c1a0_21, v0x55a48bb3c1a0_22, v0x55a48bb3c1a0_23, v0x55a48bb3c1a0_24;
E_0x55a48baa5d00 .event/or E_0x55a48baa5d00/0, E_0x55a48baa5d00/1, E_0x55a48baa5d00/2, E_0x55a48baa5d00/3, E_0x55a48baa5d00/4, E_0x55a48baa5d00/5, E_0x55a48baa5d00/6;
E_0x55a48ba5b7e0/0 .event anyedge, v0x55a48bb304e0_0, v0x55a48bb302d0_0, v0x55a48bb3cf60_0, v0x55a48bb3c1a0_0;
E_0x55a48ba5b7e0/1 .event anyedge, v0x55a48bb3c1a0_1, v0x55a48bb3c1a0_2, v0x55a48bb3c1a0_3, v0x55a48bb3c1a0_4;
E_0x55a48ba5b7e0/2 .event anyedge, v0x55a48bb3c1a0_5, v0x55a48bb3c1a0_6, v0x55a48bb3c1a0_7, v0x55a48bb3c1a0_8;
E_0x55a48ba5b7e0/3 .event anyedge, v0x55a48bb3c1a0_9, v0x55a48bb3c1a0_10, v0x55a48bb3c1a0_11, v0x55a48bb3c1a0_12;
E_0x55a48ba5b7e0/4 .event anyedge, v0x55a48bb3c1a0_13, v0x55a48bb3c1a0_14, v0x55a48bb3c1a0_15, v0x55a48bb3c1a0_16;
E_0x55a48ba5b7e0/5 .event anyedge, v0x55a48bb3c1a0_17, v0x55a48bb3c1a0_18, v0x55a48bb3c1a0_19, v0x55a48bb3c1a0_20;
E_0x55a48ba5b7e0/6 .event anyedge, v0x55a48bb3c1a0_21, v0x55a48bb3c1a0_22, v0x55a48bb3c1a0_23, v0x55a48bb3c1a0_24;
E_0x55a48ba5b7e0 .event/or E_0x55a48ba5b7e0/0, E_0x55a48ba5b7e0/1, E_0x55a48ba5b7e0/2, E_0x55a48ba5b7e0/3, E_0x55a48ba5b7e0/4, E_0x55a48ba5b7e0/5, E_0x55a48ba5b7e0/6;
S_0x55a48baa0560 .scope module, "dutE" "router_generic_iact" 3 210, 4 3 0, S_0x55a48ba96f60;
 .timescale -9 -12;
    .port_info 0 /INPUT 1 "clk";
    .port_info 1 /INPUT 1 "reset";
    .port_info 2 /INPUT 4 "router_mode";
    .port_info 3 /OUTPUT 10 "glb_addr_read";
    .port_info 4 /OUTPUT 1 "glb_req_read";
    .port_info 5 /INPUT 16 "north_data_i";
    .port_info 6 /INPUT 1 "north_enable_i";
    .port_info 7 /INPUT 16 "south_data_i";
    .port_info 8 /INPUT 1 "south_enable_i";
    .port_info 9 /INPUT 16 "west_data_i";
    .port_info 10 /INPUT 1 "west_enable_i";
    .port_info 11 /INPUT 16 "east_data_i";
    .port_info 12 /INPUT 1 "east_enable_i";
    .port_info 13 /OUTPUT 16 "north_data_o";
    .port_info 14 /OUTPUT 1 "north_enable_o";
    .port_info 15 /OUTPUT 16 "south_data_o";
    .port_info 16 /OUTPUT 1 "south_enable_o";
    .port_info 17 /OUTPUT 16 "west_data_o";
    .port_info 18 /OUTPUT 1 "west_enable_o";
    .port_info 19 /OUTPUT 16 "east_data_o";
    .port_info 20 /OUTPUT 1 "east_enable_o";
P_0x55a48bb0feb0 .param/l "ADDR_BITWIDTH_GLB" 0 4 6, +C4<00000000000000000000000000001010>;
P_0x55a48bb0fef0 .param/l "ADDR_BITWIDTH_SPAD" 0 4 7, +C4<00000000000000000000000000001001>;
P_0x55a48bb0ff30 .param/l "ALL" 1 4 148, +C4<00000000000000000000000000000000>;
P_0x55a48bb0ff70 .param/l "A_LOAD_ADDR" 0 4 15, +C4<00000000000000000000000000000000>;
P_0x55a48bb0ffb0 .param/l "A_READ_ADDR" 0 4 14, +C4<00000000000000000000000001100100>;
P_0x55a48bb0fff0 .param/l "CLOSED" 1 4 159, +C4<00000000000000000000000000001011>;
P_0x55a48bb10030 .param/str "COMPUTE_DIR" 0 4 19, "EAST";
P_0x55a48bb10070 .param/l "DATA_BITWIDTH" 0 4 5, +C4<00000000000000000000000000010000>;
P_0x55a48bb100b0 .param/l "EAST" 1 4 152, +C4<00000000000000000000000000000100>;
P_0x55a48bb100f0 .param/l "EASTNORTH" 1 4 153, +C4<00000000000000000000000000000101>;
P_0x55a48bb10130 .param/l "EASTSOUTH" 1 4 154, +C4<00000000000000000000000000000110>;
P_0x55a48bb10170 .param/l "EASTWEST" 1 4 155, +C4<00000000000000000000000000000111>;
P_0x55a48bb101b0 .param/l "NORTH" 1 4 149, +C4<00000000000000000000000000000001>;
P_0x55a48bb101f0 .param/l "SOUTH" 1 4 150, +C4<00000000000000000000000000000010>;
P_0x55a48bb10230 .param/l "WEST" 1 4 151, +C4<00000000000000000000000000000011>;
P_0x55a48bb10270 .param/l "WESTEAST" 1 4 158, +C4<00000000000000000000000000001010>;
P_0x55a48bb102b0 .param/l "WESTNORTH" 1 4 156, +C4<00000000000000000000000000001000>;
P_0x55a48bb102f0 .param/l "WESTSOUTH" 1 4 157, +C4<00000000000000000000000000001001>;
P_0x55a48bb10330 .param/l "X_dim" 0 4 9, +C4<00000000000000000000000000000101>;
P_0x55a48bb10370 .param/l "Y_dim" 0 4 10, +C4<00000000000000000000000000000011>;
P_0x55a48bb103b0 .param/l "act_size" 0 4 12, +C4<00000000000000000000000000000101>;
P_0x55a48bb103f0 .param/l "kernel_size" 0 4 11, +C4<00000000000000000000000000000011>;
L_0x55a48bad5ee0 .functor NOT 1, v0x55a48bb2cdc0_0, C4<0>, C4<0>, C4<0>;
L_0x55a48bb3ff70 .functor AND 1, v0x55a48bb2cd20_0, L_0x55a48bad5ee0, C4<1>, C4<1>;
v0x55a48bb2c550_0 .net *"_ivl_0", 0 0, L_0x55a48bad5ee0;  1 drivers
v0x55a48bb2c650_0 .net "clk", 0 0, v0x55a48bb3b1a0_0;  1 drivers
v0x55a48bb2c710_0 .var "data_out", 15 0;
v0x55a48bb2c7b0_0 .net "east_data_i", 15 0, v0x55a48bb3b370_0;  1 drivers
v0x55a48bb2c850_0 .var "east_data_o", 15 0;
v0x55a48bb2c910_0 .net "east_enable_i", 0 0, v0x55a48bb3ba10_0;  1 drivers
v0x55a48bb2c9d0_0 .var "east_enable_o", 0 0;
v0x55a48bb2ca90_0 .net "glb_addr_read", 9 0, v0x55a48bad8050_0;  alias, 1 drivers
v0x55a48bb2cb50_0 .net "glb_req_read", 0 0, v0x55a48bad60a0_0;  alias, 1 drivers
v0x55a48bb2cc80_0 .net "load_spad_ctrl", 0 0, L_0x55a48bb3ff70;  1 drivers
v0x55a48bb2cd20_0 .var "load_spad_ctrl_0", 0 0;
v0x55a48bb2cdc0_0 .var "load_spad_ctrl_1", 0 0;
v0x55a48bb2ce60_0 .var "load_spad_ctrl_c", 0 0;
v0x55a48bb2cf00_0 .net "north_data_i", 15 0, v0x55a48bb3d200_0;  1 drivers
v0x55a48bb2cfe0_0 .var "north_data_o", 15 0;
v0x55a48bb2d0c0_0 .net "north_enable_i", 0 0, v0x55a48bb3d720_0;  1 drivers
v0x55a48bb2d180_0 .var "north_enable_o", 0 0;
v0x55a48bb2d240_0 .net "reset", 0 0, v0x55a48bb3dda0_0;  1 drivers
v0x55a48bb2d2e0_0 .net "router_mode", 3 0, v0x55a48bb3de40_0;  1 drivers
v0x55a48bb2d3a0_0 .net "south_data_i", 15 0, v0x55a48bb3dee0_0;  1 drivers
v0x55a48bb2d480_0 .var "south_data_o", 15 0;
v0x55a48bb2d560_0 .net "south_enable_i", 0 0, v0x55a48bb3e560_0;  1 drivers
v0x55a48bb2d620_0 .var "south_enable_o", 0 0;
v0x55a48bb2d6e0_0 .net "spad_data_o", 15 0, v0x55a48bb2c370_0;  1 drivers
v0x55a48bb2d7a0_0 .net "spad_en_o", 0 0, v0x55a48bae0390_0;  1 drivers
v0x55a48bb2d870_0 .net "west_data_i", 15 0, v0x55a48bb3eff0_0;  1 drivers
v0x55a48bb2d910_0 .var "west_data_o", 15 0;
v0x55a48bb2d9f0_0 .net "west_enable_i", 0 0, v0x55a48bb3f670_0;  1 drivers
v0x55a48bb2dab0_0 .var "west_enable_o", 0 0;
E_0x55a48bb0e870 .event anyedge, v0x55a48bb2d2e0_0, v0x55a48bb2c370_0, v0x55a48bae0390_0, v0x55a48bad6000_0;
E_0x55a48bb0e930 .event posedge, v0x55a48baea8c0_0;
E_0x55a48bae8310/0 .event anyedge, v0x55a48bb2d0c0_0, v0x55a48bb2cf00_0, v0x55a48bb2d560_0, v0x55a48bb2d3a0_0;
E_0x55a48bae8310/1 .event anyedge, v0x55a48bb2d9f0_0, v0x55a48bb2d870_0, v0x55a48bb2c910_0, v0x55a48bb2c7b0_0;
E_0x55a48bae8310 .event/or E_0x55a48bae8310/0, E_0x55a48bae8310/1;
S_0x55a48bb10cd0 .scope module, "router_iact_0" "router_iact" 4 128, 5 3 0, S_0x55a48baa0560;
 .timescale -9 -12;
    .port_info 0 /INPUT 1 "clk";
    .port_info 1 /INPUT 1 "reset";
    .port_info 2 /INPUT 16 "r_data_glb_iact";
    .port_info 3 /OUTPUT 10 "r_addr_glb_iact";
    .port_info 4 /OUTPUT 1 "read_req_glb_iact";
    .port_info 5 /OUTPUT 16 "w_data_spad";
    .port_info 6 /OUTPUT 1 "load_en_spad";
    .port_info 7 /INPUT 1 "load_spad_ctrl";
P_0x55a48bb10e60 .param/l "ADDR_BITWIDTH_GLB" 0 5 5, +C4<00000000000000000000000000001010>;
P_0x55a48bb10ea0 .param/l "ADDR_BITWIDTH_SPAD" 0 5 6, +C4<00000000000000000000000000001001>;
P_0x55a48bb10ee0 .param/l "A_LOAD_ADDR" 0 5 14, +C4<00000000000000000000000000000000>;
P_0x55a48bb10f20 .param/l "A_READ_ADDR" 0 5 13, +C4<00000000000000000000000001100100>;
P_0x55a48bb10f60 .param/l "DATA_BITWIDTH" 0 5 4, +C4<00000000000000000000000000010000>;
P_0x55a48bb10fa0 .param/l "IDLE" 1 5 35, C4<000>;
P_0x55a48bb10fe0 .param/l "READ_GLB" 1 5 36, C4<001>;
P_0x55a48bb11020 .param/l "TOTAL_ELEMS" 1 5 40, +C4<00000000000000000000000000011001>;
P_0x55a48bb11060 .param/l "WRITE_SPAD" 1 5 37, C4<010>;
P_0x55a48bb110a0 .param/l "X_dim" 0 5 8, +C4<00000000000000000000000000000101>;
P_0x55a48bb110e0 .param/l "Y_dim" 0 5 9, +C4<00000000000000000000000000000011>;
P_0x55a48bb11120 .param/l "act_size" 0 5 11, +C4<00000000000000000000000000000101>;
P_0x55a48bb11160 .param/l "kernel_size" 0 5 10, +C4<00000000000000000000000000000011>;
v0x55a48baea8c0_0 .net "clk", 0 0, v0x55a48bb3b1a0_0;  alias, 1 drivers
v0x55a48bae24b0_0 .var "filt_count", 5 0;
v0x55a48bae0390_0 .var "load_en_spad", 0 0;
v0x55a48bae0430_0 .net "load_spad_ctrl", 0 0, L_0x55a48bb3ff70;  alias, 1 drivers
v0x55a48bad8050_0 .var "r_addr_glb_iact", 9 0;
v0x55a48bad6000_0 .net "r_data_glb_iact", 15 0, v0x55a48bb2c710_0;  1 drivers
v0x55a48bad60a0_0 .var "read_req_glb_iact", 0 0;
v0x55a48bb2c1d0_0 .net "reset", 0 0, v0x55a48bb3dda0_0;  alias, 1 drivers
v0x55a48bb2c290_0 .var "state", 2 0;
v0x55a48bb2c370_0 .var "w_data_spad", 15 0;
E_0x55a48baa3a40 .event posedge, v0x55a48bb2c1d0_0, v0x55a48baea8c0_0;
S_0x55a48bb2de10 .scope module, "dutN" "router_generic_iact" 3 96, 4 3 0, S_0x55a48ba96f60;
 .timescale -9 -12;
    .port_info 0 /INPUT 1 "clk";
    .port_info 1 /INPUT 1 "reset";
    .port_info 2 /INPUT 4 "router_mode";
    .port_info 3 /OUTPUT 10 "glb_addr_read";
    .port_info 4 /OUTPUT 1 "glb_req_read";
    .port_info 5 /INPUT 16 "north_data_i";
    .port_info 6 /INPUT 1 "north_enable_i";
    .port_info 7 /INPUT 16 "south_data_i";
    .port_info 8 /INPUT 1 "south_enable_i";
    .port_info 9 /INPUT 16 "west_data_i";
    .port_info 10 /INPUT 1 "west_enable_i";
    .port_info 11 /INPUT 16 "east_data_i";
    .port_info 12 /INPUT 1 "east_enable_i";
    .port_info 13 /OUTPUT 16 "north_data_o";
    .port_info 14 /OUTPUT 1 "north_enable_o";
    .port_info 15 /OUTPUT 16 "south_data_o";
    .port_info 16 /OUTPUT 1 "south_enable_o";
    .port_info 17 /OUTPUT 16 "west_data_o";
    .port_info 18 /OUTPUT 1 "west_enable_o";
    .port_info 19 /OUTPUT 16 "east_data_o";
    .port_info 20 /OUTPUT 1 "east_enable_o";
P_0x55a48bb2dfc0 .param/l "ADDR_BITWIDTH_GLB" 0 4 6, +C4<00000000000000000000000000001010>;
P_0x55a48bb2e000 .param/l "ADDR_BITWIDTH_SPAD" 0 4 7, +C4<00000000000000000000000000001001>;
P_0x55a48bb2e040 .param/l "ALL" 1 4 148, +C4<00000000000000000000000000000000>;
P_0x55a48bb2e080 .param/l "A_LOAD_ADDR" 0 4 15, +C4<00000000000000000000000000000000>;
P_0x55a48bb2e0c0 .param/l "A_READ_ADDR" 0 4 14, +C4<00000000000000000000000001100100>;
P_0x55a48bb2e100 .param/l "CLOSED" 1 4 159, +C4<00000000000000000000000000001011>;
P_0x55a48bb2e140 .param/str "COMPUTE_DIR" 0 4 19, "NORTH";
P_0x55a48bb2e180 .param/l "DATA_BITWIDTH" 0 4 5, +C4<00000000000000000000000000010000>;
P_0x55a48bb2e1c0 .param/l "EAST" 1 4 152, +C4<00000000000000000000000000000100>;
P_0x55a48bb2e200 .param/l "EASTNORTH" 1 4 153, +C4<00000000000000000000000000000101>;
P_0x55a48bb2e240 .param/l "EASTSOUTH" 1 4 154, +C4<00000000000000000000000000000110>;
P_0x55a48bb2e280 .param/l "EASTWEST" 1 4 155, +C4<00000000000000000000000000000111>;
P_0x55a48bb2e2c0 .param/l "NORTH" 1 4 149, +C4<00000000000000000000000000000001>;
P_0x55a48bb2e300 .param/l "SOUTH" 1 4 150, +C4<00000000000000000000000000000010>;
P_0x55a48bb2e340 .param/l "WEST" 1 4 151, +C4<00000000000000000000000000000011>;
P_0x55a48bb2e380 .param/l "WESTEAST" 1 4 158, +C4<00000000000000000000000000001010>;
P_0x55a48bb2e3c0 .param/l "WESTNORTH" 1 4 156, +C4<00000000000000000000000000001000>;
P_0x55a48bb2e400 .param/l "WESTSOUTH" 1 4 157, +C4<00000000000000000000000000001001>;
P_0x55a48bb2e440 .param/l "X_dim" 0 4 9, +C4<00000000000000000000000000000101>;
P_0x55a48bb2e480 .param/l "Y_dim" 0 4 10, +C4<00000000000000000000000000000011>;
P_0x55a48bb2e4c0 .param/l "act_size" 0 4 12, +C4<00000000000000000000000000000101>;
P_0x55a48bb2e500 .param/l "kernel_size" 0 4 11, +C4<00000000000000000000000000000011>;
L_0x55a48bb0d5e0 .functor NOT 1, v0x55a48bb31240_0, C4<0>, C4<0>, C4<0>;
L_0x55a48baec820 .functor AND 1, v0x55a48bb311a0_0, L_0x55a48bb0d5e0, C4<1>, C4<1>;
v0x55a48bb30950_0 .net *"_ivl_0", 0 0, L_0x55a48bb0d5e0;  1 drivers
v0x55a48bb30a50_0 .net "clk", 0 0, v0x55a48bb3b1a0_0;  alias, 1 drivers
v0x55a48bb30b10_0 .var "data_out", 15 0;
v0x55a48bb30bb0_0 .net "east_data_i", 15 0, v0x55a48bb3b460_0;  1 drivers
v0x55a48bb30c50_0 .var "east_data_o", 15 0;
v0x55a48bb30d30_0 .net "east_enable_i", 0 0, v0x55a48bb3bae0_0;  1 drivers
v0x55a48bb30df0_0 .var "east_enable_o", 0 0;
v0x55a48bb30eb0_0 .net "glb_addr_read", 9 0, v0x55a48bb302d0_0;  alias, 1 drivers
v0x55a48bb30f70_0 .net "glb_req_read", 0 0, v0x55a48bb304e0_0;  alias, 1 drivers
v0x55a48bb310d0_0 .net "load_spad_ctrl", 0 0, L_0x55a48baec820;  1 drivers
v0x55a48bb311a0_0 .var "load_spad_ctrl_0", 0 0;
v0x55a48bb31240_0 .var "load_spad_ctrl_1", 0 0;
v0x55a48bb312e0_0 .var "load_spad_ctrl_c", 0 0;
v0x55a48bb31380_0 .net "north_data_i", 15 0, v0x55a48bb3d2c0_0;  1 drivers
v0x55a48bb31460_0 .var "north_data_o", 15 0;
v0x55a48bb31540_0 .net "north_enable_i", 0 0, v0x55a48bb3d7f0_0;  1 drivers
v0x55a48bb31600_0 .var "north_enable_o", 0 0;
v0x55a48bb317d0_0 .net "reset", 0 0, v0x55a48bb3dda0_0;  alias, 1 drivers
v0x55a48bb31870_0 .net "router_mode", 3 0, v0x55a48bb3de40_0;  alias, 1 drivers
v0x55a48bb31960_0 .net "south_data_i", 15 0, v0x55a48bb3dfb0_0;  1 drivers
v0x55a48bb31a20_0 .var "south_data_o", 15 0;
v0x55a48bb31b00_0 .net "south_enable_i", 0 0, v0x55a48bb3e630_0;  1 drivers
v0x55a48bb31bc0_0 .var "south_enable_o", 0 0;
v0x55a48bb31c80_0 .net "spad_data_o", 15 0, v0x55a48bb30770_0;  1 drivers
v0x55a48bb31d70_0 .net "spad_en_o", 0 0, v0x55a48bb30170_0;  1 drivers
v0x55a48bb31e40_0 .net "west_data_i", 15 0, v0x55a48bb3f0c0_0;  1 drivers
v0x55a48bb31ee0_0 .var "west_data_o", 15 0;
v0x55a48bb31fc0_0 .net "west_enable_i", 0 0, v0x55a48bb3f740_0;  1 drivers
v0x55a48bb32080_0 .var "west_enable_o", 0 0;
E_0x55a48baab6f0 .event anyedge, v0x55a48bb2d2e0_0, v0x55a48bb30770_0, v0x55a48bb30170_0, v0x55a48bb30400_0;
E_0x55a48ba80090/0 .event anyedge, v0x55a48bb31540_0, v0x55a48bb31380_0, v0x55a48bb31b00_0, v0x55a48bb31960_0;
E_0x55a48ba80090/1 .event anyedge, v0x55a48bb31fc0_0, v0x55a48bb31e40_0, v0x55a48bb30d30_0, v0x55a48bb30bb0_0;
E_0x55a48ba80090 .event/or E_0x55a48ba80090/0, E_0x55a48ba80090/1;
S_0x55a48bb2f2c0 .scope module, "router_iact_0" "router_iact" 4 128, 5 3 0, S_0x55a48bb2de10;
 .timescale -9 -12;
    .port_info 0 /INPUT 1 "clk";
    .port_info 1 /INPUT 1 "reset";
    .port_info 2 /INPUT 16 "r_data_glb_iact";
    .port_info 3 /OUTPUT 10 "r_addr_glb_iact";
    .port_info 4 /OUTPUT 1 "read_req_glb_iact";
    .port_info 5 /OUTPUT 16 "w_data_spad";
    .port_info 6 /OUTPUT 1 "load_en_spad";
    .port_info 7 /INPUT 1 "load_spad_ctrl";
P_0x55a48bb2f4c0 .param/l "ADDR_BITWIDTH_GLB" 0 5 5, +C4<00000000000000000000000000001010>;
P_0x55a48bb2f500 .param/l "ADDR_BITWIDTH_SPAD" 0 5 6, +C4<00000000000000000000000000001001>;
P_0x55a48bb2f540 .param/l "A_LOAD_ADDR" 0 5 14, +C4<00000000000000000000000000000000>;
P_0x55a48bb2f580 .param/l "A_READ_ADDR" 0 5 13, +C4<00000000000000000000000001100100>;
P_0x55a48bb2f5c0 .param/l "DATA_BITWIDTH" 0 5 4, +C4<00000000000000000000000000010000>;
P_0x55a48bb2f600 .param/l "IDLE" 1 5 35, C4<000>;
P_0x55a48bb2f640 .param/l "READ_GLB" 1 5 36, C4<001>;
P_0x55a48bb2f680 .param/l "TOTAL_ELEMS" 1 5 40, +C4<00000000000000000000000000011001>;
P_0x55a48bb2f6c0 .param/l "WRITE_SPAD" 1 5 37, C4<010>;
P_0x55a48bb2f700 .param/l "X_dim" 0 5 8, +C4<00000000000000000000000000000101>;
P_0x55a48bb2f740 .param/l "Y_dim" 0 5 9, +C4<00000000000000000000000000000011>;
P_0x55a48bb2f780 .param/l "act_size" 0 5 11, +C4<00000000000000000000000000000101>;
P_0x55a48bb2f7c0 .param/l "kernel_size" 0 5 10, +C4<00000000000000000000000000000011>;
v0x55a48bb2ffa0_0 .net "clk", 0 0, v0x55a48bb3b1a0_0;  alias, 1 drivers
v0x55a48bb30090_0 .var "filt_count", 5 0;
v0x55a48bb30170_0 .var "load_en_spad", 0 0;
v0x55a48bb30210_0 .net "load_spad_ctrl", 0 0, L_0x55a48baec820;  alias, 1 drivers
v0x55a48bb302d0_0 .var "r_addr_glb_iact", 9 0;
v0x55a48bb30400_0 .net "r_data_glb_iact", 15 0, v0x55a48bb30b10_0;  1 drivers
v0x55a48bb304e0_0 .var "read_req_glb_iact", 0 0;
v0x55a48bb305a0_0 .net "reset", 0 0, v0x55a48bb3dda0_0;  alias, 1 drivers
v0x55a48bb30690_0 .var "state", 2 0;
v0x55a48bb30770_0 .var "w_data_spad", 15 0;
S_0x55a48bb32490 .scope module, "dutS" "router_generic_iact" 3 134, 4 3 0, S_0x55a48ba96f60;
 .timescale -9 -12;
    .port_info 0 /INPUT 1 "clk";
    .port_info 1 /INPUT 1 "reset";
    .port_info 2 /INPUT 4 "router_mode";
    .port_info 3 /OUTPUT 10 "glb_addr_read";
    .port_info 4 /OUTPUT 1 "glb_req_read";
    .port_info 5 /INPUT 16 "north_data_i";
    .port_info 6 /INPUT 1 "north_enable_i";
    .port_info 7 /INPUT 16 "south_data_i";
    .port_info 8 /INPUT 1 "south_enable_i";
    .port_info 9 /INPUT 16 "west_data_i";
    .port_info 10 /INPUT 1 "west_enable_i";
    .port_info 11 /INPUT 16 "east_data_i";
    .port_info 12 /INPUT 1 "east_enable_i";
    .port_info 13 /OUTPUT 16 "north_data_o";
    .port_info 14 /OUTPUT 1 "north_enable_o";
    .port_info 15 /OUTPUT 16 "south_data_o";
    .port_info 16 /OUTPUT 1 "south_enable_o";
    .port_info 17 /OUTPUT 16 "west_data_o";
    .port_info 18 /OUTPUT 1 "west_enable_o";
    .port_info 19 /OUTPUT 16 "east_data_o";
    .port_info 20 /OUTPUT 1 "east_enable_o";
P_0x55a48bb32650 .param/l "ADDR_BITWIDTH_GLB" 0 4 6, +C4<00000000000000000000000000001010>;
P_0x55a48bb32690 .param/l "ADDR_BITWIDTH_SPAD" 0 4 7, +C4<00000000000000000000000000001001>;
P_0x55a48bb326d0 .param/l "ALL" 1 4 148, +C4<00000000000000000000000000000000>;
P_0x55a48bb32710 .param/l "A_LOAD_ADDR" 0 4 15, +C4<00000000000000000000000000000000>;
P_0x55a48bb32750 .param/l "A_READ_ADDR" 0 4 14, +C4<00000000000000000000000001100100>;
P_0x55a48bb32790 .param/l "CLOSED" 1 4 159, +C4<00000000000000000000000000001011>;
P_0x55a48bb327d0 .param/str "COMPUTE_DIR" 0 4 19, "SOUTH";
P_0x55a48bb32810 .param/l "DATA_BITWIDTH" 0 4 5, +C4<00000000000000000000000000010000>;
P_0x55a48bb32850 .param/l "EAST" 1 4 152, +C4<00000000000000000000000000000100>;
P_0x55a48bb32890 .param/l "EASTNORTH" 1 4 153, +C4<00000000000000000000000000000101>;
P_0x55a48bb328d0 .param/l "EASTSOUTH" 1 4 154, +C4<00000000000000000000000000000110>;
P_0x55a48bb32910 .param/l "EASTWEST" 1 4 155, +C4<00000000000000000000000000000111>;
P_0x55a48bb32950 .param/l "NORTH" 1 4 149, +C4<00000000000000000000000000000001>;
P_0x55a48bb32990 .param/l "SOUTH" 1 4 150, +C4<00000000000000000000000000000010>;
P_0x55a48bb329d0 .param/l "WEST" 1 4 151, +C4<00000000000000000000000000000011>;
P_0x55a48bb32a10 .param/l "WESTEAST" 1 4 158, +C4<00000000000000000000000000001010>;
P_0x55a48bb32a50 .param/l "WESTNORTH" 1 4 156, +C4<00000000000000000000000000001000>;
P_0x55a48bb32a90 .param/l "WESTSOUTH" 1 4 157, +C4<00000000000000000000000000001001>;
P_0x55a48bb32ad0 .param/l "X_dim" 0 4 9, +C4<00000000000000000000000000000101>;
P_0x55a48bb32b10 .param/l "Y_dim" 0 4 10, +C4<00000000000000000000000000000011>;
P_0x55a48bb32b50 .param/l "act_size" 0 4 12, +C4<00000000000000000000000000000101>;
P_0x55a48bb32b90 .param/l "kernel_size" 0 4 11, +C4<00000000000000000000000000000011>;
L_0x55a48baea700 .functor NOT 1, v0x55a48bb35960_0, C4<0>, C4<0>, C4<0>;
L_0x55a48bae2390 .functor AND 1, v0x55a48bb358c0_0, L_0x55a48baea700, C4<1>, C4<1>;
v0x55a48bb35040_0 .net *"_ivl_0", 0 0, L_0x55a48baea700;  1 drivers
v0x55a48bb35140_0 .net "clk", 0 0, v0x55a48bb3b1a0_0;  alias, 1 drivers
v0x55a48bb35200_0 .var "data_out", 15 0;
v0x55a48bb352d0_0 .net "east_data_i", 15 0, v0x55a48bb3b560_0;  1 drivers
v0x55a48bb35370_0 .var "east_data_o", 15 0;
v0x55a48bb35450_0 .net "east_enable_i", 0 0, v0x55a48bb3bbb0_0;  1 drivers
v0x55a48bb35510_0 .var "east_enable_o", 0 0;
v0x55a48bb355d0_0 .net "glb_addr_read", 9 0, v0x55a48bb34940_0;  alias, 1 drivers
v0x55a48bb35690_0 .net "glb_req_read", 0 0, v0x55a48bb34b00_0;  alias, 1 drivers
v0x55a48bb357f0_0 .net "load_spad_ctrl", 0 0, L_0x55a48bae2390;  1 drivers
v0x55a48bb358c0_0 .var "load_spad_ctrl_0", 0 0;
v0x55a48bb35960_0 .var "load_spad_ctrl_1", 0 0;
v0x55a48bb35a00_0 .var "load_spad_ctrl_c", 0 0;
v0x55a48bb35aa0_0 .net "north_data_i", 15 0, v0x55a48bb3d360_0;  1 drivers
v0x55a48bb35b80_0 .var "north_data_o", 15 0;
v0x55a48bb35c60_0 .net "north_enable_i", 0 0, v0x55a48bb3d8c0_0;  1 drivers
v0x55a48bb35d20_0 .var "north_enable_o", 0 0;
v0x55a48bb35ef0_0 .net "reset", 0 0, v0x55a48bb3dda0_0;  alias, 1 drivers
v0x55a48bb35f90_0 .net "router_mode", 3 0, v0x55a48bb3de40_0;  alias, 1 drivers
v0x55a48bb36050_0 .net "south_data_i", 15 0, v0x55a48bb3e080_0;  1 drivers
v0x55a48bb36130_0 .var "south_data_o", 15 0;
v0x55a48bb36210_0 .net "south_enable_i", 0 0, v0x55a48bb3e700_0;  1 drivers
v0x55a48bb362d0_0 .var "south_enable_o", 0 0;
v0x55a48bb36390_0 .net "spad_data_o", 15 0, v0x55a48bb34e60_0;  1 drivers
v0x55a48bb36450_0 .net "spad_en_o", 0 0, v0x55a48bb347b0_0;  1 drivers
v0x55a48bb36520_0 .net "west_data_i", 15 0, v0x55a48bb3f190_0;  1 drivers
v0x55a48bb365c0_0 .var "west_data_o", 15 0;
v0x55a48bb366a0_0 .net "west_enable_i", 0 0, v0x55a48bb3f810_0;  1 drivers
v0x55a48bb36760_0 .var "west_enable_o", 0 0;
E_0x55a48ba7e3c0 .event anyedge, v0x55a48bb2d2e0_0, v0x55a48bb34e60_0, v0x55a48bb347b0_0, v0x55a48bb34a20_0;
E_0x55a48ba7c7a0/0 .event anyedge, v0x55a48bb35c60_0, v0x55a48bb35aa0_0, v0x55a48bb36210_0, v0x55a48bb36050_0;
E_0x55a48ba7c7a0/1 .event anyedge, v0x55a48bb366a0_0, v0x55a48bb36520_0, v0x55a48bb35450_0, v0x55a48bb352d0_0;
E_0x55a48ba7c7a0 .event/or E_0x55a48ba7c7a0/0, E_0x55a48ba7c7a0/1;
S_0x55a48bb33950 .scope module, "router_iact_0" "router_iact" 4 128, 5 3 0, S_0x55a48bb32490;
 .timescale -9 -12;
    .port_info 0 /INPUT 1 "clk";
    .port_info 1 /INPUT 1 "reset";
    .port_info 2 /INPUT 16 "r_data_glb_iact";
    .port_info 3 /OUTPUT 10 "r_addr_glb_iact";
    .port_info 4 /OUTPUT 1 "read_req_glb_iact";
    .port_info 5 /OUTPUT 16 "w_data_spad";
    .port_info 6 /OUTPUT 1 "load_en_spad";
    .port_info 7 /INPUT 1 "load_spad_ctrl";
P_0x55a48bb33b50 .param/l "ADDR_BITWIDTH_GLB" 0 5 5, +C4<00000000000000000000000000001010>;
P_0x55a48bb33b90 .param/l "ADDR_BITWIDTH_SPAD" 0 5 6, +C4<00000000000000000000000000001001>;
P_0x55a48bb33bd0 .param/l "A_LOAD_ADDR" 0 5 14, +C4<00000000000000000000000000000000>;
P_0x55a48bb33c10 .param/l "A_READ_ADDR" 0 5 13, +C4<00000000000000000000000001100100>;
P_0x55a48bb33c50 .param/l "DATA_BITWIDTH" 0 5 4, +C4<00000000000000000000000000010000>;
P_0x55a48bb33c90 .param/l "IDLE" 1 5 35, C4<000>;
P_0x55a48bb33cd0 .param/l "READ_GLB" 1 5 36, C4<001>;
P_0x55a48bb33d10 .param/l "TOTAL_ELEMS" 1 5 40, +C4<00000000000000000000000000011001>;
P_0x55a48bb33d50 .param/l "WRITE_SPAD" 1 5 37, C4<010>;
P_0x55a48bb33d90 .param/l "X_dim" 0 5 8, +C4<00000000000000000000000000000101>;
P_0x55a48bb33dd0 .param/l "Y_dim" 0 5 9, +C4<00000000000000000000000000000011>;
P_0x55a48bb33e10 .param/l "act_size" 0 5 11, +C4<00000000000000000000000000000101>;
P_0x55a48bb33e50 .param/l "kernel_size" 0 5 10, +C4<00000000000000000000000000000011>;
v0x55a48bb34630_0 .net "clk", 0 0, v0x55a48bb3b1a0_0;  alias, 1 drivers
v0x55a48bb346d0_0 .var "filt_count", 5 0;
v0x55a48bb347b0_0 .var "load_en_spad", 0 0;
v0x55a48bb34880_0 .net "load_spad_ctrl", 0 0, L_0x55a48bae2390;  alias, 1 drivers
v0x55a48bb34940_0 .var "r_addr_glb_iact", 9 0;
v0x55a48bb34a20_0 .net "r_data_glb_iact", 15 0, v0x55a48bb35200_0;  1 drivers
v0x55a48bb34b00_0 .var "read_req_glb_iact", 0 0;
v0x55a48bb34bc0_0 .net "reset", 0 0, v0x55a48bb3dda0_0;  alias, 1 drivers
v0x55a48bb34cf0_0 .var "state", 2 0;
v0x55a48bb34e60_0 .var "w_data_spad", 15 0;
S_0x55a48bb36b70 .scope module, "dutW" "router_generic_iact" 3 172, 4 3 0, S_0x55a48ba96f60;
 .timescale -9 -12;
    .port_info 0 /INPUT 1 "clk";
    .port_info 1 /INPUT 1 "reset";
    .port_info 2 /INPUT 4 "router_mode";
    .port_info 3 /OUTPUT 10 "glb_addr_read";
    .port_info 4 /OUTPUT 1 "glb_req_read";
    .port_info 5 /INPUT 16 "north_data_i";
    .port_info 6 /INPUT 1 "north_enable_i";
    .port_info 7 /INPUT 16 "south_data_i";
    .port_info 8 /INPUT 1 "south_enable_i";
    .port_info 9 /INPUT 16 "west_data_i";
    .port_info 10 /INPUT 1 "west_enable_i";
    .port_info 11 /INPUT 16 "east_data_i";
    .port_info 12 /INPUT 1 "east_enable_i";
    .port_info 13 /OUTPUT 16 "north_data_o";
    .port_info 14 /OUTPUT 1 "north_enable_o";
    .port_info 15 /OUTPUT 16 "south_data_o";
    .port_info 16 /OUTPUT 1 "south_enable_o";
    .port_info 17 /OUTPUT 16 "west_data_o";
    .port_info 18 /OUTPUT 1 "west_enable_o";
    .port_info 19 /OUTPUT 16 "east_data_o";
    .port_info 20 /OUTPUT 1 "east_enable_o";
P_0x55a48bb36d00 .param/l "ADDR_BITWIDTH_GLB" 0 4 6, +C4<00000000000000000000000000001010>;
P_0x55a48bb36d40 .param/l "ADDR_BITWIDTH_SPAD" 0 4 7, +C4<00000000000000000000000000001001>;
P_0x55a48bb36d80 .param/l "ALL" 1 4 148, +C4<00000000000000000000000000000000>;
P_0x55a48bb36dc0 .param/l "A_LOAD_ADDR" 0 4 15, +C4<00000000000000000000000000000000>;
P_0x55a48bb36e00 .param/l "A_READ_ADDR" 0 4 14, +C4<00000000000000000000000001100100>;
P_0x55a48bb36e40 .param/l "CLOSED" 1 4 159, +C4<00000000000000000000000000001011>;
P_0x55a48bb36e80 .param/str "COMPUTE_DIR" 0 4 19, "WEST";
P_0x55a48bb36ec0 .param/l "DATA_BITWIDTH" 0 4 5, +C4<00000000000000000000000000010000>;
P_0x55a48bb36f00 .param/l "EAST" 1 4 152, +C4<00000000000000000000000000000100>;
P_0x55a48bb36f40 .param/l "EASTNORTH" 1 4 153, +C4<00000000000000000000000000000101>;
P_0x55a48bb36f80 .param/l "EASTSOUTH" 1 4 154, +C4<00000000000000000000000000000110>;
P_0x55a48bb36fc0 .param/l "EASTWEST" 1 4 155, +C4<00000000000000000000000000000111>;
P_0x55a48bb37000 .param/l "NORTH" 1 4 149, +C4<00000000000000000000000000000001>;
P_0x55a48bb37040 .param/l "SOUTH" 1 4 150, +C4<00000000000000000000000000000010>;
P_0x55a48bb37080 .param/l "WEST" 1 4 151, +C4<00000000000000000000000000000011>;
P_0x55a48bb370c0 .param/l "WESTEAST" 1 4 158, +C4<00000000000000000000000000001010>;
P_0x55a48bb37100 .param/l "WESTNORTH" 1 4 156, +C4<00000000000000000000000000001000>;
P_0x55a48bb37140 .param/l "WESTSOUTH" 1 4 157, +C4<00000000000000000000000000001001>;
P_0x55a48bb37180 .param/l "X_dim" 0 4 9, +C4<00000000000000000000000000000101>;
P_0x55a48bb371c0 .param/l "Y_dim" 0 4 10, +C4<00000000000000000000000000000011>;
P_0x55a48bb37200 .param/l "act_size" 0 4 12, +C4<00000000000000000000000000000101>;
P_0x55a48bb37240 .param/l "kernel_size" 0 4 11, +C4<00000000000000000000000000000011>;
L_0x55a48bae0270 .functor NOT 1, v0x55a48bb39f60_0, C4<0>, C4<0>, C4<0>;
L_0x55a48bad7f30 .functor AND 1, v0x55a48bb39ec0_0, L_0x55a48bae0270, C4<1>, C4<1>;
v0x55a48bb39640_0 .net *"_ivl_0", 0 0, L_0x55a48bae0270;  1 drivers
v0x55a48bb39740_0 .net "clk", 0 0, v0x55a48bb3b1a0_0;  alias, 1 drivers
v0x55a48bb39800_0 .var "data_out", 15 0;
v0x55a48bb398d0_0 .net "east_data_i", 15 0, v0x55a48bb3b630_0;  1 drivers
v0x55a48bb39970_0 .var "east_data_o", 15 0;
v0x55a48bb39a50_0 .net "east_enable_i", 0 0, v0x55a48bb3bc80_0;  1 drivers
v0x55a48bb39b10_0 .var "east_enable_o", 0 0;
v0x55a48bb39bd0_0 .net "glb_addr_read", 9 0, v0x55a48bb39010_0;  alias, 1 drivers
v0x55a48bb39c90_0 .net "glb_req_read", 0 0, v0x55a48bb39220_0;  alias, 1 drivers
v0x55a48bb39df0_0 .net "load_spad_ctrl", 0 0, L_0x55a48bad7f30;  1 drivers
v0x55a48bb39ec0_0 .var "load_spad_ctrl_0", 0 0;
v0x55a48bb39f60_0 .var "load_spad_ctrl_1", 0 0;
v0x55a48bb3a000_0 .var "load_spad_ctrl_c", 0 0;
v0x55a48bb3a0a0_0 .net "north_data_i", 15 0, v0x55a48bb3d400_0;  1 drivers
v0x55a48bb3a180_0 .var "north_data_o", 15 0;
v0x55a48bb3a260_0 .net "north_enable_i", 0 0, v0x55a48bb3d990_0;  1 drivers
v0x55a48bb3a320_0 .var "north_enable_o", 0 0;
v0x55a48bb3a4f0_0 .net "reset", 0 0, v0x55a48bb3dda0_0;  alias, 1 drivers
v0x55a48bb3a590_0 .net "router_mode", 3 0, v0x55a48bb3de40_0;  alias, 1 drivers
v0x55a48bb3a650_0 .net "south_data_i", 15 0, v0x55a48bb3e150_0;  1 drivers
v0x55a48bb3a730_0 .var "south_data_o", 15 0;
v0x55a48bb3a810_0 .net "south_enable_i", 0 0, v0x55a48bb3e7d0_0;  1 drivers
v0x55a48bb3a8d0_0 .var "south_enable_o", 0 0;
v0x55a48bb3a990_0 .net "spad_data_o", 15 0, v0x55a48bb39460_0;  1 drivers
v0x55a48bb3aa80_0 .net "spad_en_o", 0 0, v0x55a48bb38e80_0;  1 drivers
v0x55a48bb3ab50_0 .net "west_data_i", 15 0, v0x55a48bb3f260_0;  1 drivers
v0x55a48bb3abf0_0 .var "west_data_o", 15 0;
v0x55a48bb3acd0_0 .net "west_enable_i", 0 0, v0x55a48bb3f8e0_0;  1 drivers
v0x55a48bb3ad90_0 .var "west_enable_o", 0 0;
E_0x55a48baf27a0 .event anyedge, v0x55a48bb2d2e0_0, v0x55a48bb39460_0, v0x55a48bb38e80_0, v0x55a48bb39140_0;
E_0x55a48badde80/0 .event anyedge, v0x55a48bb3a260_0, v0x55a48bb3a0a0_0, v0x55a48bb3a810_0, v0x55a48bb3a650_0;
E_0x55a48badde80/1 .event anyedge, v0x55a48bb3acd0_0, v0x55a48bb3ab50_0, v0x55a48bb39a50_0, v0x55a48bb398d0_0;
E_0x55a48badde80 .event/or E_0x55a48badde80/0, E_0x55a48badde80/1;
S_0x55a48bb38020 .scope module, "router_iact_0" "router_iact" 4 128, 5 3 0, S_0x55a48bb36b70;
 .timescale -9 -12;
    .port_info 0 /INPUT 1 "clk";
    .port_info 1 /INPUT 1 "reset";
    .port_info 2 /INPUT 16 "r_data_glb_iact";
    .port_info 3 /OUTPUT 10 "r_addr_glb_iact";
    .port_info 4 /OUTPUT 1 "read_req_glb_iact";
    .port_info 5 /OUTPUT 16 "w_data_spad";
    .port_info 6 /OUTPUT 1 "load_en_spad";
    .port_info 7 /INPUT 1 "load_spad_ctrl";
P_0x55a48bb38220 .param/l "ADDR_BITWIDTH_GLB" 0 5 5, +C4<00000000000000000000000000001010>;
P_0x55a48bb38260 .param/l "ADDR_BITWIDTH_SPAD" 0 5 6, +C4<00000000000000000000000000001001>;
P_0x55a48bb382a0 .param/l "A_LOAD_ADDR" 0 5 14, +C4<00000000000000000000000000000000>;
P_0x55a48bb382e0 .param/l "A_READ_ADDR" 0 5 13, +C4<00000000000000000000000001100100>;
P_0x55a48bb38320 .param/l "DATA_BITWIDTH" 0 5 4, +C4<00000000000000000000000000010000>;
P_0x55a48bb38360 .param/l "IDLE" 1 5 35, C4<000>;
P_0x55a48bb383a0 .param/l "READ_GLB" 1 5 36, C4<001>;
P_0x55a48bb383e0 .param/l "TOTAL_ELEMS" 1 5 40, +C4<00000000000000000000000000011001>;
P_0x55a48bb38420 .param/l "WRITE_SPAD" 1 5 37, C4<010>;
P_0x55a48bb38460 .param/l "X_dim" 0 5 8, +C4<00000000000000000000000000000101>;
P_0x55a48bb384a0 .param/l "Y_dim" 0 5 9, +C4<00000000000000000000000000000011>;
P_0x55a48bb384e0 .param/l "act_size" 0 5 11, +C4<00000000000000000000000000000101>;
P_0x55a48bb38520 .param/l "kernel_size" 0 5 10, +C4<00000000000000000000000000000011>;
v0x55a48bb38d00_0 .net "clk", 0 0, v0x55a48bb3b1a0_0;  alias, 1 drivers
v0x55a48bb38da0_0 .var "filt_count", 5 0;
v0x55a48bb38e80_0 .var "load_en_spad", 0 0;
v0x55a48bb38f50_0 .net "load_spad_ctrl", 0 0, L_0x55a48bad7f30;  alias, 1 drivers
v0x55a48bb39010_0 .var "r_addr_glb_iact", 9 0;
v0x55a48bb39140_0 .net "r_data_glb_iact", 15 0, v0x55a48bb39800_0;  1 drivers
v0x55a48bb39220_0 .var "read_req_glb_iact", 0 0;
v0x55a48bb392e0_0 .net "reset", 0 0, v0x55a48bb3dda0_0;  alias, 1 drivers
v0x55a48bb39380_0 .var "state", 2 0;
v0x55a48bb39460_0 .var "w_data_spad", 15 0;
    .scope S_0x55a48bb2f2c0;
T_0 ;
    %wait E_0x55a48baa3a40;
    %load/vec4 v0x55a48bb305a0_0;
    %flag_set/vec4 8;
    %jmp/0xz  T_0.0, 8;
    %pushi/vec4 0, 0, 1;
    %assign/vec4 v0x55a48bb304e0_0, 0;
    %pushi/vec4 0, 0, 10;
    %assign/vec4 v0x55a48bb302d0_0, 0;
    %pushi/vec4 0, 0, 1;
    %assign/vec4 v0x55a48bb30170_0, 0;
    %pushi/vec4 0, 0, 16;
    %assign/vec4 v0x55a48bb30770_0, 0;
    %pushi/vec4 0, 0, 6;
    %assign/vec4 v0x55a48bb30090_0, 0;
    %pushi/vec4 0, 0, 3;
    %assign/vec4 v0x55a48bb30690_0, 0;
    %jmp T_0.1;
T_0.0 ;
    %pushi/vec4 0, 0, 1;
    %assign/vec4 v0x55a48bb30170_0, 0;
    %load/vec4 v0x55a48bb30690_0;
    %dup/vec4;
    %pushi/vec4 0, 0, 3;
    %cmp/u;
    %jmp/1 T_0.2, 6;
    %dup/vec4;
    %pushi/vec4 1, 0, 3;
    %cmp/u;
    %jmp/1 T_0.3, 6;
    %dup/vec4;
    %pushi/vec4 2, 0, 3;
    %cmp/u;
    %jmp/1 T_0.4, 6;
    %pushi/vec4 0, 0, 3;
    %assign/vec4 v0x55a48bb30690_0, 0;
    %jmp T_0.6;
T_0.2 ;
    %pushi/vec4 0, 0, 1;
    %assign/vec4 v0x55a48bb304e0_0, 0;
    %pushi/vec4 0, 0, 6;
    %assign/vec4 v0x55a48bb30090_0, 0;
    %load/vec4 v0x55a48bb30210_0;
    %flag_set/vec4 8;
    %jmp/0xz  T_0.7, 8;
    %pushi/vec4 1, 0, 1;
    %assign/vec4 v0x55a48bb304e0_0, 0;
    %pushi/vec4 100, 0, 10;
    %assign/vec4 v0x55a48bb302d0_0, 0;
    %pushi/vec4 1, 0, 3;
    %assign/vec4 v0x55a48bb30690_0, 0;
T_0.7 ;
    %jmp T_0.6;
T_0.3 ;
    %load/vec4 v0x55a48bb30400_0;
    %assign/vec4 v0x55a48bb30770_0, 0;
    %pushi/vec4 2, 0, 3;
    %assign/vec4 v0x55a48bb30690_0, 0;
    %jmp T_0.6;
T_0.4 ;
    %pushi/vec4 1, 0, 1;
    %assign/vec4 v0x55a48bb30170_0, 0;
    %load/vec4 v0x55a48bb30090_0;
    %pad/u 32;
    %cmpi/e 24, 0, 32;
    %jmp/0xz  T_0.9, 4;
    %pushi/vec4 0, 0, 1;
    %assign/vec4 v0x55a48bb304e0_0, 0;
    %pushi/vec4 0, 0, 6;
    %assign/vec4 v0x55a48bb30090_0, 0;
    %pushi/vec4 0, 0, 3;
    %assign/vec4 v0x55a48bb30690_0, 0;
    %jmp T_0.10;
T_0.9 ;
    %load/vec4 v0x55a48bb30090_0;
    %addi 1, 0, 6;
    %assign/vec4 v0x55a48bb30090_0, 0;
    %load/vec4 v0x55a48bb302d0_0;
    %addi 1, 0, 10;
    %assign/vec4 v0x55a48bb302d0_0, 0;
    %pushi/vec4 1, 0, 3;
    %assign/vec4 v0x55a48bb30690_0, 0;
T_0.10 ;
    %jmp T_0.6;
T_0.6 ;
    %pop/vec4 1;
T_0.1 ;
    %jmp T_0;
    .thread T_0;
    .scope S_0x55a48bb2de10;
T_1 ;
    %wait E_0x55a48ba80090;
    %load/vec4 v0x55a48bb31540_0;
    %flag_set/vec4 8;
    %jmp/0xz  T_1.0, 8;
    %load/vec4 v0x55a48bb31380_0;
    %store/vec4 v0x55a48bb30b10_0, 0, 16;
    %pushi/vec4 1, 0, 1;
    %store/vec4 v0x55a48bb312e0_0, 0, 1;
    %jmp T_1.1;
T_1.0 ;
    %load/vec4 v0x55a48bb31b00_0;
    %flag_set/vec4 8;
    %jmp/0xz  T_1.2, 8;
    %load/vec4 v0x55a48bb31960_0;
    %store/vec4 v0x55a48bb30b10_0, 0, 16;
    %pushi/vec4 1, 0, 1;
    %store/vec4 v0x55a48bb312e0_0, 0, 1;
    %jmp T_1.3;
T_1.2 ;
    %load/vec4 v0x55a48bb31fc0_0;
    %flag_set/vec4 8;
    %jmp/0xz  T_1.4, 8;
    %load/vec4 v0x55a48bb31e40_0;
    %store/vec4 v0x55a48bb30b10_0, 0, 16;
    %pushi/vec4 1, 0, 1;
    %store/vec4 v0x55a48bb312e0_0, 0, 1;
    %jmp T_1.5;
T_1.4 ;
    %load/vec4 v0x55a48bb30d30_0;
    %flag_set/vec4 8;
    %jmp/0xz  T_1.6, 8;
    %load/vec4 v0x55a48bb30bb0_0;
    %store/vec4 v0x55a48bb30b10_0, 0, 16;
    %pushi/vec4 1, 0, 1;
    %store/vec4 v0x55a48bb312e0_0, 0, 1;
    %jmp T_1.7;
T_1.6 ;
    %pushi/vec4 0, 0, 16;
    %store/vec4 v0x55a48bb30b10_0, 0, 16;
    %pushi/vec4 0, 0, 1;
    %store/vec4 v0x55a48bb312e0_0, 0, 1;
T_1.7 ;
T_1.5 ;
T_1.3 ;
T_1.1 ;
    %jmp T_1;
    .thread T_1, $push;
    .scope S_0x55a48bb2de10;
T_2 ;
    %wait E_0x55a48bb0e930;
    %load/vec4 v0x55a48bb317d0_0;
    %flag_set/vec4 8;
    %jmp/0xz  T_2.0, 8;
    %pushi/vec4 0, 0, 1;
    %assign/vec4 v0x55a48bb311a0_0, 0;
    %pushi/vec4 0, 0, 1;
    %assign/vec4 v0x55a48bb31240_0, 0;
    %jmp T_2.1;
T_2.0 ;
    %load/vec4 v0x55a48bb312e0_0;
    %assign/vec4 v0x55a48bb311a0_0, 0;
    %load/vec4 v0x55a48bb311a0_0;
    %assign/vec4 v0x55a48bb31240_0, 0;
T_2.1 ;
    %jmp T_2;
    .thread T_2;
    .scope S_0x55a48bb2de10;
T_3 ;
    %wait E_0x55a48baab6f0;
    %pushi/vec4 0, 0, 16;
    %store/vec4 v0x55a48bb31460_0, 0, 16;
    %pushi/vec4 0, 0, 16;
    %store/vec4 v0x55a48bb31a20_0, 0, 16;
    %pushi/vec4 0, 0, 16;
    %store/vec4 v0x55a48bb31ee0_0, 0, 16;
    %pushi/vec4 0, 0, 16;
    %store/vec4 v0x55a48bb30c50_0, 0, 16;
    %pushi/vec4 0, 0, 1;
    %store/vec4 v0x55a48bb31600_0, 0, 1;
    %pushi/vec4 0, 0, 1;
    %store/vec4 v0x55a48bb31bc0_0, 0, 1;
    %pushi/vec4 0, 0, 1;
    %store/vec4 v0x55a48bb32080_0, 0, 1;
    %pushi/vec4 0, 0, 1;
    %store/vec4 v0x55a48bb30df0_0, 0, 1;
    %load/vec4 v0x55a48bb31870_0;
    %pad/u 32;
    %cmpi/e 11, 0, 32;
    %jmp/0xz  T_3.0, 4;
    %pushi/vec4 1313821268, 0, 32; draw_string_vec4
    %pushi/vec4 72, 0, 8; draw_string_vec4
    %concat/vec4; draw_string_vec4
    %dup/vec4;
    %pushi/vec4 1313821268, 0, 32; draw_string_vec4
    %pushi/vec4 72, 0, 8; draw_string_vec4
    %concat/vec4; draw_string_vec4
    %cmp/u;
    %jmp/1 T_3.2, 6;
    %dup/vec4;
    %pushi/vec4 1397708116, 0, 32; draw_string_vec4
    %pushi/vec4 72, 0, 8; draw_string_vec4
    %concat/vec4; draw_string_vec4
    %cmp/u;
    %jmp/1 T_3.3, 6;
    %dup/vec4;
    %pushi/vec4 5719379, 0, 32; draw_string_vec4
    %pushi/vec4 84, 0, 8; draw_string_vec4
    %concat/vec4; draw_string_vec4
    %cmp/u;
    %jmp/1 T_3.4, 6;
    %dup/vec4;
    %pushi/vec4 4538707, 0, 32; draw_string_vec4
    %pushi/vec4 84, 0, 8; draw_string_vec4
    %concat/vec4; draw_string_vec4
    %cmp/u;
    %jmp/1 T_3.5, 6;
    %jmp T_3.7;
T_3.2 ;
    %load/vec4 v0x55a48bb31c80_0;
    %store/vec4 v0x55a48bb31460_0, 0, 16;
    %load/vec4 v0x55a48bb31d70_0;
    %store/vec4 v0x55a48bb31600_0, 0, 1;
    %jmp T_3.7;
T_3.3 ;
    %load/vec4 v0x55a48bb31c80_0;
    %store/vec4 v0x55a48bb31a20_0, 0, 16;
    %load/vec4 v0x55a48bb31d70_0;
    %store/vec4 v0x55a48bb31bc0_0, 0, 1;
    %jmp T_3.7;
T_3.4 ;
    %load/vec4 v0x55a48bb31c80_0;
    %store/vec4 v0x55a48bb31ee0_0, 0, 16;
    %load/vec4 v0x55a48bb31d70_0;
    %store/vec4 v0x55a48bb32080_0, 0, 1;
    %jmp T_3.7;
T_3.5 ;
    %load/vec4 v0x55a48bb31c80_0;
    %store/vec4 v0x55a48bb30c50_0, 0, 16;
    %load/vec4 v0x55a48bb31d70_0;
    %store/vec4 v0x55a48bb30df0_0, 0, 1;
    %jmp T_3.7;
T_3.7 ;
    %pop/vec4 1;
    %jmp T_3.1;
T_3.0 ;
    %load/vec4 v0x55a48bb31870_0;
    %dup/vec4;
    %pushi/vec4 0, 0, 4;
    %cmp/u;
    %jmp/1 T_3.8, 6;
    %dup/vec4;
    %pushi/vec4 1, 0, 4;
    %cmp/u;
    %jmp/1 T_3.9, 6;
    %dup/vec4;
    %pushi/vec4 2, 0, 4;
    %cmp/u;
    %jmp/1 T_3.10, 6;
    %dup/vec4;
    %pushi/vec4 3, 0, 4;
    %cmp/u;
    %jmp/1 T_3.11, 6;
    %dup/vec4;
    %pushi/vec4 4, 0, 4;
    %cmp/u;
    %jmp/1 T_3.12, 6;
    %dup/vec4;
    %pushi/vec4 5, 0, 4;
    %cmp/u;
    %jmp/1 T_3.13, 6;
    %dup/vec4;
    %pushi/vec4 6, 0, 4;
    %cmp/u;
    %jmp/1 T_3.14, 6;
    %dup/vec4;
    %pushi/vec4 7, 0, 4;
    %cmp/u;
    %jmp/1 T_3.15, 6;
    %dup/vec4;
    %pushi/vec4 8, 0, 4;
    %cmp/u;
    %jmp/1 T_3.16, 6;
    %dup/vec4;
    %pushi/vec4 9, 0, 4;
    %cmp/u;
    %jmp/1 T_3.17, 6;
    %dup/vec4;
    %pushi/vec4 10, 0, 4;
    %cmp/u;
    %jmp/1 T_3.18, 6;
    %jmp T_3.20;
T_3.8 ;
    %load/vec4 v0x55a48bb30b10_0;
    %store/vec4 v0x55a48bb31460_0, 0, 16;
    %pushi/vec4 1, 0, 1;
    %store/vec4 v0x55a48bb31600_0, 0, 1;
    %load/vec4 v0x55a48bb30b10_0;
    %store/vec4 v0x55a48bb31a20_0, 0, 16;
    %pushi/vec4 1, 0, 1;
    %store/vec4 v0x55a48bb31bc0_0, 0, 1;
    %load/vec4 v0x55a48bb30b10_0;
    %store/vec4 v0x55a48bb30c50_0, 0, 16;
    %pushi/vec4 1, 0, 1;
    %store/vec4 v0x55a48bb30df0_0, 0, 1;
    %load/vec4 v0x55a48bb30b10_0;
    %store/vec4 v0x55a48bb31ee0_0, 0, 16;
    %pushi/vec4 1, 0, 1;
    %store/vec4 v0x55a48bb32080_0, 0, 1;
    %jmp T_3.20;
T_3.9 ;
    %load/vec4 v0x55a48bb30b10_0;
    %store/vec4 v0x55a48bb31460_0, 0, 16;
    %pushi/vec4 1, 0, 1;
    %store/vec4 v0x55a48bb31600_0, 0, 1;
    %jmp T_3.20;
T_3.10 ;
    %load/vec4 v0x55a48bb30b10_0;
    %store/vec4 v0x55a48bb31a20_0, 0, 16;
    %pushi/vec4 1, 0, 1;
    %store/vec4 v0x55a48bb31bc0_0, 0, 1;
    %jmp T_3.20;
T_3.11 ;
    %load/vec4 v0x55a48bb30b10_0;
    %store/vec4 v0x55a48bb31ee0_0, 0, 16;
    %pushi/vec4 1, 0, 1;
    %store/vec4 v0x55a48bb32080_0, 0, 1;
    %jmp T_3.20;
T_3.12 ;
    %load/vec4 v0x55a48bb30b10_0;
    %store/vec4 v0x55a48bb30c50_0, 0, 16;
    %pushi/vec4 1, 0, 1;
    %store/vec4 v0x55a48bb30df0_0, 0, 1;
    %jmp T_3.20;
T_3.13 ;
    %load/vec4 v0x55a48bb30b10_0;
    %store/vec4 v0x55a48bb30c50_0, 0, 16;
    %pushi/vec4 1, 0, 1;
    %store/vec4 v0x55a48bb30df0_0, 0, 1;
    %load/vec4 v0x55a48bb30b10_0;
    %store/vec4 v0x55a48bb31460_0, 0, 16;
    %pushi/vec4 1, 0, 1;
    %store/vec4 v0x55a48bb31600_0, 0, 1;
    %jmp T_3.20;
T_3.14 ;
    %load/vec4 v0x55a48bb30b10_0;
    %store/vec4 v0x55a48bb30c50_0, 0, 16;
    %pushi/vec4 1, 0, 1;
    %store/vec4 v0x55a48bb30df0_0, 0, 1;
    %load/vec4 v0x55a48bb30b10_0;
    %store/vec4 v0x55a48bb31a20_0, 0, 16;
    %pushi/vec4 1, 0, 1;
    %store/vec4 v0x55a48bb31bc0_0, 0, 1;
    %jmp T_3.20;
T_3.15 ;
    %load/vec4 v0x55a48bb30b10_0;
    %store/vec4 v0x55a48bb30c50_0, 0, 16;
    %pushi/vec4 1, 0, 1;
    %store/vec4 v0x55a48bb30df0_0, 0, 1;
    %load/vec4 v0x55a48bb30b10_0;
    %store/vec4 v0x55a48bb31ee0_0, 0, 16;
    %pushi/vec4 1, 0, 1;
    %store/vec4 v0x55a48bb32080_0, 0, 1;
    %jmp T_3.20;
T_3.16 ;
    %load/vec4 v0x55a48bb30b10_0;
    %store/vec4 v0x55a48bb31ee0_0, 0, 16;
    %pushi/vec4 1, 0, 1;
    %store/vec4 v0x55a48bb32080_0, 0, 1;
    %load/vec4 v0x55a48bb30b10_0;
    %store/vec4 v0x55a48bb31460_0, 0, 16;
    %pushi/vec4 1, 0, 1;
    %store/vec4 v0x55a48bb31600_0, 0, 1;
    %jmp T_3.20;
T_3.17 ;
    %load/vec4 v0x55a48bb30b10_0;
    %store/vec4 v0x55a48bb31ee0_0, 0, 16;
    %pushi/vec4 1, 0, 1;
    %store/vec4 v0x55a48bb32080_0, 0, 1;
    %load/vec4 v0x55a48bb30b10_0;
    %store/vec4 v0x55a48bb31a20_0, 0, 16;
    %pushi/vec4 1, 0, 1;
    %store/vec4 v0x55a48bb31bc0_0, 0, 1;
    %jmp T_3.20;
T_3.18 ;
    %load/vec4 v0x55a48bb30b10_0;
    %store/vec4 v0x55a48bb31ee0_0, 0, 16;
    %pushi/vec4 1, 0, 1;
    %store/vec4 v0x55a48bb32080_0, 0, 1;
    %load/vec4 v0x55a48bb30b10_0;
    %store/vec4 v0x55a48bb30c50_0, 0, 16;
    %pushi/vec4 1, 0, 1;
    %store/vec4 v0x55a48bb30df0_0, 0, 1;
    %jmp T_3.20;
T_3.20 ;
    %pop/vec4 1;
T_3.1 ;
    %jmp T_3;
    .thread T_3, $push;
    .scope S_0x55a48bb33950;
T_4 ;
    %wait E_0x55a48baa3a40;
    %load/vec4 v0x55a48bb34bc0_0;
    %flag_set/vec4 8;
    %jmp/0xz  T_4.0, 8;
    %pushi/vec4 0, 0, 1;
    %assign/vec4 v0x55a48bb34b00_0, 0;
    %pushi/vec4 0, 0, 10;
    %assign/vec4 v0x55a48bb34940_0, 0;
    %pushi/vec4 0, 0, 1;
    %assign/vec4 v0x55a48bb347b0_0, 0;
    %pushi/vec4 0, 0, 16;
    %assign/vec4 v0x55a48bb34e60_0, 0;
    %pushi/vec4 0, 0, 6;
    %assign/vec4 v0x55a48bb346d0_0, 0;
    %pushi/vec4 0, 0, 3;
    %assign/vec4 v0x55a48bb34cf0_0, 0;
    %jmp T_4.1;
T_4.0 ;
    %pushi/vec4 0, 0, 1;
    %assign/vec4 v0x55a48bb347b0_0, 0;
    %load/vec4 v0x55a48bb34cf0_0;
    %dup/vec4;
    %pushi/vec4 0, 0, 3;
    %cmp/u;
    %jmp/1 T_4.2, 6;
    %dup/vec4;
    %pushi/vec4 1, 0, 3;
    %cmp/u;
    %jmp/1 T_4.3, 6;
    %dup/vec4;
    %pushi/vec4 2, 0, 3;
    %cmp/u;
    %jmp/1 T_4.4, 6;
    %pushi/vec4 0, 0, 3;
    %assign/vec4 v0x55a48bb34cf0_0, 0;
    %jmp T_4.6;
T_4.2 ;
    %pushi/vec4 0, 0, 1;
    %assign/vec4 v0x55a48bb34b00_0, 0;
    %pushi/vec4 0, 0, 6;
    %assign/vec4 v0x55a48bb346d0_0, 0;
    %load/vec4 v0x55a48bb34880_0;
    %flag_set/vec4 8;
    %jmp/0xz  T_4.7, 8;
    %pushi/vec4 1, 0, 1;
    %assign/vec4 v0x55a48bb34b00_0, 0;
    %pushi/vec4 100, 0, 10;
    %assign/vec4 v0x55a48bb34940_0, 0;
    %pushi/vec4 1, 0, 3;
    %assign/vec4 v0x55a48bb34cf0_0, 0;
T_4.7 ;
    %jmp T_4.6;
T_4.3 ;
    %load/vec4 v0x55a48bb34a20_0;
    %assign/vec4 v0x55a48bb34e60_0, 0;
    %pushi/vec4 2, 0, 3;
    %assign/vec4 v0x55a48bb34cf0_0, 0;
    %jmp T_4.6;
T_4.4 ;
    %pushi/vec4 1, 0, 1;
    %assign/vec4 v0x55a48bb347b0_0, 0;
    %load/vec4 v0x55a48bb346d0_0;
    %pad/u 32;
    %cmpi/e 24, 0, 32;
    %jmp/0xz  T_4.9, 4;
    %pushi/vec4 0, 0, 1;
    %assign/vec4 v0x55a48bb34b00_0, 0;
    %pushi/vec4 0, 0, 6;
    %assign/vec4 v0x55a48bb346d0_0, 0;
    %pushi/vec4 0, 0, 3;
    %assign/vec4 v0x55a48bb34cf0_0, 0;
    %jmp T_4.10;
T_4.9 ;
    %load/vec4 v0x55a48bb346d0_0;
    %addi 1, 0, 6;
    %assign/vec4 v0x55a48bb346d0_0, 0;
    %load/vec4 v0x55a48bb34940_0;
    %addi 1, 0, 10;
    %assign/vec4 v0x55a48bb34940_0, 0;
    %pushi/vec4 1, 0, 3;
    %assign/vec4 v0x55a48bb34cf0_0, 0;
T_4.10 ;
    %jmp T_4.6;
T_4.6 ;
    %pop/vec4 1;
T_4.1 ;
    %jmp T_4;
    .thread T_4;
    .scope S_0x55a48bb32490;
T_5 ;
    %wait E_0x55a48ba7c7a0;
    %load/vec4 v0x55a48bb35c60_0;
    %flag_set/vec4 8;
    %jmp/0xz  T_5.0, 8;
    %load/vec4 v0x55a48bb35aa0_0;
    %store/vec4 v0x55a48bb35200_0, 0, 16;
    %pushi/vec4 1, 0, 1;
    %store/vec4 v0x55a48bb35a00_0, 0, 1;
    %jmp T_5.1;
T_5.0 ;
    %load/vec4 v0x55a48bb36210_0;
    %flag_set/vec4 8;
    %jmp/0xz  T_5.2, 8;
    %load/vec4 v0x55a48bb36050_0;
    %store/vec4 v0x55a48bb35200_0, 0, 16;
    %pushi/vec4 1, 0, 1;
    %store/vec4 v0x55a48bb35a00_0, 0, 1;
    %jmp T_5.3;
T_5.2 ;
    %load/vec4 v0x55a48bb366a0_0;
    %flag_set/vec4 8;
    %jmp/0xz  T_5.4, 8;
    %load/vec4 v0x55a48bb36520_0;
    %store/vec4 v0x55a48bb35200_0, 0, 16;
    %pushi/vec4 1, 0, 1;
    %store/vec4 v0x55a48bb35a00_0, 0, 1;
    %jmp T_5.5;
T_5.4 ;
    %load/vec4 v0x55a48bb35450_0;
    %flag_set/vec4 8;
    %jmp/0xz  T_5.6, 8;
    %load/vec4 v0x55a48bb352d0_0;
    %store/vec4 v0x55a48bb35200_0, 0, 16;
    %pushi/vec4 1, 0, 1;
    %store/vec4 v0x55a48bb35a00_0, 0, 1;
    %jmp T_5.7;
T_5.6 ;
    %pushi/vec4 0, 0, 16;
    %store/vec4 v0x55a48bb35200_0, 0, 16;
    %pushi/vec4 0, 0, 1;
    %store/vec4 v0x55a48bb35a00_0, 0, 1;
T_5.7 ;
T_5.5 ;
T_5.3 ;
T_5.1 ;
    %jmp T_5;
    .thread T_5, $push;
    .scope S_0x55a48bb32490;
T_6 ;
    %wait E_0x55a48bb0e930;
    %load/vec4 v0x55a48bb35ef0_0;
    %flag_set/vec4 8;
    %jmp/0xz  T_6.0, 8;
    %pushi/vec4 0, 0, 1;
    %assign/vec4 v0x55a48bb358c0_0, 0;
    %pushi/vec4 0, 0, 1;
    %assign/vec4 v0x55a48bb35960_0, 0;
    %jmp T_6.1;
T_6.0 ;
    %load/vec4 v0x55a48bb35a00_0;
    %assign/vec4 v0x55a48bb358c0_0, 0;
    %load/vec4 v0x55a48bb358c0_0;
    %assign/vec4 v0x55a48bb35960_0, 0;
T_6.1 ;
    %jmp T_6;
    .thread T_6;
    .scope S_0x55a48bb32490;
T_7 ;
    %wait E_0x55a48ba7e3c0;
    %pushi/vec4 0, 0, 16;
    %store/vec4 v0x55a48bb35b80_0, 0, 16;
    %pushi/vec4 0, 0, 16;
    %store/vec4 v0x55a48bb36130_0, 0, 16;
    %pushi/vec4 0, 0, 16;
    %store/vec4 v0x55a48bb365c0_0, 0, 16;
    %pushi/vec4 0, 0, 16;
    %store/vec4 v0x55a48bb35370_0, 0, 16;
    %pushi/vec4 0, 0, 1;
    %store/vec4 v0x55a48bb35d20_0, 0, 1;
    %pushi/vec4 0, 0, 1;
    %store/vec4 v0x55a48bb362d0_0, 0, 1;
    %pushi/vec4 0, 0, 1;
    %store/vec4 v0x55a48bb36760_0, 0, 1;
    %pushi/vec4 0, 0, 1;
    %store/vec4 v0x55a48bb35510_0, 0, 1;
    %load/vec4 v0x55a48bb35f90_0;
    %pad/u 32;
    %cmpi/e 11, 0, 32;
    %jmp/0xz  T_7.0, 4;
    %pushi/vec4 1397708116, 0, 32; draw_string_vec4
    %pushi/vec4 72, 0, 8; draw_string_vec4
    %concat/vec4; draw_string_vec4
    %dup/vec4;
    %pushi/vec4 1313821268, 0, 32; draw_string_vec4
    %pushi/vec4 72, 0, 8; draw_string_vec4
    %concat/vec4; draw_string_vec4
    %cmp/u;
    %jmp/1 T_7.2, 6;
    %dup/vec4;
    %pushi/vec4 1397708116, 0, 32; draw_string_vec4
    %pushi/vec4 72, 0, 8; draw_string_vec4
    %concat/vec4; draw_string_vec4
    %cmp/u;
    %jmp/1 T_7.3, 6;
    %dup/vec4;
    %pushi/vec4 5719379, 0, 32; draw_string_vec4
    %pushi/vec4 84, 0, 8; draw_string_vec4
    %concat/vec4; draw_string_vec4
    %cmp/u;
    %jmp/1 T_7.4, 6;
    %dup/vec4;
    %pushi/vec4 4538707, 0, 32; draw_string_vec4
    %pushi/vec4 84, 0, 8; draw_string_vec4
    %concat/vec4; draw_string_vec4
    %cmp/u;
    %jmp/1 T_7.5, 6;
    %jmp T_7.7;
T_7.2 ;
    %load/vec4 v0x55a48bb36390_0;
    %store/vec4 v0x55a48bb35b80_0, 0, 16;
    %load/vec4 v0x55a48bb36450_0;
    %store/vec4 v0x55a48bb35d20_0, 0, 1;
    %jmp T_7.7;
T_7.3 ;
    %load/vec4 v0x55a48bb36390_0;
    %store/vec4 v0x55a48bb36130_0, 0, 16;
    %load/vec4 v0x55a48bb36450_0;
    %store/vec4 v0x55a48bb362d0_0, 0, 1;
    %jmp T_7.7;
T_7.4 ;
    %load/vec4 v0x55a48bb36390_0;
    %store/vec4 v0x55a48bb365c0_0, 0, 16;
    %load/vec4 v0x55a48bb36450_0;
    %store/vec4 v0x55a48bb36760_0, 0, 1;
    %jmp T_7.7;
T_7.5 ;
    %load/vec4 v0x55a48bb36390_0;
    %store/vec4 v0x55a48bb35370_0, 0, 16;
    %load/vec4 v0x55a48bb36450_0;
    %store/vec4 v0x55a48bb35510_0, 0, 1;
    %jmp T_7.7;
T_7.7 ;
    %pop/vec4 1;
    %jmp T_7.1;
T_7.0 ;
    %load/vec4 v0x55a48bb35f90_0;
    %dup/vec4;
    %pushi/vec4 0, 0, 4;
    %cmp/u;
    %jmp/1 T_7.8, 6;
    %dup/vec4;
    %pushi/vec4 1, 0, 4;
    %cmp/u;
    %jmp/1 T_7.9, 6;
    %dup/vec4;
    %pushi/vec4 2, 0, 4;
    %cmp/u;
    %jmp/1 T_7.10, 6;
    %dup/vec4;
    %pushi/vec4 3, 0, 4;
    %cmp/u;
    %jmp/1 T_7.11, 6;
    %dup/vec4;
    %pushi/vec4 4, 0, 4;
    %cmp/u;
    %jmp/1 T_7.12, 6;
    %dup/vec4;
    %pushi/vec4 5, 0, 4;
    %cmp/u;
    %jmp/1 T_7.13, 6;
    %dup/vec4;
    %pushi/vec4 6, 0, 4;
    %cmp/u;
    %jmp/1 T_7.14, 6;
    %dup/vec4;
    %pushi/vec4 7, 0, 4;
    %cmp/u;
    %jmp/1 T_7.15, 6;
    %dup/vec4;
    %pushi/vec4 8, 0, 4;
    %cmp/u;
    %jmp/1 T_7.16, 6;
    %dup/vec4;
    %pushi/vec4 9, 0, 4;
    %cmp/u;
    %jmp/1 T_7.17, 6;
    %dup/vec4;
    %pushi/vec4 10, 0, 4;
    %cmp/u;
    %jmp/1 T_7.18, 6;
    %jmp T_7.20;
T_7.8 ;
    %load/vec4 v0x55a48bb35200_0;
    %store/vec4 v0x55a48bb35b80_0, 0, 16;
    %pushi/vec4 1, 0, 1;
    %store/vec4 v0x55a48bb35d20_0, 0, 1;
    %load/vec4 v0x55a48bb35200_0;
    %store/vec4 v0x55a48bb36130_0, 0, 16;
    %pushi/vec4 1, 0, 1;
    %store/vec4 v0x55a48bb362d0_0, 0, 1;
    %load/vec4 v0x55a48bb35200_0;
    %store/vec4 v0x55a48bb35370_0, 0, 16;
    %pushi/vec4 1, 0, 1;
    %store/vec4 v0x55a48bb35510_0, 0, 1;
    %load/vec4 v0x55a48bb35200_0;
    %store/vec4 v0x55a48bb365c0_0, 0, 16;
    %pushi/vec4 1, 0, 1;
    %store/vec4 v0x55a48bb36760_0, 0, 1;
    %jmp T_7.20;
T_7.9 ;
    %load/vec4 v0x55a48bb35200_0;
    %store/vec4 v0x55a48bb35b80_0, 0, 16;
    %pushi/vec4 1, 0, 1;
    %store/vec4 v0x55a48bb35d20_0, 0, 1;
    %jmp T_7.20;
T_7.10 ;
    %load/vec4 v0x55a48bb35200_0;
    %store/vec4 v0x55a48bb36130_0, 0, 16;
    %pushi/vec4 1, 0, 1;
    %store/vec4 v0x55a48bb362d0_0, 0, 1;
    %jmp T_7.20;
T_7.11 ;
    %load/vec4 v0x55a48bb35200_0;
    %store/vec4 v0x55a48bb365c0_0, 0, 16;
    %pushi/vec4 1, 0, 1;
    %store/vec4 v0x55a48bb36760_0, 0, 1;
    %jmp T_7.20;
T_7.12 ;
    %load/vec4 v0x55a48bb35200_0;
    %store/vec4 v0x55a48bb35370_0, 0, 16;
    %pushi/vec4 1, 0, 1;
    %store/vec4 v0x55a48bb35510_0, 0, 1;
    %jmp T_7.20;
T_7.13 ;
    %load/vec4 v0x55a48bb35200_0;
    %store/vec4 v0x55a48bb35370_0, 0, 16;
    %pushi/vec4 1, 0, 1;
    %store/vec4 v0x55a48bb35510_0, 0, 1;
    %load/vec4 v0x55a48bb35200_0;
    %store/vec4 v0x55a48bb35b80_0, 0, 16;
    %pushi/vec4 1, 0, 1;
    %store/vec4 v0x55a48bb35d20_0, 0, 1;
    %jmp T_7.20;
T_7.14 ;
    %load/vec4 v0x55a48bb35200_0;
    %store/vec4 v0x55a48bb35370_0, 0, 16;
    %pushi/vec4 1, 0, 1;
    %store/vec4 v0x55a48bb35510_0, 0, 1;
    %load/vec4 v0x55a48bb35200_0;
    %store/vec4 v0x55a48bb36130_0, 0, 16;
    %pushi/vec4 1, 0, 1;
    %store/vec4 v0x55a48bb362d0_0, 0, 1;
    %jmp T_7.20;
T_7.15 ;
    %load/vec4 v0x55a48bb35200_0;
    %store/vec4 v0x55a48bb35370_0, 0, 16;
    %pushi/vec4 1, 0, 1;
    %store/vec4 v0x55a48bb35510_0, 0, 1;
    %load/vec4 v0x55a48bb35200_0;
    %store/vec4 v0x55a48bb365c0_0, 0, 16;
    %pushi/vec4 1, 0, 1;
    %store/vec4 v0x55a48bb36760_0, 0, 1;
    %jmp T_7.20;
T_7.16 ;
    %load/vec4 v0x55a48bb35200_0;
    %store/vec4 v0x55a48bb365c0_0, 0, 16;
    %pushi/vec4 1, 0, 1;
    %store/vec4 v0x55a48bb36760_0, 0, 1;
    %load/vec4 v0x55a48bb35200_0;
    %store/vec4 v0x55a48bb35b80_0, 0, 16;
    %pushi/vec4 1, 0, 1;
    %store/vec4 v0x55a48bb35d20_0, 0, 1;
    %jmp T_7.20;
T_7.17 ;
    %load/vec4 v0x55a48bb35200_0;
    %store/vec4 v0x55a48bb365c0_0, 0, 16;
    %pushi/vec4 1, 0, 1;
    %store/vec4 v0x55a48bb36760_0, 0, 1;
    %load/vec4 v0x55a48bb35200_0;
    %store/vec4 v0x55a48bb36130_0, 0, 16;
    %pushi/vec4 1, 0, 1;
    %store/vec4 v0x55a48bb362d0_0, 0, 1;
    %jmp T_7.20;
T_7.18 ;
    %load/vec4 v0x55a48bb35200_0;
    %store/vec4 v0x55a48bb365c0_0, 0, 16;
    %pushi/vec4 1, 0, 1;
    %store/vec4 v0x55a48bb36760_0, 0, 1;
    %load/vec4 v0x55a48bb35200_0;
    %store/vec4 v0x55a48bb35370_0, 0, 16;
    %pushi/vec4 1, 0, 1;
    %store/vec4 v0x55a48bb35510_0, 0, 1;
    %jmp T_7.20;
T_7.20 ;
    %pop/vec4 1;
T_7.1 ;
    %jmp T_7;
    .thread T_7, $push;
    .scope S_0x55a48bb38020;
T_8 ;
    %wait E_0x55a48baa3a40;
    %load/vec4 v0x55a48bb392e0_0;
    %flag_set/vec4 8;
    %jmp/0xz  T_8.0, 8;
    %pushi/vec4 0, 0, 1;
    %assign/vec4 v0x55a48bb39220_0, 0;
    %pushi/vec4 0, 0, 10;
    %assign/vec4 v0x55a48bb39010_0, 0;
    %pushi/vec4 0, 0, 1;
    %assign/vec4 v0x55a48bb38e80_0, 0;
    %pushi/vec4 0, 0, 16;
    %assign/vec4 v0x55a48bb39460_0, 0;
    %pushi/vec4 0, 0, 6;
    %assign/vec4 v0x55a48bb38da0_0, 0;
    %pushi/vec4 0, 0, 3;
    %assign/vec4 v0x55a48bb39380_0, 0;
    %jmp T_8.1;
T_8.0 ;
    %pushi/vec4 0, 0, 1;
    %assign/vec4 v0x55a48bb38e80_0, 0;
    %load/vec4 v0x55a48bb39380_0;
    %dup/vec4;
    %pushi/vec4 0, 0, 3;
    %cmp/u;
    %jmp/1 T_8.2, 6;
    %dup/vec4;
    %pushi/vec4 1, 0, 3;
    %cmp/u;
    %jmp/1 T_8.3, 6;
    %dup/vec4;
    %pushi/vec4 2, 0, 3;
    %cmp/u;
    %jmp/1 T_8.4, 6;
    %pushi/vec4 0, 0, 3;
    %assign/vec4 v0x55a48bb39380_0, 0;
    %jmp T_8.6;
T_8.2 ;
    %pushi/vec4 0, 0, 1;
    %assign/vec4 v0x55a48bb39220_0, 0;
    %pushi/vec4 0, 0, 6;
    %assign/vec4 v0x55a48bb38da0_0, 0;
    %load/vec4 v0x55a48bb38f50_0;
    %flag_set/vec4 8;
    %jmp/0xz  T_8.7, 8;
    %pushi/vec4 1, 0, 1;
    %assign/vec4 v0x55a48bb39220_0, 0;
    %pushi/vec4 100, 0, 10;
    %assign/vec4 v0x55a48bb39010_0, 0;
    %pushi/vec4 1, 0, 3;
    %assign/vec4 v0x55a48bb39380_0, 0;
T_8.7 ;
    %jmp T_8.6;
T_8.3 ;
    %load/vec4 v0x55a48bb39140_0;
    %assign/vec4 v0x55a48bb39460_0, 0;
    %pushi/vec4 2, 0, 3;
    %assign/vec4 v0x55a48bb39380_0, 0;
    %jmp T_8.6;
T_8.4 ;
    %pushi/vec4 1, 0, 1;
    %assign/vec4 v0x55a48bb38e80_0, 0;
    %load/vec4 v0x55a48bb38da0_0;
    %pad/u 32;
    %cmpi/e 24, 0, 32;
    %jmp/0xz  T_8.9, 4;
    %pushi/vec4 0, 0, 1;
    %assign/vec4 v0x55a48bb39220_0, 0;
    %pushi/vec4 0, 0, 6;
    %assign/vec4 v0x55a48bb38da0_0, 0;
    %pushi/vec4 0, 0, 3;
    %assign/vec4 v0x55a48bb39380_0, 0;
    %jmp T_8.10;
T_8.9 ;
    %load/vec4 v0x55a48bb38da0_0;
    %addi 1, 0, 6;
    %assign/vec4 v0x55a48bb38da0_0, 0;
    %load/vec4 v0x55a48bb39010_0;
    %addi 1, 0, 10;
    %assign/vec4 v0x55a48bb39010_0, 0;
    %pushi/vec4 1, 0, 3;
    %assign/vec4 v0x55a48bb39380_0, 0;
T_8.10 ;
    %jmp T_8.6;
T_8.6 ;
    %pop/vec4 1;
T_8.1 ;
    %jmp T_8;
    .thread T_8;
    .scope S_0x55a48bb36b70;
T_9 ;
    %wait E_0x55a48badde80;
    %load/vec4 v0x55a48bb3a260_0;
    %flag_set/vec4 8;
    %jmp/0xz  T_9.0, 8;
    %load/vec4 v0x55a48bb3a0a0_0;
    %store/vec4 v0x55a48bb39800_0, 0, 16;
    %pushi/vec4 1, 0, 1;
    %store/vec4 v0x55a48bb3a000_0, 0, 1;
    %jmp T_9.1;
T_9.0 ;
    %load/vec4 v0x55a48bb3a810_0;
    %flag_set/vec4 8;
    %jmp/0xz  T_9.2, 8;
    %load/vec4 v0x55a48bb3a650_0;
    %store/vec4 v0x55a48bb39800_0, 0, 16;
    %pushi/vec4 1, 0, 1;
    %store/vec4 v0x55a48bb3a000_0, 0, 1;
    %jmp T_9.3;
T_9.2 ;
    %load/vec4 v0x55a48bb3acd0_0;
    %flag_set/vec4 8;
    %jmp/0xz  T_9.4, 8;
    %load/vec4 v0x55a48bb3ab50_0;
    %store/vec4 v0x55a48bb39800_0, 0, 16;
    %pushi/vec4 1, 0, 1;
    %store/vec4 v0x55a48bb3a000_0, 0, 1;
    %jmp T_9.5;
T_9.4 ;
    %load/vec4 v0x55a48bb39a50_0;
    %flag_set/vec4 8;
    %jmp/0xz  T_9.6, 8;
    %load/vec4 v0x55a48bb398d0_0;
    %store/vec4 v0x55a48bb39800_0, 0, 16;
    %pushi/vec4 1, 0, 1;
    %store/vec4 v0x55a48bb3a000_0, 0, 1;
    %jmp T_9.7;
T_9.6 ;
    %pushi/vec4 0, 0, 16;
    %store/vec4 v0x55a48bb39800_0, 0, 16;
    %pushi/vec4 0, 0, 1;
    %store/vec4 v0x55a48bb3a000_0, 0, 1;
T_9.7 ;
T_9.5 ;
T_9.3 ;
T_9.1 ;
    %jmp T_9;
    .thread T_9, $push;
    .scope S_0x55a48bb36b70;
T_10 ;
    %wait E_0x55a48bb0e930;
    %load/vec4 v0x55a48bb3a4f0_0;
    %flag_set/vec4 8;
    %jmp/0xz  T_10.0, 8;
    %pushi/vec4 0, 0, 1;
    %assign/vec4 v0x55a48bb39ec0_0, 0;
    %pushi/vec4 0, 0, 1;
    %assign/vec4 v0x55a48bb39f60_0, 0;
    %jmp T_10.1;
T_10.0 ;
    %load/vec4 v0x55a48bb3a000_0;
    %assign/vec4 v0x55a48bb39ec0_0, 0;
    %load/vec4 v0x55a48bb39ec0_0;
    %assign/vec4 v0x55a48bb39f60_0, 0;
T_10.1 ;
    %jmp T_10;
    .thread T_10;
    .scope S_0x55a48bb36b70;
T_11 ;
    %wait E_0x55a48baf27a0;
    %pushi/vec4 0, 0, 16;
    %store/vec4 v0x55a48bb3a180_0, 0, 16;
    %pushi/vec4 0, 0, 16;
    %store/vec4 v0x55a48bb3a730_0, 0, 16;
    %pushi/vec4 0, 0, 16;
    %store/vec4 v0x55a48bb3abf0_0, 0, 16;
    %pushi/vec4 0, 0, 16;
    %store/vec4 v0x55a48bb39970_0, 0, 16;
    %pushi/vec4 0, 0, 1;
    %store/vec4 v0x55a48bb3a320_0, 0, 1;
    %pushi/vec4 0, 0, 1;
    %store/vec4 v0x55a48bb3a8d0_0, 0, 1;
    %pushi/vec4 0, 0, 1;
    %store/vec4 v0x55a48bb3ad90_0, 0, 1;
    %pushi/vec4 0, 0, 1;
    %store/vec4 v0x55a48bb39b10_0, 0, 1;
    %load/vec4 v0x55a48bb3a590_0;
    %pad/u 32;
    %cmpi/e 11, 0, 32;
    %jmp/0xz  T_11.0, 4;
    %pushi/vec4 1464161108, 0, 40;
    %dup/vec4;
    %pushi/vec4 1313821268, 0, 32; draw_string_vec4
    %pushi/vec4 72, 0, 8; draw_string_vec4
    %concat/vec4; draw_string_vec4
    %cmp/u;
    %jmp/1 T_11.2, 6;
    %dup/vec4;
    %pushi/vec4 1397708116, 0, 32; draw_string_vec4
    %pushi/vec4 72, 0, 8; draw_string_vec4
    %concat/vec4; draw_string_vec4
    %cmp/u;
    %jmp/1 T_11.3, 6;
    %dup/vec4;
    %pushi/vec4 5719379, 0, 32; draw_string_vec4
    %pushi/vec4 84, 0, 8; draw_string_vec4
    %concat/vec4; draw_string_vec4
    %cmp/u;
    %jmp/1 T_11.4, 6;
    %dup/vec4;
    %pushi/vec4 4538707, 0, 32; draw_string_vec4
    %pushi/vec4 84, 0, 8; draw_string_vec4
    %concat/vec4; draw_string_vec4
    %cmp/u;
    %jmp/1 T_11.5, 6;
    %jmp T_11.7;
T_11.2 ;
    %load/vec4 v0x55a48bb3a990_0;
    %store/vec4 v0x55a48bb3a180_0, 0, 16;
    %load/vec4 v0x55a48bb3aa80_0;
    %store/vec4 v0x55a48bb3a320_0, 0, 1;
    %jmp T_11.7;
T_11.3 ;
    %load/vec4 v0x55a48bb3a990_0;
    %store/vec4 v0x55a48bb3a730_0, 0, 16;
    %load/vec4 v0x55a48bb3aa80_0;
    %store/vec4 v0x55a48bb3a8d0_0, 0, 1;
    %jmp T_11.7;
T_11.4 ;
    %load/vec4 v0x55a48bb3a990_0;
    %store/vec4 v0x55a48bb3abf0_0, 0, 16;
    %load/vec4 v0x55a48bb3aa80_0;
    %store/vec4 v0x55a48bb3ad90_0, 0, 1;
    %jmp T_11.7;
T_11.5 ;
    %load/vec4 v0x55a48bb3a990_0;
    %store/vec4 v0x55a48bb39970_0, 0, 16;
    %load/vec4 v0x55a48bb3aa80_0;
    %store/vec4 v0x55a48bb39b10_0, 0, 1;
    %jmp T_11.7;
T_11.7 ;
    %pop/vec4 1;
    %jmp T_11.1;
T_11.0 ;
    %load/vec4 v0x55a48bb3a590_0;
    %dup/vec4;
    %pushi/vec4 0, 0, 4;
    %cmp/u;
    %jmp/1 T_11.8, 6;
    %dup/vec4;
    %pushi/vec4 1, 0, 4;
    %cmp/u;
    %jmp/1 T_11.9, 6;
    %dup/vec4;
    %pushi/vec4 2, 0, 4;
    %cmp/u;
    %jmp/1 T_11.10, 6;
    %dup/vec4;
    %pushi/vec4 3, 0, 4;
    %cmp/u;
    %jmp/1 T_11.11, 6;
    %dup/vec4;
    %pushi/vec4 4, 0, 4;
    %cmp/u;
    %jmp/1 T_11.12, 6;
    %dup/vec4;
    %pushi/vec4 5, 0, 4;
    %cmp/u;
    %jmp/1 T_11.13, 6;
    %dup/vec4;
    %pushi/vec4 6, 0, 4;
    %cmp/u;
    %jmp/1 T_11.14, 6;
    %dup/vec4;
    %pushi/vec4 7, 0, 4;
    %cmp/u;
    %jmp/1 T_11.15, 6;
    %dup/vec4;
    %pushi/vec4 8, 0, 4;
    %cmp/u;
    %jmp/1 T_11.16, 6;
    %dup/vec4;
    %pushi/vec4 9, 0, 4;
    %cmp/u;
    %jmp/1 T_11.17, 6;
    %dup/vec4;
    %pushi/vec4 10, 0, 4;
    %cmp/u;
    %jmp/1 T_11.18, 6;
    %jmp T_11.20;
T_11.8 ;
    %load/vec4 v0x55a48bb39800_0;
    %store/vec4 v0x55a48bb3a180_0, 0, 16;
    %pushi/vec4 1, 0, 1;
    %store/vec4 v0x55a48bb3a320_0, 0, 1;
    %load/vec4 v0x55a48bb39800_0;
    %store/vec4 v0x55a48bb3a730_0, 0, 16;
    %pushi/vec4 1, 0, 1;
    %store/vec4 v0x55a48bb3a8d0_0, 0, 1;
    %load/vec4 v0x55a48bb39800_0;
    %store/vec4 v0x55a48bb39970_0, 0, 16;
    %pushi/vec4 1, 0, 1;
    %store/vec4 v0x55a48bb39b10_0, 0, 1;
    %load/vec4 v0x55a48bb39800_0;
    %store/vec4 v0x55a48bb3abf0_0, 0, 16;
    %pushi/vec4 1, 0, 1;
    %store/vec4 v0x55a48bb3ad90_0, 0, 1;
    %jmp T_11.20;
T_11.9 ;
    %load/vec4 v0x55a48bb39800_0;
    %store/vec4 v0x55a48bb3a180_0, 0, 16;
    %pushi/vec4 1, 0, 1;
    %store/vec4 v0x55a48bb3a320_0, 0, 1;
    %jmp T_11.20;
T_11.10 ;
    %load/vec4 v0x55a48bb39800_0;
    %store/vec4 v0x55a48bb3a730_0, 0, 16;
    %pushi/vec4 1, 0, 1;
    %store/vec4 v0x55a48bb3a8d0_0, 0, 1;
    %jmp T_11.20;
T_11.11 ;
    %load/vec4 v0x55a48bb39800_0;
    %store/vec4 v0x55a48bb3abf0_0, 0, 16;
    %pushi/vec4 1, 0, 1;
    %store/vec4 v0x55a48bb3ad90_0, 0, 1;
    %jmp T_11.20;
T_11.12 ;
    %load/vec4 v0x55a48bb39800_0;
    %store/vec4 v0x55a48bb39970_0, 0, 16;
    %pushi/vec4 1, 0, 1;
    %store/vec4 v0x55a48bb39b10_0, 0, 1;
    %jmp T_11.20;
T_11.13 ;
    %load/vec4 v0x55a48bb39800_0;
    %store/vec4 v0x55a48bb39970_0, 0, 16;
    %pushi/vec4 1, 0, 1;
    %store/vec4 v0x55a48bb39b10_0, 0, 1;
    %load/vec4 v0x55a48bb39800_0;
    %store/vec4 v0x55a48bb3a180_0, 0, 16;
    %pushi/vec4 1, 0, 1;
    %store/vec4 v0x55a48bb3a320_0, 0, 1;
    %jmp T_11.20;
T_11.14 ;
    %load/vec4 v0x55a48bb39800_0;
    %store/vec4 v0x55a48bb39970_0, 0, 16;
    %pushi/vec4 1, 0, 1;
    %store/vec4 v0x55a48bb39b10_0, 0, 1;
    %load/vec4 v0x55a48bb39800_0;
    %store/vec4 v0x55a48bb3a730_0, 0, 16;
    %pushi/vec4 1, 0, 1;
    %store/vec4 v0x55a48bb3a8d0_0, 0, 1;
    %jmp T_11.20;
T_11.15 ;
    %load/vec4 v0x55a48bb39800_0;
    %store/vec4 v0x55a48bb39970_0, 0, 16;
    %pushi/vec4 1, 0, 1;
    %store/vec4 v0x55a48bb39b10_0, 0, 1;
    %load/vec4 v0x55a48bb39800_0;
    %store/vec4 v0x55a48bb3abf0_0, 0, 16;
    %pushi/vec4 1, 0, 1;
    %store/vec4 v0x55a48bb3ad90_0, 0, 1;
    %jmp T_11.20;
T_11.16 ;
    %load/vec4 v0x55a48bb39800_0;
    %store/vec4 v0x55a48bb3abf0_0, 0, 16;
    %pushi/vec4 1, 0, 1;
    %store/vec4 v0x55a48bb3ad90_0, 0, 1;
    %load/vec4 v0x55a48bb39800_0;
    %store/vec4 v0x55a48bb3a180_0, 0, 16;
    %pushi/vec4 1, 0, 1;
    %store/vec4 v0x55a48bb3a320_0, 0, 1;
    %jmp T_11.20;
T_11.17 ;
    %load/vec4 v0x55a48bb39800_0;
    %store/vec4 v0x55a48bb3abf0_0, 0, 16;
    %pushi/vec4 1, 0, 1;
    %store/vec4 v0x55a48bb3ad90_0, 0, 1;
    %load/vec4 v0x55a48bb39800_0;
    %store/vec4 v0x55a48bb3a730_0, 0, 16;
    %pushi/vec4 1, 0, 1;
    %store/vec4 v0x55a48bb3a8d0_0, 0, 1;
    %jmp T_11.20;
T_11.18 ;
    %load/vec4 v0x55a48bb39800_0;
    %store/vec4 v0x55a48bb3abf0_0, 0, 16;
    %pushi/vec4 1, 0, 1;
    %store/vec4 v0x55a48bb3ad90_0, 0, 1;
    %load/vec4 v0x55a48bb39800_0;
    %store/vec4 v0x55a48bb39970_0, 0, 16;
    %pushi/vec4 1, 0, 1;
    %store/vec4 v0x55a48bb39b10_0, 0, 1;
    %jmp T_11.20;
T_11.20 ;
    %pop/vec4 1;
T_11.1 ;
    %jmp T_11;
    .thread T_11, $push;
    .scope S_0x55a48bb10cd0;
T_12 ;
    %wait E_0x55a48baa3a40;
    %load/vec4 v0x55a48bb2c1d0_0;
    %flag_set/vec4 8;
    %jmp/0xz  T_12.0, 8;
    %pushi/vec4 0, 0, 1;
    %assign/vec4 v0x55a48bad60a0_0, 0;
    %pushi/vec4 0, 0, 10;
    %assign/vec4 v0x55a48bad8050_0, 0;
    %pushi/vec4 0, 0, 1;
    %assign/vec4 v0x55a48bae0390_0, 0;
    %pushi/vec4 0, 0, 16;
    %assign/vec4 v0x55a48bb2c370_0, 0;
    %pushi/vec4 0, 0, 6;
    %assign/vec4 v0x55a48bae24b0_0, 0;
    %pushi/vec4 0, 0, 3;
    %assign/vec4 v0x55a48bb2c290_0, 0;
    %jmp T_12.1;
T_12.0 ;
    %pushi/vec4 0, 0, 1;
    %assign/vec4 v0x55a48bae0390_0, 0;
    %load/vec4 v0x55a48bb2c290_0;
    %dup/vec4;
    %pushi/vec4 0, 0, 3;
    %cmp/u;
    %jmp/1 T_12.2, 6;
    %dup/vec4;
    %pushi/vec4 1, 0, 3;
    %cmp/u;
    %jmp/1 T_12.3, 6;
    %dup/vec4;
    %pushi/vec4 2, 0, 3;
    %cmp/u;
    %jmp/1 T_12.4, 6;
    %pushi/vec4 0, 0, 3;
    %assign/vec4 v0x55a48bb2c290_0, 0;
    %jmp T_12.6;
T_12.2 ;
    %pushi/vec4 0, 0, 1;
    %assign/vec4 v0x55a48bad60a0_0, 0;
    %pushi/vec4 0, 0, 6;
    %assign/vec4 v0x55a48bae24b0_0, 0;
    %load/vec4 v0x55a48bae0430_0;
    %flag_set/vec4 8;
    %jmp/0xz  T_12.7, 8;
    %pushi/vec4 1, 0, 1;
    %assign/vec4 v0x55a48bad60a0_0, 0;
    %pushi/vec4 100, 0, 10;
    %assign/vec4 v0x55a48bad8050_0, 0;
    %pushi/vec4 1, 0, 3;
    %assign/vec4 v0x55a48bb2c290_0, 0;
T_12.7 ;
    %jmp T_12.6;
T_12.3 ;
    %load/vec4 v0x55a48bad6000_0;
    %assign/vec4 v0x55a48bb2c370_0, 0;
    %pushi/vec4 2, 0, 3;
    %assign/vec4 v0x55a48bb2c290_0, 0;
    %jmp T_12.6;
T_12.4 ;
    %pushi/vec4 1, 0, 1;
    %assign/vec4 v0x55a48bae0390_0, 0;
    %load/vec4 v0x55a48bae24b0_0;
    %pad/u 32;
    %cmpi/e 24, 0, 32;
    %jmp/0xz  T_12.9, 4;
    %pushi/vec4 0, 0, 1;
    %assign/vec4 v0x55a48bad60a0_0, 0;
    %pushi/vec4 0, 0, 6;
    %assign/vec4 v0x55a48bae24b0_0, 0;
    %pushi/vec4 0, 0, 3;
    %assign/vec4 v0x55a48bb2c290_0, 0;
    %jmp T_12.10;
T_12.9 ;
    %load/vec4 v0x55a48bae24b0_0;
    %addi 1, 0, 6;
    %assign/vec4 v0x55a48bae24b0_0, 0;
    %load/vec4 v0x55a48bad8050_0;
    %addi 1, 0, 10;
    %assign/vec4 v0x55a48bad8050_0, 0;
    %pushi/vec4 1, 0, 3;
    %assign/vec4 v0x55a48bb2c290_0, 0;
T_12.10 ;
    %jmp T_12.6;
T_12.6 ;
    %pop/vec4 1;
T_12.1 ;
    %jmp T_12;
    .thread T_12;
    .scope S_0x55a48baa0560;
T_13 ;
    %wait E_0x55a48bae8310;
    %load/vec4 v0x55a48bb2d0c0_0;
    %flag_set/vec4 8;
    %jmp/0xz  T_13.0, 8;
    %load/vec4 v0x55a48bb2cf00_0;
    %store/vec4 v0x55a48bb2c710_0, 0, 16;
    %pushi/vec4 1, 0, 1;
    %store/vec4 v0x55a48bb2ce60_0, 0, 1;
    %jmp T_13.1;
T_13.0 ;
    %load/vec4 v0x55a48bb2d560_0;
    %flag_set/vec4 8;
    %jmp/0xz  T_13.2, 8;
    %load/vec4 v0x55a48bb2d3a0_0;
    %store/vec4 v0x55a48bb2c710_0, 0, 16;
    %pushi/vec4 1, 0, 1;
    %store/vec4 v0x55a48bb2ce60_0, 0, 1;
    %jmp T_13.3;
T_13.2 ;
    %load/vec4 v0x55a48bb2d9f0_0;
    %flag_set/vec4 8;
    %jmp/0xz  T_13.4, 8;
    %load/vec4 v0x55a48bb2d870_0;
    %store/vec4 v0x55a48bb2c710_0, 0, 16;
    %pushi/vec4 1, 0, 1;
    %store/vec4 v0x55a48bb2ce60_0, 0, 1;
    %jmp T_13.5;
T_13.4 ;
    %load/vec4 v0x55a48bb2c910_0;
    %flag_set/vec4 8;
    %jmp/0xz  T_13.6, 8;
    %load/vec4 v0x55a48bb2c7b0_0;
    %store/vec4 v0x55a48bb2c710_0, 0, 16;
    %pushi/vec4 1, 0, 1;
    %store/vec4 v0x55a48bb2ce60_0, 0, 1;
    %jmp T_13.7;
T_13.6 ;
    %pushi/vec4 0, 0, 16;
    %store/vec4 v0x55a48bb2c710_0, 0, 16;
    %pushi/vec4 0, 0, 1;
    %store/vec4 v0x55a48bb2ce60_0, 0, 1;
T_13.7 ;
T_13.5 ;
T_13.3 ;
T_13.1 ;
    %jmp T_13;
    .thread T_13, $push;
    .scope S_0x55a48baa0560;
T_14 ;
    %wait E_0x55a48bb0e930;
    %load/vec4 v0x55a48bb2d240_0;
    %flag_set/vec4 8;
    %jmp/0xz  T_14.0, 8;
    %pushi/vec4 0, 0, 1;
    %assign/vec4 v0x55a48bb2cd20_0, 0;
    %pushi/vec4 0, 0, 1;
    %assign/vec4 v0x55a48bb2cdc0_0, 0;
    %jmp T_14.1;
T_14.0 ;
    %load/vec4 v0x55a48bb2ce60_0;
    %assign/vec4 v0x55a48bb2cd20_0, 0;
    %load/vec4 v0x55a48bb2cd20_0;
    %assign/vec4 v0x55a48bb2cdc0_0, 0;
T_14.1 ;
    %jmp T_14;
    .thread T_14;
    .scope S_0x55a48baa0560;
T_15 ;
    %wait E_0x55a48bb0e870;
    %pushi/vec4 0, 0, 16;
    %store/vec4 v0x55a48bb2cfe0_0, 0, 16;
    %pushi/vec4 0, 0, 16;
    %store/vec4 v0x55a48bb2d480_0, 0, 16;
    %pushi/vec4 0, 0, 16;
    %store/vec4 v0x55a48bb2d910_0, 0, 16;
    %pushi/vec4 0, 0, 16;
    %store/vec4 v0x55a48bb2c850_0, 0, 16;
    %pushi/vec4 0, 0, 1;
    %store/vec4 v0x55a48bb2d180_0, 0, 1;
    %pushi/vec4 0, 0, 1;
    %store/vec4 v0x55a48bb2d620_0, 0, 1;
    %pushi/vec4 0, 0, 1;
    %store/vec4 v0x55a48bb2dab0_0, 0, 1;
    %pushi/vec4 0, 0, 1;
    %store/vec4 v0x55a48bb2c9d0_0, 0, 1;
    %load/vec4 v0x55a48bb2d2e0_0;
    %pad/u 32;
    %cmpi/e 11, 0, 32;
    %jmp/0xz  T_15.0, 4;
    %pushi/vec4 1161909076, 0, 40;
    %dup/vec4;
    %pushi/vec4 1313821268, 0, 32; draw_string_vec4
    %pushi/vec4 72, 0, 8; draw_string_vec4
    %concat/vec4; draw_string_vec4
    %cmp/u;
    %jmp/1 T_15.2, 6;
    %dup/vec4;
    %pushi/vec4 1397708116, 0, 32; draw_string_vec4
    %pushi/vec4 72, 0, 8; draw_string_vec4
    %concat/vec4; draw_string_vec4
    %cmp/u;
    %jmp/1 T_15.3, 6;
    %dup/vec4;
    %pushi/vec4 5719379, 0, 32; draw_string_vec4
    %pushi/vec4 84, 0, 8; draw_string_vec4
    %concat/vec4; draw_string_vec4
    %cmp/u;
    %jmp/1 T_15.4, 6;
    %dup/vec4;
    %pushi/vec4 4538707, 0, 32; draw_string_vec4
    %pushi/vec4 84, 0, 8; draw_string_vec4
    %concat/vec4; draw_string_vec4
    %cmp/u;
    %jmp/1 T_15.5, 6;
    %jmp T_15.7;
T_15.2 ;
    %load/vec4 v0x55a48bb2d6e0_0;
    %store/vec4 v0x55a48bb2cfe0_0, 0, 16;
    %load/vec4 v0x55a48bb2d7a0_0;
    %store/vec4 v0x55a48bb2d180_0, 0, 1;
    %jmp T_15.7;
T_15.3 ;
    %load/vec4 v0x55a48bb2d6e0_0;
    %store/vec4 v0x55a48bb2d480_0, 0, 16;
    %load/vec4 v0x55a48bb2d7a0_0;
    %store/vec4 v0x55a48bb2d620_0, 0, 1;
    %jmp T_15.7;
T_15.4 ;
    %load/vec4 v0x55a48bb2d6e0_0;
    %store/vec4 v0x55a48bb2d910_0, 0, 16;
    %load/vec4 v0x55a48bb2d7a0_0;
    %store/vec4 v0x55a48bb2dab0_0, 0, 1;
    %jmp T_15.7;
T_15.5 ;
    %load/vec4 v0x55a48bb2d6e0_0;
    %store/vec4 v0x55a48bb2c850_0, 0, 16;
    %load/vec4 v0x55a48bb2d7a0_0;
    %store/vec4 v0x55a48bb2c9d0_0, 0, 1;
    %jmp T_15.7;
T_15.7 ;
    %pop/vec4 1;
    %jmp T_15.1;
T_15.0 ;
    %load/vec4 v0x55a48bb2d2e0_0;
    %dup/vec4;
    %pushi/vec4 0, 0, 4;
    %cmp/u;
    %jmp/1 T_15.8, 6;
    %dup/vec4;
    %pushi/vec4 1, 0, 4;
    %cmp/u;
    %jmp/1 T_15.9, 6;
    %dup/vec4;
    %pushi/vec4 2, 0, 4;
    %cmp/u;
    %jmp/1 T_15.10, 6;
    %dup/vec4;
    %pushi/vec4 3, 0, 4;
    %cmp/u;
    %jmp/1 T_15.11, 6;
    %dup/vec4;
    %pushi/vec4 4, 0, 4;
    %cmp/u;
    %jmp/1 T_15.12, 6;
    %dup/vec4;
    %pushi/vec4 5, 0, 4;
    %cmp/u;
    %jmp/1 T_15.13, 6;
    %dup/vec4;
    %pushi/vec4 6, 0, 4;
    %cmp/u;
    %jmp/1 T_15.14, 6;
    %dup/vec4;
    %pushi/vec4 7, 0, 4;
    %cmp/u;
    %jmp/1 T_15.15, 6;
    %dup/vec4;
    %pushi/vec4 8, 0, 4;
    %cmp/u;
    %jmp/1 T_15.16, 6;
    %dup/vec4;
    %pushi/vec4 9, 0, 4;
    %cmp/u;
    %jmp/1 T_15.17, 6;
    %dup/vec4;
    %pushi/vec4 10, 0, 4;
    %cmp/u;
    %jmp/1 T_15.18, 6;
    %jmp T_15.20;
T_15.8 ;
    %load/vec4 v0x55a48bb2c710_0;
    %store/vec4 v0x55a48bb2cfe0_0, 0, 16;
    %pushi/vec4 1, 0, 1;
    %store/vec4 v0x55a48bb2d180_0, 0, 1;
    %load/vec4 v0x55a48bb2c710_0;
    %store/vec4 v0x55a48bb2d480_0, 0, 16;
    %pushi/vec4 1, 0, 1;
    %store/vec4 v0x55a48bb2d620_0, 0, 1;
    %load/vec4 v0x55a48bb2c710_0;
    %store/vec4 v0x55a48bb2c850_0, 0, 16;
    %pushi/vec4 1, 0, 1;
    %store/vec4 v0x55a48bb2c9d0_0, 0, 1;
    %load/vec4 v0x55a48bb2c710_0;
    %store/vec4 v0x55a48bb2d910_0, 0, 16;
    %pushi/vec4 1, 0, 1;
    %store/vec4 v0x55a48bb2dab0_0, 0, 1;
    %jmp T_15.20;
T_15.9 ;
    %load/vec4 v0x55a48bb2c710_0;
    %store/vec4 v0x55a48bb2cfe0_0, 0, 16;
    %pushi/vec4 1, 0, 1;
    %store/vec4 v0x55a48bb2d180_0, 0, 1;
    %jmp T_15.20;
T_15.10 ;
    %load/vec4 v0x55a48bb2c710_0;
    %store/vec4 v0x55a48bb2d480_0, 0, 16;
    %pushi/vec4 1, 0, 1;
    %store/vec4 v0x55a48bb2d620_0, 0, 1;
    %jmp T_15.20;
T_15.11 ;
    %load/vec4 v0x55a48bb2c710_0;
    %store/vec4 v0x55a48bb2d910_0, 0, 16;
    %pushi/vec4 1, 0, 1;
    %store/vec4 v0x55a48bb2dab0_0, 0, 1;
    %jmp T_15.20;
T_15.12 ;
    %load/vec4 v0x55a48bb2c710_0;
    %store/vec4 v0x55a48bb2c850_0, 0, 16;
    %pushi/vec4 1, 0, 1;
    %store/vec4 v0x55a48bb2c9d0_0, 0, 1;
    %jmp T_15.20;
T_15.13 ;
    %load/vec4 v0x55a48bb2c710_0;
    %store/vec4 v0x55a48bb2c850_0, 0, 16;
    %pushi/vec4 1, 0, 1;
    %store/vec4 v0x55a48bb2c9d0_0, 0, 1;
    %load/vec4 v0x55a48bb2c710_0;
    %store/vec4 v0x55a48bb2cfe0_0, 0, 16;
    %pushi/vec4 1, 0, 1;
    %store/vec4 v0x55a48bb2d180_0, 0, 1;
    %jmp T_15.20;
T_15.14 ;
    %load/vec4 v0x55a48bb2c710_0;
    %store/vec4 v0x55a48bb2c850_0, 0, 16;
    %pushi/vec4 1, 0, 1;
    %store/vec4 v0x55a48bb2c9d0_0, 0, 1;
    %load/vec4 v0x55a48bb2c710_0;
    %store/vec4 v0x55a48bb2d480_0, 0, 16;
    %pushi/vec4 1, 0, 1;
    %store/vec4 v0x55a48bb2d620_0, 0, 1;
    %jmp T_15.20;
T_15.15 ;
    %load/vec4 v0x55a48bb2c710_0;
    %store/vec4 v0x55a48bb2c850_0, 0, 16;
    %pushi/vec4 1, 0, 1;
    %store/vec4 v0x55a48bb2c9d0_0, 0, 1;
    %load/vec4 v0x55a48bb2c710_0;
    %store/vec4 v0x55a48bb2d910_0, 0, 16;
    %pushi/vec4 1, 0, 1;
    %store/vec4 v0x55a48bb2dab0_0, 0, 1;
    %jmp T_15.20;
T_15.16 ;
    %load/vec4 v0x55a48bb2c710_0;
    %store/vec4 v0x55a48bb2d910_0, 0, 16;
    %pushi/vec4 1, 0, 1;
    %store/vec4 v0x55a48bb2dab0_0, 0, 1;
    %load/vec4 v0x55a48bb2c710_0;
    %store/vec4 v0x55a48bb2cfe0_0, 0, 16;
    %pushi/vec4 1, 0, 1;
    %store/vec4 v0x55a48bb2d180_0, 0, 1;
    %jmp T_15.20;
T_15.17 ;
    %load/vec4 v0x55a48bb2c710_0;
    %store/vec4 v0x55a48bb2d910_0, 0, 16;
    %pushi/vec4 1, 0, 1;
    %store/vec4 v0x55a48bb2dab0_0, 0, 1;
    %load/vec4 v0x55a48bb2c710_0;
    %store/vec4 v0x55a48bb2d480_0, 0, 16;
    %pushi/vec4 1, 0, 1;
    %store/vec4 v0x55a48bb2d620_0, 0, 1;
    %jmp T_15.20;
T_15.18 ;
    %load/vec4 v0x55a48bb2c710_0;
    %store/vec4 v0x55a48bb2d910_0, 0, 16;
    %pushi/vec4 1, 0, 1;
    %store/vec4 v0x55a48bb2dab0_0, 0, 1;
    %load/vec4 v0x55a48bb2c710_0;
    %store/vec4 v0x55a48bb2c850_0, 0, 16;
    %pushi/vec4 1, 0, 1;
    %store/vec4 v0x55a48bb2c9d0_0, 0, 1;
    %jmp T_15.20;
T_15.20 ;
    %pop/vec4 1;
T_15.1 ;
    %jmp T_15;
    .thread T_15, $push;
    .scope S_0x55a48ba96f60;
T_16 ;
    %pushi/vec4 0, 0, 1;
    %store/vec4 v0x55a48bb3b1a0_0, 0, 1;
    %end;
    .thread T_16, $init;
    .scope S_0x55a48ba96f60;
T_17 ;
    %delay 5000, 0;
    %load/vec4 v0x55a48bb3b1a0_0;
    %inv;
    %store/vec4 v0x55a48bb3b1a0_0, 0, 1;
    %jmp T_17;
    .thread T_17;
    .scope S_0x55a48ba96f60;
T_18 ;
    %pushi/vec4 0, 0, 32;
    %store/vec4 v0x55a48bb3ccc0_0, 0, 32;
T_18.0 ;
    %load/vec4 v0x55a48bb3ccc0_0;
    %pad/s 64;
    %cmpi/s 25, 0, 64;
    %jmp/0xz T_18.1, 5;
    %pushi/vec4 49152, 0, 32;
    %load/vec4 v0x55a48bb3ccc0_0;
    %add;
    %pad/u 16;
    %ix/getv/s 4, v0x55a48bb3ccc0_0;
    %store/vec4a v0x55a48bb3c1a0, 4, 0;
    %load/vec4 v0x55a48bb3ccc0_0;
    %addi 1, 0, 32;
    %store/vec4 v0x55a48bb3ccc0_0, 0, 32;
    %jmp T_18.0;
T_18.1 ;
    %end;
    .thread T_18;
    .scope S_0x55a48ba96f60;
T_19 ;
    %wait E_0x55a48ba5b7e0;
    %pushi/vec4 0, 0, 16;
    %store/vec4 v0x55a48bb3d2c0_0, 0, 16;
    %pushi/vec4 0, 0, 16;
    %store/vec4 v0x55a48bb3dfb0_0, 0, 16;
    %pushi/vec4 0, 0, 16;
    %store/vec4 v0x55a48bb3f0c0_0, 0, 16;
    %pushi/vec4 0, 0, 16;
    %store/vec4 v0x55a48bb3b460_0, 0, 16;
    %load/vec4 v0x55a48bb3c9f0_0;
    %flag_set/vec4 8;
    %jmp/0xz  T_19.0, 8;
    %load/vec4 v0x55a48bb3c5d0_0;
    %pad/u 32;
    %subi 100, 0, 32;
    %store/vec4 v0x55a48bb3cf60_0, 0, 32;
    %load/vec4 v0x55a48bb3cf60_0;
    %cmpi/s 0, 0, 32;
    %flag_inv 5; GE is !LT
    %flag_get/vec4 5;
    %jmp/0 T_19.4, 5;
    %load/vec4 v0x55a48bb3cf60_0;
    %pad/s 64;
    %cmpi/s 25, 0, 64;
    %flag_get/vec4 5;
    %and;
T_19.4;
    %flag_set/vec4 8;
    %jmp/0xz  T_19.2, 8;
    %ix/getv/s 4, v0x55a48bb3cf60_0;
    %load/vec4a v0x55a48bb3c1a0, 4;
    %store/vec4 v0x55a48bb3d2c0_0, 0, 16;
    %jmp T_19.3;
T_19.2 ;
    %pushi/vec4 57005, 0, 16;
    %store/vec4 v0x55a48bb3d2c0_0, 0, 16;
T_19.3 ;
T_19.0 ;
    %jmp T_19;
    .thread T_19, $push;
    .scope S_0x55a48ba96f60;
T_20 ;
    %wait E_0x55a48baa5d00;
    %pushi/vec4 0, 0, 16;
    %store/vec4 v0x55a48bb3d360_0, 0, 16;
    %pushi/vec4 0, 0, 16;
    %store/vec4 v0x55a48bb3e080_0, 0, 16;
    %pushi/vec4 0, 0, 16;
    %store/vec4 v0x55a48bb3f190_0, 0, 16;
    %pushi/vec4 0, 0, 16;
    %store/vec4 v0x55a48bb3b560_0, 0, 16;
    %load/vec4 v0x55a48bb3cae0_0;
    %flag_set/vec4 8;
    %jmp/0xz  T_20.0, 8;
    %load/vec4 v0x55a48bb3c6e0_0;
    %pad/u 32;
    %subi 100, 0, 32;
    %store/vec4 v0x55a48bb3d040_0, 0, 32;
    %load/vec4 v0x55a48bb3d040_0;
    %cmpi/s 0, 0, 32;
    %flag_inv 5; GE is !LT
    %flag_get/vec4 5;
    %jmp/0 T_20.4, 5;
    %load/vec4 v0x55a48bb3d040_0;
    %pad/s 64;
    %cmpi/s 25, 0, 64;
    %flag_get/vec4 5;
    %and;
T_20.4;
    %flag_set/vec4 8;
    %jmp/0xz  T_20.2, 8;
    %ix/getv/s 4, v0x55a48bb3d040_0;
    %load/vec4a v0x55a48bb3c1a0, 4;
    %store/vec4 v0x55a48bb3e080_0, 0, 16;
    %jmp T_20.3;
T_20.2 ;
    %pushi/vec4 57005, 0, 16;
    %store/vec4 v0x55a48bb3e080_0, 0, 16;
T_20.3 ;
T_20.0 ;
    %jmp T_20;
    .thread T_20, $push;
    .scope S_0x55a48ba96f60;
T_21 ;
    %wait E_0x55a48baa3d30;
    %pushi/vec4 0, 0, 16;
    %store/vec4 v0x55a48bb3d400_0, 0, 16;
    %pushi/vec4 0, 0, 16;
    %store/vec4 v0x55a48bb3e150_0, 0, 16;
    %pushi/vec4 0, 0, 16;
    %store/vec4 v0x55a48bb3f260_0, 0, 16;
    %pushi/vec4 0, 0, 16;
    %store/vec4 v0x55a48bb3b630_0, 0, 16;
    %load/vec4 v0x55a48bb3cbd0_0;
    %flag_set/vec4 8;
    %jmp/0xz  T_21.0, 8;
    %load/vec4 v0x55a48bb3c7f0_0;
    %pad/u 32;
    %subi 100, 0, 32;
    %store/vec4 v0x55a48bb3d120_0, 0, 32;
    %load/vec4 v0x55a48bb3d120_0;
    %cmpi/s 0, 0, 32;
    %flag_inv 5; GE is !LT
    %flag_get/vec4 5;
    %jmp/0 T_21.4, 5;
    %load/vec4 v0x55a48bb3d120_0;
    %pad/s 64;
    %cmpi/s 25, 0, 64;
    %flag_get/vec4 5;
    %and;
T_21.4;
    %flag_set/vec4 8;
    %jmp/0xz  T_21.2, 8;
    %ix/getv/s 4, v0x55a48bb3d120_0;
    %load/vec4a v0x55a48bb3c1a0, 4;
    %store/vec4 v0x55a48bb3f260_0, 0, 16;
    %jmp T_21.3;
T_21.2 ;
    %pushi/vec4 57005, 0, 16;
    %store/vec4 v0x55a48bb3f260_0, 0, 16;
T_21.3 ;
T_21.0 ;
    %jmp T_21;
    .thread T_21, $push;
    .scope S_0x55a48ba96f60;
T_22 ;
    %wait E_0x55a48baa59e0;
    %pushi/vec4 0, 0, 16;
    %store/vec4 v0x55a48bb3d200_0, 0, 16;
    %pushi/vec4 0, 0, 16;
    %store/vec4 v0x55a48bb3dee0_0, 0, 16;
    %pushi/vec4 0, 0, 16;
    %store/vec4 v0x55a48bb3eff0_0, 0, 16;
    %pushi/vec4 0, 0, 16;
    %store/vec4 v0x55a48bb3b370_0, 0, 16;
    %load/vec4 v0x55a48bb3c900_0;
    %flag_set/vec4 8;
    %jmp/0xz  T_22.0, 8;
    %load/vec4 v0x55a48bb3c510_0;
    %pad/u 32;
    %subi 100, 0, 32;
    %store/vec4 v0x55a48bb3ce80_0, 0, 32;
    %load/vec4 v0x55a48bb3ce80_0;
    %cmpi/s 0, 0, 32;
    %flag_inv 5; GE is !LT
    %flag_get/vec4 5;
    %jmp/0 T_22.4, 5;
    %load/vec4 v0x55a48bb3ce80_0;
    %pad/s 64;
    %cmpi/s 25, 0, 64;
    %flag_get/vec4 5;
    %and;
T_22.4;
    %flag_set/vec4 8;
    %jmp/0xz  T_22.2, 8;
    %ix/getv/s 4, v0x55a48bb3ce80_0;
    %load/vec4a v0x55a48bb3c1a0, 4;
    %store/vec4 v0x55a48bb3b370_0, 0, 16;
    %jmp T_22.3;
T_22.2 ;
    %pushi/vec4 57005, 0, 16;
    %store/vec4 v0x55a48bb3b370_0, 0, 16;
T_22.3 ;
T_22.0 ;
    %jmp T_22;
    .thread T_22, $push;
    .scope S_0x55a48ba96f60;
T_23 ;
    %vpi_call/w 3 308 "$display", "\012===============================================" {0 0 0};
    %vpi_call/w 3 309 "$display", "   TESTING ALL 4 COMPUTE DIRECTIONS" {0 0 0};
    %vpi_call/w 3 310 "$display", "===============================================\012" {0 0 0};
    %pushi/vec4 11, 0, 4;
    %store/vec4 v0x55a48bb3de40_0, 0, 4;
    %pushi/vec4 1, 0, 1;
    %store/vec4 v0x55a48bb3dda0_0, 0, 1;
    %pushi/vec4 0, 0, 1;
    %store/vec4 v0x55a48bb3d7f0_0, 0, 1;
    %pushi/vec4 0, 0, 1;
    %store/vec4 v0x55a48bb3e630_0, 0, 1;
    %pushi/vec4 0, 0, 1;
    %store/vec4 v0x55a48bb3f740_0, 0, 1;
    %pushi/vec4 0, 0, 1;
    %store/vec4 v0x55a48bb3bae0_0, 0, 1;
    %pushi/vec4 0, 0, 1;
    %store/vec4 v0x55a48bb3d8c0_0, 0, 1;
    %pushi/vec4 0, 0, 1;
    %store/vec4 v0x55a48bb3e700_0, 0, 1;
    %pushi/vec4 0, 0, 1;
    %store/vec4 v0x55a48bb3f810_0, 0, 1;
    %pushi/vec4 0, 0, 1;
    %store/vec4 v0x55a48bb3bbb0_0, 0, 1;
    %pushi/vec4 0, 0, 1;
    %store/vec4 v0x55a48bb3d990_0, 0, 1;
    %pushi/vec4 0, 0, 1;
    %store/vec4 v0x55a48bb3e7d0_0, 0, 1;
    %pushi/vec4 0, 0, 1;
    %store/vec4 v0x55a48bb3f8e0_0, 0, 1;
    %pushi/vec4 0, 0, 1;
    %store/vec4 v0x55a48bb3bc80_0, 0, 1;
    %pushi/vec4 0, 0, 1;
    %store/vec4 v0x55a48bb3d720_0, 0, 1;
    %pushi/vec4 0, 0, 1;
    %store/vec4 v0x55a48bb3e560_0, 0, 1;
    %pushi/vec4 0, 0, 1;
    %store/vec4 v0x55a48bb3f670_0, 0, 1;
    %pushi/vec4 0, 0, 1;
    %store/vec4 v0x55a48bb3ba10_0, 0, 1;
    %pushi/vec4 5, 0, 32;
T_23.0 %dup/vec4;
    %pushi/vec4 0, 0, 32;
    %cmp/s;
    %jmp/1xz T_23.1, 5;
    %jmp/1 T_23.1, 4;
    %pushi/vec4 1, 0, 32;
    %sub;
    %wait E_0x55a48bb0e930;
    %jmp T_23.0;
T_23.1 ;
    %pop/vec4 1;
    %pushi/vec4 0, 0, 1;
    %store/vec4 v0x55a48bb3dda0_0, 0, 1;
    %pushi/vec4 2, 0, 32;
T_23.2 %dup/vec4;
    %pushi/vec4 0, 0, 32;
    %cmp/s;
    %jmp/1xz T_23.3, 5;
    %jmp/1 T_23.3, 4;
    %pushi/vec4 1, 0, 32;
    %sub;
    %wait E_0x55a48bb0e930;
    %jmp T_23.2;
T_23.3 ;
    %pop/vec4 1;
    %vpi_call/w 3 325 "$display", "--- Testing COMPUTE_DIR = NORTH ---" {0 0 0};
    %pushi/vec4 1, 0, 1;
    %store/vec4 v0x55a48bb3d7f0_0, 0, 1;
    %pushi/vec4 0, 0, 32;
    %store/vec4 v0x55a48bb3cda0_0, 0, 32;
T_23.4 ;
    %load/vec4 v0x55a48bb3cda0_0;
    %pad/s 64;
    %cmpi/s 25, 0, 64;
    %jmp/0xz T_23.5, 5;
    %wait E_0x55a48bb0e930;
    %load/vec4 v0x55a48bb3db30_0;
    %flag_set/vec4 8;
    %jmp/0xz  T_23.6, 8;
    %load/vec4 v0x55a48bb3d540_0;
    %ix/getv/s 4, v0x55a48bb3cda0_0;
    %load/vec4a v0x55a48bb3c1a0, 4;
    %cmp/ne;
    %jmp/0xz  T_23.8, 6;
    %vpi_call/w 3 332 "$display", "\342\235\214 FAIL NORTH idx=%0d got=%h exp=%h", v0x55a48bb3cda0_0, v0x55a48bb3d540_0, &A<v0x55a48bb3c1a0, v0x55a48bb3cda0_0 > {0 0 0};
    %vpi_call/w 3 334 "$finish" {0 0 0};
T_23.8 ;
    %load/vec4 v0x55a48bb3cda0_0;
    %addi 1, 0, 32;
    %store/vec4 v0x55a48bb3cda0_0, 0, 32;
T_23.6 ;
    %jmp T_23.4;
T_23.5 ;
    %pushi/vec4 0, 0, 1;
    %store/vec4 v0x55a48bb3d7f0_0, 0, 1;
    %vpi_call/w 3 340 "$display", "\342\234\224 NORTH PASS\012" {0 0 0};
    %vpi_call/w 3 343 "$display", "--- Testing COMPUTE_DIR = SOUTH ---" {0 0 0};
    %pushi/vec4 1, 0, 1;
    %store/vec4 v0x55a48bb3dda0_0, 0, 1;
    %pushi/vec4 3, 0, 32;
T_23.10 %dup/vec4;
    %pushi/vec4 0, 0, 32;
    %cmp/s;
    %jmp/1xz T_23.11, 5;
    %jmp/1 T_23.11, 4;
    %pushi/vec4 1, 0, 32;
    %sub;
    %wait E_0x55a48bb0e930;
    %jmp T_23.10;
T_23.11 ;
    %pop/vec4 1;
    %pushi/vec4 0, 0, 1;
    %store/vec4 v0x55a48bb3dda0_0, 0, 1;
    %pushi/vec4 2, 0, 32;
T_23.12 %dup/vec4;
    %pushi/vec4 0, 0, 32;
    %cmp/s;
    %jmp/1xz T_23.13, 5;
    %jmp/1 T_23.13, 4;
    %pushi/vec4 1, 0, 32;
    %sub;
    %wait E_0x55a48bb0e930;
    %jmp T_23.12;
T_23.13 ;
    %pop/vec4 1;
    %pushi/vec4 1, 0, 1;
    %store/vec4 v0x55a48bb3e700_0, 0, 1;
    %pushi/vec4 0, 0, 32;
    %store/vec4 v0x55a48bb3cda0_0, 0, 32;
T_23.14 ;
    %load/vec4 v0x55a48bb3cda0_0;
    %pad/s 64;
    %cmpi/s 25, 0, 64;
    %jmp/0xz T_23.15, 5;
    %wait E_0x55a48bb0e930;
    %load/vec4 v0x55a48bb3ea40_0;
    %flag_set/vec4 8;
    %jmp/0xz  T_23.16, 8;
    %load/vec4 v0x55a48bb3e3c0_0;
    %ix/getv/s 4, v0x55a48bb3cda0_0;
    %load/vec4a v0x55a48bb3c1a0, 4;
    %cmp/ne;
    %jmp/0xz  T_23.18, 6;
    %vpi_call/w 3 351 "$display", "\342\235\214 FAIL SOUTH idx=%0d got=%h exp=%h", v0x55a48bb3cda0_0, v0x55a48bb3e3c0_0, &A<v0x55a48bb3c1a0, v0x55a48bb3cda0_0 > {0 0 0};
    %vpi_call/w 3 353 "$finish" {0 0 0};
T_23.18 ;
    %load/vec4 v0x55a48bb3cda0_0;
    %addi 1, 0, 32;
    %store/vec4 v0x55a48bb3cda0_0, 0, 32;
T_23.16 ;
    %jmp T_23.14;
T_23.15 ;
    %pushi/vec4 0, 0, 1;
    %store/vec4 v0x55a48bb3e700_0, 0, 1;
    %vpi_call/w 3 359 "$display", "\342\234\224 SOUTH PASS\012" {0 0 0};
    %vpi_call/w 3 362 "$display", "--- Testing COMPUTE_DIR = WEST ---" {0 0 0};
    %pushi/vec4 1, 0, 1;
    %store/vec4 v0x55a48bb3dda0_0, 0, 1;
    %pushi/vec4 3, 0, 32;
T_23.20 %dup/vec4;
    %pushi/vec4 0, 0, 32;
    %cmp/s;
    %jmp/1xz T_23.21, 5;
    %jmp/1 T_23.21, 4;
    %pushi/vec4 1, 0, 32;
    %sub;
    %wait E_0x55a48bb0e930;
    %jmp T_23.20;
T_23.21 ;
    %pop/vec4 1;
    %pushi/vec4 0, 0, 1;
    %store/vec4 v0x55a48bb3dda0_0, 0, 1;
    %pushi/vec4 2, 0, 32;
T_23.22 %dup/vec4;
    %pushi/vec4 0, 0, 32;
    %cmp/s;
    %jmp/1xz T_23.23, 5;
    %jmp/1 T_23.23, 4;
    %pushi/vec4 1, 0, 32;
    %sub;
    %wait E_0x55a48bb0e930;
    %jmp T_23.22;
T_23.23 ;
    %pop/vec4 1;
    %pushi/vec4 1, 0, 1;
    %store/vec4 v0x55a48bb3f8e0_0, 0, 1;
    %pushi/vec4 0, 0, 32;
    %store/vec4 v0x55a48bb3cda0_0, 0, 32;
T_23.24 ;
    %load/vec4 v0x55a48bb3cda0_0;
    %pad/s 64;
    %cmpi/s 25, 0, 64;
    %jmp/0xz T_23.25, 5;
    %wait E_0x55a48bb0e930;
    %load/vec4 v0x55a48bb3fc20_0;
    %flag_set/vec4 8;
    %jmp/0xz  T_23.26, 8;
    %load/vec4 v0x55a48bb3f5a0_0;
    %ix/getv/s 4, v0x55a48bb3cda0_0;
    %load/vec4a v0x55a48bb3c1a0, 4;
    %cmp/ne;
    %jmp/0xz  T_23.28, 6;
    %vpi_call/w 3 370 "$display", "\342\235\214 FAIL WEST idx=%0d got=%h exp=%h", v0x55a48bb3cda0_0, v0x55a48bb3f5a0_0, &A<v0x55a48bb3c1a0, v0x55a48bb3cda0_0 > {0 0 0};
    %vpi_call/w 3 372 "$finish" {0 0 0};
T_23.28 ;
    %load/vec4 v0x55a48bb3cda0_0;
    %addi 1, 0, 32;
    %store/vec4 v0x55a48bb3cda0_0, 0, 32;
T_23.26 ;
    %jmp T_23.24;
T_23.25 ;
    %pushi/vec4 0, 0, 1;
    %store/vec4 v0x55a48bb3f8e0_0, 0, 1;
    %vpi_call/w 3 378 "$display", "\342\234\224 WEST PASS\012" {0 0 0};
    %vpi_call/w 3 381 "$display", "--- Testing COMPUTE_DIR = EAST ---" {0 0 0};
    %pushi/vec4 1, 0, 1;
    %store/vec4 v0x55a48bb3dda0_0, 0, 1;
    %pushi/vec4 3, 0, 32;
T_23.30 %dup/vec4;
    %pushi/vec4 0, 0, 32;
    %cmp/s;
    %jmp/1xz T_23.31, 5;
    %jmp/1 T_23.31, 4;
    %pushi/vec4 1, 0, 32;
    %sub;
    %wait E_0x55a48bb0e930;
    %jmp T_23.30;
T_23.31 ;
    %pop/vec4 1;
    %pushi/vec4 0, 0, 1;
    %store/vec4 v0x55a48bb3dda0_0, 0, 1;
    %pushi/vec4 2, 0, 32;
T_23.32 %dup/vec4;
    %pushi/vec4 0, 0, 32;
    %cmp/s;
    %jmp/1xz T_23.33, 5;
    %jmp/1 T_23.33, 4;
    %pushi/vec4 1, 0, 32;
    %sub;
    %wait E_0x55a48bb0e930;
    %jmp T_23.32;
T_23.33 ;
    %pop/vec4 1;
    %pushi/vec4 1, 0, 1;
    %store/vec4 v0x55a48bb3ba10_0, 0, 1;
    %pushi/vec4 0, 0, 32;
    %store/vec4 v0x55a48bb3cda0_0, 0, 32;
T_23.34 ;
    %load/vec4 v0x55a48bb3cda0_0;
    %pad/s 64;
    %cmpi/s 25, 0, 64;
    %jmp/0xz T_23.35, 5;
    %wait E_0x55a48bb0e930;
    %load/vec4 v0x55a48bb3bd50_0;
    %flag_set/vec4 8;
    %jmp/0xz  T_23.36, 8;
    %load/vec4 v0x55a48bb3b6d0_0;
    %ix/getv/s 4, v0x55a48bb3cda0_0;
    %load/vec4a v0x55a48bb3c1a0, 4;
    %cmp/ne;
    %jmp/0xz  T_23.38, 6;
    %vpi_call/w 3 389 "$display", "\342\235\214 FAIL EAST idx=%0d got=%h exp=%h", v0x55a48bb3cda0_0, v0x55a48bb3b6d0_0, &A<v0x55a48bb3c1a0, v0x55a48bb3cda0_0 > {0 0 0};
    %vpi_call/w 3 391 "$finish" {0 0 0};
T_23.38 ;
    %load/vec4 v0x55a48bb3cda0_0;
    %addi 1, 0, 32;
    %store/vec4 v0x55a48bb3cda0_0, 0, 32;
T_23.36 ;
    %jmp T_23.34;
T_23.35 ;
    %pushi/vec4 0, 0, 1;
    %store/vec4 v0x55a48bb3ba10_0, 0, 1;
    %vpi_call/w 3 397 "$display", "\342\234\224 EAST PASS\012" {0 0 0};
    %vpi_call/w 3 399 "$display", "===============================================" {0 0 0};
    %vpi_call/w 3 400 "$display", "   ALL FOUR COMPUTE DIRECTIONS PASSED! \360\237\216\211" {0 0 0};
    %vpi_call/w 3 401 "$display", "===============================================\012" {0 0 0};
    %vpi_call/w 3 402 "$finish" {0 0 0};
    %end;
    .thread T_23;
# The file index is used to find the file name in the following table.
:file_names 6;
    "N/A";
    "<interactive>";
    "-";
    "testbench/router_iact_tb.v";
    "rtl/router_iact_generic.v";
    "rtl/router_iact.v";
