#! /usr/bin/vvp
:ivl_version "12.0 (stable)" "(v12_0-dirty)";
:ivl_delay_selection "TYPICAL";
:vpi_time_precision - 12;
:vpi_module "/usr/lib/ivl/system.vpi";
:vpi_module "/usr/lib/ivl/vhdl_sys.vpi";
:vpi_module "/usr/lib/ivl/vhdl_textio.vpi";
:vpi_module "/usr/lib/ivl/v2005_math.vpi";
:vpi_module "/usr/lib/ivl/va_math.vpi";
S_0x56446aef90f0 .scope module, "router_generic_tb" "router_generic_tb" 2 3;
 .timescale -9 -12;
P_0x56446ae67f80 .param/l "ADDR_BITWIDTH_GLB" 1 2 9, +C4<00000000000000000000000000001010>;
P_0x56446ae67fc0 .param/l "ADDR_BITWIDTH_SPAD" 1 2 10, +C4<00000000000000000000000000001001>;
P_0x56446ae68000 .param/l "DATA_BITWIDTH" 1 2 8, +C4<00000000000000000000000000010000>;
P_0x56446ae68040 .param/l "X_dim" 1 2 12, +C4<00000000000000000000000000000011>;
P_0x56446ae68080 .param/l "Y_dim" 1 2 13, +C4<00000000000000000000000000000011>;
P_0x56446ae680c0 .param/l "act_size" 1 2 15, +C4<00000000000000000000000000000101>;
P_0x56446ae68100 .param/l "kernel_size" 1 2 14, +C4<00000000000000000000000000000011>;
v0x56446af3a730_0 .var "clk", 0 0;
v0x56446af3a7f0_0 .var "east_data_i_iact", 15 0;
v0x56446af3a900_0 .var "east_data_i_psum", 47 0;
v0x56446af3a9f0_0 .var "east_data_i_wght", 15 0;
v0x56446af3ab00_0 .net "east_data_o_iact", 15 0, v0x56446af2c060_0;  1 drivers
v0x56446af3ac60_0 .net "east_data_o_psum", 47 0, v0x56446af30520_0;  1 drivers
v0x56446af3ad70_0 .net "east_data_o_wght", 15 0, v0x56446af35300_0;  1 drivers
v0x56446af3ae80_0 .var "east_enable_i_iact", 0 0;
v0x56446af3af70_0 .var "east_enable_i_psum", 0 0;
v0x56446af3b010_0 .var "east_enable_i_wght", 0 0;
v0x56446af3b100_0 .net "east_enable_o_iact", 0 0, v0x56446af2c1e0_0;  1 drivers
v0x56446af3b1f0_0 .net "east_enable_o_psum", 0 0, v0x56446af306c0_0;  1 drivers
v0x56446af3b2e0_0 .net "east_enable_o_wght", 0 0, v0x56446af354a0_0;  1 drivers
v0x56446af3b3d0_0 .net "iact_glb_addr_read", 9 0, v0x56446af0acb0_0;  1 drivers
v0x56446af3b490_0 .net "iact_glb_req_read", 0 0, v0x56446aef2c30_0;  1 drivers
v0x56446af3b530_0 .var "north_data_i_iact", 15 0;
v0x56446af3b640_0 .var "north_data_i_psum", 47 0;
v0x56446af3b750_0 .var "north_data_i_wght", 15 0;
v0x56446af3b860_0 .net "north_data_o_iact", 15 0, v0x56446af2c7c0_0;  1 drivers
v0x56446af3b970_0 .net "north_data_o_psum", 47 0, v0x56446af30b60_0;  1 drivers
v0x56446af3ba80_0 .net "north_data_o_wght", 15 0, v0x56446af359f0_0;  1 drivers
v0x56446af3bb90_0 .var "north_enable_i_iact", 0 0;
v0x56446af3bc80_0 .var "north_enable_i_psum", 0 0;
v0x56446af3bd70_0 .var "north_enable_i_wght", 0 0;
v0x56446af3be60_0 .net "north_enable_o_iact", 0 0, v0x56446af2c960_0;  1 drivers
v0x56446af3bf50_0 .net "north_enable_o_psum", 0 0, v0x56446af30d00_0;  1 drivers
v0x56446af3c040_0 .net "north_enable_o_wght", 0 0, v0x56446af35b90_0;  1 drivers
v0x56446af3c130_0 .net "psum_addr_o", 9 0, L_0x56446af3eb60;  1 drivers
v0x56446af3c240_0 .net "psum_data_o", 15 0, L_0x56446af3e9a0;  1 drivers
v0x56446af3c350_0 .net "psum_enable_o", 0 0, L_0x56446af3ea60;  1 drivers
v0x56446af3c440_0 .var "reset", 0 0;
v0x56446af3c4e0_0 .var "router_mode_iact", 3 0;
v0x56446af3c5f0_0 .var "router_mode_psum", 3 0;
v0x56446af3c910_0 .var "router_mode_wght", 3 0;
v0x56446af3ca20_0 .var "south_data_i_iact", 15 0;
v0x56446af3cb30_0 .var "south_data_i_psum", 47 0;
v0x56446af3cc40_0 .var "south_data_i_wght", 15 0;
v0x56446af3cd50_0 .net "south_data_o_iact", 15 0, v0x56446af2cc90_0;  1 drivers
v0x56446af3ce60_0 .net "south_data_o_psum", 47 0, v0x56446af313c0_0;  1 drivers
v0x56446af3cf70_0 .net "south_data_o_wght", 15 0, v0x56446af35eb0_0;  1 drivers
v0x56446af3d080_0 .var "south_enable_i_iact", 0 0;
v0x56446af3d170_0 .var "south_enable_i_psum", 0 0;
v0x56446af3d260_0 .var "south_enable_i_wght", 0 0;
v0x56446af3d350_0 .net "south_enable_o_iact", 0 0, v0x56446af2ce30_0;  1 drivers
v0x56446af3d440_0 .net "south_enable_o_psum", 0 0, v0x56446af31560_0;  1 drivers
v0x56446af3d530_0 .net "south_enable_o_wght", 0 0, v0x56446af36050_0;  1 drivers
v0x56446af3d620_0 .var "west_data_i_iact", 15 0;
v0x56446af3d730_0 .var "west_data_i_psum", 47 0;
v0x56446af3d840_0 .var "west_data_i_wght", 15 0;
v0x56446af3d950_0 .net "west_data_o_iact", 15 0, v0x56446af2d150_0;  1 drivers
v0x56446af3da60_0 .net "west_data_o_psum", 47 0, v0x56446af318a0_0;  1 drivers
v0x56446af3db70_0 .net "west_data_o_wght", 15 0, v0x56446af36370_0;  1 drivers
v0x56446af3dc80_0 .var "west_enable_i_iact", 0 0;
v0x56446af3dd70_0 .var "west_enable_i_psum", 0 0;
v0x56446af3de60_0 .var "west_enable_i_wght", 0 0;
v0x56446af3df50_0 .net "west_enable_o_iact", 0 0, v0x56446af2d2f0_0;  1 drivers
v0x56446af3e040_0 .net "west_enable_o_psum", 0 0, v0x56446af31a40_0;  1 drivers
v0x56446af3e130_0 .net "west_enable_o_wght", 0 0, v0x56446af36510_0;  1 drivers
v0x56446af3e220_0 .net "wght_glb_addr_read", 9 0, v0x56446af34620_0;  1 drivers
v0x56446af3e2e0_0 .net "wght_glb_req_read", 0 0, v0x56446af347e0_0;  1 drivers
S_0x56446ae8af60 .scope module, "dut" "router_cluster_wpsum_generic" 2 129, 3 3 0, S_0x56446aef90f0;
 .timescale -9 -12;
    .port_info 0 /INPUT 1 "clk";
    .port_info 1 /INPUT 1 "reset";
    .port_info 2 /INPUT 4 "router_mode_iact";
    .port_info 3 /INPUT 16 "north_data_i_iact";
    .port_info 4 /INPUT 1 "north_enable_i_iact";
    .port_info 5 /INPUT 16 "south_data_i_iact";
    .port_info 6 /INPUT 1 "south_enable_i_iact";
    .port_info 7 /INPUT 16 "west_data_i_iact";
    .port_info 8 /INPUT 1 "west_enable_i_iact";
    .port_info 9 /INPUT 16 "east_data_i_iact";
    .port_info 10 /INPUT 1 "east_enable_i_iact";
    .port_info 11 /OUTPUT 16 "north_data_o_iact";
    .port_info 12 /OUTPUT 1 "north_enable_o_iact";
    .port_info 13 /OUTPUT 16 "south_data_o_iact";
    .port_info 14 /OUTPUT 1 "south_enable_o_iact";
    .port_info 15 /OUTPUT 16 "west_data_o_iact";
    .port_info 16 /OUTPUT 1 "west_enable_o_iact";
    .port_info 17 /OUTPUT 16 "east_data_o_iact";
    .port_info 18 /OUTPUT 1 "east_enable_o_iact";
    .port_info 19 /OUTPUT 10 "iact_glb_addr_read";
    .port_info 20 /OUTPUT 1 "iact_glb_req_read";
    .port_info 21 /INPUT 4 "router_mode_wght";
    .port_info 22 /INPUT 16 "north_data_i_wght";
    .port_info 23 /INPUT 1 "north_enable_i_wght";
    .port_info 24 /INPUT 16 "south_data_i_wght";
    .port_info 25 /INPUT 1 "south_enable_i_wght";
    .port_info 26 /INPUT 16 "west_data_i_wght";
    .port_info 27 /INPUT 1 "west_enable_i_wght";
    .port_info 28 /INPUT 16 "east_data_i_wght";
    .port_info 29 /INPUT 1 "east_enable_i_wght";
    .port_info 30 /OUTPUT 16 "north_data_o_wght";
    .port_info 31 /OUTPUT 1 "north_enable_o_wght";
    .port_info 32 /OUTPUT 16 "south_data_o_wght";
    .port_info 33 /OUTPUT 1 "south_enable_o_wght";
    .port_info 34 /OUTPUT 16 "west_data_o_wght";
    .port_info 35 /OUTPUT 1 "west_enable_o_wght";
    .port_info 36 /OUTPUT 16 "east_data_o_wght";
    .port_info 37 /OUTPUT 1 "east_enable_o_wght";
    .port_info 38 /OUTPUT 10 "wght_glb_addr_read";
    .port_info 39 /OUTPUT 1 "wght_glb_req_read";
    .port_info 40 /OUTPUT 16 "wght_comp_data_o";
    .port_info 41 /OUTPUT 1 "wght_comp_enable_o";
    .port_info 42 /INPUT 4 "router_mode_psum";
    .port_info 43 /INPUT 48 "north_data_i_psum";
    .port_info 44 /INPUT 1 "north_enable_i_psum";
    .port_info 45 /INPUT 48 "south_data_i_psum";
    .port_info 46 /INPUT 1 "south_enable_i_psum";
    .port_info 47 /INPUT 48 "west_data_i_psum";
    .port_info 48 /INPUT 1 "west_enable_i_psum";
    .port_info 49 /INPUT 48 "east_data_i_psum";
    .port_info 50 /INPUT 1 "east_enable_i_psum";
    .port_info 51 /OUTPUT 48 "north_data_o_psum";
    .port_info 52 /OUTPUT 1 "north_enable_o_psum";
    .port_info 53 /OUTPUT 48 "south_data_o_psum";
    .port_info 54 /OUTPUT 1 "south_enable_o_psum";
    .port_info 55 /OUTPUT 48 "west_data_o_psum";
    .port_info 56 /OUTPUT 1 "west_enable_o_psum";
    .port_info 57 /OUTPUT 48 "east_data_o_psum";
    .port_info 58 /OUTPUT 1 "east_enable_o_psum";
    .port_info 59 /OUTPUT 16 "psum_data_o";
    .port_info 60 /OUTPUT 1 "psum_enable_o";
    .port_info 61 /OUTPUT 10 "psum_addr_o";
P_0x56446af15650 .param/l "ADDR_BITWIDTH_GLB" 0 3 6, +C4<00000000000000000000000000001010>;
P_0x56446af15690 .param/l "ADDR_BITWIDTH_SPAD" 0 3 7, +C4<00000000000000000000000000001001>;
P_0x56446af156d0 .param/l "A_LOAD_ADDR" 0 3 10, +C4<00000000000000000000000000000000>;
P_0x56446af15710 .param/l "A_READ_ADDR" 0 3 9, +C4<00000000000000000000000001100100>;
P_0x56446af15750 .param/l "DATA_BITWIDTH" 0 3 5, +C4<00000000000000000000000000010000>;
P_0x56446af15790 .param/l "IACT_COMP_DIR" 0 3 24, +C4<00000000000000000000000000000010>;
P_0x56446af157d0 .param/l "PSUM_COMP_DIR" 0 3 26, +C4<00000000000000000000000000000010>;
P_0x56446af15810 .param/l "PSUM_LOAD_ADDR" 0 3 16, +C4<00000000000000000000000000000000>;
P_0x56446af15850 .param/l "PSUM_READ_ADDR" 0 3 15, +C4<00000000000000000000000000000000>;
P_0x56446af15890 .param/l "WGHT_COMP_DIR" 0 3 25, +C4<00000000000000000000000000000010>;
P_0x56446af158d0 .param/l "W_LOAD_ADDR" 0 3 13, +C4<00000000000000000000000000000000>;
P_0x56446af15910 .param/l "W_READ_ADDR" 0 3 12, +C4<00000000000000000000000000000000>;
P_0x56446af15950 .param/l "X_dim" 0 3 18, +C4<00000000000000000000000000000011>;
P_0x56446af15990 .param/l "Y_dim" 0 3 19, +C4<00000000000000000000000000000011>;
P_0x56446af159d0 .param/l "act_size" 0 3 21, +C4<00000000000000000000000000000101>;
P_0x56446af15a10 .param/l "kernel_size" 0 3 20, +C4<00000000000000000000000000000011>;
RS_0x7f59516b18a8 .resolv tri, v0x56446af34a20_0, v0x56446af34dc0_0;
L_0x56446af3e620 .functor BUFZ 16, RS_0x7f59516b18a8, C4<0000000000000000>, C4<0000000000000000>, C4<0000000000000000>;
RS_0x7f59516b1788 .resolv tri, v0x56446af34490_0, v0x56446af34e60_0;
L_0x56446af3e690 .functor BUFZ 1, RS_0x7f59516b1788, C4<0>, C4<0>, C4<0>;
v0x56446af36ac0_0 .net "clk", 0 0, v0x56446af3a730_0;  1 drivers
v0x56446af36b80_0 .net "east_data_i_iact", 15 0, v0x56446af3a7f0_0;  1 drivers
v0x56446af36c70_0 .net "east_data_i_psum", 47 0, v0x56446af3a900_0;  1 drivers
v0x56446af36d70_0 .net "east_data_i_wght", 15 0, v0x56446af3a9f0_0;  1 drivers
v0x56446af36e40_0 .net "east_data_o_iact", 15 0, v0x56446af2c060_0;  alias, 1 drivers
v0x56446af36ee0_0 .net "east_data_o_psum", 47 0, v0x56446af30520_0;  alias, 1 drivers
v0x56446af36fb0_0 .net "east_data_o_wght", 15 0, v0x56446af35300_0;  alias, 1 drivers
v0x56446af37080_0 .net "east_enable_i_iact", 0 0, v0x56446af3ae80_0;  1 drivers
v0x56446af37150_0 .net "east_enable_i_psum", 0 0, v0x56446af3af70_0;  1 drivers
v0x56446af37220_0 .net "east_enable_i_wght", 0 0, v0x56446af3b010_0;  1 drivers
v0x56446af372f0_0 .net "east_enable_o_iact", 0 0, v0x56446af2c1e0_0;  alias, 1 drivers
v0x56446af373c0_0 .net "east_enable_o_psum", 0 0, v0x56446af306c0_0;  alias, 1 drivers
v0x56446af37490_0 .net "east_enable_o_wght", 0 0, v0x56446af354a0_0;  alias, 1 drivers
v0x56446af37560_0 .net "iact_glb_addr_read", 9 0, v0x56446af0acb0_0;  alias, 1 drivers
v0x56446af37600_0 .net "iact_glb_req_read", 0 0, v0x56446aef2c30_0;  alias, 1 drivers
v0x56446af376a0_0 .net "north_data_i_iact", 15 0, v0x56446af3b530_0;  1 drivers
v0x56446af37740_0 .net "north_data_i_psum", 47 0, v0x56446af3b640_0;  1 drivers
v0x56446af377e0_0 .net "north_data_i_wght", 15 0, v0x56446af3b750_0;  1 drivers
v0x56446af378b0_0 .net "north_data_o_iact", 15 0, v0x56446af2c7c0_0;  alias, 1 drivers
v0x56446af37980_0 .net "north_data_o_psum", 47 0, v0x56446af30b60_0;  alias, 1 drivers
v0x56446af37a50_0 .net "north_data_o_wght", 15 0, v0x56446af359f0_0;  alias, 1 drivers
v0x56446af37b20_0 .net "north_enable_i_iact", 0 0, v0x56446af3bb90_0;  1 drivers
v0x56446af37bf0_0 .net "north_enable_i_psum", 0 0, v0x56446af3bc80_0;  1 drivers
v0x56446af37cc0_0 .net "north_enable_i_wght", 0 0, v0x56446af3bd70_0;  1 drivers
v0x56446af37d90_0 .net "north_enable_o_iact", 0 0, v0x56446af2c960_0;  alias, 1 drivers
v0x56446af37e60_0 .net "north_enable_o_psum", 0 0, v0x56446af30d00_0;  alias, 1 drivers
v0x56446af37f30_0 .net "north_enable_o_wght", 0 0, v0x56446af35b90_0;  alias, 1 drivers
v0x56446af38000_0 .net "psum_addr_o", 9 0, L_0x56446af3eb60;  alias, 1 drivers
v0x56446af380d0_0 .net "psum_data_o", 15 0, L_0x56446af3e9a0;  alias, 1 drivers
v0x56446af381a0_0 .net "psum_enable_o", 0 0, L_0x56446af3ea60;  alias, 1 drivers
v0x56446af38270_0 .net "reset", 0 0, v0x56446af3c440_0;  1 drivers
v0x56446af38310_0 .net "router_mode_iact", 3 0, v0x56446af3c4e0_0;  1 drivers
v0x56446af383e0_0 .net "router_mode_psum", 3 0, v0x56446af3c5f0_0;  1 drivers
v0x56446af386c0_0 .net "router_mode_wght", 3 0, v0x56446af3c910_0;  1 drivers
v0x56446af38790_0 .net "south_data_i_iact", 15 0, v0x56446af3ca20_0;  1 drivers
v0x56446af38860_0 .net "south_data_i_psum", 47 0, v0x56446af3cb30_0;  1 drivers
v0x56446af38930_0 .net "south_data_i_wght", 15 0, v0x56446af3cc40_0;  1 drivers
v0x56446af38a00_0 .net "south_data_o_iact", 15 0, v0x56446af2cc90_0;  alias, 1 drivers
v0x56446af38ad0_0 .net "south_data_o_psum", 47 0, v0x56446af313c0_0;  alias, 1 drivers
v0x56446af38ba0_0 .net "south_data_o_wght", 15 0, v0x56446af35eb0_0;  alias, 1 drivers
v0x56446af38c70_0 .net "south_enable_i_iact", 0 0, v0x56446af3d080_0;  1 drivers
v0x56446af38d40_0 .net "south_enable_i_psum", 0 0, v0x56446af3d170_0;  1 drivers
v0x56446af38e10_0 .net "south_enable_i_wght", 0 0, v0x56446af3d260_0;  1 drivers
v0x56446af38ee0_0 .net "south_enable_o_iact", 0 0, v0x56446af2ce30_0;  alias, 1 drivers
v0x56446af38fb0_0 .net "south_enable_o_psum", 0 0, v0x56446af31560_0;  alias, 1 drivers
v0x56446af39080_0 .net "south_enable_o_wght", 0 0, v0x56446af36050_0;  alias, 1 drivers
v0x56446af39150_0 .net "west_data_i_iact", 15 0, v0x56446af3d620_0;  1 drivers
v0x56446af39220_0 .net "west_data_i_psum", 47 0, v0x56446af3d730_0;  1 drivers
v0x56446af392f0_0 .net "west_data_i_wght", 15 0, v0x56446af3d840_0;  1 drivers
v0x56446af393c0_0 .net "west_data_o_iact", 15 0, v0x56446af2d150_0;  alias, 1 drivers
v0x56446af39490_0 .net "west_data_o_psum", 47 0, v0x56446af318a0_0;  alias, 1 drivers
v0x56446af39560_0 .net "west_data_o_wght", 15 0, v0x56446af36370_0;  alias, 1 drivers
v0x56446af39630_0 .net "west_enable_i_iact", 0 0, v0x56446af3dc80_0;  1 drivers
v0x56446af39700_0 .net "west_enable_i_psum", 0 0, v0x56446af3dd70_0;  1 drivers
v0x56446af397d0_0 .net "west_enable_i_wght", 0 0, v0x56446af3de60_0;  1 drivers
v0x56446af398a0_0 .net "west_enable_o_iact", 0 0, v0x56446af2d2f0_0;  alias, 1 drivers
v0x56446af39970_0 .net "west_enable_o_psum", 0 0, v0x56446af31a40_0;  alias, 1 drivers
v0x56446af39a40_0 .net "west_enable_o_wght", 0 0, v0x56446af36510_0;  alias, 1 drivers
v0x56446af39b10_0 .net "wght_comp_data_o", 15 0, L_0x56446af3e620;  1 drivers
v0x56446af39bb0_0 .net "wght_comp_enable_o", 0 0, L_0x56446af3e690;  1 drivers
v0x56446af39c50_0 .net "wght_glb_addr_read", 9 0, v0x56446af34620_0;  alias, 1 drivers
v0x56446af39d40_0 .net "wght_glb_req_read", 0 0, v0x56446af347e0_0;  alias, 1 drivers
v0x56446af39e30_0 .net8 "wght_spad_wdata", 15 0, RS_0x7f59516b18a8;  2 drivers
v0x56446af39f20_0 .net8 "wght_spad_wenable", 0 0, RS_0x7f59516b1788;  2 drivers
S_0x56446ae2e5a0 .scope module, "u_iact" "router_generic_iact" 3 150, 4 3 0, S_0x56446ae8af60;
 .timescale -9 -12;
    .port_info 0 /INPUT 1 "clk";
    .port_info 1 /INPUT 1 "reset";
    .port_info 2 /INPUT 4 "router_mode";
    .port_info 3 /OUTPUT 10 "glb_addr_read";
    .port_info 4 /OUTPUT 1 "glb_req_read";
    .port_info 5 /INPUT 16 "north_data_i";
    .port_info 6 /INPUT 1 "north_enable_i";
    .port_info 7 /INPUT 16 "south_data_i";
    .port_info 8 /INPUT 1 "south_enable_i";
    .port_info 9 /INPUT 16 "west_data_i";
    .port_info 10 /INPUT 1 "west_enable_i";
    .port_info 11 /INPUT 16 "east_data_i";
    .port_info 12 /INPUT 1 "east_enable_i";
    .port_info 13 /OUTPUT 16 "north_data_o";
    .port_info 14 /OUTPUT 1 "north_enable_o";
    .port_info 15 /OUTPUT 16 "south_data_o";
    .port_info 16 /OUTPUT 1 "south_enable_o";
    .port_info 17 /OUTPUT 16 "west_data_o";
    .port_info 18 /OUTPUT 1 "west_enable_o";
    .port_info 19 /OUTPUT 16 "east_data_o";
    .port_info 20 /OUTPUT 1 "east_enable_o";
P_0x56446af191f0 .param/l "ADDR_BITWIDTH_GLB" 0 4 6, +C4<00000000000000000000000000001010>;
P_0x56446af19230 .param/l "ADDR_BITWIDTH_SPAD" 0 4 7, +C4<00000000000000000000000000001001>;
P_0x56446af19270 .param/l "ALL" 1 4 177, +C4<00000000000000000000000000000000>;
P_0x56446af192b0 .param/l "A_LOAD_ADDR" 0 4 15, +C4<00000000000000000000000000000000>;
P_0x56446af192f0 .param/l "A_READ_ADDR" 0 4 14, +C4<00000000000000000000000001100100>;
P_0x56446af19330 .param/l "CLOSED" 1 4 188, +C4<00000000000000000000000000001011>;
P_0x56446af19370 .param/l "COMPUTE_DIR" 0 4 18, +C4<00000000000000000000000000000010>;
P_0x56446af193b0 .param/l "DATA_BITWIDTH" 0 4 5, +C4<00000000000000000000000000010000>;
P_0x56446af193f0 .param/l "EAST" 1 4 181, +C4<00000000000000000000000000000100>;
P_0x56446af19430 .param/l "EASTNORTH" 1 4 182, +C4<00000000000000000000000000000101>;
P_0x56446af19470 .param/l "EASTSOUTH" 1 4 183, +C4<00000000000000000000000000000110>;
P_0x56446af194b0 .param/l "EASTWEST" 1 4 184, +C4<00000000000000000000000000000111>;
P_0x56446af194f0 .param/l "NORTH" 1 4 178, +C4<00000000000000000000000000000001>;
P_0x56446af19530 .param/l "SOUTH" 1 4 179, +C4<00000000000000000000000000000010>;
P_0x56446af19570 .param/l "WEST" 1 4 180, +C4<00000000000000000000000000000011>;
P_0x56446af195b0 .param/l "WESTEAST" 1 4 187, +C4<00000000000000000000000000001010>;
P_0x56446af195f0 .param/l "WESTNORTH" 1 4 185, +C4<00000000000000000000000000001000>;
P_0x56446af19630 .param/l "WESTSOUTH" 1 4 186, +C4<00000000000000000000000000001001>;
P_0x56446af19670 .param/l "X_dim" 0 4 9, +C4<00000000000000000000000000000011>;
P_0x56446af196b0 .param/l "Y_dim" 0 4 10, +C4<00000000000000000000000000000011>;
P_0x56446af196f0 .param/l "act_size" 0 4 12, +C4<00000000000000000000000000000101>;
P_0x56446af19730 .param/l "kernel_size" 0 4 11, +C4<00000000000000000000000000000011>;
L_0x56446af17450 .functor NOT 1, v0x56446af2c5a0_0, C4<0>, C4<0>, C4<0>;
L_0x56446af178b0 .functor AND 1, v0x56446af2c500_0, L_0x56446af17450, C4<1>, C4<1>;
v0x56446af2bd00_0 .net *"_ivl_0", 0 0, L_0x56446af17450;  1 drivers
v0x56446af2be00_0 .net "clk", 0 0, v0x56446af3a730_0;  alias, 1 drivers
v0x56446af2bec0_0 .var "data_out", 15 0;
v0x56446af2bfc0_0 .net "east_data_i", 15 0, v0x56446af3a7f0_0;  alias, 1 drivers
v0x56446af2c060_0 .var "east_data_o", 15 0;
v0x56446af2c120_0 .net "east_enable_i", 0 0, v0x56446af3ae80_0;  alias, 1 drivers
v0x56446af2c1e0_0 .var "east_enable_o", 0 0;
v0x56446af2c2a0_0 .net "glb_addr_read", 9 0, v0x56446af0acb0_0;  alias, 1 drivers
v0x56446af2c360_0 .net "glb_req_read", 0 0, v0x56446aef2c30_0;  alias, 1 drivers
v0x56446af2c430_0 .net "load_spad_ctrl", 0 0, L_0x56446af178b0;  1 drivers
v0x56446af2c500_0 .var "load_spad_ctrl_0", 0 0;
v0x56446af2c5a0_0 .var "load_spad_ctrl_1", 0 0;
v0x56446af2c640_0 .var "load_spad_ctrl_c", 0 0;
v0x56446af2c6e0_0 .net "north_data_i", 15 0, v0x56446af3b530_0;  alias, 1 drivers
v0x56446af2c7c0_0 .var "north_data_o", 15 0;
v0x56446af2c8a0_0 .net "north_enable_i", 0 0, v0x56446af3bb90_0;  alias, 1 drivers
v0x56446af2c960_0 .var "north_enable_o", 0 0;
v0x56446af2ca20_0 .net "reset", 0 0, v0x56446af3c440_0;  alias, 1 drivers
v0x56446af2caf0_0 .net "router_mode", 3 0, v0x56446af3c4e0_0;  alias, 1 drivers
v0x56446af2cbb0_0 .net "south_data_i", 15 0, v0x56446af3ca20_0;  alias, 1 drivers
v0x56446af2cc90_0 .var "south_data_o", 15 0;
v0x56446af2cd70_0 .net "south_enable_i", 0 0, v0x56446af3d080_0;  alias, 1 drivers
v0x56446af2ce30_0 .var "south_enable_o", 0 0;
v0x56446af2cef0_0 .net "spad_data_o", 15 0, v0x56446af2bb20_0;  1 drivers
v0x56446af2cfe0_0 .net "spad_en_o", 0 0, v0x56446aeff330_0;  1 drivers
v0x56446af2d0b0_0 .net "west_data_i", 15 0, v0x56446af3d620_0;  alias, 1 drivers
v0x56446af2d150_0 .var "west_data_o", 15 0;
v0x56446af2d230_0 .net "west_enable_i", 0 0, v0x56446af3dc80_0;  alias, 1 drivers
v0x56446af2d2f0_0 .var "west_enable_o", 0 0;
E_0x56446ae52ce0 .event anyedge, v0x56446af2caf0_0, v0x56446af07fc0_0;
E_0x56446ae5a970 .event anyedge, v0x56446af2bb20_0, v0x56446aeff330_0;
E_0x56446ae5ab20/0 .event anyedge, v0x56446af2c8a0_0, v0x56446af2c6e0_0, v0x56446af2cd70_0, v0x56446af2cbb0_0;
E_0x56446ae5ab20/1 .event anyedge, v0x56446af2d230_0, v0x56446af2d0b0_0, v0x56446af2c120_0, v0x56446af2bfc0_0;
E_0x56446ae5ab20 .event/or E_0x56446ae5ab20/0, E_0x56446ae5ab20/1;
S_0x56446ae2e780 .scope module, "router_iact_0" "router_iact" 4 127, 5 3 0, S_0x56446ae2e5a0;
 .timescale -9 -12;
    .port_info 0 /INPUT 1 "clk";
    .port_info 1 /INPUT 1 "reset";
    .port_info 2 /INPUT 16 "r_data_glb_iact";
    .port_info 3 /OUTPUT 10 "r_addr_glb_iact";
    .port_info 4 /OUTPUT 1 "read_req_glb_iact";
    .port_info 5 /OUTPUT 16 "w_data_spad";
    .port_info 6 /OUTPUT 1 "load_en_spad";
    .port_info 7 /INPUT 1 "load_spad_ctrl";
P_0x56446aeb3e00 .param/l "ADDR_BITWIDTH_GLB" 0 5 4, +C4<00000000000000000000000000001010>;
P_0x56446aeb3e40 .param/l "ADDR_BITWIDTH_SPAD" 0 5 5, +C4<00000000000000000000000000001001>;
P_0x56446aeb3e80 .param/l "A_LOAD_ADDR" 0 5 13, +C4<00000000000000000000000000000000>;
P_0x56446aeb3ec0 .param/l "A_READ_ADDR" 0 5 12, +C4<00000000000000000000000001100100>;
P_0x56446aeb3f00 .param/l "DATA_BITWIDTH" 0 5 3, +C4<00000000000000000000000000010000>;
P_0x56446aeb3f40 .param/l "IDLE" 1 5 37, C4<000>;
P_0x56446aeb3f80 .param/l "READ_GLB" 1 5 38, C4<001>;
P_0x56446aeb3fc0 .param/l "READ_GLB_0" 1 5 40, C4<011>;
P_0x56446aeb4000 .param/l "WRITE_SPAD" 1 5 39, C4<010>;
P_0x56446aeb4040 .param/l "X_dim" 0 5 7, +C4<00000000000000000000000000000011>;
P_0x56446aeb4080 .param/l "Y_dim" 0 5 8, +C4<00000000000000000000000000000011>;
P_0x56446aeb40c0 .param/l "act_size" 0 5 10, +C4<00000000000000000000000000000101>;
P_0x56446aeb4100 .param/l "kernel_size" 0 5 9, +C4<00000000000000000000000000000011>;
v0x56446af17570_0 .net "clk", 0 0, v0x56446af3a730_0;  alias, 1 drivers
v0x56446af179d0_0 .var "filt_count", 5 0;
v0x56446aeff330_0 .var "load_en_spad", 0 0;
v0x56446aefbe70_0 .net "load_spad_ctrl", 0 0, L_0x56446af178b0;  alias, 1 drivers
v0x56446af0acb0_0 .var "r_addr_glb_iact", 9 0;
v0x56446af07fc0_0 .net "r_data_glb_iact", 15 0, v0x56446af2bec0_0;  1 drivers
v0x56446aef2c30_0 .var "read_req_glb_iact", 0 0;
v0x56446af2b980_0 .net "reset", 0 0, v0x56446af3c440_0;  alias, 1 drivers
v0x56446af2ba40_0 .var "state", 2 0;
v0x56446af2bb20_0 .var "w_data_spad", 15 0;
E_0x56446ae1a580 .event posedge, v0x56446af17570_0;
S_0x56446af2d700 .scope module, "u_psum" "router_generic_psum" 3 258, 6 3 0, S_0x56446ae8af60;
 .timescale -9 -12;
    .port_info 0 /INPUT 1 "clk";
    .port_info 1 /INPUT 1 "reset";
    .port_info 2 /INPUT 4 "router_mode";
    .port_info 3 /INPUT 48 "north_data_i";
    .port_info 4 /INPUT 1 "north_enable_i";
    .port_info 5 /INPUT 48 "south_data_i";
    .port_info 6 /INPUT 1 "south_enable_i";
    .port_info 7 /INPUT 48 "west_data_i";
    .port_info 8 /INPUT 1 "west_enable_i";
    .port_info 9 /INPUT 48 "east_data_i";
    .port_info 10 /INPUT 1 "east_enable_i";
    .port_info 11 /OUTPUT 48 "north_data_o";
    .port_info 12 /OUTPUT 1 "north_enable_o";
    .port_info 13 /OUTPUT 48 "south_data_o";
    .port_info 14 /OUTPUT 1 "south_enable_o";
    .port_info 15 /OUTPUT 48 "east_data_o";
    .port_info 16 /OUTPUT 1 "east_enable_o";
    .port_info 17 /OUTPUT 48 "west_data_o_wide";
    .port_info 18 /OUTPUT 1 "west_enable_o_wide";
    .port_info 19 /OUTPUT 16 "psum_data_o";
    .port_info 20 /OUTPUT 1 "psum_enable_o";
    .port_info 21 /OUTPUT 10 "psum_write_addr";
P_0x56446af2d8b0 .param/l "ADDR_BITWIDTH_GLB" 0 6 6, +C4<00000000000000000000000000001010>;
P_0x56446af2d8f0 .param/l "ADDR_BITWIDTH_SPAD" 0 6 7, +C4<00000000000000000000000000001001>;
P_0x56446af2d930 .param/l "ALL" 1 6 64, +C4<00000000000000000000000000000000>;
P_0x56446af2d970 .param/l "CLOSED" 1 6 75, +C4<00000000000000000000000000001011>;
P_0x56446af2d9b0 .param/l "COMPUTE_DIR" 0 6 19, +C4<00000000000000000000000000000010>;
P_0x56446af2d9f0 .param/l "DATA_BITWIDTH" 0 6 5, +C4<00000000000000000000000000010000>;
P_0x56446af2da30 .param/l "EAST" 1 6 68, +C4<00000000000000000000000000000100>;
P_0x56446af2da70 .param/l "EASTNORTH" 1 6 69, +C4<00000000000000000000000000000101>;
P_0x56446af2dab0 .param/l "EASTSOUTH" 1 6 70, +C4<00000000000000000000000000000110>;
P_0x56446af2daf0 .param/l "EASTWEST" 1 6 71, +C4<00000000000000000000000000000111>;
P_0x56446af2db30 .param/l "NORTH" 1 6 65, +C4<00000000000000000000000000000001>;
P_0x56446af2db70 .param/l "PSUM_LOAD_ADDR" 0 6 15, +C4<00000000000000000000000000000000>;
P_0x56446af2dbb0 .param/l "PSUM_READ_ADDR" 0 6 14, +C4<00000000000000000000000000000000>;
P_0x56446af2dbf0 .param/l "SOUTH" 1 6 66, +C4<00000000000000000000000000000010>;
P_0x56446af2dc30 .param/l "WEST" 1 6 67, +C4<00000000000000000000000000000011>;
P_0x56446af2dc70 .param/l "WESTEAST" 1 6 74, +C4<00000000000000000000000000001010>;
P_0x56446af2dcb0 .param/l "WESTNORTH" 1 6 72, +C4<00000000000000000000000000001000>;
P_0x56446af2dcf0 .param/l "WESTSOUTH" 1 6 73, +C4<00000000000000000000000000001001>;
P_0x56446af2dd30 .param/l "X_dim" 0 6 9, +C4<00000000000000000000000000000011>;
P_0x56446af2dd70 .param/l "Y_dim" 0 6 10, +C4<00000000000000000000000000000011>;
P_0x56446af2ddb0 .param/l "act_size" 0 6 12, +C4<00000000000000000000000000000101>;
P_0x56446af2ddf0 .param/l "kernel_size" 0 6 11, +C4<00000000000000000000000000000011>;
L_0x56446af3e790 .functor NOT 1, v0x56446af30900_0, C4<0>, C4<0>, C4<0>;
L_0x56446af3e800 .functor AND 1, v0x56446af30840_0, L_0x56446af3e790, C4<1>, C4<1>;
L_0x56446af3e870 .functor BUFZ 48, v0x56446af3d730_0, C4<000000000000000000000000000000000000000000000000>, C4<000000000000000000000000000000000000000000000000>, C4<000000000000000000000000000000000000000000000000>;
L_0x56446af3e8e0 .functor BUFZ 1, v0x56446af3dd70_0, C4<0>, C4<0>, C4<0>;
L_0x56446af3e9a0 .functor BUFZ 16, v0x56446af2fe60_0, C4<0000000000000000>, C4<0000000000000000>, C4<0000000000000000>;
L_0x56446af3ea60 .functor BUFZ 1, v0x56446af2ff40_0, C4<0>, C4<0>, C4<0>;
L_0x56446af3eb60 .functor BUFZ 10, v0x56446af2fd80_0, C4<0000000000>, C4<0000000000>, C4<0000000000>;
v0x56446af301e0_0 .net *"_ivl_0", 0 0, L_0x56446af3e790;  1 drivers
v0x56446af302e0_0 .net "clk", 0 0, v0x56446af3a730_0;  alias, 1 drivers
v0x56446af303a0_0 .var "data_out", 47 0;
v0x56446af30440_0 .net "east_data_i", 47 0, v0x56446af3a900_0;  alias, 1 drivers
v0x56446af30520_0 .var "east_data_o", 47 0;
v0x56446af30600_0 .net "east_enable_i", 0 0, v0x56446af3af70_0;  alias, 1 drivers
v0x56446af306c0_0 .var "east_enable_o", 0 0;
v0x56446af30780_0 .net "load_spad_ctrl", 0 0, L_0x56446af3e800;  1 drivers
v0x56446af30840_0 .var "load_spad_ctrl_0", 0 0;
v0x56446af30900_0 .var "load_spad_ctrl_1", 0 0;
v0x56446af309c0_0 .var "load_spad_ctrl_c", 0 0;
v0x56446af30a80_0 .net "north_data_i", 47 0, v0x56446af3b640_0;  alias, 1 drivers
v0x56446af30b60_0 .var "north_data_o", 47 0;
v0x56446af30c40_0 .net "north_enable_i", 0 0, v0x56446af3bc80_0;  alias, 1 drivers
v0x56446af30d00_0 .var "north_enable_o", 0 0;
v0x56446af30dc0_0 .net "psum_data_o", 15 0, L_0x56446af3e9a0;  alias, 1 drivers
v0x56446af30ea0_0 .net "psum_enable_o", 0 0, L_0x56446af3ea60;  alias, 1 drivers
v0x56446af30f60_0 .net "psum_source_wide", 47 0, L_0x56446af3e870;  1 drivers
v0x56446af31020_0 .net "psum_trigger", 0 0, L_0x56446af3e8e0;  1 drivers
v0x56446af310c0_0 .net "psum_write_addr", 9 0, L_0x56446af3eb60;  alias, 1 drivers
v0x56446af31160_0 .net "reset", 0 0, v0x56446af3c440_0;  alias, 1 drivers
v0x56446af31200_0 .net "router_mode", 3 0, v0x56446af3c5f0_0;  alias, 1 drivers
v0x56446af312e0_0 .net "south_data_i", 47 0, v0x56446af3cb30_0;  alias, 1 drivers
v0x56446af313c0_0 .var "south_data_o", 47 0;
v0x56446af314a0_0 .net "south_enable_i", 0 0, v0x56446af3d170_0;  alias, 1 drivers
v0x56446af31560_0 .var "south_enable_o", 0 0;
v0x56446af31620_0 .net "w_addr_glb_psum_from_psum", 9 0, v0x56446af2fd80_0;  1 drivers
v0x56446af31710_0 .net "w_data_glb_psum_from_psum", 15 0, v0x56446af2fe60_0;  1 drivers
v0x56446af317e0_0 .net "west_data_i", 47 0, v0x56446af3d730_0;  alias, 1 drivers
v0x56446af318a0_0 .var "west_data_o_wide", 47 0;
v0x56446af31980_0 .net "west_enable_i", 0 0, v0x56446af3dd70_0;  alias, 1 drivers
v0x56446af31a40_0 .var "west_enable_o_wide", 0 0;
v0x56446af31b00_0 .net "write_en_glb_psum_from_psum", 0 0, v0x56446af2ff40_0;  1 drivers
E_0x56446af18310 .event anyedge, v0x56446af31200_0, v0x56446af303a0_0;
E_0x56446af18350/0 .event anyedge, v0x56446af30c40_0, v0x56446af30a80_0, v0x56446af314a0_0, v0x56446af312e0_0;
E_0x56446af18350/1 .event anyedge, v0x56446af31980_0, v0x56446af317e0_0, v0x56446af30600_0, v0x56446af30440_0;
E_0x56446af18350 .event/or E_0x56446af18350/0, E_0x56446af18350/1;
S_0x56446af2ebd0 .scope module, "router_psum_0" "router_psum" 6 157, 7 3 0, S_0x56446af2d700;
 .timescale -9 -12;
    .port_info 0 /INPUT 1 "clk";
    .port_info 1 /INPUT 1 "reset";
    .port_info 2 /INPUT 48 "r_data_spad_psum";
    .port_info 3 /OUTPUT 10 "w_addr_glb_psum";
    .port_info 4 /OUTPUT 1 "write_en_glb_psum";
    .port_info 5 /OUTPUT 16 "w_data_glb_psum";
    .port_info 6 /INPUT 1 "write_psum_ctrl";
P_0x56446af2edd0 .param/l "ADDR_BITWIDTH_GLB" 0 7 4, +C4<00000000000000000000000000001010>;
P_0x56446af2ee10 .param/l "ADDR_BITWIDTH_SPAD" 0 7 5, +C4<00000000000000000000000000001001>;
P_0x56446af2ee50 .param/l "DATA_BITWIDTH" 0 7 3, +C4<00000000000000000000000000010000>;
P_0x56446af2ee90 .param/l "IDLE" 1 7 41, C4<000>;
P_0x56446af2eed0 .param/l "PSUM_LOAD_ADDR" 0 7 17, +C4<00000000000000000000000000000000>;
P_0x56446af2ef10 .param/l "PSUM_READ_ADDR" 0 7 16, +C4<00000000000000000000000000000000>;
P_0x56446af2ef50 .param/l "READ_PSUM" 1 7 43, C4<010>;
P_0x56446af2ef90 .param/l "WRITE_GLB" 1 7 42, C4<001>;
P_0x56446af2efd0 .param/l "X_dim" 0 7 7, +C4<00000000000000000000000000000011>;
P_0x56446af2f010 .param/l "Y_dim" 0 7 8, +C4<00000000000000000000000000000011>;
P_0x56446af2f050 .param/l "act_size" 0 7 10, +C4<00000000000000000000000000000101>;
P_0x56446af2f090 .param/l "kernel_size" 0 7 9, +C4<00000000000000000000000000000011>;
v0x56446af2f710_0 .net "clk", 0 0, v0x56446af3a730_0;  alias, 1 drivers
v0x56446af2f800_0 .var "iter", 2 0;
v0x56446af2f8e0_0 .var "pe_psum", 47 0;
v0x56446af2f9a0_0 .var "psum_count", 4 0;
v0x56446af2fa80_0 .net "r_data_spad_psum", 47 0, L_0x56446af3e870;  alias, 1 drivers
v0x56446af2fbb0_0 .net "reset", 0 0, v0x56446af3c440_0;  alias, 1 drivers
v0x56446af2fca0_0 .var "state", 2 0;
v0x56446af2fd80_0 .var "w_addr_glb_psum", 9 0;
v0x56446af2fe60_0 .var "w_data_glb_psum", 15 0;
v0x56446af2ff40_0 .var "write_en_glb_psum", 0 0;
v0x56446af30000_0 .net "write_psum_ctrl", 0 0, L_0x56446af3e8e0;  alias, 1 drivers
S_0x56446af32080 .scope module, "u_wght" "router_generic_wght" 3 200, 8 3 0, S_0x56446ae8af60;
 .timescale -9 -12;
    .port_info 0 /INPUT 1 "clk";
    .port_info 1 /INPUT 1 "reset";
    .port_info 2 /INPUT 4 "router_mode";
    .port_info 3 /INPUT 16 "north_data_i";
    .port_info 4 /INPUT 1 "north_enable_i";
    .port_info 5 /INPUT 16 "south_data_i";
    .port_info 6 /INPUT 1 "south_enable_i";
    .port_info 7 /INPUT 16 "west_data_i";
    .port_info 8 /INPUT 1 "west_enable_i";
    .port_info 9 /INPUT 16 "east_data_i";
    .port_info 10 /INPUT 1 "east_enable_i";
    .port_info 11 /OUTPUT 16 "north_data_o";
    .port_info 12 /OUTPUT 1 "north_enable_o";
    .port_info 13 /OUTPUT 16 "south_data_o";
    .port_info 14 /OUTPUT 1 "south_enable_o";
    .port_info 15 /OUTPUT 16 "spad_wdata_o";
    .port_info 16 /OUTPUT 1 "spad_wenable_o";
    .port_info 17 /OUTPUT 16 "east_data_o";
    .port_info 18 /OUTPUT 1 "east_enable_o";
    .port_info 19 /OUTPUT 16 "west_data_o_routed";
    .port_info 20 /OUTPUT 1 "west_enable_o_routed";
    .port_info 21 /OUTPUT 10 "glb_addr_read_wght";
    .port_info 22 /OUTPUT 1 "glb_req_read_wght";
P_0x56446af32240 .param/l "ADDR_BITWIDTH_GLB" 0 8 6, +C4<00000000000000000000000000001010>;
P_0x56446af32280 .param/l "ADDR_BITWIDTH_SPAD" 0 8 7, +C4<00000000000000000000000000001001>;
P_0x56446af322c0 .param/l "ALL" 1 8 102, +C4<00000000000000000000000000000000>;
P_0x56446af32300 .param/l "CLOSED" 1 8 113, +C4<00000000000000000000000000001011>;
P_0x56446af32340 .param/l "COMPUTE_DIR" 0 8 18, +C4<00000000000000000000000000000010>;
P_0x56446af32380 .param/l "DATA_BITWIDTH" 0 8 5, +C4<00000000000000000000000000010000>;
P_0x56446af323c0 .param/l "EAST" 1 8 106, +C4<00000000000000000000000000000100>;
P_0x56446af32400 .param/l "EASTNORTH" 1 8 107, +C4<00000000000000000000000000000101>;
P_0x56446af32440 .param/l "EASTSOUTH" 1 8 108, +C4<00000000000000000000000000000110>;
P_0x56446af32480 .param/l "EASTWEST" 1 8 109, +C4<00000000000000000000000000000111>;
P_0x56446af324c0 .param/l "NORTH" 1 8 103, +C4<00000000000000000000000000000001>;
P_0x56446af32500 .param/l "SOUTH" 1 8 104, +C4<00000000000000000000000000000010>;
P_0x56446af32540 .param/l "WEST" 1 8 105, +C4<00000000000000000000000000000011>;
P_0x56446af32580 .param/l "WESTEAST" 1 8 112, +C4<00000000000000000000000000001010>;
P_0x56446af325c0 .param/l "WESTNORTH" 1 8 110, +C4<00000000000000000000000000001000>;
P_0x56446af32600 .param/l "WESTSOUTH" 1 8 111, +C4<00000000000000000000000000001001>;
P_0x56446af32640 .param/l "W_LOAD_ADDR" 0 8 15, +C4<00000000000000000000000000000000>;
P_0x56446af32680 .param/l "W_READ_ADDR" 0 8 14, +C4<00000000000000000000000000000000>;
P_0x56446af326c0 .param/l "X_dim" 0 8 9, +C4<00000000000000000000000000000011>;
P_0x56446af32700 .param/l "Y_dim" 0 8 10, +C4<00000000000000000000000000000011>;
P_0x56446af32740 .param/l "act_size" 0 8 12, +C4<00000000000000000000000000000101>;
P_0x56446af32780 .param/l "kernel_size" 0 8 11, +C4<00000000000000000000000000000011>;
L_0x56446af0ab90 .functor BUFZ 16, v0x56446af3d840_0, C4<0000000000000000>, C4<0000000000000000>, C4<0000000000000000>;
L_0x56446af07ea0 .functor BUFZ 1, v0x56446af3de60_0, C4<0>, C4<0>, C4<0>;
L_0x56446aef2b10 .functor NOT 1, v0x56446af357c0_0, C4<0>, C4<0>, C4<0>;
L_0x56446af3e4d0 .functor AND 1, v0x56446af35720_0, L_0x56446aef2b10, C4<1>, C4<1>;
v0x56446af34c00_0 .net *"_ivl_8", 0 0, L_0x56446aef2b10;  1 drivers
v0x56446af34d00_0 .net "clk", 0 0, v0x56446af3a730_0;  alias, 1 drivers
v0x56446af34dc0_0 .var "comp_data", 15 0;
v0x56446af34e60_0 .var "comp_valid", 0 0;
v0x56446af34f20_0 .net "compute_data_i", 15 0, L_0x56446af0ab90;  1 drivers
v0x56446af34fe0_0 .net "compute_en", 0 0, L_0x56446af07ea0;  1 drivers
v0x56446af35080_0 .var "data_en_out", 0 0;
v0x56446af35140_0 .var "data_out", 15 0;
v0x56446af35220_0 .net "east_data_i", 15 0, v0x56446af3a9f0_0;  alias, 1 drivers
v0x56446af35300_0 .var "east_data_o", 15 0;
v0x56446af353e0_0 .net "east_enable_i", 0 0, v0x56446af3b010_0;  alias, 1 drivers
v0x56446af354a0_0 .var "east_enable_o", 0 0;
v0x56446af35560_0 .net "glb_addr_read_wght", 9 0, v0x56446af34620_0;  alias, 1 drivers
v0x56446af35650_0 .net "glb_req_read_wght", 0 0, v0x56446af347e0_0;  alias, 1 drivers
v0x56446af35720_0 .var "load_ff0", 0 0;
v0x56446af357c0_0 .var "load_ff1", 0 0;
v0x56446af35860_0 .net "load_spad_ctrl", 0 0, L_0x56446af3e4d0;  1 drivers
v0x56446af35930_0 .net "north_data_i", 15 0, v0x56446af3b750_0;  alias, 1 drivers
v0x56446af359f0_0 .var "north_data_o", 15 0;
v0x56446af35ad0_0 .net "north_enable_i", 0 0, v0x56446af3bd70_0;  alias, 1 drivers
v0x56446af35b90_0 .var "north_enable_o", 0 0;
v0x56446af35c50_0 .net "reset", 0 0, v0x56446af3c440_0;  alias, 1 drivers
v0x56446af35cf0_0 .net "router_mode", 3 0, v0x56446af3c910_0;  alias, 1 drivers
v0x56446af35dd0_0 .net "south_data_i", 15 0, v0x56446af3cc40_0;  alias, 1 drivers
v0x56446af35eb0_0 .var "south_data_o", 15 0;
v0x56446af35f90_0 .net "south_enable_i", 0 0, v0x56446af3d260_0;  alias, 1 drivers
v0x56446af36050_0 .var "south_enable_o", 0 0;
v0x56446af36110_0 .net8 "spad_wdata_o", 15 0, RS_0x7f59516b18a8;  alias, 2 drivers
v0x56446af36200_0 .net8 "spad_wenable_o", 0 0, RS_0x7f59516b1788;  alias, 2 drivers
v0x56446af362d0_0 .net "west_data_i", 15 0, v0x56446af3d840_0;  alias, 1 drivers
v0x56446af36370_0 .var "west_data_o_routed", 15 0;
v0x56446af36450_0 .net "west_enable_i", 0 0, v0x56446af3de60_0;  alias, 1 drivers
v0x56446af36510_0 .var "west_enable_o_routed", 0 0;
E_0x56446af2f6d0 .event anyedge, v0x56446af35cf0_0, v0x56446af35140_0, v0x56446af35080_0;
E_0x56446af33520/0 .event anyedge, v0x56446af35ad0_0, v0x56446af35930_0, v0x56446af35f90_0, v0x56446af35dd0_0;
E_0x56446af33520/1 .event anyedge, v0x56446af36450_0, v0x56446af362d0_0, v0x56446af353e0_0, v0x56446af35220_0;
E_0x56446af33520 .event/or E_0x56446af33520/0, E_0x56446af33520/1;
E_0x56446af335b0/0 .event anyedge, v0x56446af35930_0, v0x56446af35ad0_0, v0x56446af35dd0_0, v0x56446af35f90_0;
E_0x56446af335b0/1 .event anyedge, v0x56446af362d0_0, v0x56446af36450_0, v0x56446af35220_0, v0x56446af353e0_0;
E_0x56446af335b0 .event/or E_0x56446af335b0/0, E_0x56446af335b0/1;
S_0x56446af33640 .scope module, "weight_loader" "router_weight" 8 187, 9 3 0, S_0x56446af32080;
 .timescale -9 -12;
    .port_info 0 /INPUT 1 "clk";
    .port_info 1 /INPUT 1 "reset";
    .port_info 2 /INPUT 16 "r_data_glb_wght";
    .port_info 3 /OUTPUT 10 "r_addr_glb_wght";
    .port_info 4 /OUTPUT 1 "read_req_glb_wght";
    .port_info 5 /OUTPUT 16 "w_data_spad";
    .port_info 6 /OUTPUT 1 "load_en_spad";
    .port_info 7 /INPUT 1 "load_spad_ctrl";
P_0x56446af33840 .param/l "ADDR_BITWIDTH_GLB" 0 9 4, +C4<00000000000000000000000000001010>;
P_0x56446af33880 .param/l "ADDR_BITWIDTH_SPAD" 0 9 5, +C4<00000000000000000000000000001001>;
P_0x56446af338c0 .param/l "DATA_BITWIDTH" 0 9 3, +C4<00000000000000000000000000010000>;
P_0x56446af33900 .param/l "IDLE" 1 9 36, C4<000>;
P_0x56446af33940 .param/l "READ_GLB" 1 9 37, C4<001>;
P_0x56446af33980 .param/l "READ_GLB_0" 1 9 39, C4<011>;
P_0x56446af339c0 .param/l "WRITE_SPAD" 1 9 38, C4<010>;
P_0x56446af33a00 .param/l "W_LOAD_ADDR" 0 9 14, +C4<00000000000000000000000000000000>;
P_0x56446af33a40 .param/l "W_READ_ADDR" 0 9 12, +C4<00000000000000000000000000000000>;
P_0x56446af33a80 .param/l "X_dim" 0 9 7, +C4<00000000000000000000000000000011>;
P_0x56446af33ac0 .param/l "Y_dim" 0 9 8, +C4<00000000000000000000000000000011>;
P_0x56446af33b00 .param/l "act_size" 0 9 10, +C4<00000000000000000000000000000101>;
P_0x56446af33b40 .param/l "kernel_size" 0 9 9, +C4<00000000000000000000000000000011>;
v0x56446af34310_0 .net "clk", 0 0, v0x56446af3a730_0;  alias, 1 drivers
v0x56446af343b0_0 .var "filt_count", 4 0;
v0x56446af34490_0 .var "load_en_spad", 0 0;
v0x56446af34560_0 .net "load_spad_ctrl", 0 0, L_0x56446af3e4d0;  alias, 1 drivers
v0x56446af34620_0 .var "r_addr_glb_wght", 9 0;
v0x56446af34700_0 .net "r_data_glb_wght", 15 0, L_0x56446af0ab90;  alias, 1 drivers
v0x56446af347e0_0 .var "read_req_glb_wght", 0 0;
v0x56446af348a0_0 .net "reset", 0 0, v0x56446af3c440_0;  alias, 1 drivers
v0x56446af34940_0 .var "state", 2 0;
v0x56446af34a20_0 .var "w_data_spad", 15 0;
    .scope S_0x56446ae2e780;
T_0 ;
    %wait E_0x56446ae1a580;
    %load/vec4 v0x56446af2b980_0;
    %flag_set/vec4 8;
    %jmp/0xz  T_0.0, 8;
    %pushi/vec4 0, 0, 1;
    %assign/vec4 v0x56446aef2c30_0, 0;
    %pushi/vec4 0, 0, 10;
    %assign/vec4 v0x56446af0acb0_0, 0;
    %pushi/vec4 0, 0, 1;
    %assign/vec4 v0x56446aeff330_0, 0;
    %pushi/vec4 0, 0, 6;
    %assign/vec4 v0x56446af179d0_0, 0;
    %pushi/vec4 0, 0, 3;
    %assign/vec4 v0x56446af2ba40_0, 0;
    %jmp T_0.1;
T_0.0 ;
    %load/vec4 v0x56446af2ba40_0;
    %dup/vec4;
    %pushi/vec4 0, 0, 3;
    %cmp/u;
    %jmp/1 T_0.2, 6;
    %dup/vec4;
    %pushi/vec4 1, 0, 3;
    %cmp/u;
    %jmp/1 T_0.3, 6;
    %dup/vec4;
    %pushi/vec4 2, 0, 3;
    %cmp/u;
    %jmp/1 T_0.4, 6;
    %jmp T_0.5;
T_0.2 ;
    %load/vec4 v0x56446aefbe70_0;
    %flag_set/vec4 8;
    %jmp/0xz  T_0.6, 8;
    %pushi/vec4 1, 0, 1;
    %assign/vec4 v0x56446aef2c30_0, 0;
    %pushi/vec4 100, 0, 10;
    %assign/vec4 v0x56446af0acb0_0, 0;
    %pushi/vec4 0, 0, 1;
    %assign/vec4 v0x56446aeff330_0, 0;
    %pushi/vec4 1, 0, 3;
    %assign/vec4 v0x56446af2ba40_0, 0;
    %jmp T_0.7;
T_0.6 ;
    %pushi/vec4 0, 0, 1;
    %assign/vec4 v0x56446aef2c30_0, 0;
    %pushi/vec4 0, 0, 1;
    %assign/vec4 v0x56446aeff330_0, 0;
    %pushi/vec4 0, 0, 3;
    %assign/vec4 v0x56446af2ba40_0, 0;
T_0.7 ;
    %jmp T_0.5;
T_0.3 ;
    %load/vec4 v0x56446af179d0_0;
    %addi 1, 0, 6;
    %assign/vec4 v0x56446af179d0_0, 0;
    %load/vec4 v0x56446af0acb0_0;
    %addi 1, 0, 10;
    %assign/vec4 v0x56446af0acb0_0, 0;
    %load/vec4 v0x56446af07fc0_0;
    %assign/vec4 v0x56446af2bb20_0, 0;
    %pushi/vec4 2, 0, 3;
    %assign/vec4 v0x56446af2ba40_0, 0;
    %jmp T_0.5;
T_0.4 ;
    %pushi/vec4 1, 0, 1;
    %assign/vec4 v0x56446aeff330_0, 0;
    %load/vec4 v0x56446af179d0_0;
    %pad/u 32;
    %cmpi/e 25, 0, 32;
    %jmp/0xz  T_0.8, 4;
    %load/vec4 v0x56446af07fc0_0;
    %assign/vec4 v0x56446af2bb20_0, 0;
    %pushi/vec4 0, 0, 6;
    %assign/vec4 v0x56446af179d0_0, 0;
    %pushi/vec4 100, 0, 10;
    %assign/vec4 v0x56446af0acb0_0, 0;
    %pushi/vec4 0, 0, 3;
    %assign/vec4 v0x56446af2ba40_0, 0;
    %jmp T_0.9;
T_0.8 ;
    %load/vec4 v0x56446af07fc0_0;
    %assign/vec4 v0x56446af2bb20_0, 0;
    %load/vec4 v0x56446af179d0_0;
    %addi 1, 0, 6;
    %assign/vec4 v0x56446af179d0_0, 0;
    %load/vec4 v0x56446af0acb0_0;
    %addi 1, 0, 10;
    %assign/vec4 v0x56446af0acb0_0, 0;
    %pushi/vec4 2, 0, 3;
    %assign/vec4 v0x56446af2ba40_0, 0;
T_0.9 ;
    %jmp T_0.5;
T_0.5 ;
    %pop/vec4 1;
T_0.1 ;
    %jmp T_0;
    .thread T_0;
    .scope S_0x56446ae2e5a0;
T_1 ;
    %wait E_0x56446ae5ab20;
    %load/vec4 v0x56446af2c8a0_0;
    %flag_set/vec4 8;
    %jmp/0xz  T_1.0, 8;
    %load/vec4 v0x56446af2c6e0_0;
    %store/vec4 v0x56446af2bec0_0, 0, 16;
    %pushi/vec4 1, 0, 1;
    %store/vec4 v0x56446af2c640_0, 0, 1;
    %jmp T_1.1;
T_1.0 ;
    %load/vec4 v0x56446af2cd70_0;
    %flag_set/vec4 8;
    %jmp/0xz  T_1.2, 8;
    %load/vec4 v0x56446af2cbb0_0;
    %store/vec4 v0x56446af2bec0_0, 0, 16;
    %pushi/vec4 1, 0, 1;
    %store/vec4 v0x56446af2c640_0, 0, 1;
    %jmp T_1.3;
T_1.2 ;
    %load/vec4 v0x56446af2d230_0;
    %flag_set/vec4 8;
    %jmp/0xz  T_1.4, 8;
    %load/vec4 v0x56446af2d0b0_0;
    %store/vec4 v0x56446af2bec0_0, 0, 16;
    %pushi/vec4 1, 0, 1;
    %store/vec4 v0x56446af2c640_0, 0, 1;
    %jmp T_1.5;
T_1.4 ;
    %load/vec4 v0x56446af2c120_0;
    %flag_set/vec4 8;
    %jmp/0xz  T_1.6, 8;
    %load/vec4 v0x56446af2bfc0_0;
    %store/vec4 v0x56446af2bec0_0, 0, 16;
    %pushi/vec4 1, 0, 1;
    %store/vec4 v0x56446af2c640_0, 0, 1;
    %jmp T_1.7;
T_1.6 ;
    %pushi/vec4 0, 0, 16;
    %store/vec4 v0x56446af2bec0_0, 0, 16;
    %pushi/vec4 0, 0, 1;
    %store/vec4 v0x56446af2c640_0, 0, 1;
T_1.7 ;
T_1.5 ;
T_1.3 ;
T_1.1 ;
    %jmp T_1;
    .thread T_1, $push;
    .scope S_0x56446ae2e5a0;
T_2 ;
    %wait E_0x56446ae1a580;
    %load/vec4 v0x56446af2ca20_0;
    %flag_set/vec4 8;
    %jmp/0xz  T_2.0, 8;
    %pushi/vec4 0, 0, 1;
    %assign/vec4 v0x56446af2c500_0, 0;
    %pushi/vec4 0, 0, 1;
    %assign/vec4 v0x56446af2c5a0_0, 0;
    %jmp T_2.1;
T_2.0 ;
    %load/vec4 v0x56446af2c640_0;
    %assign/vec4 v0x56446af2c500_0, 0;
    %load/vec4 v0x56446af2c500_0;
    %assign/vec4 v0x56446af2c5a0_0, 0;
T_2.1 ;
    %jmp T_2;
    .thread T_2;
    .scope S_0x56446ae2e5a0;
T_3 ;
    %wait E_0x56446ae5a970;
    %pushi/vec4 0, 0, 16;
    %store/vec4 v0x56446af2c7c0_0, 0, 16;
    %pushi/vec4 0, 0, 1;
    %store/vec4 v0x56446af2c960_0, 0, 1;
    %pushi/vec4 0, 0, 16;
    %store/vec4 v0x56446af2cc90_0, 0, 16;
    %pushi/vec4 0, 0, 1;
    %store/vec4 v0x56446af2ce30_0, 0, 1;
    %pushi/vec4 0, 0, 16;
    %store/vec4 v0x56446af2d150_0, 0, 16;
    %pushi/vec4 0, 0, 1;
    %store/vec4 v0x56446af2d2f0_0, 0, 1;
    %pushi/vec4 0, 0, 16;
    %store/vec4 v0x56446af2c060_0, 0, 16;
    %pushi/vec4 0, 0, 1;
    %store/vec4 v0x56446af2c1e0_0, 0, 1;
    %pushi/vec4 2, 0, 40;
    %dup/vec4;
    %pushi/vec4 1313821268, 0, 32; draw_string_vec4
    %pushi/vec4 72, 0, 8; draw_string_vec4
    %concat/vec4; draw_string_vec4
    %cmp/u;
    %jmp/1 T_3.0, 6;
    %dup/vec4;
    %pushi/vec4 1397708116, 0, 32; draw_string_vec4
    %pushi/vec4 72, 0, 8; draw_string_vec4
    %concat/vec4; draw_string_vec4
    %cmp/u;
    %jmp/1 T_3.1, 6;
    %dup/vec4;
    %pushi/vec4 5719379, 0, 32; draw_string_vec4
    %pushi/vec4 84, 0, 8; draw_string_vec4
    %concat/vec4; draw_string_vec4
    %cmp/u;
    %jmp/1 T_3.2, 6;
    %dup/vec4;
    %pushi/vec4 4538707, 0, 32; draw_string_vec4
    %pushi/vec4 84, 0, 8; draw_string_vec4
    %concat/vec4; draw_string_vec4
    %cmp/u;
    %jmp/1 T_3.3, 6;
    %jmp T_3.4;
T_3.0 ;
    %load/vec4 v0x56446af2cef0_0;
    %store/vec4 v0x56446af2c7c0_0, 0, 16;
    %load/vec4 v0x56446af2cfe0_0;
    %store/vec4 v0x56446af2c960_0, 0, 1;
    %jmp T_3.4;
T_3.1 ;
    %load/vec4 v0x56446af2cef0_0;
    %store/vec4 v0x56446af2cc90_0, 0, 16;
    %load/vec4 v0x56446af2cfe0_0;
    %store/vec4 v0x56446af2ce30_0, 0, 1;
    %jmp T_3.4;
T_3.2 ;
    %load/vec4 v0x56446af2cef0_0;
    %store/vec4 v0x56446af2d150_0, 0, 16;
    %load/vec4 v0x56446af2cfe0_0;
    %store/vec4 v0x56446af2d2f0_0, 0, 1;
    %jmp T_3.4;
T_3.3 ;
    %load/vec4 v0x56446af2cef0_0;
    %store/vec4 v0x56446af2c060_0, 0, 16;
    %load/vec4 v0x56446af2cfe0_0;
    %store/vec4 v0x56446af2c1e0_0, 0, 1;
    %jmp T_3.4;
T_3.4 ;
    %pop/vec4 1;
    %jmp T_3;
    .thread T_3, $push;
    .scope S_0x56446ae2e5a0;
T_4 ;
    %wait E_0x56446ae52ce0;
    %load/vec4 v0x56446af2caf0_0;
    %dup/vec4;
    %pushi/vec4 0, 0, 4;
    %cmp/u;
    %jmp/1 T_4.0, 6;
    %dup/vec4;
    %pushi/vec4 1, 0, 4;
    %cmp/u;
    %jmp/1 T_4.1, 6;
    %dup/vec4;
    %pushi/vec4 2, 0, 4;
    %cmp/u;
    %jmp/1 T_4.2, 6;
    %dup/vec4;
    %pushi/vec4 3, 0, 4;
    %cmp/u;
    %jmp/1 T_4.3, 6;
    %dup/vec4;
    %pushi/vec4 4, 0, 4;
    %cmp/u;
    %jmp/1 T_4.4, 6;
    %dup/vec4;
    %pushi/vec4 5, 0, 4;
    %cmp/u;
    %jmp/1 T_4.5, 6;
    %dup/vec4;
    %pushi/vec4 6, 0, 4;
    %cmp/u;
    %jmp/1 T_4.6, 6;
    %dup/vec4;
    %pushi/vec4 7, 0, 4;
    %cmp/u;
    %jmp/1 T_4.7, 6;
    %dup/vec4;
    %pushi/vec4 8, 0, 4;
    %cmp/u;
    %jmp/1 T_4.8, 6;
    %dup/vec4;
    %pushi/vec4 9, 0, 4;
    %cmp/u;
    %jmp/1 T_4.9, 6;
    %dup/vec4;
    %pushi/vec4 10, 0, 4;
    %cmp/u;
    %jmp/1 T_4.10, 6;
    %dup/vec4;
    %pushi/vec4 11, 0, 4;
    %cmp/u;
    %jmp/1 T_4.11, 6;
    %jmp T_4.12;
T_4.0 ;
    %load/vec4 v0x56446af2bec0_0;
    %store/vec4 v0x56446af2c7c0_0, 0, 16;
    %pushi/vec4 1, 0, 1;
    %store/vec4 v0x56446af2c960_0, 0, 1;
    %load/vec4 v0x56446af2bec0_0;
    %store/vec4 v0x56446af2cc90_0, 0, 16;
    %pushi/vec4 1, 0, 1;
    %store/vec4 v0x56446af2ce30_0, 0, 1;
    %load/vec4 v0x56446af2bec0_0;
    %store/vec4 v0x56446af2c060_0, 0, 16;
    %pushi/vec4 1, 0, 1;
    %store/vec4 v0x56446af2c1e0_0, 0, 1;
    %load/vec4 v0x56446af2bec0_0;
    %store/vec4 v0x56446af2d150_0, 0, 16;
    %pushi/vec4 1, 0, 1;
    %store/vec4 v0x56446af2d2f0_0, 0, 1;
    %jmp T_4.12;
T_4.1 ;
    %load/vec4 v0x56446af2bec0_0;
    %store/vec4 v0x56446af2c7c0_0, 0, 16;
    %pushi/vec4 1, 0, 1;
    %store/vec4 v0x56446af2c960_0, 0, 1;
    %jmp T_4.12;
T_4.2 ;
    %load/vec4 v0x56446af2bec0_0;
    %store/vec4 v0x56446af2cc90_0, 0, 16;
    %pushi/vec4 1, 0, 1;
    %store/vec4 v0x56446af2ce30_0, 0, 1;
    %jmp T_4.12;
T_4.3 ;
    %load/vec4 v0x56446af2bec0_0;
    %store/vec4 v0x56446af2d150_0, 0, 16;
    %pushi/vec4 1, 0, 1;
    %store/vec4 v0x56446af2d2f0_0, 0, 1;
    %jmp T_4.12;
T_4.4 ;
    %load/vec4 v0x56446af2bec0_0;
    %store/vec4 v0x56446af2c060_0, 0, 16;
    %pushi/vec4 1, 0, 1;
    %store/vec4 v0x56446af2c1e0_0, 0, 1;
    %jmp T_4.12;
T_4.5 ;
    %load/vec4 v0x56446af2bec0_0;
    %store/vec4 v0x56446af2c060_0, 0, 16;
    %pushi/vec4 1, 0, 1;
    %store/vec4 v0x56446af2c1e0_0, 0, 1;
    %load/vec4 v0x56446af2bec0_0;
    %store/vec4 v0x56446af2c7c0_0, 0, 16;
    %pushi/vec4 1, 0, 1;
    %store/vec4 v0x56446af2c960_0, 0, 1;
    %jmp T_4.12;
T_4.6 ;
    %load/vec4 v0x56446af2bec0_0;
    %store/vec4 v0x56446af2c060_0, 0, 16;
    %pushi/vec4 1, 0, 1;
    %store/vec4 v0x56446af2c1e0_0, 0, 1;
    %load/vec4 v0x56446af2bec0_0;
    %store/vec4 v0x56446af2cc90_0, 0, 16;
    %pushi/vec4 1, 0, 1;
    %store/vec4 v0x56446af2ce30_0, 0, 1;
    %jmp T_4.12;
T_4.7 ;
    %load/vec4 v0x56446af2bec0_0;
    %store/vec4 v0x56446af2c060_0, 0, 16;
    %pushi/vec4 1, 0, 1;
    %store/vec4 v0x56446af2c1e0_0, 0, 1;
    %load/vec4 v0x56446af2bec0_0;
    %store/vec4 v0x56446af2d150_0, 0, 16;
    %pushi/vec4 1, 0, 1;
    %store/vec4 v0x56446af2d2f0_0, 0, 1;
    %jmp T_4.12;
T_4.8 ;
    %load/vec4 v0x56446af2bec0_0;
    %store/vec4 v0x56446af2d150_0, 0, 16;
    %pushi/vec4 1, 0, 1;
    %store/vec4 v0x56446af2d2f0_0, 0, 1;
    %load/vec4 v0x56446af2bec0_0;
    %store/vec4 v0x56446af2c7c0_0, 0, 16;
    %pushi/vec4 1, 0, 1;
    %store/vec4 v0x56446af2c960_0, 0, 1;
    %jmp T_4.12;
T_4.9 ;
    %load/vec4 v0x56446af2bec0_0;
    %store/vec4 v0x56446af2d150_0, 0, 16;
    %pushi/vec4 1, 0, 1;
    %store/vec4 v0x56446af2d2f0_0, 0, 1;
    %load/vec4 v0x56446af2bec0_0;
    %store/vec4 v0x56446af2cc90_0, 0, 16;
    %pushi/vec4 1, 0, 1;
    %store/vec4 v0x56446af2ce30_0, 0, 1;
    %jmp T_4.12;
T_4.10 ;
    %load/vec4 v0x56446af2bec0_0;
    %store/vec4 v0x56446af2d150_0, 0, 16;
    %pushi/vec4 1, 0, 1;
    %store/vec4 v0x56446af2d2f0_0, 0, 1;
    %load/vec4 v0x56446af2bec0_0;
    %store/vec4 v0x56446af2c060_0, 0, 16;
    %pushi/vec4 1, 0, 1;
    %store/vec4 v0x56446af2c1e0_0, 0, 1;
    %jmp T_4.12;
T_4.11 ;
    %jmp T_4.12;
T_4.12 ;
    %pop/vec4 1;
    %jmp T_4;
    .thread T_4, $push;
    .scope S_0x56446af33640;
T_5 ;
    %wait E_0x56446ae1a580;
    %load/vec4 v0x56446af348a0_0;
    %flag_set/vec4 8;
    %jmp/0xz  T_5.0, 8;
    %pushi/vec4 0, 0, 1;
    %assign/vec4 v0x56446af347e0_0, 0;
    %pushi/vec4 0, 0, 10;
    %assign/vec4 v0x56446af34620_0, 0;
    %pushi/vec4 0, 0, 1;
    %assign/vec4 v0x56446af34490_0, 0;
    %pushi/vec4 0, 0, 5;
    %assign/vec4 v0x56446af343b0_0, 0;
    %pushi/vec4 0, 0, 3;
    %assign/vec4 v0x56446af34940_0, 0;
    %jmp T_5.1;
T_5.0 ;
    %load/vec4 v0x56446af34940_0;
    %dup/vec4;
    %pushi/vec4 0, 0, 3;
    %cmp/u;
    %jmp/1 T_5.2, 6;
    %dup/vec4;
    %pushi/vec4 1, 0, 3;
    %cmp/u;
    %jmp/1 T_5.3, 6;
    %dup/vec4;
    %pushi/vec4 2, 0, 3;
    %cmp/u;
    %jmp/1 T_5.4, 6;
    %jmp T_5.5;
T_5.2 ;
    %load/vec4 v0x56446af34560_0;
    %flag_set/vec4 8;
    %jmp/0xz  T_5.6, 8;
    %pushi/vec4 1, 0, 1;
    %assign/vec4 v0x56446af347e0_0, 0;
    %pushi/vec4 0, 0, 10;
    %assign/vec4 v0x56446af34620_0, 0;
    %pushi/vec4 0, 0, 1;
    %assign/vec4 v0x56446af34490_0, 0;
    %pushi/vec4 1, 0, 3;
    %assign/vec4 v0x56446af34940_0, 0;
    %jmp T_5.7;
T_5.6 ;
    %pushi/vec4 0, 0, 1;
    %assign/vec4 v0x56446af347e0_0, 0;
    %pushi/vec4 0, 0, 1;
    %assign/vec4 v0x56446af34490_0, 0;
    %pushi/vec4 0, 0, 3;
    %assign/vec4 v0x56446af34940_0, 0;
T_5.7 ;
    %jmp T_5.5;
T_5.3 ;
    %load/vec4 v0x56446af343b0_0;
    %addi 1, 0, 5;
    %assign/vec4 v0x56446af343b0_0, 0;
    %load/vec4 v0x56446af34620_0;
    %addi 1, 0, 10;
    %assign/vec4 v0x56446af34620_0, 0;
    %load/vec4 v0x56446af34700_0;
    %assign/vec4 v0x56446af34a20_0, 0;
    %pushi/vec4 2, 0, 3;
    %assign/vec4 v0x56446af34940_0, 0;
    %jmp T_5.5;
T_5.4 ;
    %pushi/vec4 1, 0, 1;
    %assign/vec4 v0x56446af34490_0, 0;
    %load/vec4 v0x56446af343b0_0;
    %pad/u 32;
    %cmpi/e 9, 0, 32;
    %jmp/0xz  T_5.8, 4;
    %load/vec4 v0x56446af34700_0;
    %assign/vec4 v0x56446af34a20_0, 0;
    %pushi/vec4 0, 0, 5;
    %assign/vec4 v0x56446af343b0_0, 0;
    %pushi/vec4 0, 0, 10;
    %assign/vec4 v0x56446af34620_0, 0;
    %pushi/vec4 0, 0, 3;
    %assign/vec4 v0x56446af34940_0, 0;
    %jmp T_5.9;
T_5.8 ;
    %load/vec4 v0x56446af34700_0;
    %assign/vec4 v0x56446af34a20_0, 0;
    %load/vec4 v0x56446af343b0_0;
    %addi 1, 0, 5;
    %assign/vec4 v0x56446af343b0_0, 0;
    %load/vec4 v0x56446af34620_0;
    %addi 1, 0, 10;
    %assign/vec4 v0x56446af34620_0, 0;
    %pushi/vec4 2, 0, 3;
    %assign/vec4 v0x56446af34940_0, 0;
T_5.9 ;
    %jmp T_5.5;
T_5.5 ;
    %pop/vec4 1;
T_5.1 ;
    %jmp T_5;
    .thread T_5;
    .scope S_0x56446af32080;
T_6 ;
    %wait E_0x56446af335b0;
    %pushi/vec4 0, 0, 16;
    %store/vec4 v0x56446af34dc0_0, 0, 16;
    %pushi/vec4 0, 0, 1;
    %store/vec4 v0x56446af34e60_0, 0, 1;
    %pushi/vec4 2, 0, 32;
    %dup/vec4;
    %pushi/vec4 0, 0, 32;
    %cmp/u;
    %jmp/1 T_6.0, 6;
    %dup/vec4;
    %pushi/vec4 1, 0, 32;
    %cmp/u;
    %jmp/1 T_6.1, 6;
    %dup/vec4;
    %pushi/vec4 2, 0, 32;
    %cmp/u;
    %jmp/1 T_6.2, 6;
    %dup/vec4;
    %pushi/vec4 3, 0, 32;
    %cmp/u;
    %jmp/1 T_6.3, 6;
    %pushi/vec4 0, 0, 16;
    %store/vec4 v0x56446af34dc0_0, 0, 16;
    %pushi/vec4 0, 0, 1;
    %store/vec4 v0x56446af34e60_0, 0, 1;
    %jmp T_6.5;
T_6.0 ;
    %load/vec4 v0x56446af35930_0;
    %store/vec4 v0x56446af34dc0_0, 0, 16;
    %load/vec4 v0x56446af35ad0_0;
    %store/vec4 v0x56446af34e60_0, 0, 1;
    %jmp T_6.5;
T_6.1 ;
    %load/vec4 v0x56446af35dd0_0;
    %store/vec4 v0x56446af34dc0_0, 0, 16;
    %load/vec4 v0x56446af35f90_0;
    %store/vec4 v0x56446af34e60_0, 0, 1;
    %jmp T_6.5;
T_6.2 ;
    %load/vec4 v0x56446af362d0_0;
    %store/vec4 v0x56446af34dc0_0, 0, 16;
    %load/vec4 v0x56446af36450_0;
    %store/vec4 v0x56446af34e60_0, 0, 1;
    %jmp T_6.5;
T_6.3 ;
    %load/vec4 v0x56446af35220_0;
    %store/vec4 v0x56446af34dc0_0, 0, 16;
    %load/vec4 v0x56446af353e0_0;
    %store/vec4 v0x56446af34e60_0, 0, 1;
    %jmp T_6.5;
T_6.5 ;
    %pop/vec4 1;
    %jmp T_6;
    .thread T_6, $push;
    .scope S_0x56446af32080;
T_7 ;
    %wait E_0x56446af33520;
    %load/vec4 v0x56446af35ad0_0;
    %flag_set/vec4 8;
    %jmp/0xz  T_7.0, 8;
    %load/vec4 v0x56446af35930_0;
    %store/vec4 v0x56446af35140_0, 0, 16;
    %pushi/vec4 1, 0, 1;
    %store/vec4 v0x56446af35080_0, 0, 1;
    %jmp T_7.1;
T_7.0 ;
    %load/vec4 v0x56446af35f90_0;
    %flag_set/vec4 8;
    %jmp/0xz  T_7.2, 8;
    %load/vec4 v0x56446af35dd0_0;
    %store/vec4 v0x56446af35140_0, 0, 16;
    %pushi/vec4 1, 0, 1;
    %store/vec4 v0x56446af35080_0, 0, 1;
    %jmp T_7.3;
T_7.2 ;
    %load/vec4 v0x56446af36450_0;
    %flag_set/vec4 8;
    %jmp/0xz  T_7.4, 8;
    %load/vec4 v0x56446af362d0_0;
    %store/vec4 v0x56446af35140_0, 0, 16;
    %pushi/vec4 1, 0, 1;
    %store/vec4 v0x56446af35080_0, 0, 1;
    %jmp T_7.5;
T_7.4 ;
    %load/vec4 v0x56446af353e0_0;
    %flag_set/vec4 8;
    %jmp/0xz  T_7.6, 8;
    %load/vec4 v0x56446af35220_0;
    %store/vec4 v0x56446af35140_0, 0, 16;
    %pushi/vec4 1, 0, 1;
    %store/vec4 v0x56446af35080_0, 0, 1;
    %jmp T_7.7;
T_7.6 ;
    %pushi/vec4 0, 0, 16;
    %store/vec4 v0x56446af35140_0, 0, 16;
    %pushi/vec4 0, 0, 1;
    %store/vec4 v0x56446af35080_0, 0, 1;
T_7.7 ;
T_7.5 ;
T_7.3 ;
T_7.1 ;
    %jmp T_7;
    .thread T_7, $push;
    .scope S_0x56446af32080;
T_8 ;
    %wait E_0x56446ae1a580;
    %load/vec4 v0x56446af35c50_0;
    %flag_set/vec4 8;
    %jmp/0xz  T_8.0, 8;
    %pushi/vec4 0, 0, 1;
    %assign/vec4 v0x56446af35720_0, 0;
    %pushi/vec4 0, 0, 1;
    %assign/vec4 v0x56446af357c0_0, 0;
    %jmp T_8.1;
T_8.0 ;
    %load/vec4 v0x56446af34fe0_0;
    %assign/vec4 v0x56446af35720_0, 0;
    %load/vec4 v0x56446af35720_0;
    %assign/vec4 v0x56446af357c0_0, 0;
T_8.1 ;
    %jmp T_8;
    .thread T_8;
    .scope S_0x56446af32080;
T_9 ;
    %wait E_0x56446af2f6d0;
    %pushi/vec4 0, 0, 16;
    %store/vec4 v0x56446af359f0_0, 0, 16;
    %pushi/vec4 0, 0, 1;
    %store/vec4 v0x56446af35b90_0, 0, 1;
    %pushi/vec4 0, 0, 16;
    %store/vec4 v0x56446af35eb0_0, 0, 16;
    %pushi/vec4 0, 0, 1;
    %store/vec4 v0x56446af36050_0, 0, 1;
    %pushi/vec4 0, 0, 16;
    %store/vec4 v0x56446af35300_0, 0, 16;
    %pushi/vec4 0, 0, 1;
    %store/vec4 v0x56446af354a0_0, 0, 1;
    %pushi/vec4 0, 0, 16;
    %store/vec4 v0x56446af36370_0, 0, 16;
    %pushi/vec4 0, 0, 1;
    %store/vec4 v0x56446af36510_0, 0, 1;
    %load/vec4 v0x56446af35cf0_0;
    %dup/vec4;
    %pushi/vec4 0, 0, 4;
    %cmp/u;
    %jmp/1 T_9.0, 6;
    %dup/vec4;
    %pushi/vec4 1, 0, 4;
    %cmp/u;
    %jmp/1 T_9.1, 6;
    %dup/vec4;
    %pushi/vec4 2, 0, 4;
    %cmp/u;
    %jmp/1 T_9.2, 6;
    %dup/vec4;
    %pushi/vec4 4, 0, 4;
    %cmp/u;
    %jmp/1 T_9.3, 6;
    %dup/vec4;
    %pushi/vec4 3, 0, 4;
    %cmp/u;
    %jmp/1 T_9.4, 6;
    %dup/vec4;
    %pushi/vec4 5, 0, 4;
    %cmp/u;
    %jmp/1 T_9.5, 6;
    %dup/vec4;
    %pushi/vec4 6, 0, 4;
    %cmp/u;
    %jmp/1 T_9.6, 6;
    %dup/vec4;
    %pushi/vec4 7, 0, 4;
    %cmp/u;
    %jmp/1 T_9.7, 6;
    %dup/vec4;
    %pushi/vec4 8, 0, 4;
    %cmp/u;
    %jmp/1 T_9.8, 6;
    %dup/vec4;
    %pushi/vec4 9, 0, 4;
    %cmp/u;
    %jmp/1 T_9.9, 6;
    %dup/vec4;
    %pushi/vec4 10, 0, 4;
    %cmp/u;
    %jmp/1 T_9.10, 6;
    %dup/vec4;
    %pushi/vec4 11, 0, 4;
    %cmp/u;
    %jmp/1 T_9.11, 6;
    %jmp T_9.13;
T_9.0 ;
    %load/vec4 v0x56446af35140_0;
    %store/vec4 v0x56446af359f0_0, 0, 16;
    %load/vec4 v0x56446af35080_0;
    %store/vec4 v0x56446af35b90_0, 0, 1;
    %load/vec4 v0x56446af35140_0;
    %store/vec4 v0x56446af35eb0_0, 0, 16;
    %load/vec4 v0x56446af35080_0;
    %store/vec4 v0x56446af36050_0, 0, 1;
    %load/vec4 v0x56446af35140_0;
    %store/vec4 v0x56446af35300_0, 0, 16;
    %load/vec4 v0x56446af35080_0;
    %store/vec4 v0x56446af354a0_0, 0, 1;
    %jmp T_9.13;
T_9.1 ;
    %load/vec4 v0x56446af35140_0;
    %store/vec4 v0x56446af359f0_0, 0, 16;
    %load/vec4 v0x56446af35080_0;
    %store/vec4 v0x56446af35b90_0, 0, 1;
    %jmp T_9.13;
T_9.2 ;
    %load/vec4 v0x56446af35140_0;
    %store/vec4 v0x56446af35eb0_0, 0, 16;
    %load/vec4 v0x56446af35080_0;
    %store/vec4 v0x56446af36050_0, 0, 1;
    %jmp T_9.13;
T_9.3 ;
    %load/vec4 v0x56446af35140_0;
    %store/vec4 v0x56446af35300_0, 0, 16;
    %load/vec4 v0x56446af35080_0;
    %store/vec4 v0x56446af354a0_0, 0, 1;
    %jmp T_9.13;
T_9.4 ;
    %jmp T_9.13;
T_9.5 ;
    %load/vec4 v0x56446af35140_0;
    %store/vec4 v0x56446af35300_0, 0, 16;
    %load/vec4 v0x56446af35080_0;
    %store/vec4 v0x56446af354a0_0, 0, 1;
    %load/vec4 v0x56446af35140_0;
    %store/vec4 v0x56446af359f0_0, 0, 16;
    %load/vec4 v0x56446af35080_0;
    %store/vec4 v0x56446af35b90_0, 0, 1;
    %jmp T_9.13;
T_9.6 ;
    %load/vec4 v0x56446af35140_0;
    %store/vec4 v0x56446af35300_0, 0, 16;
    %load/vec4 v0x56446af35080_0;
    %store/vec4 v0x56446af354a0_0, 0, 1;
    %load/vec4 v0x56446af35140_0;
    %store/vec4 v0x56446af35eb0_0, 0, 16;
    %load/vec4 v0x56446af35080_0;
    %store/vec4 v0x56446af36050_0, 0, 1;
    %jmp T_9.13;
T_9.7 ;
    %load/vec4 v0x56446af35140_0;
    %store/vec4 v0x56446af35300_0, 0, 16;
    %load/vec4 v0x56446af35080_0;
    %store/vec4 v0x56446af354a0_0, 0, 1;
    %jmp T_9.13;
T_9.8 ;
    %load/vec4 v0x56446af35140_0;
    %store/vec4 v0x56446af359f0_0, 0, 16;
    %load/vec4 v0x56446af35080_0;
    %store/vec4 v0x56446af35b90_0, 0, 1;
    %jmp T_9.13;
T_9.9 ;
    %load/vec4 v0x56446af35140_0;
    %store/vec4 v0x56446af35eb0_0, 0, 16;
    %load/vec4 v0x56446af35080_0;
    %store/vec4 v0x56446af36050_0, 0, 1;
    %jmp T_9.13;
T_9.10 ;
    %load/vec4 v0x56446af35140_0;
    %store/vec4 v0x56446af35300_0, 0, 16;
    %load/vec4 v0x56446af35080_0;
    %store/vec4 v0x56446af354a0_0, 0, 1;
    %jmp T_9.13;
T_9.11 ;
    %jmp T_9.13;
T_9.13 ;
    %pop/vec4 1;
    %jmp T_9;
    .thread T_9, $push;
    .scope S_0x56446af2ebd0;
T_10 ;
    %wait E_0x56446ae1a580;
    %load/vec4 v0x56446af2fbb0_0;
    %flag_set/vec4 8;
    %jmp/0xz  T_10.0, 8;
    %pushi/vec4 0, 0, 10;
    %assign/vec4 v0x56446af2fd80_0, 0;
    %pushi/vec4 0, 0, 5;
    %assign/vec4 v0x56446af2f9a0_0, 0;
    %pushi/vec4 0, 0, 1;
    %assign/vec4 v0x56446af2ff40_0, 0;
    %pushi/vec4 0, 0, 3;
    %assign/vec4 v0x56446af2f800_0, 0;
    %pushi/vec4 0, 0, 3;
    %assign/vec4 v0x56446af2fca0_0, 0;
    %jmp T_10.1;
T_10.0 ;
    %load/vec4 v0x56446af2fca0_0;
    %dup/vec4;
    %pushi/vec4 0, 0, 3;
    %cmp/u;
    %jmp/1 T_10.2, 6;
    %dup/vec4;
    %pushi/vec4 2, 0, 3;
    %cmp/u;
    %jmp/1 T_10.3, 6;
    %dup/vec4;
    %pushi/vec4 1, 0, 3;
    %cmp/u;
    %jmp/1 T_10.4, 6;
    %jmp T_10.5;
T_10.2 ;
    %load/vec4 v0x56446af30000_0;
    %flag_set/vec4 8;
    %jmp/0xz  T_10.6, 8;
    %pushi/vec4 2, 0, 3;
    %assign/vec4 v0x56446af2fca0_0, 0;
    %jmp T_10.7;
T_10.6 ;
    %pushi/vec4 0, 0, 5;
    %assign/vec4 v0x56446af2f9a0_0, 0;
    %pushi/vec4 0, 0, 1;
    %assign/vec4 v0x56446af2ff40_0, 0;
    %pushi/vec4 0, 0, 10;
    %assign/vec4 v0x56446af2fd80_0, 0;
    %pushi/vec4 0, 0, 3;
    %assign/vec4 v0x56446af2fca0_0, 0;
T_10.7 ;
    %jmp T_10.5;
T_10.3 ;
    %load/vec4 v0x56446af2fa80_0;
    %assign/vec4 v0x56446af2f8e0_0, 0;
    %pushi/vec4 0, 0, 5;
    %assign/vec4 v0x56446af2f9a0_0, 0;
    %pushi/vec4 1, 0, 3;
    %assign/vec4 v0x56446af2fca0_0, 0;
    %jmp T_10.5;
T_10.4 ;
    %pushi/vec4 1, 0, 1;
    %assign/vec4 v0x56446af2ff40_0, 0;
    %load/vec4 v0x56446af2f9a0_0;
    %pad/u 32;
    %cmpi/e 2, 0, 32;
    %jmp/0xz  T_10.8, 4;
    %load/vec4 v0x56446af2f8e0_0;
    %load/vec4 v0x56446af2f9a0_0;
    %pad/u 32;
    %addi 1, 0, 32;
    %muli 16, 0, 32;
    %subi 1, 0, 32;
    %pad/u 34;
    %subi 15, 0, 34;
    %part/s 16;
    %assign/vec4 v0x56446af2fe60_0, 0;
    %pushi/vec4 0, 0, 5;
    %assign/vec4 v0x56446af2f9a0_0, 0;
    %load/vec4 v0x56446af2fd80_0;
    %addi 1, 0, 10;
    %assign/vec4 v0x56446af2fd80_0, 0;
    %load/vec4 v0x56446af2f800_0;
    %addi 1, 0, 3;
    %assign/vec4 v0x56446af2f800_0, 0;
    %pushi/vec4 0, 0, 3;
    %assign/vec4 v0x56446af2fca0_0, 0;
    %jmp T_10.9;
T_10.8 ;
    %load/vec4 v0x56446af2f8e0_0;
    %load/vec4 v0x56446af2f9a0_0;
    %pad/u 32;
    %addi 1, 0, 32;
    %muli 16, 0, 32;
    %subi 1, 0, 32;
    %pad/u 34;
    %subi 15, 0, 34;
    %part/s 16;
    %assign/vec4 v0x56446af2fe60_0, 0;
    %load/vec4 v0x56446af2f9a0_0;
    %addi 1, 0, 5;
    %assign/vec4 v0x56446af2f9a0_0, 0;
    %load/vec4 v0x56446af2f9a0_0;
    %pad/u 32;
    %cmpi/e 2, 0, 32;
    %jmp/0xz  T_10.10, 4;
    %pushi/vec4 0, 0, 3;
    %assign/vec4 v0x56446af2fca0_0, 0;
    %jmp T_10.11;
T_10.10 ;
    %load/vec4 v0x56446af2f9a0_0;
    %pad/u 32;
    %cmpi/e 0, 0, 32;
    %jmp/0xz  T_10.12, 4;
    %pushi/vec4 0, 0, 32;
    %load/vec4 v0x56446af2f800_0;
    %pad/u 32;
    %muli 3, 0, 32;
    %add;
    %pad/u 10;
    %assign/vec4 v0x56446af2fd80_0, 0;
    %pushi/vec4 1, 0, 3;
    %assign/vec4 v0x56446af2fca0_0, 0;
    %jmp T_10.13;
T_10.12 ;
    %load/vec4 v0x56446af2fd80_0;
    %addi 1, 0, 10;
    %assign/vec4 v0x56446af2fd80_0, 0;
    %pushi/vec4 1, 0, 3;
    %assign/vec4 v0x56446af2fca0_0, 0;
T_10.13 ;
T_10.11 ;
T_10.9 ;
    %jmp T_10.5;
T_10.5 ;
    %pop/vec4 1;
T_10.1 ;
    %jmp T_10;
    .thread T_10;
    .scope S_0x56446af2d700;
T_11 ;
    %wait E_0x56446af18350;
    %load/vec4 v0x56446af30c40_0;
    %flag_set/vec4 8;
    %jmp/0xz  T_11.0, 8;
    %load/vec4 v0x56446af30a80_0;
    %store/vec4 v0x56446af303a0_0, 0, 48;
    %pushi/vec4 1, 0, 1;
    %store/vec4 v0x56446af309c0_0, 0, 1;
    %jmp T_11.1;
T_11.0 ;
    %load/vec4 v0x56446af314a0_0;
    %flag_set/vec4 8;
    %jmp/0xz  T_11.2, 8;
    %load/vec4 v0x56446af312e0_0;
    %store/vec4 v0x56446af303a0_0, 0, 48;
    %pushi/vec4 1, 0, 1;
    %store/vec4 v0x56446af309c0_0, 0, 1;
    %jmp T_11.3;
T_11.2 ;
    %load/vec4 v0x56446af31980_0;
    %flag_set/vec4 8;
    %jmp/0xz  T_11.4, 8;
    %load/vec4 v0x56446af317e0_0;
    %store/vec4 v0x56446af303a0_0, 0, 48;
    %pushi/vec4 1, 0, 1;
    %store/vec4 v0x56446af309c0_0, 0, 1;
    %jmp T_11.5;
T_11.4 ;
    %load/vec4 v0x56446af30600_0;
    %flag_set/vec4 8;
    %jmp/0xz  T_11.6, 8;
    %load/vec4 v0x56446af30440_0;
    %store/vec4 v0x56446af303a0_0, 0, 48;
    %pushi/vec4 1, 0, 1;
    %store/vec4 v0x56446af309c0_0, 0, 1;
    %jmp T_11.7;
T_11.6 ;
    %pushi/vec4 0, 0, 48;
    %store/vec4 v0x56446af303a0_0, 0, 48;
    %pushi/vec4 0, 0, 1;
    %store/vec4 v0x56446af309c0_0, 0, 1;
T_11.7 ;
T_11.5 ;
T_11.3 ;
T_11.1 ;
    %jmp T_11;
    .thread T_11, $push;
    .scope S_0x56446af2d700;
T_12 ;
    %wait E_0x56446ae1a580;
    %load/vec4 v0x56446af31160_0;
    %flag_set/vec4 8;
    %jmp/0xz  T_12.0, 8;
    %pushi/vec4 0, 0, 1;
    %assign/vec4 v0x56446af30840_0, 0;
    %pushi/vec4 0, 0, 1;
    %assign/vec4 v0x56446af30900_0, 0;
    %jmp T_12.1;
T_12.0 ;
    %load/vec4 v0x56446af309c0_0;
    %assign/vec4 v0x56446af30840_0, 0;
    %load/vec4 v0x56446af30840_0;
    %assign/vec4 v0x56446af30900_0, 0;
T_12.1 ;
    %jmp T_12;
    .thread T_12;
    .scope S_0x56446af2d700;
T_13 ;
    %wait E_0x56446af18310;
    %pushi/vec4 0, 0, 48;
    %store/vec4 v0x56446af30b60_0, 0, 48;
    %pushi/vec4 0, 0, 1;
    %store/vec4 v0x56446af30d00_0, 0, 1;
    %pushi/vec4 0, 0, 48;
    %store/vec4 v0x56446af313c0_0, 0, 48;
    %pushi/vec4 0, 0, 1;
    %store/vec4 v0x56446af31560_0, 0, 1;
    %pushi/vec4 0, 0, 48;
    %store/vec4 v0x56446af30520_0, 0, 48;
    %pushi/vec4 0, 0, 1;
    %store/vec4 v0x56446af306c0_0, 0, 1;
    %pushi/vec4 0, 0, 48;
    %store/vec4 v0x56446af318a0_0, 0, 48;
    %pushi/vec4 0, 0, 1;
    %store/vec4 v0x56446af31a40_0, 0, 1;
    %load/vec4 v0x56446af31200_0;
    %dup/vec4;
    %pushi/vec4 0, 0, 4;
    %cmp/u;
    %jmp/1 T_13.0, 6;
    %dup/vec4;
    %pushi/vec4 1, 0, 4;
    %cmp/u;
    %jmp/1 T_13.1, 6;
    %dup/vec4;
    %pushi/vec4 2, 0, 4;
    %cmp/u;
    %jmp/1 T_13.2, 6;
    %dup/vec4;
    %pushi/vec4 4, 0, 4;
    %cmp/u;
    %jmp/1 T_13.3, 6;
    %dup/vec4;
    %pushi/vec4 3, 0, 4;
    %cmp/u;
    %jmp/1 T_13.4, 6;
    %dup/vec4;
    %pushi/vec4 5, 0, 4;
    %cmp/u;
    %jmp/1 T_13.5, 6;
    %dup/vec4;
    %pushi/vec4 6, 0, 4;
    %cmp/u;
    %jmp/1 T_13.6, 6;
    %dup/vec4;
    %pushi/vec4 7, 0, 4;
    %cmp/u;
    %jmp/1 T_13.7, 6;
    %dup/vec4;
    %pushi/vec4 8, 0, 4;
    %cmp/u;
    %jmp/1 T_13.8, 6;
    %dup/vec4;
    %pushi/vec4 9, 0, 4;
    %cmp/u;
    %jmp/1 T_13.9, 6;
    %dup/vec4;
    %pushi/vec4 10, 0, 4;
    %cmp/u;
    %jmp/1 T_13.10, 6;
    %dup/vec4;
    %pushi/vec4 11, 0, 4;
    %cmp/u;
    %jmp/1 T_13.11, 6;
    %jmp T_13.13;
T_13.0 ;
    %load/vec4 v0x56446af303a0_0;
    %store/vec4 v0x56446af30b60_0, 0, 48;
    %pushi/vec4 1, 0, 1;
    %store/vec4 v0x56446af30d00_0, 0, 1;
    %load/vec4 v0x56446af303a0_0;
    %store/vec4 v0x56446af313c0_0, 0, 48;
    %pushi/vec4 1, 0, 1;
    %store/vec4 v0x56446af31560_0, 0, 1;
    %load/vec4 v0x56446af303a0_0;
    %store/vec4 v0x56446af30520_0, 0, 48;
    %pushi/vec4 1, 0, 1;
    %store/vec4 v0x56446af306c0_0, 0, 1;
    %jmp T_13.13;
T_13.1 ;
    %load/vec4 v0x56446af303a0_0;
    %store/vec4 v0x56446af30b60_0, 0, 48;
    %pushi/vec4 1, 0, 1;
    %store/vec4 v0x56446af30d00_0, 0, 1;
    %jmp T_13.13;
T_13.2 ;
    %load/vec4 v0x56446af303a0_0;
    %store/vec4 v0x56446af313c0_0, 0, 48;
    %pushi/vec4 1, 0, 1;
    %store/vec4 v0x56446af31560_0, 0, 1;
    %jmp T_13.13;
T_13.3 ;
    %load/vec4 v0x56446af303a0_0;
    %store/vec4 v0x56446af30520_0, 0, 48;
    %pushi/vec4 1, 0, 1;
    %store/vec4 v0x56446af306c0_0, 0, 1;
    %jmp T_13.13;
T_13.4 ;
    %jmp T_13.13;
T_13.5 ;
    %load/vec4 v0x56446af303a0_0;
    %store/vec4 v0x56446af30520_0, 0, 48;
    %pushi/vec4 1, 0, 1;
    %store/vec4 v0x56446af306c0_0, 0, 1;
    %load/vec4 v0x56446af303a0_0;
    %store/vec4 v0x56446af30b60_0, 0, 48;
    %pushi/vec4 1, 0, 1;
    %store/vec4 v0x56446af30d00_0, 0, 1;
    %jmp T_13.13;
T_13.6 ;
    %load/vec4 v0x56446af303a0_0;
    %store/vec4 v0x56446af30520_0, 0, 48;
    %pushi/vec4 1, 0, 1;
    %store/vec4 v0x56446af306c0_0, 0, 1;
    %load/vec4 v0x56446af303a0_0;
    %store/vec4 v0x56446af313c0_0, 0, 48;
    %pushi/vec4 1, 0, 1;
    %store/vec4 v0x56446af31560_0, 0, 1;
    %jmp T_13.13;
T_13.7 ;
    %load/vec4 v0x56446af303a0_0;
    %store/vec4 v0x56446af30520_0, 0, 48;
    %pushi/vec4 1, 0, 1;
    %store/vec4 v0x56446af306c0_0, 0, 1;
    %jmp T_13.13;
T_13.8 ;
    %load/vec4 v0x56446af303a0_0;
    %store/vec4 v0x56446af30b60_0, 0, 48;
    %pushi/vec4 1, 0, 1;
    %store/vec4 v0x56446af30d00_0, 0, 1;
    %jmp T_13.13;
T_13.9 ;
    %load/vec4 v0x56446af303a0_0;
    %store/vec4 v0x56446af313c0_0, 0, 48;
    %pushi/vec4 1, 0, 1;
    %store/vec4 v0x56446af31560_0, 0, 1;
    %jmp T_13.13;
T_13.10 ;
    %load/vec4 v0x56446af303a0_0;
    %store/vec4 v0x56446af30520_0, 0, 48;
    %pushi/vec4 1, 0, 1;
    %store/vec4 v0x56446af306c0_0, 0, 1;
    %jmp T_13.13;
T_13.11 ;
    %jmp T_13.13;
T_13.13 ;
    %pop/vec4 1;
    %jmp T_13;
    .thread T_13, $push;
    .scope S_0x56446aef90f0;
T_14 ;
    %pushi/vec4 0, 0, 1;
    %store/vec4 v0x56446af3a730_0, 0, 1;
    %pushi/vec4 1, 0, 1;
    %store/vec4 v0x56446af3c440_0, 0, 1;
    %pushi/vec4 0, 0, 16;
    %store/vec4 v0x56446af3b530_0, 0, 16;
    %pushi/vec4 0, 0, 1;
    %store/vec4 v0x56446af3bb90_0, 0, 1;
    %pushi/vec4 0, 0, 16;
    %store/vec4 v0x56446af3ca20_0, 0, 16;
    %pushi/vec4 0, 0, 1;
    %store/vec4 v0x56446af3d080_0, 0, 1;
    %pushi/vec4 0, 0, 16;
    %store/vec4 v0x56446af3d620_0, 0, 16;
    %pushi/vec4 0, 0, 1;
    %store/vec4 v0x56446af3dc80_0, 0, 1;
    %pushi/vec4 0, 0, 16;
    %store/vec4 v0x56446af3a7f0_0, 0, 16;
    %pushi/vec4 0, 0, 1;
    %store/vec4 v0x56446af3ae80_0, 0, 1;
    %pushi/vec4 0, 0, 16;
    %store/vec4 v0x56446af3b750_0, 0, 16;
    %pushi/vec4 0, 0, 1;
    %store/vec4 v0x56446af3bd70_0, 0, 1;
    %pushi/vec4 0, 0, 16;
    %store/vec4 v0x56446af3cc40_0, 0, 16;
    %pushi/vec4 0, 0, 1;
    %store/vec4 v0x56446af3d260_0, 0, 1;
    %pushi/vec4 0, 0, 16;
    %store/vec4 v0x56446af3d840_0, 0, 16;
    %pushi/vec4 0, 0, 1;
    %store/vec4 v0x56446af3de60_0, 0, 1;
    %pushi/vec4 0, 0, 16;
    %store/vec4 v0x56446af3a9f0_0, 0, 16;
    %pushi/vec4 0, 0, 1;
    %store/vec4 v0x56446af3b010_0, 0, 1;
    %pushi/vec4 0, 0, 48;
    %store/vec4 v0x56446af3b640_0, 0, 48;
    %pushi/vec4 0, 0, 1;
    %store/vec4 v0x56446af3bc80_0, 0, 1;
    %pushi/vec4 0, 0, 48;
    %store/vec4 v0x56446af3cb30_0, 0, 48;
    %pushi/vec4 0, 0, 1;
    %store/vec4 v0x56446af3d170_0, 0, 1;
    %pushi/vec4 0, 0, 48;
    %store/vec4 v0x56446af3d730_0, 0, 48;
    %pushi/vec4 0, 0, 1;
    %store/vec4 v0x56446af3dd70_0, 0, 1;
    %pushi/vec4 0, 0, 48;
    %store/vec4 v0x56446af3a900_0, 0, 48;
    %pushi/vec4 0, 0, 1;
    %store/vec4 v0x56446af3af70_0, 0, 1;
    %end;
    .thread T_14;
    .scope S_0x56446aef90f0;
T_15 ;
    %delay 5000, 0;
    %load/vec4 v0x56446af3a730_0;
    %inv;
    %store/vec4 v0x56446af3a730_0, 0, 1;
    %jmp T_15;
    .thread T_15;
    .scope S_0x56446aef90f0;
T_16 ;
    %vpi_call 2 211 "$display", "[TB] Starting router generic testbench..." {0 0 0};
    %delay 30000, 0;
    %pushi/vec4 0, 0, 1;
    %store/vec4 v0x56446af3c440_0, 0, 1;
    %pushi/vec4 2, 0, 4;
    %store/vec4 v0x56446af3c4e0_0, 0, 4;
    %pushi/vec4 2, 0, 4;
    %store/vec4 v0x56446af3c910_0, 0, 4;
    %pushi/vec4 2, 0, 4;
    %store/vec4 v0x56446af3c5f0_0, 0, 4;
    %wait E_0x56446ae1a580;
    %pushi/vec4 4369, 0, 16;
    %store/vec4 v0x56446af3b530_0, 0, 16;
    %pushi/vec4 1, 0, 1;
    %store/vec4 v0x56446af3bb90_0, 0, 1;
    %wait E_0x56446ae1a580;
    %pushi/vec4 0, 0, 1;
    %store/vec4 v0x56446af3bb90_0, 0, 1;
    %wait E_0x56446ae1a580;
    %pushi/vec4 8738, 0, 16;
    %store/vec4 v0x56446af3a9f0_0, 0, 16;
    %pushi/vec4 1, 0, 1;
    %store/vec4 v0x56446af3b010_0, 0, 1;
    %wait E_0x56446ae1a580;
    %pushi/vec4 0, 0, 1;
    %store/vec4 v0x56446af3b010_0, 0, 1;
    %wait E_0x56446ae1a580;
    %pushi/vec4 2863315899, 0, 32;
    %concati/vec4 52428, 0, 16;
    %store/vec4 v0x56446af3d730_0, 0, 48;
    %pushi/vec4 1, 0, 1;
    %store/vec4 v0x56446af3dd70_0, 0, 1;
    %wait E_0x56446ae1a580;
    %pushi/vec4 0, 0, 1;
    %store/vec4 v0x56446af3dd70_0, 0, 1;
    %delay 500000, 0;
    %vpi_call 2 253 "$display", "[TB] End of stimulus." {0 0 0};
    %vpi_call 2 254 "$finish" {0 0 0};
    %end;
    .thread T_16;
    .scope S_0x56446aef90f0;
T_17 ;
    %wait E_0x56446ae1a580;
    %load/vec4 v0x56446af3c350_0;
    %flag_set/vec4 8;
    %jmp/0xz  T_17.0, 8;
    %load/vec4 v0x56446af3c240_0;
    %xor/r;
    %cmpi/e 1, 1, 1;
    %jmp/0xz  T_17.2, 6;
    %vpi_call 2 263 "$display", "[TB-ERROR] X DETECTED in psum_data_o at %0t", $time {0 0 0};
    %vpi_call 2 264 "$finish" {0 0 0};
T_17.2 ;
    %vpi_call 2 267 "$display", "[TB] PSUM WRITE addr=%0d data=%h", v0x56446af3c130_0, v0x56446af3c240_0 {0 0 0};
T_17.0 ;
    %jmp T_17;
    .thread T_17;
    .scope S_0x56446aef90f0;
T_18 ;
    %wait E_0x56446ae1a580;
    %load/vec4 v0x56446af3df50_0;
    %flag_set/vec4 8;
    %jmp/0xz  T_18.0, 8;
    %vpi_call 2 274 "$display", "[TB] IACT OUT WEST = %h at %0t", v0x56446af3d950_0, $time {0 0 0};
T_18.0 ;
    %jmp T_18;
    .thread T_18;
    .scope S_0x56446aef90f0;
T_19 ;
    %wait E_0x56446ae1a580;
    %load/vec4 v0x56446af3e130_0;
    %flag_set/vec4 8;
    %jmp/0xz  T_19.0, 8;
    %vpi_call 2 279 "$display", "[TB] WGHT OUT WEST = %h at %0t", v0x56446af3db70_0, $time {0 0 0};
T_19.0 ;
    %jmp T_19;
    .thread T_19;
    .scope S_0x56446aef90f0;
T_20 ;
    %wait E_0x56446ae1a580;
    %load/vec4 v0x56446af3e040_0;
    %flag_set/vec4 8;
    %jmp/0xz  T_20.0, 8;
    %vpi_call 2 284 "$display", "[TB] PSUM OUT WEST (wide) = %h at %0t", v0x56446af3da60_0, $time {0 0 0};
T_20.0 ;
    %jmp T_20;
    .thread T_20;
    .scope S_0x56446aef90f0;
T_21 ;
    %vpi_call 2 288 "$dumpfile", "router_generic_tb.vcd" {0 0 0};
    %vpi_call 2 289 "$dumpvars", 32'sb00000000000000000000000000000000, S_0x56446aef90f0 {0 0 0};
    %end;
    .thread T_21;
# The file index is used to find the file name in the following table.
:file_names 10;
    "N/A";
    "<interactive>";
    "testbench/router_generic_tb.v";
    "rtl/router_cluster_wpsum_generic.v";
    "rtl/router_iact_generic.v";
    "rtl/router_iact.v";
    "rtl/router_psum_generic.v";
    "rtl/router_psum.v";
    "rtl/router_weight_generic.v";
    "rtl/router_weight.v";
