Analysis & Synthesis report for Power_Gated_NoC_CNN_Accelerator
Tue Nov  4 22:46:53 2025
Quartus Prime Version 20.1.0 Build 711 06/05/2020 SJ Lite Edition


---------------------
; Table of Contents ;
---------------------
  1. Legal Notice
  2. Analysis & Synthesis Summary
  3. Analysis & Synthesis Settings
  4. Parallel Compilation
  5. Analysis & Synthesis Source Files Read
  6. Analysis & Synthesis Resource Usage Summary
  7. Analysis & Synthesis Resource Utilization by Entity
  8. General Register Statistics
  9. Parameter Settings for User Entity Instance: Top-level Entity: |HMNoC_top
 10. Parameter Settings for User Entity Instance: router_cluster:C00
 11. Parameter Settings for User Entity Instance: router_cluster:C00|router:router_wght
 12. Parameter Settings for User Entity Instance: router_cluster:C00|router:router_iact
 13. Parameter Settings for User Entity Instance: router_cluster:C00|router:router_psum
 14. Parameter Settings for User Entity Instance: router_cluster:C01
 15. Parameter Settings for User Entity Instance: router_cluster:C01|router:router_wght
 16. Parameter Settings for User Entity Instance: router_cluster:C01|router:router_iact
 17. Parameter Settings for User Entity Instance: router_cluster:C01|router:router_psum
 18. Port Connectivity Checks: "router_cluster:C01"
 19. Port Connectivity Checks: "router_cluster:C00"
 20. Post-Synthesis Netlist Statistics for Top Partition
 21. Elapsed Time Per Partition
 22. Analysis & Synthesis Messages



----------------
; Legal Notice ;
----------------
Copyright (C) 2020  Intel Corporation. All rights reserved.
Your use of Intel Corporation's design tools, logic functions 
and other software and tools, and any partner logic 
functions, and any output files from any of the foregoing 
(including device programming or simulation files), and any 
associated documentation or information are expressly subject 
to the terms and conditions of the Intel Program License 
Subscription Agreement, the Intel Quartus Prime License Agreement,
the Intel FPGA IP License Agreement, or other applicable license
agreement, including, without limitation, that your use is for
the sole purpose of programming logic devices manufactured by
Intel and sold by Intel or its authorized distributors.  Please
refer to the applicable agreement for further details, at
https://fpgasoftware.intel.com/eula.



+----------------------------------------------------------------------------------+
; Analysis & Synthesis Summary                                                     ;
+------------------------------------+---------------------------------------------+
; Analysis & Synthesis Status        ; Successful - Tue Nov  4 22:46:53 2025       ;
; Quartus Prime Version              ; 20.1.0 Build 711 06/05/2020 SJ Lite Edition ;
; Revision Name                      ; Power_Gated_NoC_CNN_Accelerator             ;
; Top-level Entity Name              ; HMNoC_top                                   ;
; Family                             ; Cyclone IV E                                ;
; Total logic elements               ; 0                                           ;
;     Total combinational functions  ; 0                                           ;
;     Dedicated logic registers      ; 0                                           ;
; Total registers                    ; 0                                           ;
; Total pins                         ; 2                                           ;
; Total virtual pins                 ; 0                                           ;
; Total memory bits                  ; 0                                           ;
; Embedded Multiplier 9-bit elements ; 0                                           ;
; Total PLLs                         ; 0                                           ;
+------------------------------------+---------------------------------------------+


+-------------------------------------------------------------------------------------------------------------------------+
; Analysis & Synthesis Settings                                                                                           ;
+------------------------------------------------------------------+--------------------+---------------------------------+
; Option                                                           ; Setting            ; Default Value                   ;
+------------------------------------------------------------------+--------------------+---------------------------------+
; Device                                                           ; EP4CE115F29C7      ;                                 ;
; Top-level entity name                                            ; HMNoC_top          ; Power_Gated_NoC_CNN_Accelerator ;
; Family name                                                      ; Cyclone IV E       ; Cyclone V                       ;
; Use smart compilation                                            ; Off                ; Off                             ;
; Enable parallel Assembler and Timing Analyzer during compilation ; On                 ; On                              ;
; Enable compact report table                                      ; Off                ; Off                             ;
; Restructure Multiplexers                                         ; Auto               ; Auto                            ;
; Create Debugging Nodes for IP Cores                              ; Off                ; Off                             ;
; Preserve fewer node names                                        ; On                 ; On                              ;
; Intel FPGA IP Evaluation Mode                                    ; Enable             ; Enable                          ;
; Verilog Version                                                  ; Verilog_2001       ; Verilog_2001                    ;
; VHDL Version                                                     ; VHDL_1993          ; VHDL_1993                       ;
; State Machine Processing                                         ; Auto               ; Auto                            ;
; Safe State Machine                                               ; Off                ; Off                             ;
; Extract Verilog State Machines                                   ; On                 ; On                              ;
; Extract VHDL State Machines                                      ; On                 ; On                              ;
; Ignore Verilog initial constructs                                ; Off                ; Off                             ;
; Iteration limit for constant Verilog loops                       ; 5000               ; 5000                            ;
; Iteration limit for non-constant Verilog loops                   ; 250                ; 250                             ;
; Add Pass-Through Logic to Inferred RAMs                          ; On                 ; On                              ;
; Infer RAMs from Raw Logic                                        ; On                 ; On                              ;
; Parallel Synthesis                                               ; On                 ; On                              ;
; DSP Block Balancing                                              ; Auto               ; Auto                            ;
; NOT Gate Push-Back                                               ; On                 ; On                              ;
; Power-Up Don't Care                                              ; On                 ; On                              ;
; Remove Redundant Logic Cells                                     ; Off                ; Off                             ;
; Remove Duplicate Registers                                       ; On                 ; On                              ;
; Ignore CARRY Buffers                                             ; Off                ; Off                             ;
; Ignore CASCADE Buffers                                           ; Off                ; Off                             ;
; Ignore GLOBAL Buffers                                            ; Off                ; Off                             ;
; Ignore ROW GLOBAL Buffers                                        ; Off                ; Off                             ;
; Ignore LCELL Buffers                                             ; Off                ; Off                             ;
; Ignore SOFT Buffers                                              ; On                 ; On                              ;
; Limit AHDL Integers to 32 Bits                                   ; Off                ; Off                             ;
; Optimization Technique                                           ; Balanced           ; Balanced                        ;
; Carry Chain Length                                               ; 70                 ; 70                              ;
; Auto Carry Chains                                                ; On                 ; On                              ;
; Auto Open-Drain Pins                                             ; On                 ; On                              ;
; Perform WYSIWYG Primitive Resynthesis                            ; Off                ; Off                             ;
; Auto ROM Replacement                                             ; On                 ; On                              ;
; Auto RAM Replacement                                             ; On                 ; On                              ;
; Auto DSP Block Replacement                                       ; On                 ; On                              ;
; Auto Shift Register Replacement                                  ; Auto               ; Auto                            ;
; Allow Shift Register Merging across Hierarchies                  ; Auto               ; Auto                            ;
; Auto Clock Enable Replacement                                    ; On                 ; On                              ;
; Strict RAM Replacement                                           ; Off                ; Off                             ;
; Allow Synchronous Control Signals                                ; On                 ; On                              ;
; Force Use of Synchronous Clear Signals                           ; Off                ; Off                             ;
; Auto RAM Block Balancing                                         ; On                 ; On                              ;
; Auto RAM to Logic Cell Conversion                                ; Off                ; Off                             ;
; Auto Resource Sharing                                            ; Off                ; Off                             ;
; Allow Any RAM Size For Recognition                               ; Off                ; Off                             ;
; Allow Any ROM Size For Recognition                               ; Off                ; Off                             ;
; Allow Any Shift Register Size For Recognition                    ; Off                ; Off                             ;
; Use LogicLock Constraints during Resource Balancing              ; On                 ; On                              ;
; Ignore translate_off and synthesis_off directives                ; Off                ; Off                             ;
; Timing-Driven Synthesis                                          ; On                 ; On                              ;
; Report Parameter Settings                                        ; On                 ; On                              ;
; Report Source Assignments                                        ; On                 ; On                              ;
; Report Connectivity Checks                                       ; On                 ; On                              ;
; Ignore Maximum Fan-Out Assignments                               ; Off                ; Off                             ;
; Synchronization Register Chain Length                            ; 2                  ; 2                               ;
; Power Optimization During Synthesis                              ; Normal compilation ; Normal compilation              ;
; HDL message level                                                ; Level2             ; Level2                          ;
; Suppress Register Optimization Related Messages                  ; Off                ; Off                             ;
; Number of Removed Registers Reported in Synthesis Report         ; 5000               ; 5000                            ;
; Number of Swept Nodes Reported in Synthesis Report               ; 5000               ; 5000                            ;
; Number of Inverted Registers Reported in Synthesis Report        ; 100                ; 100                             ;
; Clock MUX Protection                                             ; On                 ; On                              ;
; Auto Gated Clock Conversion                                      ; Off                ; Off                             ;
; Block Design Naming                                              ; Auto               ; Auto                            ;
; SDC constraint protection                                        ; Off                ; Off                             ;
; Synthesis Effort                                                 ; Auto               ; Auto                            ;
; Shift Register Replacement - Allow Asynchronous Clear Signal     ; On                 ; On                              ;
; Pre-Mapping Resynthesis Optimization                             ; Off                ; Off                             ;
; Analysis & Synthesis Message Level                               ; Medium             ; Medium                          ;
; Disable Register Merging Across Hierarchies                      ; Auto               ; Auto                            ;
; Resource Aware Inference For Block RAM                           ; On                 ; On                              ;
+------------------------------------------------------------------+--------------------+---------------------------------+


+------------------------------------------+
; Parallel Compilation                     ;
+----------------------------+-------------+
; Processors                 ; Number      ;
+----------------------------+-------------+
; Number detected on machine ; 4           ;
; Maximum allowed            ; 4           ;
;                            ;             ;
; Average used               ; 1.00        ;
; Maximum used               ; 1           ;
;                            ;             ;
; Usage by Processor         ; % Time Used ;
;     Processor 1            ; 100.0%      ;
+----------------------------+-------------+


+---------------------------------------------------------------------------------------------------------------------------------------------------------+
; Analysis & Synthesis Source Files Read                                                                                                                  ;
+----------------------------------+-----------------+------------------------------+-----------------------------------------------------------+---------+
; File Name with User-Entered Path ; Used in Netlist ; File Type                    ; File Name with Absolute Path                              ; Library ;
+----------------------------------+-----------------+------------------------------+-----------------------------------------------------------+---------+
; rtl/router_cluster.sv            ; yes             ; User SystemVerilog HDL File  ; /home/abhiram/Projects/Main-Project/rtl/router_cluster.sv ;         ;
; rtl/router.sv                    ; yes             ; User SystemVerilog HDL File  ; /home/abhiram/Projects/Main-Project/rtl/router.sv         ;         ;
; rtl/HMNoC_top.sv                 ; yes             ; User SystemVerilog HDL File  ; /home/abhiram/Projects/Main-Project/rtl/HMNoC_top.sv      ;         ;
+----------------------------------+-----------------+------------------------------+-----------------------------------------------------------+---------+


+-----------------------------------------------------+
; Analysis & Synthesis Resource Usage Summary         ;
+---------------------------------------------+-------+
; Resource                                    ; Usage ;
+---------------------------------------------+-------+
;                                             ;       ;
; Total combinational functions               ; 0     ;
; Logic element usage by number of LUT inputs ;       ;
;     -- 4 input functions                    ; 0     ;
;     -- 3 input functions                    ; 0     ;
;     -- <=2 input functions                  ; 0     ;
;                                             ;       ;
; Logic elements by mode                      ;       ;
;     -- normal mode                          ; 0     ;
;     -- arithmetic mode                      ; 0     ;
;                                             ;       ;
; Total registers                             ; 0     ;
;     -- Dedicated logic registers            ; 0     ;
;     -- I/O registers                        ; 0     ;
;                                             ;       ;
; I/O pins                                    ; 2     ;
;                                             ;       ;
; Embedded Multiplier 9-bit elements          ; 0     ;
;                                             ;       ;
; Maximum fan-out node                        ; clk   ;
; Maximum fan-out                             ; 1     ;
; Total fan-out                               ; 2     ;
; Average fan-out                             ; 0.50  ;
+---------------------------------------------+-------+


+----------------------------------------------------------------------------------------------------------------------------------------------------------------------------------------------------------+
; Analysis & Synthesis Resource Utilization by Entity                                                                                                                                                      ;
+----------------------------+---------------------+---------------------------+-------------+--------------+---------+-----------+------+--------------+---------------------+-------------+--------------+
; Compilation Hierarchy Node ; Combinational ALUTs ; Dedicated Logic Registers ; Memory Bits ; DSP Elements ; DSP 9x9 ; DSP 18x18 ; Pins ; Virtual Pins ; Full Hierarchy Name ; Entity Name ; Library Name ;
+----------------------------+---------------------+---------------------------+-------------+--------------+---------+-----------+------+--------------+---------------------+-------------+--------------+
; |HMNoC_top                 ; 0 (0)               ; 0 (0)                     ; 0           ; 0            ; 0       ; 0         ; 2    ; 0            ; |HMNoC_top          ; HMNoC_top   ; work         ;
+----------------------------+---------------------+---------------------------+-------------+--------------+---------+-----------+------+--------------+---------------------+-------------+--------------+
Note: For table entries with two numbers listed, the numbers in parentheses indicate the number of resources of the given type used by the specific entity alone. The numbers listed outside of parentheses indicate the total resources of the given type used by the specific entity and all of its sub-entities in the hierarchy.


+------------------------------------------------------+
; General Register Statistics                          ;
+----------------------------------------------+-------+
; Statistic                                    ; Value ;
+----------------------------------------------+-------+
; Total registers                              ; 0     ;
; Number of registers using Synchronous Clear  ; 0     ;
; Number of registers using Synchronous Load   ; 0     ;
; Number of registers using Asynchronous Clear ; 0     ;
; Number of registers using Asynchronous Load  ; 0     ;
; Number of registers using Clock Enable       ; 0     ;
; Number of registers using Preset             ; 0     ;
+----------------------------------------------+-------+


+---------------------------------------------------------------------------+
; Parameter Settings for User Entity Instance: Top-level Entity: |HMNoC_top ;
+----------------+-------+--------------------------------------------------+
; Parameter Name ; Value ; Type                                             ;
+----------------+-------+--------------------------------------------------+
; DATA_WIDTH     ; 16    ; Signed Integer                                   ;
+----------------+-------+--------------------------------------------------+
Note: In order to hide this table in the UI and the text report file, please set the "Show Parameter Settings in Synthesis Report" option in "Analysis and Synthesis Settings -> More Settings" to "Off".


+-----------------------------------------------------------------+
; Parameter Settings for User Entity Instance: router_cluster:C00 ;
+----------------+-------+----------------------------------------+
; Parameter Name ; Value ; Type                                   ;
+----------------+-------+----------------------------------------+
; DATA_WIDTH     ; 16    ; Signed Integer                         ;
+----------------+-------+----------------------------------------+
Note: In order to hide this table in the UI and the text report file, please set the "Show Parameter Settings in Synthesis Report" option in "Analysis and Synthesis Settings -> More Settings" to "Off".


+------------------------------------------------------------------------------------+
; Parameter Settings for User Entity Instance: router_cluster:C00|router:router_wght ;
+----------------+-------+-----------------------------------------------------------+
; Parameter Name ; Value ; Type                                                      ;
+----------------+-------+-----------------------------------------------------------+
; DATA_WIDTH     ; 16    ; Signed Integer                                            ;
+----------------+-------+-----------------------------------------------------------+
Note: In order to hide this table in the UI and the text report file, please set the "Show Parameter Settings in Synthesis Report" option in "Analysis and Synthesis Settings -> More Settings" to "Off".


+------------------------------------------------------------------------------------+
; Parameter Settings for User Entity Instance: router_cluster:C00|router:router_iact ;
+----------------+-------+-----------------------------------------------------------+
; Parameter Name ; Value ; Type                                                      ;
+----------------+-------+-----------------------------------------------------------+
; DATA_WIDTH     ; 16    ; Signed Integer                                            ;
+----------------+-------+-----------------------------------------------------------+
Note: In order to hide this table in the UI and the text report file, please set the "Show Parameter Settings in Synthesis Report" option in "Analysis and Synthesis Settings -> More Settings" to "Off".


+------------------------------------------------------------------------------------+
; Parameter Settings for User Entity Instance: router_cluster:C00|router:router_psum ;
+----------------+-------+-----------------------------------------------------------+
; Parameter Name ; Value ; Type                                                      ;
+----------------+-------+-----------------------------------------------------------+
; DATA_WIDTH     ; 16    ; Signed Integer                                            ;
+----------------+-------+-----------------------------------------------------------+
Note: In order to hide this table in the UI and the text report file, please set the "Show Parameter Settings in Synthesis Report" option in "Analysis and Synthesis Settings -> More Settings" to "Off".


+-----------------------------------------------------------------+
; Parameter Settings for User Entity Instance: router_cluster:C01 ;
+----------------+-------+----------------------------------------+
; Parameter Name ; Value ; Type                                   ;
+----------------+-------+----------------------------------------+
; DATA_WIDTH     ; 16    ; Signed Integer                         ;
+----------------+-------+----------------------------------------+
Note: In order to hide this table in the UI and the text report file, please set the "Show Parameter Settings in Synthesis Report" option in "Analysis and Synthesis Settings -> More Settings" to "Off".


+------------------------------------------------------------------------------------+
; Parameter Settings for User Entity Instance: router_cluster:C01|router:router_wght ;
+----------------+-------+-----------------------------------------------------------+
; Parameter Name ; Value ; Type                                                      ;
+----------------+-------+-----------------------------------------------------------+
; DATA_WIDTH     ; 16    ; Signed Integer                                            ;
+----------------+-------+-----------------------------------------------------------+
Note: In order to hide this table in the UI and the text report file, please set the "Show Parameter Settings in Synthesis Report" option in "Analysis and Synthesis Settings -> More Settings" to "Off".


+------------------------------------------------------------------------------------+
; Parameter Settings for User Entity Instance: router_cluster:C01|router:router_iact ;
+----------------+-------+-----------------------------------------------------------+
; Parameter Name ; Value ; Type                                                      ;
+----------------+-------+-----------------------------------------------------------+
; DATA_WIDTH     ; 16    ; Signed Integer                                            ;
+----------------+-------+-----------------------------------------------------------+
Note: In order to hide this table in the UI and the text report file, please set the "Show Parameter Settings in Synthesis Report" option in "Analysis and Synthesis Settings -> More Settings" to "Off".


+------------------------------------------------------------------------------------+
; Parameter Settings for User Entity Instance: router_cluster:C01|router:router_psum ;
+----------------+-------+-----------------------------------------------------------+
; Parameter Name ; Value ; Type                                                      ;
+----------------+-------+-----------------------------------------------------------+
; DATA_WIDTH     ; 16    ; Signed Integer                                            ;
+----------------+-------+-----------------------------------------------------------+
Note: In order to hide this table in the UI and the text report file, please set the "Show Parameter Settings in Synthesis Report" option in "Analysis and Synthesis Settings -> More Settings" to "Off".


+------------------------------------------------------------------------------------------------------------------------------------------------------------------------------------------------------------------------------------+
; Port Connectivity Checks: "router_cluster:C01"                                                                                                                                                                                     ;
+--------------------------+--------+----------+-------------------------------------------------------------------------------------------------------------------------------------------------------------------------------------+
; Port                     ; Type   ; Severity ; Details                                                                                                                                                                             ;
+--------------------------+--------+----------+-------------------------------------------------------------------------------------------------------------------------------------------------------------------------------------+
; router_mode_wght[3..2]   ; Input  ; Info     ; Stuck at GND                                                                                                                                                                        ;
; router_mode_wght[1]      ; Input  ; Info     ; Stuck at VCC                                                                                                                                                                        ;
; router_mode_wght[0]      ; Input  ; Info     ; Stuck at GND                                                                                                                                                                        ;
; north_data_i_wght        ; Input  ; Warning  ; Input port expression (32 bits) is wider than the input port (16 bits) it drives.  The 16 most-significant bit(s) in the expression will be dangling if they have no other fanouts. ;
; north_data_i_wght[15..0] ; Input  ; Info     ; Stuck at GND                                                                                                                                                                        ;
; north_enable_i_wght      ; Input  ; Warning  ; Input port expression (32 bits) is wider than the input port (1 bits) it drives.  The 31 most-significant bit(s) in the expression will be dangling if they have no other fanouts.  ;
; north_enable_i_wght[-1]  ; Input  ; Info     ; Stuck at GND                                                                                                                                                                        ;
; east_data_i_wght         ; Input  ; Warning  ; Input port expression (32 bits) is wider than the input port (16 bits) it drives.  The 16 most-significant bit(s) in the expression will be dangling if they have no other fanouts. ;
; east_data_i_wght[15..0]  ; Input  ; Info     ; Stuck at GND                                                                                                                                                                        ;
; east_enable_i_wght       ; Input  ; Warning  ; Input port expression (32 bits) is wider than the input port (1 bits) it drives.  The 31 most-significant bit(s) in the expression will be dangling if they have no other fanouts.  ;
; east_enable_i_wght[-1]   ; Input  ; Info     ; Stuck at GND                                                                                                                                                                        ;
; north_data_o_wght        ; Output ; Info     ; Explicitly unconnected                                                                                                                                                              ;
; north_enable_o_wght      ; Output ; Info     ; Explicitly unconnected                                                                                                                                                              ;
; south_data_o_wght        ; Output ; Info     ; Connected to dangling logic. Logic that only feeds a dangling port will be removed.                                                                                                 ;
; south_enable_o_wght      ; Output ; Info     ; Connected to dangling logic. Logic that only feeds a dangling port will be removed.                                                                                                 ;
; east_data_o_wght         ; Output ; Info     ; Explicitly unconnected                                                                                                                                                              ;
; east_enable_o_wght       ; Output ; Info     ; Explicitly unconnected                                                                                                                                                              ;
; router_mode_iact[3..2]   ; Input  ; Info     ; Stuck at GND                                                                                                                                                                        ;
; router_mode_iact[1]      ; Input  ; Info     ; Stuck at VCC                                                                                                                                                                        ;
; router_mode_iact[0]      ; Input  ; Info     ; Stuck at GND                                                                                                                                                                        ;
; router_mode_psum[3..2]   ; Input  ; Info     ; Stuck at GND                                                                                                                                                                        ;
; router_mode_psum[1]      ; Input  ; Info     ; Stuck at VCC                                                                                                                                                                        ;
; router_mode_psum[0]      ; Input  ; Info     ; Stuck at GND                                                                                                                                                                        ;
; north_data_i_iact        ; Input  ; Warning  ; Declared by entity but not connected by instance. If a default value exists, it will be used.  Otherwise, the port will be connected to GND.                                        ;
; north_enable_i_iact      ; Input  ; Warning  ; Declared by entity but not connected by instance. If a default value exists, it will be used.  Otherwise, the port will be connected to GND.                                        ;
; north_data_o_iact        ; Output ; Warning  ; Declared by entity but not connected by instance. Logic that only feeds a dangling port will be removed.                                                                            ;
; north_enable_o_iact      ; Output ; Warning  ; Declared by entity but not connected by instance. Logic that only feeds a dangling port will be removed.                                                                            ;
; south_data_i_iact        ; Input  ; Warning  ; Declared by entity but not connected by instance. If a default value exists, it will be used.  Otherwise, the port will be connected to GND.                                        ;
; south_enable_i_iact      ; Input  ; Warning  ; Declared by entity but not connected by instance. If a default value exists, it will be used.  Otherwise, the port will be connected to GND.                                        ;
; south_data_o_iact        ; Output ; Warning  ; Declared by entity but not connected by instance. Logic that only feeds a dangling port will be removed.                                                                            ;
; south_enable_o_iact      ; Output ; Warning  ; Declared by entity but not connected by instance. Logic that only feeds a dangling port will be removed.                                                                            ;
; west_data_i_iact         ; Input  ; Warning  ; Declared by entity but not connected by instance. If a default value exists, it will be used.  Otherwise, the port will be connected to GND.                                        ;
; west_enable_i_iact       ; Input  ; Warning  ; Declared by entity but not connected by instance. If a default value exists, it will be used.  Otherwise, the port will be connected to GND.                                        ;
; west_data_o_iact         ; Output ; Warning  ; Declared by entity but not connected by instance. Logic that only feeds a dangling port will be removed.                                                                            ;
; west_enable_o_iact       ; Output ; Warning  ; Declared by entity but not connected by instance. Logic that only feeds a dangling port will be removed.                                                                            ;
; east_data_i_iact         ; Input  ; Warning  ; Declared by entity but not connected by instance. If a default value exists, it will be used.  Otherwise, the port will be connected to GND.                                        ;
; east_enable_i_iact       ; Input  ; Warning  ; Declared by entity but not connected by instance. If a default value exists, it will be used.  Otherwise, the port will be connected to GND.                                        ;
; east_data_o_iact         ; Output ; Warning  ; Declared by entity but not connected by instance. Logic that only feeds a dangling port will be removed.                                                                            ;
; east_enable_o_iact       ; Output ; Warning  ; Declared by entity but not connected by instance. Logic that only feeds a dangling port will be removed.                                                                            ;
; north_data_i_psum        ; Input  ; Warning  ; Declared by entity but not connected by instance. If a default value exists, it will be used.  Otherwise, the port will be connected to GND.                                        ;
; north_enable_i_psum      ; Input  ; Warning  ; Declared by entity but not connected by instance. If a default value exists, it will be used.  Otherwise, the port will be connected to GND.                                        ;
; north_data_o_psum        ; Output ; Warning  ; Declared by entity but not connected by instance. Logic that only feeds a dangling port will be removed.                                                                            ;
; north_enable_o_psum      ; Output ; Warning  ; Declared by entity but not connected by instance. Logic that only feeds a dangling port will be removed.                                                                            ;
; south_data_i_psum        ; Input  ; Warning  ; Declared by entity but not connected by instance. If a default value exists, it will be used.  Otherwise, the port will be connected to GND.                                        ;
; south_enable_i_psum      ; Input  ; Warning  ; Declared by entity but not connected by instance. If a default value exists, it will be used.  Otherwise, the port will be connected to GND.                                        ;
; south_data_o_psum        ; Output ; Warning  ; Declared by entity but not connected by instance. Logic that only feeds a dangling port will be removed.                                                                            ;
; south_enable_o_psum      ; Output ; Warning  ; Declared by entity but not connected by instance. Logic that only feeds a dangling port will be removed.                                                                            ;
; west_data_i_psum         ; Input  ; Warning  ; Declared by entity but not connected by instance. If a default value exists, it will be used.  Otherwise, the port will be connected to GND.                                        ;
; west_enable_i_psum       ; Input  ; Warning  ; Declared by entity but not connected by instance. If a default value exists, it will be used.  Otherwise, the port will be connected to GND.                                        ;
; west_data_o_psum         ; Output ; Warning  ; Declared by entity but not connected by instance. Logic that only feeds a dangling port will be removed.                                                                            ;
; west_enable_o_psum       ; Output ; Warning  ; Declared by entity but not connected by instance. Logic that only feeds a dangling port will be removed.                                                                            ;
; east_data_i_psum         ; Input  ; Warning  ; Declared by entity but not connected by instance. If a default value exists, it will be used.  Otherwise, the port will be connected to GND.                                        ;
; east_enable_i_psum       ; Input  ; Warning  ; Declared by entity but not connected by instance. If a default value exists, it will be used.  Otherwise, the port will be connected to GND.                                        ;
; east_data_o_psum         ; Output ; Warning  ; Declared by entity but not connected by instance. Logic that only feeds a dangling port will be removed.                                                                            ;
; east_enable_o_psum       ; Output ; Warning  ; Declared by entity but not connected by instance. Logic that only feeds a dangling port will be removed.                                                                            ;
+--------------------------+--------+----------+-------------------------------------------------------------------------------------------------------------------------------------------------------------------------------------+


+------------------------------------------------------------------------------------------------------------------------------------------------------------------------------------------------------------------------------------+
; Port Connectivity Checks: "router_cluster:C00"                                                                                                                                                                                     ;
+--------------------------+--------+----------+-------------------------------------------------------------------------------------------------------------------------------------------------------------------------------------+
; Port                     ; Type   ; Severity ; Details                                                                                                                                                                             ;
+--------------------------+--------+----------+-------------------------------------------------------------------------------------------------------------------------------------------------------------------------------------+
; router_mode_wght[3..1]   ; Input  ; Info     ; Stuck at GND                                                                                                                                                                        ;
; router_mode_wght[0]      ; Input  ; Info     ; Stuck at VCC                                                                                                                                                                        ;
; north_data_i_wght        ; Input  ; Warning  ; Input port expression (32 bits) is wider than the input port (16 bits) it drives.  The 16 most-significant bit(s) in the expression will be dangling if they have no other fanouts. ;
; north_data_i_wght[15..0] ; Input  ; Info     ; Stuck at GND                                                                                                                                                                        ;
; north_enable_i_wght      ; Input  ; Warning  ; Input port expression (32 bits) is wider than the input port (1 bits) it drives.  The 31 most-significant bit(s) in the expression will be dangling if they have no other fanouts.  ;
; north_enable_i_wght[-1]  ; Input  ; Info     ; Stuck at GND                                                                                                                                                                        ;
; west_data_i_wght         ; Input  ; Warning  ; Input port expression (32 bits) is wider than the input port (16 bits) it drives.  The 16 most-significant bit(s) in the expression will be dangling if they have no other fanouts. ;
; west_data_i_wght[15..0]  ; Input  ; Info     ; Stuck at GND                                                                                                                                                                        ;
; west_enable_i_wght       ; Input  ; Warning  ; Input port expression (32 bits) is wider than the input port (1 bits) it drives.  The 31 most-significant bit(s) in the expression will be dangling if they have no other fanouts.  ;
; west_enable_i_wght[-1]   ; Input  ; Info     ; Stuck at GND                                                                                                                                                                        ;
; north_data_o_wght        ; Output ; Info     ; Explicitly unconnected                                                                                                                                                              ;
; north_enable_o_wght      ; Output ; Info     ; Explicitly unconnected                                                                                                                                                              ;
; south_data_o_wght        ; Output ; Info     ; Connected to dangling logic. Logic that only feeds a dangling port will be removed.                                                                                                 ;
; south_enable_o_wght      ; Output ; Info     ; Connected to dangling logic. Logic that only feeds a dangling port will be removed.                                                                                                 ;
; west_data_o_wght         ; Output ; Info     ; Explicitly unconnected                                                                                                                                                              ;
; west_enable_o_wght       ; Output ; Info     ; Explicitly unconnected                                                                                                                                                              ;
; router_mode_iact[3..1]   ; Input  ; Info     ; Stuck at GND                                                                                                                                                                        ;
; router_mode_iact[0]      ; Input  ; Info     ; Stuck at VCC                                                                                                                                                                        ;
; north_data_i_iact        ; Input  ; Warning  ; Input port expression (32 bits) is wider than the input port (16 bits) it drives.  The 16 most-significant bit(s) in the expression will be dangling if they have no other fanouts. ;
; north_data_i_iact[15..0] ; Input  ; Info     ; Stuck at GND                                                                                                                                                                        ;
; north_enable_i_iact      ; Input  ; Warning  ; Input port expression (32 bits) is wider than the input port (1 bits) it drives.  The 31 most-significant bit(s) in the expression will be dangling if they have no other fanouts.  ;
; north_enable_i_iact[-1]  ; Input  ; Info     ; Stuck at GND                                                                                                                                                                        ;
; west_data_i_iact         ; Input  ; Warning  ; Input port expression (32 bits) is wider than the input port (16 bits) it drives.  The 16 most-significant bit(s) in the expression will be dangling if they have no other fanouts. ;
; west_data_i_iact[15..0]  ; Input  ; Info     ; Stuck at GND                                                                                                                                                                        ;
; west_enable_i_iact       ; Input  ; Warning  ; Input port expression (32 bits) is wider than the input port (1 bits) it drives.  The 31 most-significant bit(s) in the expression will be dangling if they have no other fanouts.  ;
; west_enable_i_iact[-1]   ; Input  ; Info     ; Stuck at GND                                                                                                                                                                        ;
; north_data_o_iact        ; Output ; Info     ; Explicitly unconnected                                                                                                                                                              ;
; north_enable_o_iact      ; Output ; Info     ; Explicitly unconnected                                                                                                                                                              ;
; south_data_o_iact        ; Output ; Info     ; Connected to dangling logic. Logic that only feeds a dangling port will be removed.                                                                                                 ;
; south_enable_o_iact      ; Output ; Info     ; Connected to dangling logic. Logic that only feeds a dangling port will be removed.                                                                                                 ;
; west_data_o_iact         ; Output ; Info     ; Explicitly unconnected                                                                                                                                                              ;
; west_enable_o_iact       ; Output ; Info     ; Explicitly unconnected                                                                                                                                                              ;
; east_data_o_iact         ; Output ; Info     ; Connected to dangling logic. Logic that only feeds a dangling port will be removed.                                                                                                 ;
; east_enable_o_iact       ; Output ; Info     ; Connected to dangling logic. Logic that only feeds a dangling port will be removed.                                                                                                 ;
; router_mode_psum[3..1]   ; Input  ; Info     ; Stuck at GND                                                                                                                                                                        ;
; router_mode_psum[0]      ; Input  ; Info     ; Stuck at VCC                                                                                                                                                                        ;
; north_data_i_psum        ; Input  ; Warning  ; Input port expression (32 bits) is wider than the input port (16 bits) it drives.  The 16 most-significant bit(s) in the expression will be dangling if they have no other fanouts. ;
; north_data_i_psum[15..0] ; Input  ; Info     ; Stuck at GND                                                                                                                                                                        ;
; north_enable_i_psum      ; Input  ; Warning  ; Input port expression (32 bits) is wider than the input port (1 bits) it drives.  The 31 most-significant bit(s) in the expression will be dangling if they have no other fanouts.  ;
; north_enable_i_psum[-1]  ; Input  ; Info     ; Stuck at GND                                                                                                                                                                        ;
; west_data_i_psum         ; Input  ; Warning  ; Input port expression (32 bits) is wider than the input port (16 bits) it drives.  The 16 most-significant bit(s) in the expression will be dangling if they have no other fanouts. ;
; west_data_i_psum[15..0]  ; Input  ; Info     ; Stuck at GND                                                                                                                                                                        ;
; west_enable_i_psum       ; Input  ; Warning  ; Input port expression (32 bits) is wider than the input port (1 bits) it drives.  The 31 most-significant bit(s) in the expression will be dangling if they have no other fanouts.  ;
; west_enable_i_psum[-1]   ; Input  ; Info     ; Stuck at GND                                                                                                                                                                        ;
; north_data_o_psum        ; Output ; Info     ; Explicitly unconnected                                                                                                                                                              ;
; north_enable_o_psum      ; Output ; Info     ; Explicitly unconnected                                                                                                                                                              ;
; south_data_o_psum        ; Output ; Info     ; Connected to dangling logic. Logic that only feeds a dangling port will be removed.                                                                                                 ;
; south_enable_o_psum      ; Output ; Info     ; Connected to dangling logic. Logic that only feeds a dangling port will be removed.                                                                                                 ;
; west_data_o_psum         ; Output ; Info     ; Explicitly unconnected                                                                                                                                                              ;
; west_enable_o_psum       ; Output ; Info     ; Explicitly unconnected                                                                                                                                                              ;
; east_data_o_psum         ; Output ; Info     ; Connected to dangling logic. Logic that only feeds a dangling port will be removed.                                                                                                 ;
; east_enable_o_psum       ; Output ; Info     ; Connected to dangling logic. Logic that only feeds a dangling port will be removed.                                                                                                 ;
+--------------------------+--------+----------+-------------------------------------------------------------------------------------------------------------------------------------------------------------------------------------+


+-----------------------------------------------------+
; Post-Synthesis Netlist Statistics for Top Partition ;
+-------------------+---------------------------------+
; Type              ; Count                           ;
+-------------------+---------------------------------+
; boundary_port     ; 2                               ;
;                   ;                                 ;
; Max LUT depth     ; 0.00                            ;
; Average LUT depth ; 0.00                            ;
+-------------------+---------------------------------+


+-------------------------------+
; Elapsed Time Per Partition    ;
+----------------+--------------+
; Partition Name ; Elapsed Time ;
+----------------+--------------+
; Top            ; 00:00:00     ;
+----------------+--------------+


+-------------------------------+
; Analysis & Synthesis Messages ;
+-------------------------------+
Info: *******************************************************************
Info: Running Quartus Prime Analysis & Synthesis
    Info: Version 20.1.0 Build 711 06/05/2020 SJ Lite Edition
    Info: Processing started: Tue Nov  4 22:46:42 2025
Info: Command: quartus_map --read_settings_files=on --write_settings_files=off Power_Gated_NoC_CNN_Accelerator -c Power_Gated_NoC_CNN_Accelerator
Warning (18236): Number of processors has not been specified which may cause overloading on shared machines.  Set the global assignment NUM_PARALLEL_PROCESSORS in your QSF to an appropriate value for best performance.
Info (20030): Parallel compilation is enabled and will use 4 of the 4 processors detected
Info (12021): Found 1 design units, including 1 entities, in source file rtl/switch.sv
    Info (12023): Found entity 1: switch File: /home/abhiram/Projects/Main-Project/rtl/switch.sv Line: 23
Info (12021): Found 1 design units, including 1 entities, in source file rtl/SPad.sv
    Info (12023): Found entity 1: SPad File: /home/abhiram/Projects/Main-Project/rtl/SPad.sv Line: 23
Info (12021): Found 1 design units, including 1 entities, in source file rtl/router_weight.sv
    Info (12023): Found entity 1: router_weight File: /home/abhiram/Projects/Main-Project/rtl/router_weight.sv Line: 23
Info (12021): Found 1 design units, including 1 entities, in source file rtl/router_psum.sv
    Info (12023): Found entity 1: router_psum File: /home/abhiram/Projects/Main-Project/rtl/router_psum.sv Line: 23
Info (12021): Found 1 design units, including 1 entities, in source file rtl/router_network4.sv
    Info (12023): Found entity 1: router_network4 File: /home/abhiram/Projects/Main-Project/rtl/router_network4.sv Line: 23
Info (12021): Found 1 design units, including 1 entities, in source file rtl/router_iact.sv
    Info (12023): Found entity 1: router_iact File: /home/abhiram/Projects/Main-Project/rtl/router_iact.sv Line: 23
Info (12021): Found 1 design units, including 1 entities, in source file rtl/router_east.sv
    Info (12023): Found entity 1: router_east File: /home/abhiram/Projects/Main-Project/rtl/router_east.sv Line: 34
Info (12021): Found 1 design units, including 1 entities, in source file rtl/router_cluster.sv
    Info (12023): Found entity 1: router_cluster File: /home/abhiram/Projects/Main-Project/rtl/router_cluster.sv Line: 23
Info (12021): Found 1 design units, including 1 entities, in source file rtl/router.sv
    Info (12023): Found entity 1: router File: /home/abhiram/Projects/Main-Project/rtl/router.sv Line: 22
Info (12021): Found 1 design units, including 1 entities, in source file rtl/PE_cluster.sv
    Info (12023): Found entity 1: PE_cluster File: /home/abhiram/Projects/Main-Project/rtl/PE_cluster.sv Line: 22
Warning (10090): Verilog HDL syntax warning at PE.sv(136): extra block comment delimiter characters /* within block comment File: /home/abhiram/Projects/Main-Project/rtl/PE.sv Line: 136
Info (12021): Found 1 design units, including 1 entities, in source file rtl/PE.sv
    Info (12023): Found entity 1: PE File: /home/abhiram/Projects/Main-Project/rtl/PE.sv Line: 23
Info (12021): Found 1 design units, including 1 entities, in source file rtl/mux_4x1.sv
    Info (12023): Found entity 1: mux_4x1 File: /home/abhiram/Projects/Main-Project/rtl/mux_4x1.sv Line: 23
Info (12021): Found 1 design units, including 1 entities, in source file rtl/mux2.sv
    Info (12023): Found entity 1: mux2 File: /home/abhiram/Projects/Main-Project/rtl/mux2.sv Line: 23
Info (12021): Found 1 design units, including 1 entities, in source file rtl/MAC.sv
    Info (12023): Found entity 1: MAC File: /home/abhiram/Projects/Main-Project/rtl/MAC.sv Line: 23
Info (12021): Found 1 design units, including 1 entities, in source file rtl/lookup_mux4.sv
    Info (12023): Found entity 1: lookup_mux4 File: /home/abhiram/Projects/Main-Project/rtl/lookup_mux4.sv Line: 23
Info (12021): Found 1 design units, including 1 entities, in source file rtl/HMNoC_top.sv
    Info (12023): Found entity 1: HMNoC_top File: /home/abhiram/Projects/Main-Project/rtl/HMNoC_top.sv Line: 2
Info (12021): Found 1 design units, including 1 entities, in source file rtl/HMNoC_cluster_west.sv
    Info (12023): Found entity 1: HMNoC_cluster_west File: /home/abhiram/Projects/Main-Project/rtl/HMNoC_cluster_west.sv Line: 23
Info (12021): Found 1 design units, including 1 entities, in source file rtl/HMNoC_cluster_east.sv
    Info (12023): Found entity 1: HMNoC_cluster_east File: /home/abhiram/Projects/Main-Project/rtl/HMNoC_cluster_east.sv Line: 23
Info (12021): Found 1 design units, including 1 entities, in source file rtl/HMNoC_cluster.sv
    Info (12023): Found entity 1: HMNoC_cluster File: /home/abhiram/Projects/Main-Project/rtl/HMNoC_cluster.sv Line: 23
Info (12021): Found 1 design units, including 1 entities, in source file rtl/HA.sv
    Info (12023): Found entity 1: HA File: /home/abhiram/Projects/Main-Project/rtl/HA.sv Line: 23
Info (12021): Found 1 design units, including 1 entities, in source file rtl/glb_weight.sv
    Info (12023): Found entity 1: glb_weight File: /home/abhiram/Projects/Main-Project/rtl/glb_weight.sv Line: 23
Info (12021): Found 1 design units, including 1 entities, in source file rtl/glb_psum.sv
    Info (12023): Found entity 1: glb_psum File: /home/abhiram/Projects/Main-Project/rtl/glb_psum.sv Line: 23
Info (12021): Found 1 design units, including 1 entities, in source file rtl/glb_iact.sv
    Info (12023): Found entity 1: glb_iact File: /home/abhiram/Projects/Main-Project/rtl/glb_iact.sv Line: 23
Info (12021): Found 1 design units, including 1 entities, in source file rtl/GLB_cluster.sv
    Info (12023): Found entity 1: GLB_cluster File: /home/abhiram/Projects/Main-Project/rtl/GLB_cluster.sv Line: 23
Info (12021): Found 1 design units, including 1 entities, in source file rtl/FA.sv
    Info (12023): Found entity 1: FA File: /home/abhiram/Projects/Main-Project/rtl/FA.sv Line: 23
Info (12021): Found 1 design units, including 1 entities, in source file rtl/circular_buffer.sv
    Info (12023): Found entity 1: circular_buffer File: /home/abhiram/Projects/Main-Project/rtl/circular_buffer.sv Line: 23
Warning (10236): Verilog HDL Implicit Net warning at HMNoC_cluster_east.sv(316): created implicit net for "pwest_data_o_wght" File: /home/abhiram/Projects/Main-Project/rtl/HMNoC_cluster_east.sv Line: 316
Warning (10236): Verilog HDL Implicit Net warning at HMNoC_cluster_east.sv(326): created implicit net for "east_data_o_wght" File: /home/abhiram/Projects/Main-Project/rtl/HMNoC_cluster_east.sv Line: 326
Info (12127): Elaborating entity "HMNoC_top" for the top level hierarchy
Info (12128): Elaborating entity "router_cluster" for hierarchy "router_cluster:C00" File: /home/abhiram/Projects/Main-Project/rtl/HMNoC_top.sv Line: 92
Info (12128): Elaborating entity "router" for hierarchy "router_cluster:C00|router:router_wght" File: /home/abhiram/Projects/Main-Project/rtl/router_cluster.sv Line: 205
Warning (12241): 2 hierarchies have connectivity warnings - see the Connectivity Checks report folder
Info (16010): Generating hard_block partition "hard_block:auto_generated_inst"
    Info (16011): Adding 0 node(s), including 0 DDIO, 0 PLL, 0 transceiver and 0 LCELL
Warning (21074): Design contains 2 input pin(s) that do not drive logic
    Warning (15610): No output dependent on input pin "clk" File: /home/abhiram/Projects/Main-Project/rtl/HMNoC_top.sv Line: 3
    Warning (15610): No output dependent on input pin "reset" File: /home/abhiram/Projects/Main-Project/rtl/HMNoC_top.sv Line: 5
Info (21057): Implemented 2 device resources after synthesis - the final resource count might be different
    Info (21058): Implemented 2 input pins
    Info (21059): Implemented 0 output pins
Info: Quartus Prime Analysis & Synthesis was successful. 0 errors, 8 warnings
    Info: Peak virtual memory: 364 megabytes
    Info: Processing ended: Tue Nov  4 22:46:53 2025
    Info: Elapsed time: 00:00:11
    Info: Total CPU time (on all processors): 00:00:23


